
 Start         Length     Name                   Class
 0001:00000000 0002E150H .text                   CODE
 0002:00000000 00000A88H .data                   DATA
 0002:00000A88 000008C5H .bss                    BSS


Detailed map of segments

 0001:00000000 000041A4 C=CODE     S=.text    G=(none)   M=System   ACBP=A9
 0001:000041A4 00000170 C=CODE     S=.text    G=(none)   M=SysInit  ACBP=A9
 0001:00004314 000008D4 C=CODE     S=.text    G=(none)   M=Windows  ACBP=A9
 0001:00004BE8 00000038 C=CODE     S=.text    G=(none)   M=Messages ACBP=A9
 0001:00004C20 00005EDE C=CODE     S=.text    G=(none)   M=SysUtils ACBP=A9
 0001:0000AB00 00000038 C=CODE     S=.text    G=(none)   M=ActiveX  ACBP=A9
 0001:0000AB38 000002E8 C=CODE     S=.text    G=(none)   M=Consts   ACBP=A9
 0001:0000AE20 00000468 C=CODE     S=.text    G=(none)   M=TypInfo  ACBP=A9
 0001:0000B288 000064BB C=CODE     S=.text    G=(none)   M=Classes  ACBP=A9
 0001:00011744 00007F7A C=CODE     S=.text    G=(none)   M=Graphics ACBP=A9
 0001:000196C0 000000A4 C=CODE     S=.text    G=(none)   M=Commctrl ACBP=A9
 0001:00019764 00000038 C=CODE     S=.text    G=(none)   M=Imm      ACBP=A9
 0001:0001979C 00000038 C=CODE     S=.text    G=(none)   M=WinSpool ACBP=A9
 0001:000197D4 00000044 C=CODE     S=.text    G=(none)   M=Printers ACBP=A9
 0001:00019818 00007487 C=CODE     S=.text    G=(none)   M=Controls ACBP=A9
 0001:00020CA0 000021EA C=CODE     S=.text    G=(none)   M=Menus    ACBP=A9
 0001:00022E8C 000082B7 C=CODE     S=.text    G=(none)   M=Forms    ACBP=A9
 0001:0002B144 00000038 C=CODE     S=.text    G=(none)   M=CommDlg  ACBP=A9
 0001:0002B17C 00001514 C=CODE     S=.text    G=(none)   M=StdCtrls ACBP=A9
 0001:0002C690 00000930 C=CODE     S=.text    G=(none)   M=ExtCtrls ACBP=A9
 0001:0002CFC0 00000038 C=CODE     S=.text    G=(none)   M=Dlgs     ACBP=A9
 0001:0002CFF8 000009A5 C=CODE     S=.text    G=(none)   M=Dialogs  ACBP=A9
 0001:0002D9A0 00000658 C=CODE     S=.text    G=(none)   M=Unit1    ACBP=A9
 0001:0002DFF8 00000158 C=CODE     S=.text    G=(none)   M=legexe2  ACBP=A9
 0002:00000000 0000009A C=DATA     S=.data    G=DGROUP   M=System   ACBP=A9
 0002:0000009C 00000010 C=DATA     S=.data    G=DGROUP   M=SysInit  ACBP=A9
 0002:000000AC 0000021C C=DATA     S=.data    G=DGROUP   M=SysUtils ACBP=A9
 0002:000002C8 00000004 C=DATA     S=.data    G=DGROUP   M=TypInfo  ACBP=A9
 0002:000002CC 00000018 C=DATA     S=.data    G=DGROUP   M=Classes  ACBP=A9
 0002:000002E4 000002B4 C=DATA     S=.data    G=DGROUP   M=Graphics ACBP=A9
 0002:00000598 00000004 C=DATA     S=.data    G=DGROUP   M=Printers ACBP=A9
 0002:0000059C 000000CC C=DATA     S=.data    G=DGROUP   M=Controls ACBP=A9
 0002:00000668 000000A6 C=DATA     S=.data    G=DGROUP   M=Menus    ACBP=A9
 0002:00000710 000000FC C=DATA     S=.data    G=DGROUP   M=Forms    ACBP=A9
 0002:0000080C 00000018 C=DATA     S=.data    G=DGROUP   M=StdCtrls ACBP=A9
 0002:00000824 000000B0 C=DATA     S=.data    G=DGROUP   M=Dialogs  ACBP=A9
 0002:00001000 000004AC C=BSS      S=.bss     G=DGROUP   M=System   ACBP=A9
 0002:000014AC 00000018 C=BSS      S=.bss     G=DGROUP   M=SysInit  ACBP=A9
 0002:000014C4 00000004 C=BSS      S=.bss     G=DGROUP   M=Windows  ACBP=A9
 0002:000014C8 00000004 C=BSS      S=.bss     G=DGROUP   M=Messages ACBP=A9
 0002:000014CC 00000110 C=BSS      S=.bss     G=DGROUP   M=SysUtils ACBP=A9
 0002:000015DC 00000004 C=BSS      S=.bss     G=DGROUP   M=ActiveX  ACBP=A9
 0002:000015E0 00000004 C=BSS      S=.bss     G=DGROUP   M=Consts   ACBP=A9
 0002:000015E4 00000004 C=BSS      S=.bss     G=DGROUP   M=TypInfo  ACBP=A9
 0002:000015E8 00000018 C=BSS      S=.bss     G=DGROUP   M=Classes  ACBP=A9
 0002:00001600 0000005C C=BSS      S=.bss     G=DGROUP   M=Graphics ACBP=A9
 0002:0000165C 00000004 C=BSS      S=.bss     G=DGROUP   M=Commctrl ACBP=A9
 0002:00001660 00000004 C=BSS      S=.bss     G=DGROUP   M=Imm      ACBP=A9
 0002:00001664 00000004 C=BSS      S=.bss     G=DGROUP   M=WinSpool ACBP=A9
 0002:00001668 00000004 C=BSS      S=.bss     G=DGROUP   M=Printers ACBP=A9
 0002:0000166C 00000070 C=BSS      S=.bss     G=DGROUP   M=Controls ACBP=A9
 0002:000016DC 0000000C C=BSS      S=.bss     G=DGROUP   M=Menus    ACBP=A9
 0002:000016E8 00000040 C=BSS      S=.bss     G=DGROUP   M=Forms    ACBP=A9
 0002:00001728 00000004 C=BSS      S=.bss     G=DGROUP   M=CommDlg  ACBP=A9
 0002:0000172C 00000004 C=BSS      S=.bss     G=DGROUP   M=StdCtrls ACBP=A9
 0002:00001730 00000004 C=BSS      S=.bss     G=DGROUP   M=ExtCtrls ACBP=A9
 0002:00001734 00000004 C=BSS      S=.bss     G=DGROUP   M=Dlgs     ACBP=A9
 0002:00001738 0000000C C=BSS      S=.bss     G=DGROUP   M=Dialogs  ACBP=A9
 0002:00001744 00000180 C=BSS      S=.bss     G=DGROUP   M=Unit1    ACBP=A9


  Address         Publics by Name

 0001:00009E6C       .
 0002:000018C0       .1
 0002:000015E0       .1
 0002:000015D0       .1
 0001:00001764       @AbstractError
 0001:00003AC9       @Append
 0001:00001C30       @AsClass
 0001:000038DA       @Assign
 0001:00001880       @AStrCmp
 0001:0000397C       @BlockRead
 0001:000039E0       @BlockWrite
 0001:00001C7C       @CallDynaInst
 0001:00001D84       @ClassCreate
 0001:00001DC0       @ClassDestroy
 0001:00003A44       @Close
 0001:00002EDC       @Dispose
 0001:00002168       @DoneExcept
 0001:000018F0       @FillChar
 0001:00002EBC       @Finalize
 0001:00002DFC       @FinalizeArray
 0001:00002DD0       @FinalizeRecord
 0001:00001C94       @FindDynaInst
 0001:00003955       @Flush
 0001:00001624       @FreeMem
 0001:0000160C       @GetMem
 0001:00004220       @GetTls
 0001:00002604       @Halt
 0001:000024EC       @Halt0
 0001:00001EC4       @HandleAnyException
 0001:000020C0       @HandleFinally
 0001:00001F88       @HandleOnException
 0001:000042B8       @InitExe
 0001:00002DC4       @Initialize
 0001:00002D34       @InitializeArray
 0001:00002D08       @InitializeRecord
 0001:00002448       @InitImports
 0001:0000242C       @InitResStringImports
 0001:00002410       @InitResStrings
 0001:000036A4       @IntfClear
 0001:000036BC       @IntfCopy
 0001:00001B00       @IntOver
 0001:00001C18       @IsClass
 0001:00002A5C       @LStrAddRef
 0001:00002640       @LStrArrayClr
 0001:00002670       @LStrAsg
 0001:000028B0       @LStrCat
 0001:000028F4       @LStrCat3
 0001:00002968       @LStrCatN
 0001:0000261C       @LStrClr
 0001:000029B8       @LStrCmp
 0001:00002AAC       @LStrCopy
 0001:00002AEC       @LStrDelete
 0001:00002858       @LStrFromArray
 0001:000027D0       @LStrFromChar
 0001:000027E0       @LStrFromPChar
 0001:00002700       @LStrFromPCharLen
 0001:00002810       @LStrFromPWChar
 0001:00002730       @LStrFromPWCharLen
 0001:0000284C       @LStrFromString
 0001:00002870       @LStrFromWStr
 0001:000026B4       @LStrLAsg
 0001:000028A8       @LStrLen
 0001:00002B34       @LStrPos
 0001:00002B7C       @LStrSetLength
 0001:00002A6C       @LStrToPChar
 0001:00002884       @LStrToString
 0001:00002EC8       @New
 0001:000026DC       @NewAnsiString
 0001:00003DB4       @Pow10
 0001:000017FC       @PStrCmp
 0001:000017B0       @PStrCpy
 0001:00001780       @PStrNCat
 0001:000017CC       @PStrNCpy
 0001:00002114       @RaiseAgain
 0001:000020F8       @RaiseExcept
 0001:0000163C       @ReallocMem
 0001:00003BD1       @ResetFile
 0001:00003ABB       @ResetText
 0001:00003BE8       @RewritFile
 0001:00003AC2       @RewritText
 0001:00002610       @RunError
 0001:00003C08       @Seek
 0001:000023E0       @StartExe
 0001:00002198       @TryFinallyExit
 0001:00001910       @ValLong
 0001:000031B0       @VarCast
 0001:00003044       @VarClear
 0001:000032E0       @VarClr
 0001:00003078       @VarCopy
 0001:000032A4       @VarToLStr
 0001:00003D1B       @Write0Char
 0001:00003D84       @Write0CString
 0001:00003CE0       @Write0String
 0001:00003D6D       @WriteChar
 0001:00003D88       @WriteCString
 0001:00003D07       @WriteLn
 0001:00003CEA       @WriteString
 0001:00002C00       @WStrArrayClr
 0001:00002C24       @WStrAsg
 0001:00002BE8       @WStrClr
 0001:00002CF8       @WStrFromLStr
 0001:00002C48       @WStrFromPCharLen
 0001:00002CDC       @WStrFromPWCharLen
 0001:000019D0       @_CLenToPasStr
 0001:000019B8       @_CToPasStr
 0001:00003930       @_Flush
 0001:000016D0       @_IOTest
 0001:00008F14       AbstractErrorHandler
 0002:00001018       AbstractErrorProc
 0002:00000118       AccessMode
 0001:000046BC       ActivateKeyboardLayout
 0001:0000AB30       ActiveX
 0001:00005788       AddExitProc
 0001:000034F8       AddModuleUnloadProc
 0001:000046C4       AdjustWindowRectEx
 0001:00024620       AllocateHWnd
 0001:0000571C       AllocMem
 0002:00001400       AllocMemCount
 0002:00001404       AllocMemSize
 0001:0000588C       AnsiCompareText
 0001:00005BC8       AnsiLastChar
 0001:000046CC       AnsiLower
 0001:0000584C       AnsiLowerCase
 0001:000098A0       AnsiLowerCaseFileName
 0001:00009844       AnsiPos
 0001:000058DC       AnsiStrLIComp
 0001:0000998C       AnsiStrPos
 0001:00009A7C       AnsiStrRScan
 0001:00009AD0       AnsiStrScan
 0001:00006AD4       AppendChars
 0001:00006F28       AppendFormat
 0001:00006B68       AppendNumber
 0001:00006B44       AppendString
 0002:000016E8       Application
 0001:00008E58       AssertErrorHandler
 0002:00001014       AssertErrorProc
 0001:0000C580       BeginGlobalLoading
 0001:000046D4       BeginPaint
 0001:000044C4       BitBlt
 0001:0000C00C       Bounds
 0001:000095F4       ByteToCharIndex
 0001:000095B8       ByteToCharLen
 0001:00009548       ByteType
 0001:000094BC       ByteTypeTest
 0001:000046DC       CallNextHookEx
 0001:00009D08       CallTerminateProcs
 0001:000046E4       CallWindowProc
 0001:0001AF84       CancelDrag
 0001:000046EC       CharLowerBuff
 0001:00012ED0       CharsetToIdent
 0001:00009740       CharToByteIndex
 0001:000097D0       CharToByteLen
 0001:000046F4       CheckMenuItem
 0001:000116CC       Classes
 0001:000046FC       ClientToScreen
 0001:0000432C       CloseHandle
 0002:00001028       CmdLine
 0002:00001024       CmdShow
 0001:00012CC8       ColorToIdent
 0001:00012CB8       ColorToRGB
 0001:0001975C       Commctrl
 0001:0002B174       CommDlg
 0001:000057D8       CompareMem
 0001:00004334       CompareString
 0001:000057F8       CompareText
 0001:0000AE18       Consts
 0001:00020C7C       Controls
 0001:00008924       ConvertAddr
 0001:00006C7C       ConvertEraString
 0001:000056CC       ConvertError
 0001:000056EC       ConvertErrorFmt
 0001:00006E08       ConvertYearString
 0001:000044CC       CopyEnhMetaFile
 0001:000177FC       CopyPalette
 0001:00009684       CountChars
 0001:00009060       CreateAVObject
 0001:000044D4       CreateBitmap
 0001:000044DC       CreateBrushIndirect
 0001:000044E4       CreateCompatibleBitmap
 0001:000044EC       CreateCompatibleDC
 0001:000044FC       CreateDIBitmap
 0001:000044F4       CreateDIBSection
 0001:0000433C       CreateEvent
 0001:00004344       CreateFile
 0001:00004504       CreateFontIndirect
 0001:0000450C       CreateHalftonePalette
 0001:00004704       CreateIcon
 0001:00008CE8       CreateInOutError
 0001:0000470C       CreateMenu
 0001:0002D27C       CreateMessageDialog
 0001:00004514       CreatePalette
 0001:0000451C       CreatePenIndirect
 0001:00004714       CreatePopupMenu
 0001:00004524       CreateRectRgn
 0001:0000452C       CreateSolidBrush
 0001:0000434C       CreateThread
 0001:00004B7C       CreateWindow
 0001:0000471C       CreateWindowEx
 0002:0000059C       CreationControl
 0002:00000710       Ctl3DBtnWndProc
 0002:00000718       Ctl3DCtlColorEx
 0002:00000714       Ctl3DDlgFramePaint
 0002:000014D4       CurrencyDecimals
 0002:000014D0       CurrencyFormat
 0002:000014CC       CurrencyString
 0001:00006AB4       CurrentYear
 0001:0001A7CC       CursorToIdent
 0002:000018AC       d
 0001:00006A88       Date
 0002:000014D5       DateSeparator
 0001:000076E4       DateTimeToString
 0001:000065CC       DateTimeToTimeStamp
 0001:00007750       DateToStr
 0001:00006A50       DayOfWeek
 0002:00000310       DDBsOnly
 0001:000246DC       DeallocateHWnd
 0002:00000008       DebugHook
 0002:000014D3       DecimalSeparator
 0001:00006884       DecodeDate
 0001:0000660C       DecodeTime
 0002:00000000       Default8087CW
 0002:000002E4       DefFontData
 0001:00004724       DefFrameProc
 0002:000001C8       DefLongDayNames
 0002:0000017C       DefLongMonthNames
 0001:0000472C       DefMDIChildProc
 0002:000001AC       DefShortDayNames
 0002:0000014C       DefShortMonthNames
 0001:00004734       DefWindowProc
 0001:00004354       DeleteCriticalSection
 0001:00004534       DeleteDC
 0001:0000453C       DeleteEnhMetaFile
 0001:0000473C       DeleteMenu
 0001:00004544       DeleteObject
 0002:000018B4       delta
 0001:00004744       DestroyCursor
 0001:0000474C       DestroyIcon
 0001:00004754       DestroyMenu
 0001:0000475C       DestroyWindow
 0001:0002D980       Dialogs
 0001:00024074       DisableTaskWindows
 0001:00004764       DispatchMessage
 0001:000056B0       DivMod
 0001:0002CFF0       Dlgs
 0001:000066B8       DoEncodeDate
 0001:00005744       DoExitProc
 0001:00024518       DoneCtl3D
 0001:000093EC       DoneExceptions
 0001:0000476C       DrawEdge
 0001:00004774       DrawIcon
 0001:0000477C       DrawMenuBar
 0001:00004784       DrawText
 0002:000000AC       EmptyStr
 0001:0000478C       EnableMenuItem
 0001:00024124       EnableTaskWindows
 0001:00004794       EnableWindow
 0001:00006808       EncodeDate
 0001:0000C5D8       EndGlobalLoading
 0001:0000479C       EndPaint
 0001:0000435C       EnterCriticalSection
 0001:00004364       EnumCalendarInfoA
 0001:00008138       EnumEraNames
 0001:00008194       EnumEraYearOffsets
 0001:0000454C       EnumFontFamiliesEx
 0001:00004554       EnumFonts
 0001:000047A4       EnumThreadWindows
 0001:000047AC       EnumWindows
 0001:00008C88       EOutOfMemory.Destroy
 0001:00008CAC       EOutOfMemory.FreeInstance
 0001:000047B4       EqualRect
 0002:00001598       EraNames
 0001:00007A04       EraToYear
 0002:000015B4       EraYearOffsets
 0002:00001038       ErrorAddr
 0001:00008DEC       ErrorHandler
 0002:000001E4       ErrorMap
 0002:00001004       ErrorProc
 0002:000018BC       esiste
 0001:000088F4       ExceptAddr
 0002:00001008       ExceptClsProc
 0001:00009300       ExceptHandler
 0001:00008BC0       Exception.Create
 0001:00008C00       Exception.CreateFmt
 0002:00001010       ExceptionClass
 0001:00008930       ExceptionErrorMessage
 0002:0000021C       ExceptMap
 0001:000088C4       ExceptObject
 0002:0000100C       ExceptObjProc
 0002:00001000       ExceptProc
 0001:0000455C       ExcludeClipRect
 0002:00001030       ExitCode
 0002:00001034       ExitProc
 0002:00000114       ExitProcList
 0001:0002CFB8       ExtCtrls
 0001:00005CDC       ExtractFileExt
 0001:00005C90       ExtractFileName
 0002:00001748       F
 0001:00005BB4       FileClose
 0001:00005AE4       FileCreate
 0002:00001042       FileMode
 0001:00005A94       FileOpen
 0001:00005B18       FileRead
 0001:00005B88       FileSeek
 0001:00005B50       FileWrite
 0001:000047BC       FillRect
 0001:00011650       Finalization
 0001:00004088       Finalization
 0001:00004BE8       Finalization
 0001:00022DE0       Finalization
 0001:00020C30       Finalization
 0001:000042DC       Finalization
 0001:000197D4       Finalization
 0001:0001979C       Finalization
 0001:0001972C       Finalization
 0001:0002B144       Finalization
 0001:0002C658       Finalization
 0001:0000B250       Finalization
 0001:0002B0D0       Finalization
 0001:0002CF88       Finalization
 0001:0002DFB4       Finalization
 0001:0000ADE8       Finalization
 0001:00004BB0       Finalization
 0001:0002DFF8       Finalization
 0001:0000AB00       Finalization
 0001:0000A95C       Finalization
 0001:0001950C       Finalization
 0001:0002CFC0       Finalization
 0001:0002D924       Finalization
 0001:00019764       Finalization
 0001:0000C120       FindClass
 0001:00003310       FindClassHInstance
 0001:0001A600       FindControl
 0001:0001AFD0       FindDragTarget
 0002:000015EC       FindGlobalComponent
 0001:000032E8       FindHInstance
 0001:0000436C       FindResource
 0001:0000331C       FindResourceHInstance
 0001:0001AF9C       FindVCLWindow
 0002:00001898       fl
 0001:0000A5CC       FloatToDecimal
 0001:00009E8E       FloatToText
 0001:0000A1F7       FloatToTextFmt
 0002:00000140       FMSecsPerDay
 0001:000064B0       FmtStr
 0001:0002423C       ForegroundTask
 0002:00001744       Form1
 0002:00000148       Format
 0001:00006488       Format
 0001:000060AC       FormatBuf
 0001:00006098       FormatClearStr
 0001:00006004       FormatError
 0002:00000138       FormatErrorStrs
 0001:00004374       FormatMessage
 0001:0000607C       FormatVarToStr
 0001:0002B124       Forms
 0001:00003DB4       FPower10
 0001:000047C4       FrameRect
 0001:0000437C       FreeLibrary
 0001:00016CE8       FreeMemoryContexts
 0001:000245FC       FreeObjectInstance
 0001:00004384       FreeResource
 0001:00009D44       FreeTerminateProcs
 0001:000047CC       GetActiveWindow
 0001:00004564       GetBitmapBits
 0001:0000456C       GetBrushOrgEx
 0001:000047D4       GetCapture
 0001:0001A874       GetCaptureControl
 0001:0000C0B8       GetClass
 0001:000047DC       GetClassInfo
 0001:000047E4       GetClientRect
 0001:000047EC       GetClipboardData
 0001:00006BB8       GetCount
 0001:0000438C       GetCPInfo
 0001:00004574       GetCurrentPositionEx
 0001:00004394       GetCurrentProcessId
 0001:0000439C       GetCurrentThreadId
 0001:000047F4       GetCursor
 0001:000047FC       GetCursorPos
 0001:00006C04       GetDate
 0001:000043A4       GetDateFormat
 0001:000078C8       GetDateOrder
 0001:00004804       GetDC
 0001:0000480C       GetDCEx
 0001:00019410       GetDefFontCharSet
 0001:00004814       GetDesktopWindow
 0001:0000458C       GetDeviceCaps
 0001:0001517C       GetDIB
 0001:0000457C       GetDIBColorTable
 0001:00004584       GetDIBits
 0001:000150C4       GetDIBSizes
 0001:00004594       GetEnhMetaFileBits
 0001:0000459C       GetEnhMetaFileHeader
 0001:000045A4       GetEnhMetaFilePaletteEntries
 0001:0000AE2C       GetEnumValue
 0001:00008200       GetEraNamesAndYearOffsets
 0001:000079A0       GetEraYearOffset
 0001:00009034       GetExceptionClass
 0001:00009230       GetExceptionObject
 0001:0000481C       GetFocus
 0001:00004824       GetForegroundWindow
 0001:00008560       GetFormatSettings
 0001:0000482C       GetIconInfo
 0001:00004844       GetKeyboardLayout
 0001:0000484C       GetKeyboardLayoutList
 0001:00004834       GetKeyNameText
 0001:0000483C       GetKeyState
 0001:00004854       GetLastActivePopup
 0001:000043AC       GetLastError
 0001:00007F50       GetLocaleChar
 0001:000043BC       GetLocaleInfo
 0001:00007EEC       GetLocaleStr
 0001:000043B4       GetLocalTime
 0001:0001A830       GetLongHint
 0001:0000485C       GetMenu
 0001:00004864       GetMenuItemCount
 0001:0000486C       GetMenuState
 0001:00004874       GetMenuString
 0001:000043C4       GetModuleFileName
 0001:000043CC       GetModuleHandle
 0001:00007FD0       GetMonthDayNames
 0001:000045AC       GetObject
 0001:0000AEE4       GetOrdProp
 0001:000045B4       GetPaletteEntries
 0001:0000487C       GetParent
 0001:00024834       GetParentForm
 0001:000045BC       GetPixel
 0001:000043D4       GetProcAddress
 0001:00004884       GetProp
 0001:0000AE78       GetPropInfo
 0001:0000488C       GetScrollPos
 0001:0001A7EC       GetShortHint
 0001:000045C4       GetStockObject
 0001:00004894       GetSubMenu
 0001:0000489C       GetSysColor
 0001:000043DC       GetSystemInfo
 0001:000048A4       GetSystemMenu
 0001:000048AC       GetSystemMetrics
 0001:000045CC       GetSystemPaletteEntries
 0001:000045D4       GetTextExtentPoint
 0001:000045DC       GetTextMetrics
 0001:000043E4       GetThreadLocale
 0001:00006C3C       GetTime
 0001:0000AE20       GetTypeData
 0001:000043EC       GetVersion
 0001:000043F4       GetVersionEx
 0001:000048B4       GetWindow
 0001:000048BC       GetWindowDC
 0001:000048C4       GetWindowLong
 0001:000045EC       GetWindowOrgEx
 0001:000048CC       GetWindowPlacement
 0001:000048D4       GetWindowRect
 0001:000048DC       GetWindowRgn
 0001:000048E4       GetWindowText
 0001:000048EC       GetWindowThreadProcessId
 0001:000045E4       GetWinMetaFileBits
 0001:000043FC       GlobalAddAtom
 0001:00004404       GlobalAlloc
 0001:00004B04       GlobalAllocPtr
 0001:0000440C       GlobalDeleteAtom
 0001:0000EDAC       GlobalFixupReferences
 0001:00004414       GlobalFree
 0001:00004B30       GlobalFreePtr
 0001:00004424       GlobalHandle
 0001:0000441C       GlobalLock
 0001:0000442C       GlobalReAlloc
 0001:00004B14       GlobalReAllocPtr
 0001:00004434       GlobalUnlock
 0001:000195D4       Graphics
 0002:00000004       HeapAllocFlags
 0001:00004AF8       HiByte
 0002:000014B8       HInstance
 0002:0000071C       HintWindowClass
 0001:00012EE0       IdentToCharset
 0001:00012CD8       IdentToColor
 0001:0001A7DC       IdentToCursor
 0001:0000C474       IdentToInt
 0001:000196E0       ImageList_AddIcon
 0001:000196EC       ImageList_BeginDrag
 0001:000196C0       ImageList_Create
 0001:000196C8       ImageList_Destroy
 0001:000196FC       ImageList_DragEnter
 0001:00019704       ImageList_DragLeave
 0001:0001970C       ImageList_DragMove
 0001:0001971C       ImageList_DragShowNolock
 0001:000196F4       ImageList_EndDrag
 0001:00019724       ImageList_GetDragImage
 0001:000196D0       ImageList_ReplaceIcon
 0001:000196D8       ImageList_SetBkColor
 0001:00019714       ImageList_SetDragCursorImage
 0001:00019794       Imm
 0001:00020ABC       Imm32IsIME
 0002:00000144       IMSecsPerDay
 0001:000048F4       InflateRect
 0001:000242E0       InitCtl3D
 0001:00009328       InitExceptions
 0001:0000443C       InitializeCriticalSection
 0001:0000C6B4       InitInheritedComponent
 0001:00009454       InitPlatformId
 0002:0000102C       InitProc
 0001:00009B30       InitSysLocale
 0001:0001A548       InitWndProc
 0002:00001048       Input
 0001:000048FC       InsertMenu
 0001:00004904       InsertMenuItem
 0001:000045F4       IntersectClipRect
 0001:0000490C       IntersectRect
 0001:0000C4B4       IntToIdent
 0001:00005A2C       IntToStr
 0001:00004914       InvalidateRect
 0002:000015D8       InvalidPointer
 0001:0000170C       IOResult
 0001:00024794       IsAccel
 0002:00001040       IsConsole
 0001:0000491C       IsDialogMessage
 0001:00004924       IsIconic
 0001:0000666C       IsLeapYear
 0002:00001020       IsLibrary
 0002:00001041       IsMultiThread
 0001:0000492C       IsRectEmpty
 0001:000059B0       IsValidIdent
 0001:00004934       IsWindow
 0001:0000493C       IsWindowEnabled
 0001:00004944       IsWindowVisible
 0001:0000494C       IsZoomed
 0001:00024758       KeyDataToShiftState
 0001:00024704       KeysToShiftState
 0001:00004954       KillTimer
 0001:00005C10       LastDelimiter
 0002:000000F4       LeadBytes
 0001:00004444       LeaveCriticalSection
 0001:0002E0E8       legexe2
 0002:000018A8       li
 0002:0000000C       LibModuleList
 0001:0000495C       LoadCursor
 0001:00004964       LoadIcon
 0001:0000444C       LoadLibrary
 0001:00004454       LoadResource
 0001:00003338       LoadResourceModule
 0001:0000365C       LoadResString
 0001:0000496C       LoadString
 0001:00007F8C       LocalGetLocaleStr
 0001:0000445C       LockResource
 0002:000014DC       LongDateFormat
 0002:00001570       LongDayNames
 0002:00001524       LongMonthNames
 0002:000014F0       LongTimeFormat
 0002:0000101C       MainInstance
 0002:000015E8       MainThreadID
 0001:00004AEC       MakeLong
 0001:00024564       MakeObjectInstance
 0001:00004B44       MakeROP4
 0001:00008F80       MapException
 0001:00004974       MapVirtualKey
 0001:000045FC       MaskBlt
 0001:00022E3C       Menus
 0001:0000497C       MessageBox
 0001:0002D6E4       MessageDlgPos
 0001:0002D708       MessageDlgPosHelp
 0001:00004C18       Messages
 0002:000014AC       ModuleIsLib
 0002:00000010       ModuleUnloadList
 0002:000000C4       MonthDays
 0001:00001724       Move
 0001:00004604       MoveToEx
 0001:0001B05C       MoveWindowOrg
 0001:00004464       MulDiv
 0002:000014D1       NegCurrFormat
 0002:0000166C       NewStyleControls
 0002:00001894       nf
 0001:0000C5A8       NotifyGlobalLoading
 0002:000018A4       nr
 0002:000013F0       Null
 0001:00004984       OemToAnsi
 0001:0000498C       OffsetRect
 0001:00002F80       OleStrToStrVar
 0002:000015D4       OutOfMemory
 0002:00001214       Output
 0001:000128B4       PaletteChanged
 0001:0000460C       PatBlt
 0001:00004994       PeekMessage
 0001:00004614       PlayEnhMetaFile
 0001:0000BFD8       Point
 0001:00004B64       PointToSmallPoint
 0001:0000499C       PostMessage
 0001:000049A4       PostQuitMessage
 0001:00019810       Printers
 0001:000049AC       PtInRect
 0001:00009C1C       RaiseLastWin32Error
 0002:0000103C       RandSeed
 0001:0000446C       ReadFile
 0001:0000461C       RealizePalette
 0001:0000BFF0       Rect
 0001:0000462C       Rectangle
 0001:00004624       RectVisible
 0001:00004314       RegCloseKey
 0001:0000C210       RegisterClass
 0001:000049B4       RegisterClass
 0001:0000C300       RegisterClasses
 0001:0000C444       RegisterIntegerConsts
 0001:000035DC       RegisterModule
 0001:000049BC       RegisterWindowMessage
 0001:0000431C       RegOpenKeyEx
 0001:00004324       RegQueryValueEx
 0001:000049C4       ReleaseCapture
 0001:000049CC       ReleaseDC
 0001:0000EF34       RemoveFixupReferences
 0001:0000EF9C       RemoveFixups
 0001:000049D4       RemoveMenu
 0001:0000351C       RemoveModuleUnloadProc
 0001:000049DC       RemoveProp
 0001:00004634       RestoreDC
 0001:0000463C       SaveDC
 0001:00007770       ScanBlanks
 0001:00007870       ScanChar
 0001:00007A98       ScanDate
 0001:000077B8       ScanNumber
 0001:00007938       ScanToNumber
 0002:000016EC       Screen
 0001:000049E4       ScreenToClient
 0001:000049EC       ScrollWindow
 0001:00004644       SelectObject
 0001:0000464C       SelectPalette
 0001:0001A61C       SendAppMessage
 0001:000049F4       SendMessage
 0001:000049FC       SetActiveWindow
 0001:00004654       SetBkColor
 0001:0000465C       SetBkMode
 0001:00004664       SetBrushOrgEx
 0001:00004A04       SetCapture
 0001:0001A89C       SetCaptureControl
 0001:00004A0C       SetCursor
 0001:0000466C       SetDIBColorTable
 0001:00004474       SetEndOfFile
 0001:00004674       SetEnhMetaFileBits
 0001:0000447C       SetErrorMode
 0001:00004484       SetEvent
 0001:0000448C       SetFilePointer
 0001:0000B180       SetFloatProp
 0001:00004A14       SetFocus
 0001:00004A1C       SetForegroundWindow
 0001:000209E0       SetImeMode
 0001:00004A24       SetMenu
 0001:0000B218       SetMethodProp
 0001:0000AF58       SetOrdProp
 0001:00004A2C       SetProp
 0001:00004A34       SetRect
 0001:0000467C       SetROP2
 0001:00004A3C       SetScrollInfo
 0001:00004A44       SetScrollPos
 0001:00004684       SetStretchBltMode
 0001:0000B14C       SetStrProp
 0001:0000468C       SetTextColor
 0001:00004494       SetThreadLocale
 0001:00004A4C       SetTimer
 0001:00004694       SetViewportOrgEx
 0001:00004A54       SetWindowLong
 0001:000046A4       SetWindowOrgEx
 0001:00004A5C       SetWindowPlacement
 0001:00004A64       SetWindowPos
 0001:00004A7C       SetWindowRgn
 0001:00004A74       SetWindowsHookEx
 0001:00004A6C       SetWindowText
 0001:0000469C       SetWinMetaFileBits
 0002:00000124       ShareMode
 0001:00021384       ShortCutToText
 0002:000014D8       ShortDateFormat
 0002:00001554       ShortDayNames
 0002:000014F4       ShortMonthNames
 0002:000014EC       ShortTimeFormat
 0001:00004A84       ShowCursor
 0001:00008AF0       ShowException
 0001:0002D7A8       ShowMessage
 0001:0002D7B8       ShowMessagePos
 0001:00004A8C       ShowOwnedPopups
 0001:00004A94       ShowWindow
 0001:0000449C       SizeofResource
 0001:0000BFE0       SmallPoint
 0001:00004B50       SmallPointToPoint
 0001:0002C688       StdCtrls
 0001:00005F3C       StrAlloc
 0001:00005F70       StrBufSize
 0001:00009588       StrByteType
 0001:00005E5C       StrComp
 0001:00005DA4       StrCopy
 0001:00005FE0       StrDispose
 0001:00005DCC       StrECopy
 0001:00005D54       StrEnd
 0001:000046AC       StretchBlt
 0001:000063FC       StrFmt
 0001:00002FA8       StringToOleStr
 0001:00005DF8       StrLCopy
 0001:00005D3C       StrLen
 0001:00006444       StrLFmt
 0001:00005E80       StrLIComp
 0001:00005D68       StrMove
 0001:00005F98       StrNew
 0001:00005E2C       StrPCopy
 0001:00005EE8       StrPos
 0001:00005EC8       StrScan
 0001:00007DF4       StrToDate
 0001:00005A64       StrToIntDef
 0001:00007E80       SysErrorMessage
 0001:000011C8       SysFreeMem
 0001:00001040       SysGetMem
 0001:0000430C       SysInit
 0002:0000158C       SysLocale
 0001:00001548       SysReallocMem
 0001:000040E8       System
 0002:00001600       SystemPalette16
 0001:00004A9C       SystemParametersInfo
 0001:0000AA9C       SysUtils
 0001:00029F04       TApplication.BringToFront
 0001:0002ABA4       TApplication.CancelHint
 0001:000294FC       TApplication.ControlDestroyed
 0001:00029120       TApplication.Create
 0001:0002A278       TApplication.CreateForm
 0001:00029374       TApplication.CreateHandle
 0001:0002929C       TApplication.Destroy
 0001:00029F40       TApplication.GetTitle
 0001:0002A3CC       TApplication.HandleException
 0001:0002A170       TApplication.HandleMessage
 0001:0002A6E0       TApplication.HelpCommand
 0001:0002A6D4       TApplication.HelpContext
 0001:0002AB68       TApplication.HideHint
 0001:0002AA78       TApplication.HintMouseMessage
 0001:0002A188       TApplication.HookMainWindow
 0001:0002A260       TApplication.Initialize
 0001:0002A45C       TApplication.MessageBox
 0001:00029E34       TApplication.Minimize
 0001:00029668       TApplication.NormalizeAllTopMosts
 0001:00029660       TApplication.NormalizeTopMosts
 0001:00029E7C       TApplication.Restore
 0001:00029670       TApplication.RestoreTopMosts
 0001:0002A304       TApplication.Run
 0001:0002A934       TApplication.SetHint
 0001:0002A6E8       TApplication.SetShowHint
 0001:00029F88       TApplication.SetTitle
 0001:0002A4D0       TApplication.ShowException
 0001:0002A3B8       TApplication.Terminate
 0001:0002A1E4       TApplication.UnhookMainWindow
 0001:00017B0C       TBitmap.Assign
 0001:00017CC0       TBitmap.Changed
 0001:00017A6C       TBitmap.Create
 0001:00017AD0       TBitmap.Destroy
 0001:00017CCC       TBitmap.Draw
 0001:00017F1C       TBitmap.FreeImage
 0001:00017F84       TBitmap.GetCanvas
 0001:00017F6C       TBitmap.GetEmpty
 0001:00017FC4       TBitmap.GetHandle
 0001:00017FE8       TBitmap.GetHandleType
 0001:00018014       TBitmap.GetHeight
 0001:00018024       TBitmap.GetMaskHandle
 0001:00018038       TBitmap.GetMonochrome
 0001:00018054       TBitmap.GetPalette
 0001:00018068       TBitmap.GetTransparentColor
 0001:000180B0       TBitmap.GetWidth
 0001:0001813C       TBitmap.HandleNeeded
 0001:00018264       TBitmap.LoadFromClipboardFormat
 0001:00018324       TBitmap.LoadFromStream
 0001:0001814C       TBitmap.MaskHandleNeeded
 0001:000181AC       TBitmap.PaletteNeeded
 0001:00018434       TBitmap.ReadData
 0001:00018DF0       TBitmap.SaveToClipboardFormat
 0001:00018DE8       TBitmap.SaveToStream
 0001:00018908       TBitmap.SetHandleType
 0001:00018A3C       TBitmap.SetHeight
 0001:00018A90       TBitmap.SetPalette
 0001:00018B64       TBitmap.SetWidth
 0001:00018BB8       TBitmap.WriteData
 0001:00017024       TBitmapImage.Destroy
 0001:00017074       TBitmapImage.FreeHandle
 0001:0000CCF4       TBits.Destroy
 0001:0000CE60       TBits.OpenBit
 0001:0000CE34       TBits.SetBit
 0001:0000CD84       TBits.SetSize
 0001:000137D8       TBrush.Assign
 0001:0001377C       TBrush.Create
 0001:000137B4       TBrush.Destroy
 0001:000138F0       TBrush.GetColor
 0001:0001392C       TBrush.GetHandle
 0001:00013A0C       TBrush.GetStyle
 0001:000138F8       TBrush.SetColor
 0001:00013A14       TBrush.SetStyle
 0001:0002C3D0       TButton.Click
 0001:0002C56C       TButton.CMDialogChar
 0001:0002C500       TButton.CMDialogKey
 0001:0002C5EC       TButton.CMFocusChanged
 0001:0002C4E8       TButton.CNCommand
 0001:0002C36C       TButton.Create
 0001:0002C48C       TButton.CreateParams
 0001:0002C4CC       TButton.CreateWnd
 0001:0002C3F8       TButton.SetButtonStyle
 0001:0002C454       TButton.SetDefault
 0001:0002C640       TButton.WMEraseBkgnd
 0001:0002C2FC       TButtonControl.WndProc
 0001:00013FBC       TCanvas.Changed
 0001:00013FA8       TCanvas.Changing
 0001:00013A48       TCanvas.Create
 0001:00013E88       TCanvas.CreateHandle
 0001:00013B04       TCanvas.Destroy
 0001:00013B5C       TCanvas.FillRect
 0001:00013E0C       TCanvas.GetHandle
 0001:00013D9C       TCanvas.GetPenPos
 0001:00013DE0       TCanvas.GetPixel
 0001:00013B98       TCanvas.Lock
 0001:00013BC0       TCanvas.MoveTo
 0001:00013BEC       TCanvas.Rectangle
 0001:00013F34       TCanvas.RequiredState
 0001:00013D90       TCanvas.SetBrush
 0001:00013D74       TCanvas.SetFont
 0001:00013E8C       TCanvas.SetHandle
 0001:00013D84       TCanvas.SetPen
 0001:00013DC0       TCanvas.SetPenPos
 0001:00013C34       TCanvas.StretchDraw
 0001:00013C70       TCanvas.TextExtent
 0001:00013CD0       TCanvas.TextHeight
 0001:00013CB4       TCanvas.TextWidth
 0001:00013CF0       TCanvas.TryLock
 0001:00013D4C       TCanvas.Unlock
 0001:0000D0DC       TCollection.Add
 0001:0000D0EC       TCollection.BeginUpdate
 0001:0000D0F0       TCollection.Changed
 0001:0000D104       TCollection.Clear
 0001:0000D16C       TCollection.EndUpdate
 0001:00011460       TComponent.ChangeName
 0001:00010E14       TComponent.Create
 0001:00011160       TComponent.DefineProperties
 0001:00010E5C       TComponent.Destroy
 0001:00011080       TComponent.DestroyComponents
 0001:000110B0       TComponent.Destroying
 0001:00011338       TComponent.FindComponent
 0001:00010EE8       TComponent.FreeNotification
 0001:000111F0       TComponent.GetChildOwner
 0001:000111F4       TComponent.GetChildParent
 0001:000111E8       TComponent.GetChildren
 0001:00011478       TComponent.GetComponent
 0001:000114E4       TComponent.GetComponentCount
 0001:000111F8       TComponent.GetNamePath
 0001:00011210       TComponent.GetOwner
 0001:00011218       TComponent.GetParentComponent
 0001:000111E4       TComponent.HasParent
 0001:00010FE4       TComponent.InsertComponent
 0001:00011240       TComponent.Loaded
 0001:000110EC       TComponent.Notification
 0001:00011250       TComponent.ReadState
 0001:0001103C       TComponent.RemoveComponent
 0001:000115E4       TComponent.SafeCallException
 0001:00011214       TComponent.SetChildOrder
 0001:000114F4       TComponent.SetComponentIndex
 0001:0001154C       TComponent.SetDesigning
 0001:00011394       TComponent.SetName
 0001:0001121C       TComponent.SetParentComponent
 0001:00011230       TComponent.Updated
 0001:00011604       TComponent.UpdateRegistry
 0001:00011220       TComponent.Updating
 0001:0001131C       TComponent.ValidateContainer
 0001:00011334       TComponent.ValidateInsert
 0001:00011268       TComponent.ValidateRename
 0001:0001125C       TComponent.WriteState
 0001:0001C164       TControl.BeginDrag
 0001:0001BDD8       TControl.BringToFront
 0001:0001B88C       TControl.ChangeScale
 0001:0001C5C4       TControl.Click
 0001:0001B81C       TControl.ClientToScreen
 0001:0001CA50       TControl.CMColorChanged
 0001:0001CB2C       TControl.CMDesignHitTest
 0001:0001CA40       TControl.CMEnabledChanged
 0001:0001CA48       TControl.CMFontChanged
 0001:0001CAF4       TControl.CMHitTest
 0001:0001CAFC       TControl.CMMouseEnter
 0001:0001CB14       TControl.CMMouseLeave
 0001:0001CA58       TControl.CMParentColorChanged
 0001:0001CAA4       TControl.CMParentFontChanged
 0001:0001CA88       TControl.CMParentShowHintChanged
 0001:0001CAD4       TControl.CMSysFontChanged
 0001:0001CA18       TControl.CMVisibleChanged
 0001:0001B308       TControl.Create
 0001:0001C5E4       TControl.DblClick
 0001:0001C4AC       TControl.DefaultHandler
 0001:0001C574       TControl.DefineProperties
 0001:0001B398       TControl.Destroy
 0001:0001C2D0       TControl.DoEndDrag
 0001:0001C2B0       TControl.DoStartDrag
 0001:0001C238       TControl.DragCanceled
 0001:0001C284       TControl.DragDrop
 0001:0001C23C       TControl.Dragging
 0001:0001C248       TControl.DragOver
 0001:0001B6A8       TControl.GetBoundsRect
 0001:0001B74C       TControl.GetClientHeight
 0001:0001B78C       TControl.GetClientOrigin
 0001:0001B6F0       TControl.GetClientRect
 0001:0001B708       TControl.GetClientWidth
 0001:0001BE8C       TControl.GetDeviceContext
 0001:0001B3E4       TControl.GetDragImages
 0001:0001BDA0       TControl.GetMouseCapture
 0001:0001B3E8       TControl.GetPalette
 0001:0001B3F4       TControl.GetParentComponent
 0001:0001C734       TControl.GetPopupMenu
 0001:0001BBEC       TControl.GetText
 0001:0001BBAC       TControl.GetTextBuf
 0001:0001BB9C       TControl.GetTextLen
 0001:0001B3EC       TControl.HasParent
 0001:0001C04C       TControl.Invalidate
 0001:0001BD5C       TControl.IsColorStored
 0001:0001BCC8       TControl.IsFontStored
 0001:0001BCDC       TControl.IsShowHintStored
 0001:0001C604       TControl.MouseDown
 0001:0001C84C       TControl.MouseMove
 0001:0001C8B0       TControl.MouseUp
 0001:0001B52C       TControl.Notification
 0001:0001B41C       TControl.PaletteChanged
 0001:0001C394       TControl.Perform
 0001:0001B4AC       TControl.ReadState
 0001:0001C06C       TControl.Repaint
 0001:0001B49C       TControl.RequestAlign
 0001:0001B848       TControl.ScreenToClient
 0001:0001B874       TControl.SendCancelMode
 0001:0001B558       TControl.SetAlign
 0001:0001B5BC       TControl.SetBounds
 0001:0001B6C8       TControl.SetBoundsRect
 0001:0001B764       TControl.SetClientHeight
 0001:0001B720       TControl.SetClientWidth
 0001:0001BD40       TControl.SetColor
 0001:0001BD84       TControl.SetCursor
 0001:0001B498       TControl.SetDragMode
 0001:0001BB84       TControl.SetEnabled
 0001:0001BCBC       TControl.SetFont
 0001:0001B688       TControl.SetHeight
 0001:0001B628       TControl.SetLeft
 0001:0001BDB0       TControl.SetMouseCapture
 0001:0001B9DC       TControl.SetName
 0001:0001BAC4       TControl.SetParent
 0001:0001BD64       TControl.SetParentColor
 0001:0001B3F8       TControl.SetParentComponent
 0001:0001BCE4       TControl.SetParentFont
 0001:0001BD20       TControl.SetParentShowHint
 0001:0001BBB8       TControl.SetPopupMenu
 0001:0001BD04       TControl.SetShowHint
 0001:0001BC1C       TControl.SetText
 0001:0001BBC8       TControl.SetTextBuf
 0001:0001B648       TControl.SetTop
 0001:0001BB48       TControl.SetVisible
 0001:0001B668       TControl.SetWidth
 0001:0001BE68       TControl.SetZOrder
 0001:0001C05C       TControl.Update
 0001:0001C3C8       TControl.VisibleChanging
 0001:0001C9E0       TControl.WMCancelMode
 0001:0001C6E0       TControl.WMLButtonDblClk
 0001:0001C678       TControl.WMLButtonDown
 0001:0001C91C       TControl.WMLButtonUp
 0001:0001C824       TControl.WMMButtonDblClk
 0001:0001C7FC       TControl.WMMButtonDown
 0001:0001C9C0       TControl.WMMButtonUp
 0001:0001C874       TControl.WMMouseMove
 0001:0001C6C4       TControl.WMNCLButtonDown
 0001:0001C7D4       TControl.WMRButtonDblClk
 0001:0001C7AC       TControl.WMRButtonDown
 0001:0001C990       TControl.WMRButtonUp
 0001:0001C3CC       TControl.WndProc
 0001:0001B220       TControlCanvas.CreateHandle
 0001:0001B1F4       TControlCanvas.Destroy
 0001:0001B2BC       TControlCanvas.FreeHandle
 0001:0001B2F0       TControlCanvas.SetControl
 0001:0002492C       TControlScrollBar.Assign
 0001:00024D8C       TControlScrollBar.IsRangeStored
 0001:00024CA4       TControlScrollBar.SetPosition
 0001:00024D78       TControlScrollBar.SetRange
 0001:00024D98       TControlScrollBar.SetVisible
 0001:000201FC       TCustomControl.Create
 0001:00020250       TCustomControl.Destroy
 0001:00020320       TCustomControl.Paint
 0001:00020288       TCustomControl.PaintWindow
 0001:00020280       TCustomControl.WMPaint
 0001:000273AC       TCustomForm.Activate
 0001:00027198       TCustomForm.ActiveChanged
 0001:000262AC       TCustomForm.AlignControls
 0001:00025B4C       TCustomForm.ChangeScale
 0001:00028258       TCustomForm.Close
 0001:00028300       TCustomForm.CloseQuery
 0001:00027CF8       TCustomForm.CMActivate
 0001:000279F4       TCustomForm.CMAppSysCommand
 0001:0002682C       TCustomForm.CMColorChanged
 0001:00026868       TCustomForm.CMCtl3DChanged
 0001:00027D04       TCustomForm.CMDeactivate
 0001:00027D18       TCustomForm.CMDialogKey
 0001:000268B0       TCustomForm.CMFontChanged
 0001:0002816C       TCustomForm.CMIconChanged
 0001:000268D0       TCustomForm.CMMenuChanged
 0001:000281EC       TCustomForm.CMParentFontChanged
 0001:0002818C       TCustomForm.CMRelease
 0001:00027DB4       TCustomForm.CMShowingChanged
 0001:00028194       TCustomForm.CMTextChanged
 0001:000281E4       TCustomForm.CMUIActivate
 0001:000253F8       TCustomForm.Create
 0001:00025588       TCustomForm.CreateNew
 0001:0002692C       TCustomForm.CreateParams
 0001:00026C58       TCustomForm.CreateWindowHandle
 0001:00026B18       TCustomForm.CreateWnd
 0001:000273CC       TCustomForm.Deactivate
 0001:00026D9C       TCustomForm.DefaultHandler
 0001:00025A60       TCustomForm.DefineProperties
 0001:00026EB0       TCustomForm.DefocusControl
 0001:00025694       TCustomForm.Destroy
 0001:00026D58       TCustomForm.DestroyWindowHandle
 0001:00025C94       TCustomForm.DoHide
 0001:00025CB4       TCustomForm.DoShow
 0001:00026EF8       TCustomForm.FocusControl
 0001:00026350       TCustomForm.GetActiveMDIChild
 0001:00026420       TCustomForm.GetCanvas
 0001:00025D5C       TCustomForm.GetChildren
 0001:00025CD4       TCustomForm.GetClientRect
 0001:00026384       TCustomForm.GetMDIChildCount
 0001:000263D0       TCustomForm.GetMDIChildren
 0001:0002678C       TCustomForm.GetPixelsPerInch
 0001:000267F0       TCustomForm.GetScaled
 0001:00028408       TCustomForm.Hide
 0001:00025C60       TCustomForm.IsAutoScrollStored
 0001:00025C28       TCustomForm.IsClientSizeStored
 0001:00026434       TCustomForm.IsColorStored
 0001:00026460       TCustomForm.IsForm
 0001:00025C38       TCustomForm.IsFormSizeStored
 0001:00026468       TCustomForm.IsIconStored
 0001:000257BC       TCustomForm.Loaded
 0001:000257F4       TCustomForm.Notification
 0001:000273EC       TCustomForm.Paint
 0001:00027448       TCustomForm.PaintWindow
 0001:000274F8       TCustomForm.PaletteChanged
 0001:0002587C       TCustomForm.ReadState
 0001:00028498       TCustomForm.Release
 0001:0002740C       TCustomForm.Resize
 0001:00027250       TCustomForm.SendCancelMode
 0001:00026E00       TCustomForm.SetActiveControl
 0001:000262EC       TCustomForm.SetBorderIcons
 0001:00026318       TCustomForm.SetBorderStyle
 0001:00025DC8       TCustomForm.SetChildOrder
 0001:00025E88       TCustomForm.SetClientHeight
 0001:00025E5C       TCustomForm.SetClientWidth
 0001:00028428       TCustomForm.SetFocus
 0001:00026F18       TCustomForm.SetFocusedControl
 0001:00026490       TCustomForm.SetFormStyle
 0001:00026428       TCustomForm.SetIcon
 0001:000265C8       TCustomForm.SetMenu
 0001:0002658C       TCustomForm.SetObjectMenuItem
 0001:00025F48       TCustomForm.SetParent
 0001:000267A0       TCustomForm.SetPixelsPerInch
 0001:000267D4       TCustomForm.SetPosition
 0001:000267FC       TCustomForm.SetScaled
 0001:00025EB4       TCustomForm.SetVisible
 0001:000265A0       TCustomForm.SetWindowMenu
 0001:000268EC       TCustomForm.SetWindowState
 0001:00028410       TCustomForm.Show
 0001:000284B4       TCustomForm.ShowModal
 0001:00025F80       TCustomForm.ValidateRename
 0001:00025EE0       TCustomForm.VisibleChanging
 0001:00025F44       TCustomForm.WantChildKey
 0001:00027934       TCustomForm.WMActivate
 0001:000279C0       TCustomForm.WMClose
 0001:0002783C       TCustomForm.WMCommand
 0001:000277DC       TCustomForm.WMDestroy
 0001:00027B98       TCustomForm.WMEnterMenuLoop
 0001:00027660       TCustomForm.WMEraseBkgnd
 0001:00027BF4       TCustomForm.WMHelp
 0001:00027600       TCustomForm.WMIconEraseBkgnd
 0001:00027870       TCustomForm.WMInitMenuPopup
 0001:00027B14       TCustomForm.WMMDIActivate
 0001:00027888       TCustomForm.WMMenuSelect
 0001:000277A8       TCustomForm.WMNCCreate
 0001:00027B6C       TCustomForm.WMNextDlgCtl
 0001:000275A4       TCustomForm.WMPaint
 0001:00027698       TCustomForm.WMQueryDragIcon
 0001:000279C8       TCustomForm.WMQueryEndSession
 0001:00027A7C       TCustomForm.WMShowWindow
 0001:00027954       TCustomForm.WMSize
 0001:00027A4C       TCustomForm.WMSysCommand
 0001:00025FBC       TCustomForm.WndProc
 0001:000205A4       TCustomImageList.BeginDrag
 0001:00020604       TCustomImageList.DragLock
 0001:0002068C       TCustomImageList.DragMove
 0001:00020668       TCustomImageList.DragUnlock
 0001:00020700       TCustomImageList.EndDrag
 0001:00020398       TCustomImageList.GetHandle
 0001:00020384       TCustomImageList.HandleAllocated
 0001:0002038C       TCustomImageList.HandleNeeded
 0001:000206E8       TCustomImageList.HideDragImage
 0001:00020444       TCustomImageList.SetBkColor
 0001:00020544       TCustomImageList.SetDragCursor
 0001:0002055C       TCustomImageList.SetDragImage
 0001:000206D0       TCustomImageList.ShowDragImage
 0001:0002C270       TCustomLabel.CMDialogChar
 0001:0002C258       TCustomLabel.CMFontChanged
 0001:0002C240       TCustomLabel.CMTextChanged
 0001:0002BD6C       TCustomLabel.Create
 0001:0002BDD8       TCustomLabel.GetLabelText
 0001:0002C138       TCustomLabel.GetTransparent
 0001:0002C048       TCustomLabel.Loaded
 0001:0002C20C       TCustomLabel.Notification
 0001:0002BF54       TCustomLabel.Paint
 0001:0002C100       TCustomLabel.SetAlignment
 0001:0002C120       TCustomLabel.SetAutoSize
 0001:0002C144       TCustomLabel.SetFocusControl
 0001:0002C1C4       TCustomLabel.SetLayout
 0001:0002C15C       TCustomLabel.SetShowAccelChar
 0001:0002C17C       TCustomLabel.SetTransparent
 0001:0002C1E4       TCustomLabel.SetWordWrap
 0001:0000E810       TCustomMemoryStream.Read
 0001:0000E854       TCustomMemoryStream.Seek
 0001:0000E808       TCustomMemoryStream.SetPointer
 0001:0001A9E8       TDragControlObject.Create
 0001:0001AA6C       TDragControlObject.Finished
 0001:0001AA54       TDragControlObject.GetDragCursor
 0001:0001AA08       TDragControlObject.GetDragImages
 0001:0001AA14       TDragControlObject.HideDragImage
 0001:0001AA34       TDragControlObject.ShowDragImage
 0001:0001A958       TDragObject.Finished
 0001:0001A940       TDragObject.GetDragCursor
 0001:0001A910       TDragObject.GetDragImages
 0001:0001A8E8       TDragObject.GetName
 0001:0001A960       TDragObject.HideDragImage
 0001:0001A8E0       TDragObject.Instance
 0001:0001A964       TDragObject.ShowDragImage
 0002:000002C4       TerminateProcList
 0002:00001043       Test8086
 0002:00001044       Test8087
 0001:0000A813       TextToFloat
 0001:000215E8       TextToShortCut
 0001:0000EC08       TFiler.Create
 0001:0000EC48       TFiler.Destroy
 0001:0000E6E8       TFileStream.Create
 0001:0000E7E0       TFileStream.Destroy
 0001:00013034       TFont.Assign
 0001:00013018       TFont.Changed
 0001:00012FA4       TFont.Create
 0001:00012FF4       TFont.Destroy
 0001:0001348C       TFont.GetCharset
 0001:00013184       TFont.GetHandle
 0001:00013344       TFont.GetHeight
 0001:00013374       TFont.GetName
 0001:0001345C       TFont.GetPitch
 0001:000133E8       TFont.GetSize
 0001:00013424       TFont.GetStyle
 0001:00013494       TFont.SetCharset
 0001:00013170       TFont.SetColor
 0001:00013320       TFont.SetHandle
 0001:0001334C       TFont.SetHeight
 0001:0001338C       TFont.SetName
 0001:00013464       TFont.SetPitch
 0001:00013404       TFont.SetSize
 0001:00013430       TFont.SetStyle
 0001:0002DB58       TForm1.Button1Click
 0001:0002DCCC       TForm1.Button2Click
 0001:0002DE24       TForm1.Button3Click
 0001:0002DB1C       TForm1.FormCreate
 0001:000153CC       TGraphic.Changed
 0001:0001539C       TGraphic.Create
 0001:0001543C       TGraphic.DefineProperties
 0001:00015488       TGraphic.Equals
 0001:000155CC       TGraphic.GetPalette
 0001:000155D0       TGraphic.GetTransparent
 0001:000155D4       TGraphic.LoadFromFile
 0001:00015628       TGraphic.Progress
 0001:00015650       TGraphic.ReadData
 0001:0001565C       TGraphic.SaveToFile
 0001:000156B4       TGraphic.SetPalette
 0001:000156B8       TGraphic.SetTransparent
 0001:000156C8       TGraphic.WriteData
 0001:0001FC98       TGraphicControl.Create
 0001:0001FCEC       TGraphicControl.Destroy
 0001:0001FDC0       TGraphicControl.Paint
 0001:0001FD1C       TGraphicControl.WMPaint
 0001:00012CE8       TGraphicsObject.Changed
 0001:00012CFC       TGraphicsObject.Lock
 0001:00012D0C       TGraphicsObject.Unlock
 0001:0000E68C       THandleStream.Read
 0001:0000E6B4       THandleStream.Seek
 0001:0000E6C4       THandleStream.SetSize
 0001:0000E6A0       THandleStream.Write
 0001:000200BC       THintWindow.ActivateHint
 0001:0002017C       THintWindow.ActivateHintData
 0001:000201A8       THintWindow.CalcHintRect
 0001:00020034       THintWindow.CMTextChanged
 0001:0001FDC4       THintWindow.Create
 0001:0001FE68       THintWindow.CreateParams
 0001:0001FFC8       THintWindow.IsHintMsg
 0001:0001FF34       THintWindow.Paint
 0001:0002002C       THintWindow.ReleaseHandle
 0001:0001FE94       THintWindow.WMNCHitTest
 0001:0001FE9C       THintWindow.WMNCPaint
 0002:000014D2       ThousandSeparator
 0001:00018F54       TIcon.Assign
 0001:00018ED4       TIcon.Create
 0001:00018F28       TIcon.Destroy
 0001:00018FB4       TIcon.Draw
 0001:00018FEC       TIcon.GetEmpty
 0001:00019004       TIcon.GetHandle
 0001:00019018       TIcon.GetHeight
 0001:00019020       TIcon.GetWidth
 0001:00019340       TIcon.LoadFromClipboardFormat
 0001:00019144       TIcon.LoadFromStream
 0001:0001938C       TIcon.SaveToClipboardFormat
 0001:00019314       TIcon.SaveToStream
 0001:0001926C       TIcon.SetHandle
 0001:00019284       TIcon.SetHeight
 0001:000192CC       TIcon.SetWidth
 0001:00018E90       TIconImage.Destroy
 0001:00018EBC       TIconImage.FreeHandle
 0001:0002CAC8       TImage.Create
 0001:0002CBA4       TImage.DestRect
 0001:0002CB58       TImage.Destroy
 0001:0002CD04       TImage.DoPaletteChange
 0001:0002CB88       TImage.GetPalette
 0001:0002CC44       TImage.Paint
 0001:0002CD9C       TImage.Progress
 0001:0002CE00       TImage.SetAutoSize
 0001:0002CE10       TImage.SetCenter
 0001:0002CE28       TImage.SetPicture
 0001:0002CE38       TImage.SetStretch
 0001:0002CE50       TImage.SetTransparent
 0002:000014E4       TimeAMString
 0002:000014E8       TimePMString
 0002:000014E0       TimeSeparator
 0001:0000C730       TList.Add
 0001:0000C758       TList.Clear
 0001:0000C774       TList.Delete
 0001:0000C70C       TList.Destroy
 0001:0000C7F8       TList.Error
 0001:0000C830       TList.Expand
 0001:0000C84C       TList.First
 0001:0000C858       TList.Get
 0001:0000C8BC       TList.Grow
 0001:0000C8F4       TList.IndexOf
 0001:0000C914       TList.Insert
 0001:0000C9B4       TList.Last
 0001:0000C9C4       TList.Put
 0001:0000CA2C       TList.Remove
 0001:0000CA50       TList.SetCapacity
 0001:0000CAC4       TList.SetCount
 0002:000014B0       TlsIndex
 0002:FFBD0008       TlsLast
 0001:0002297C       TMainMenu.GetHandle
 0001:000228FC       TMainMenu.MenuChanged
 0001:0002291C       TMainMenu.Merge
 0001:000228DC       TMainMenu.SetAutoMerge
 0001:00022938       TMainMenu.Unmerge
 0001:0000E8A8       TMemoryStream.Clear
 0001:0000E878       TMemoryStream.Destroy
 0001:0000E920       TMemoryStream.Realloc
 0001:0000E8C4       TMemoryStream.SetCapacity
 0001:0000E8F0       TMemoryStream.SetSize
 0001:0000E9E0       TMemoryStream.Write
 0001:00022430       TMenu.Create
 0001:00022490       TMenu.Destroy
 0001:00022638       TMenu.DispatchCommand
 0001:0002265C       TMenu.DispatchPopup
 0001:00022598       TMenu.FindItem
 0001:000224BC       TMenu.GetChildren
 0001:000224D8       TMenu.GetHandle
 0001:000225C8       TMenu.GetHelpContext
 0001:0002270C       TMenu.IsShortCut
 0001:000228D8       TMenu.MenuChanged
 0001:000224E4       TMenu.SetChildOrder
 0001:000228CC       TMenu.SetWindowHandle
 0001:000222AC       TMenuItem.Add
 0001:00022278       TMenuItem.Click
 0001:00021868       TMenuItem.Create
 0001:00021DEC       TMenuItem.DefineProperties
 0001:00022210       TMenuItem.Delete
 0001:000218A8       TMenuItem.Destroy
 0001:00022060       TMenuItem.GetChildren
 0001:00021FB8       TMenuItem.GetCount
 0001:00021D58       TMenuItem.GetHandle
 0001:00021FC8       TMenuItem.GetItem
 0001:00022000       TMenuItem.GetMenuIndex
 0001:0002239C       TMenuItem.GetParentComponent
 0001:00021E30       TMenuItem.HasParent
 0001:00022294       TMenuItem.IndexOf
 0001:00022114       TMenuItem.Insert
 0001:00022338       TMenuItem.MenuChanged
 0001:000222C8       TMenuItem.Remove
 0001:00021E34       TMenuItem.SetBreak
 0001:00021E44       TMenuItem.SetCaption
 0001:00021EB4       TMenuItem.SetChecked
 0001:00022098       TMenuItem.SetChildOrder
 0001:000220B8       TMenuItem.SetDefault
 0001:00021F00       TMenuItem.SetEnabled
 0001:00021F74       TMenuItem.SetGroupIndex
 0001:00022018       TMenuItem.SetMenuIndex
 0001:000223B0       TMenuItem.SetParentComponent
 0001:00022404       TMenuItem.SetRadioItem
 0001:00021FE8       TMenuItem.SetShortCut
 0001:00021FF4       TMenuItem.SetVisible
 0001:000160D4       TMetafile.Assign
 0001:00016068       TMetafile.Create
 0001:000160A8       TMetafile.Destroy
 0001:00016168       TMetafile.Draw
 0001:000161FC       TMetafile.GetEmpty
 0001:00016204       TMetafile.GetHeight
 0001:00016268       TMetafile.GetPalette
 0001:000162F4       TMetafile.GetWidth
 0001:00016B64       TMetafile.LoadFromClipboardFormat
 0001:00016358       TMetafile.LoadFromStream
 0001:000163D4       TMetafile.ReadData
 0001:00016430       TMetafile.ReadEMFStream
 0001:00016500       TMetafile.ReadWMFStream
 0001:00016C24       TMetafile.SaveToClipboardFormat
 0001:00016628       TMetafile.SaveToFile
 0001:000166B4       TMetafile.SaveToStream
 0001:000166D0       TMetafile.SetHeight
 0001:00016744       TMetafile.SetMMHeight
 0001:00016780       TMetafile.SetMMWidth
 0001:000167BC       TMetafile.SetWidth
 0001:00016830       TMetafile.TestEMF
 0001:00016914       TMetafile.WriteData
 0001:00016998       TMetafile.WriteEMFStream
 0001:00016A1C       TMetafile.WriteWMFStream
 0001:0001602C       TMetafileImage.Destroy
 0001:00016064       TMetafileImage.FreeHandle
 0001:00001CAC       TObject.ClassInfo
 0001:00001B0C       TObject.ClassName
 0001:00001B20       TObject.ClassNameIs
 0001:00001B48       TObject.ClassParent
 0001:00001B08       TObject.ClassType
 0001:00001B90       TObject.Create
 0001:00001CB8       TObject.DefaultHandler
 0001:00001BAC       TObject.Destroy
 0001:00001CBC       TObject.Dispatch
 0001:00001D34       TObject.FieldAddress
 0001:00001BB8       TObject.Free
 0001:00001B68       TObject.FreeInstance
 0001:00001BC4       TObject.InitInstance
 0001:00001CE4       TObject.MethodAddress
 0001:00001B54       TObject.NewInstance
 0001:00001CB0       TObject.SafeCallException
 0001:0001351C       TPen.Assign
 0001:000134BC       TPen.Create
 0001:000134F8       TPen.Destroy
 0001:0001363C       TPen.GetColor
 0001:0001366C       TPen.GetHandle
 0001:00013718       TPen.GetStyle
 0001:00013748       TPen.GetWidth
 0001:00013644       TPen.SetColor
 0001:00013704       TPen.SetMode
 0001:00013720       TPen.SetStyle
 0001:00013750       TPen.SetWidth
 0001:0000CF10       TPersistent.Assign
 0001:0000D018       TPersistent.AssignTo
 0001:0000D024       TPersistent.DefineProperties
 0001:0000CEE0       TPersistent.Destroy
 0001:0000D028       TPersistent.GetNamePath
 0001:0000D0D8       TPersistent.GetOwner
 0001:00015D44       TPicture.Assign
 0001:00015BE8       TPicture.AssignTo
 0001:00015DA0       TPicture.Changed
 0001:00015B84       TPicture.Create
 0001:00015FB0       TPicture.DefineProperties
 0001:00015BBC       TPicture.Destroy
 0001:00016014       TPicture.GetHeight
 0001:00015C80       TPicture.GetIcon
 0001:00015FFC       TPicture.GetWidth
 0001:00015DC4       TPicture.Progress
 0001:00015C98       TPicture.SetGraphic
 0001:00022C58       TPopupMenu.Create
 0001:00022CB0       TPopupMenu.Destroy
 0001:00022CF4       TPopupMenu.GetHelpContext
 0001:00022D04       TPopupMenu.Popup
 0001:00022CFC       TPopupMenu.SetHelpContext
 0001:00004AA4       TrackPopupMenu
 0001:000082A8       TranslateDateFormat
 0001:00004AAC       TranslateMDISysAccel
 0001:00004AB4       TranslateMessage
 0001:000144B0       TransparentStretchBlt
 0001:0000F144       TReader.DefineBinaryProperty
 0001:0000F110       TReader.DefineProperty
 0001:0000F0AC       TReader.Destroy
 0001:0000F220       TReader.EndOfList
 0001:0000F238       TReader.Error
 0001:00010B78       TReader.FindAncestorComponent
 0001:0000F260       TReader.FindMethod
 0001:0000F3CC       TReader.FlushBuffer
 0001:0000F430       TReader.GetPosition
 0001:0000F44C       TReader.NextValue
 0001:0000F470       TReader.Read
 0001:0000F534       TReader.ReadBoolean
 0001:0000F54C       TReader.ReadChar
 0001:0000F5D0       TReader.ReadCollection
 0001:0000F878       TReader.ReadComponent
 0001:0000FB34       TReader.ReadFloat
 0001:0000FB78       TReader.ReadIdent
 0001:0000FC30       TReader.ReadInteger
 0001:0000FC9C       TReader.ReadListBegin
 0001:0000FCA8       TReader.ReadListEnd
 0001:0000FCB4       TReader.ReadPrefix
 0001:00010444       TReader.ReadRootComponent
 0001:00010720       TReader.ReadSignature
 0001:00010788       TReader.ReadStr
 0001:000107CC       TReader.ReadString
 0001:00010830       TReader.ReadValue
 0001:00010C38       TReader.ReferenceName
 0001:00010C54       TReader.SetName
 0001:0000EA38       TResourceStream.Create
 0001:0000EB78       TResourceStream.Destroy
 0001:0000EBB0       TResourceStream.Write
 0001:0000591C       Trim
 0001:000287E8       TScreen.Create
 0001:00028984       TScreen.Destroy
 0001:00028DBC       TScreen.GetCursors
 0001:00028DA8       TScreen.GetDataModule
 0001:00028DB4       TScreen.GetDataModuleCount
 0001:000289F8       TScreen.GetForm
 0001:00028A04       TScreen.GetFormCount
 0001:000289E8       TScreen.GetHeight
 0001:000289F0       TScreen.GetWidth
 0001:00028DE4       TScreen.SetCursor
 0001:00024F18       TScrollingWinControl.AlignControls
 0001:0002510C       TScrollingWinControl.AutoScrollInView
 0001:0002531C       TScrollingWinControl.ChangeScale
 0001:00024E58       TScrollingWinControl.Create
 0001:00024EF4       TScrollingWinControl.CreateParams
 0001:00024F04       TScrollingWinControl.CreateWnd
 0001:00024EBC       TScrollingWinControl.Destroy
 0001:00025124       TScrollingWinControl.ScrollInView
 0001:00024FC0       TScrollingWinControl.SetAutoScroll
 0001:00024FFC       TScrollingWinControl.SetHorzScrollBar
 0001:00025008       TScrollingWinControl.SetVertScrollBar
 0001:000253B0       TScrollingWinControl.WMHScroll
 0001:00025340       TScrollingWinControl.WMSize
 0001:000253D4       TScrollingWinControl.WMVScroll
 0001:00017000       TSharedImage.Reference
 0001:00017004       TSharedImage.Release
 0001:0000E4D0       TStream.GetPosition
 0001:0000E4F4       TStream.GetSize
 0001:0000E534       TStream.ReadBuffer
 0001:0000E62C       TStream.ReadComponent
 0001:0000E4E4       TStream.SetPosition
 0001:0000E530       TStream.SetSize
 0001:0000E5B0       TStream.WriteBuffer
 0001:0000DD44       TStringList.Add
 0001:0000DDDC       TStringList.Changed
 0001:0000DDFC       TStringList.Changing
 0001:0000DE1C       TStringList.Clear
 0001:0000DE58       TStringList.Delete
 0001:0000DCE8       TStringList.Destroy
 0001:0000DEF8       TStringList.Exchange
 0001:0000DFB8       TStringList.Find
 0001:0000E024       TStringList.Get
 0001:0000E094       TStringList.GetCapacity
 0001:0000E098       TStringList.GetCount
 0001:0000E09C       TStringList.GetObject
 0001:0000E13C       TStringList.IndexOf
 0001:0000E17C       TStringList.Insert
 0001:0000E278       TStringList.Put
 0001:0000E314       TStringList.PutObject
 0001:0000E448       TStringList.SetCapacity
 0001:0000E468       TStringList.SetSorted
 0001:0000E488       TStringList.SetUpdateState
 0001:0000E4A0       TStringList.Sort
 0001:0000D1AC       TStrings.Add
 0001:0000D1D4       TStrings.AddObject
 0001:0000D1FC       TStrings.AddStrings
 0001:0000D2B4       TStrings.Assign
 0001:0000D324       TStrings.BeginUpdate
 0001:0000D398       TStrings.DefineProperties
 0001:0000D17C       TStrings.Destroy
 0001:0000D3E4       TStrings.EndUpdate
 0001:0000D3FC       TStrings.Equals
 0001:0000D4A8       TStrings.Error
 0001:0000D4E0       TStrings.Exchange
 0001:0000D5C8       TStrings.GetCapacity
 0001:0000D5D4       TStrings.GetObject
 0001:0000D5D8       TStrings.GetText
 0001:0000D62C       TStrings.GetTextStr
 0001:0000D714       TStrings.IndexOf
 0001:0000D794       TStrings.InsertObject
 0001:0000D7C4       TStrings.LoadFromFile
 0001:0000D818       TStrings.LoadFromStream
 0001:0000D8C4       TStrings.Move
 0001:0000D974       TStrings.Put
 0001:0000D9AC       TStrings.PutObject
 0001:0000DA60       TStrings.SaveToFile
 0001:0000DAB8       TStrings.SaveToStream
 0001:0000DB14       TStrings.SetCapacity
 0001:0000DB18       TStrings.SetStringsAdapter
 0001:0000DB50       TStrings.SetText
 0001:0000DBA0       TStrings.SetTextStr
 0001:0000DC60       TStrings.SetUpdateState
 0001:0000CC1C       TThreadList.Add
 0001:0000CB54       TThreadList.Create
 0001:0000CBA0       TThreadList.Destroy
 0001:0000CC7C       TThreadList.LockList
 0001:0000CC94       TThreadList.Remove
 0001:0000CCE4       TThreadList.UnlockList
 0001:0001D118       TWinControl.AlignControls
 0001:0001D4AC       TWinControl.Broadcast
 0001:0001F7A4       TWinControl.CanFocus
 0001:0001F3C0       TWinControl.ChangeScale
 0001:0001ED74       TWinControl.CMChanged
 0001:0001ED88       TWinControl.CMChildKey
 0001:0001EE4C       TWinControl.CMColorChanged
 0001:0001EFE8       TWinControl.CMControlListChange
 0001:0001EEF0       TWinControl.CMCtl3DChanged
 0001:0001EEB0       TWinControl.CMCursorChanged
 0001:0001ED54       TWinControl.CMDesignHitTest
 0001:0001EDA4       TWinControl.CMDialogChar
 0001:0001ED9C       TWinControl.CMDialogKey
 0001:0001EF90       TWinControl.CMDrag
 0001:0001EE0C       TWinControl.CMEnabledChanged
 0001:0001ED2C       TWinControl.CMEnter
 0001:0001ED40       TWinControl.CMExit
 0001:0001EDAC       TWinControl.CMFocusChanged
 0001:0001EF80       TWinControl.CMFontChange
 0001:0001EE74       TWinControl.CMFontChanged
 0001:0001F6EC       TWinControl.CMInvalidate
 0001:0001EF30       TWinControl.CMParentCtl3DChanged
 0001:0001D9B8       TWinControl.CMRecreateWnd
 0001:0001ED14       TWinControl.CMShowHintChanged
 0001:0001EDE4       TWinControl.CMShowingChanged
 0001:0001EF70       TWinControl.CMSysColorChange
 0001:0001EFFC       TWinControl.CMSysFontChanged
 0001:0001EF88       TWinControl.CMTimeChange
 0001:0001EDB4       TWinControl.CMVisibleChanged
 0001:0001EF78       TWinControl.CMWinIniChange
 0001:0001F1CC       TWinControl.CNChar
 0001:0001F0A0       TWinControl.CNKeyDown
 0001:0001F178       TWinControl.CNKeyUp
 0001:0001F274       TWinControl.CNSysChar
 0001:0001F218       TWinControl.CNSysKeyDown
 0001:0001D258       TWinControl.ContainsControl
 0001:0001DBA0       TWinControl.ControlAtPos
 0001:0001CB34       TWinControl.Create
 0001:0001D8F0       TWinControl.CreateHandle
 0001:0001D584       TWinControl.CreateParams
 0001:0001D514       TWinControl.CreateSubClass
 0001:0001D7FC       TWinControl.CreateWindowHandle
 0001:0001D6A4       TWinControl.CreateWnd
 0001:0001DE14       TWinControl.DefaultHandler
 0001:0001CBC8       TWinControl.Destroy
 0001:0001D95C       TWinControl.DestroyHandle
 0001:0001D898       TWinControl.DestroyWindowHandle
 0001:0001D840       TWinControl.DestroyWnd
 0001:0001D228       TWinControl.DisableAlign
 0001:0001E858       TWinControl.DoEnter
 0001:0001E878       TWinControl.DoExit
 0001:0001E8C0       TWinControl.DoKeyDown
 0001:0001EA80       TWinControl.DoKeyPress
 0001:0001E9BC       TWinControl.DoKeyUp
 0001:0001D230       TWinControl.EnableAlign
 0001:0001FAE0       TWinControl.FindNextControl
 0001:0001CC64       TWinControl.FixupTabList
 0001:0001F810       TWinControl.Focused
 0001:0001FC10       TWinControl.GetChildren
 0001:0001F86C       TWinControl.GetClientOrigin
 0001:0001F88C       TWinControl.GetClientRect
 0001:0001D45C       TWinControl.GetControl
 0001:0001D48C       TWinControl.GetControlCount
 0001:0001F644       TWinControl.GetDeviceContext
 0001:0001F858       TWinControl.GetHandle
 0001:0001F8D4       TWinControl.GetTabOrder
 0001:0001FA88       TWinControl.GetTabOrderList
 0001:0001F9CC       TWinControl.HandleAllocated
 0001:0001F834       TWinControl.HandleNeeded
 0001:0001D320       TWinControl.InsertControl
 0001:0001F6DC       TWinControl.Invalidate
 0001:0001DC60       TWinControl.IsControlMouseMsg
 0001:0001F8C8       TWinControl.IsCtl3DStored
 0001:0001E898       TWinControl.KeyDown
 0001:0001EA60       TWinControl.KeyPress
 0001:0001E994       TWinControl.KeyUp
 0001:0001DB28       TWinControl.MainWndProc
 0001:0001D4EC       TWinControl.NotifyControls
 0001:0001E050       TWinControl.PaintControls
 0001:0001DEFC       TWinControl.PaintHandler
 0001:0001E024       TWinControl.PaintWindow
 0001:0001EC6C       TWinControl.PaletteChanged
 0001:0001CD38       TWinControl.ReadState
 0001:0001D250       TWinControl.Realign
 0001:0001D9A0       TWinControl.RecreateWnd
 0001:0001D3E0       TWinControl.RemoveControl
 0001:0001F758       TWinControl.Repaint
 0001:0001E7FC       TWinControl.ResetIme
 0001:0001F378       TWinControl.ScaleControls
 0001:0001F420       TWinControl.ScrollBy
 0001:0001FBE4       TWinControl.SelectNext
 0001:0001F2A8       TWinControl.SetBounds
 0001:0001FC58       TWinControl.SetChildOrder
 0001:0001F8A4       TWinControl.SetCtl3D
 0001:0001F7D8       TWinControl.SetFocus
 0001:0001E754       TWinControl.SetIme
 0001:0001F954       TWinControl.SetTabOrder
 0001:0001F96C       TWinControl.SetTabStop
 0001:0001F5E4       TWinControl.SetZOrder
 0001:0001F4F8       TWinControl.ShowControl
 0001:0001F73C       TWinControl.Update
 0001:0001DAE8       TWinControl.UpdateControlState
 0001:0001EAEC       TWinControl.WMChar
 0001:0001EB84       TWinControl.WMCharToItem
 0001:0001E3B4       TWinControl.WMCommand
 0001:0001E488       TWinControl.WMCompareItem
 0001:0001E4AC       TWinControl.WMDeleteItem
 0001:0001EBF8       TWinControl.WMDestroy
 0001:0001E4D0       TWinControl.WMDrawItem
 0001:0001E518       TWinControl.WMEraseBkgnd
 0001:0001E428       TWinControl.WMFontChange
 0001:0001E448       TWinControl.WMHScroll
 0001:0001E740       TWinControl.WMIMEEndComp
 0001:0001E72C       TWinControl.WMIMEStartComp
 0001:0001E954       TWinControl.WMKeyDown
 0001:0001EA20       TWinControl.WMKeyUp
 0001:0001E718       TWinControl.WMKillFocus
 0001:0001E4F4       TWinControl.WMMeasureItem
 0001:0001E604       TWinControl.WMMove
 0001:0001EC2C       TWinControl.WMNCDestroy
 0001:0001EC48       TWinControl.WMNCHitTest
 0001:0001E3D4       TWinControl.WMNotify
 0001:0001E258       TWinControl.WMPaint
 0001:0001ECF4       TWinControl.WMPaletteChanged
 0001:0001EBA4       TWinControl.WMParentNotify
 0001:0001ECD0       TWinControl.WMQueryNewPalette
 0001:0001E618       TWinControl.WMSetCursor
 0001:0001E704       TWinControl.WMSetFocus
 0001:0001E5E4       TWinControl.WMSize
 0001:0001E3F8       TWinControl.WMSysColorChange
 0001:0001EB0C       TWinControl.WMSysCommand
 0001:0001E974       TWinControl.WMSysKeyDown
 0001:0001EA40       TWinControl.WMSysKeyUp
 0001:0001E438       TWinControl.WMTimeChange
 0001:0001EBD8       TWinControl.WMVKeyToItem
 0001:0001E468       TWinControl.WMVScroll
 0001:0001E554       TWinControl.WMWindowPosChanged
 0001:0001E414       TWinControl.WMWinIniChange
 0001:0001DCEC       TWinControl.WndProc
 0001:00010C88       TWriter.Write
 0001:00010CF0       TWriter.WriteBoolean
 0001:00010D0C       TWriter.WriteInteger
 0001:00010D84       TWriter.WriteListBegin
 0001:00010D90       TWriter.WriteListEnd
 0001:00010D9C       TWriter.WriteString
 0001:00010DFC       TWriter.WriteValue
 0001:0000B280       TypInfo
 0002:000013E0       Unassigned
 0001:00004ABC       UnhookWindowsHookEx
 0001:00002A78       UniqueString
 0001:0002DFF0       Unit1
 0001:00004B00       UnlockResource
 0001:000046B4       UnrealizeObject
 0001:00004AC4       UnregisterClass
 0001:000035EC       UnregisterModule
 0001:0000C330       UnRegisterModuleClasses
 0001:00004ACC       UpdateWindow
 0001:00024860       ValidParentForm
 0001:000044A4       VirtualAlloc
 0001:000044AC       VirtualQuery
 0001:000044B4       WaitForSingleObject
 0001:00004AD4       WaitMessage
 0001:00002EEC       WideCharLenToStrVar
 0002:000000BC       Win32BuildNumber
 0001:00009CE4       Win32Check
 0002:000000C0       Win32CSDVersion
 0002:000000B4       Win32MajorVersion
 0002:000000B8       Win32MinorVersion
 0001:000209C8       Win32NLSEnableIME
 0002:000000B0       Win32Platform
 0001:00004AE4       WindowFromPoint
 0001:00004BE0       Windows
 0001:00004ADC       WinHelp
 0001:000197CC       WinSpool
 0001:000044BC       WriteFile


  Address         Publics by Value

 0002:FFBD0008       TlsLast
 0001:00001040       SysGetMem
 0001:000011C8       SysFreeMem
 0001:00001548       SysReallocMem
 0001:0000160C       @GetMem
 0001:00001624       @FreeMem
 0001:0000163C       @ReallocMem
 0001:000016D0       @_IOTest
 0001:0000170C       IOResult
 0001:00001724       Move
 0001:00001764       @AbstractError
 0001:00001780       @PStrNCat
 0001:000017B0       @PStrCpy
 0001:000017CC       @PStrNCpy
 0001:000017FC       @PStrCmp
 0001:00001880       @AStrCmp
 0001:000018F0       @FillChar
 0001:00001910       @ValLong
 0001:000019B8       @_CToPasStr
 0001:000019D0       @_CLenToPasStr
 0001:00001B00       @IntOver
 0001:00001B08       TObject.ClassType
 0001:00001B0C       TObject.ClassName
 0001:00001B20       TObject.ClassNameIs
 0001:00001B48       TObject.ClassParent
 0001:00001B54       TObject.NewInstance
 0001:00001B68       TObject.FreeInstance
 0001:00001B90       TObject.Create
 0001:00001BAC       TObject.Destroy
 0001:00001BB8       TObject.Free
 0001:00001BC4       TObject.InitInstance
 0001:00001C18       @IsClass
 0001:00001C30       @AsClass
 0001:00001C7C       @CallDynaInst
 0001:00001C94       @FindDynaInst
 0001:00001CAC       TObject.ClassInfo
 0001:00001CB0       TObject.SafeCallException
 0001:00001CB8       TObject.DefaultHandler
 0001:00001CBC       TObject.Dispatch
 0001:00001CE4       TObject.MethodAddress
 0001:00001D34       TObject.FieldAddress
 0001:00001D84       @ClassCreate
 0001:00001DC0       @ClassDestroy
 0001:00001EC4       @HandleAnyException
 0001:00001F88       @HandleOnException
 0001:000020C0       @HandleFinally
 0001:000020F8       @RaiseExcept
 0001:00002114       @RaiseAgain
 0001:00002168       @DoneExcept
 0001:00002198       @TryFinallyExit
 0001:000023E0       @StartExe
 0001:00002410       @InitResStrings
 0001:0000242C       @InitResStringImports
 0001:00002448       @InitImports
 0001:000024EC       @Halt0
 0001:00002604       @Halt
 0001:00002610       @RunError
 0001:0000261C       @LStrClr
 0001:00002640       @LStrArrayClr
 0001:00002670       @LStrAsg
 0001:000026B4       @LStrLAsg
 0001:000026DC       @NewAnsiString
 0001:00002700       @LStrFromPCharLen
 0001:00002730       @LStrFromPWCharLen
 0001:000027D0       @LStrFromChar
 0001:000027E0       @LStrFromPChar
 0001:00002810       @LStrFromPWChar
 0001:0000284C       @LStrFromString
 0001:00002858       @LStrFromArray
 0001:00002870       @LStrFromWStr
 0001:00002884       @LStrToString
 0001:000028A8       @LStrLen
 0001:000028B0       @LStrCat
 0001:000028F4       @LStrCat3
 0001:00002968       @LStrCatN
 0001:000029B8       @LStrCmp
 0001:00002A5C       @LStrAddRef
 0001:00002A6C       @LStrToPChar
 0001:00002A78       UniqueString
 0001:00002AAC       @LStrCopy
 0001:00002AEC       @LStrDelete
 0001:00002B34       @LStrPos
 0001:00002B7C       @LStrSetLength
 0001:00002BE8       @WStrClr
 0001:00002C00       @WStrArrayClr
 0001:00002C24       @WStrAsg
 0001:00002C48       @WStrFromPCharLen
 0001:00002CDC       @WStrFromPWCharLen
 0001:00002CF8       @WStrFromLStr
 0001:00002D08       @InitializeRecord
 0001:00002D34       @InitializeArray
 0001:00002DC4       @Initialize
 0001:00002DD0       @FinalizeRecord
 0001:00002DFC       @FinalizeArray
 0001:00002EBC       @Finalize
 0001:00002EC8       @New
 0001:00002EDC       @Dispose
 0001:00002EEC       WideCharLenToStrVar
 0001:00002F80       OleStrToStrVar
 0001:00002FA8       StringToOleStr
 0001:00003044       @VarClear
 0001:00003078       @VarCopy
 0001:000031B0       @VarCast
 0001:000032A4       @VarToLStr
 0001:000032E0       @VarClr
 0001:000032E8       FindHInstance
 0001:00003310       FindClassHInstance
 0001:0000331C       FindResourceHInstance
 0001:00003338       LoadResourceModule
 0001:000034F8       AddModuleUnloadProc
 0001:0000351C       RemoveModuleUnloadProc
 0001:000035DC       RegisterModule
 0001:000035EC       UnregisterModule
 0001:0000365C       LoadResString
 0001:000036A4       @IntfClear
 0001:000036BC       @IntfCopy
 0001:000038DA       @Assign
 0001:00003930       @_Flush
 0001:00003955       @Flush
 0001:0000397C       @BlockRead
 0001:000039E0       @BlockWrite
 0001:00003A44       @Close
 0001:00003ABB       @ResetText
 0001:00003AC2       @RewritText
 0001:00003AC9       @Append
 0001:00003BD1       @ResetFile
 0001:00003BE8       @RewritFile
 0001:00003C08       @Seek
 0001:00003CE0       @Write0String
 0001:00003CEA       @WriteString
 0001:00003D07       @WriteLn
 0001:00003D1B       @Write0Char
 0001:00003D6D       @WriteChar
 0001:00003D84       @Write0CString
 0001:00003D88       @WriteCString
 0001:00003DB4       FPower10
 0001:00003DB4       @Pow10
 0001:00004088       Finalization
 0001:000040E8       System
 0001:00004220       @GetTls
 0001:000042B8       @InitExe
 0001:000042DC       Finalization
 0001:0000430C       SysInit
 0001:00004314       RegCloseKey
 0001:0000431C       RegOpenKeyEx
 0001:00004324       RegQueryValueEx
 0001:0000432C       CloseHandle
 0001:00004334       CompareString
 0001:0000433C       CreateEvent
 0001:00004344       CreateFile
 0001:0000434C       CreateThread
 0001:00004354       DeleteCriticalSection
 0001:0000435C       EnterCriticalSection
 0001:00004364       EnumCalendarInfoA
 0001:0000436C       FindResource
 0001:00004374       FormatMessage
 0001:0000437C       FreeLibrary
 0001:00004384       FreeResource
 0001:0000438C       GetCPInfo
 0001:00004394       GetCurrentProcessId
 0001:0000439C       GetCurrentThreadId
 0001:000043A4       GetDateFormat
 0001:000043AC       GetLastError
 0001:000043B4       GetLocalTime
 0001:000043BC       GetLocaleInfo
 0001:000043C4       GetModuleFileName
 0001:000043CC       GetModuleHandle
 0001:000043D4       GetProcAddress
 0001:000043DC       GetSystemInfo
 0001:000043E4       GetThreadLocale
 0001:000043EC       GetVersion
 0001:000043F4       GetVersionEx
 0001:000043FC       GlobalAddAtom
 0001:00004404       GlobalAlloc
 0001:0000440C       GlobalDeleteAtom
 0001:00004414       GlobalFree
 0001:0000441C       GlobalLock
 0001:00004424       GlobalHandle
 0001:0000442C       GlobalReAlloc
 0001:00004434       GlobalUnlock
 0001:0000443C       InitializeCriticalSection
 0001:00004444       LeaveCriticalSection
 0001:0000444C       LoadLibrary
 0001:00004454       LoadResource
 0001:0000445C       LockResource
 0001:00004464       MulDiv
 0001:0000446C       ReadFile
 0001:00004474       SetEndOfFile
 0001:0000447C       SetErrorMode
 0001:00004484       SetEvent
 0001:0000448C       SetFilePointer
 0001:00004494       SetThreadLocale
 0001:0000449C       SizeofResource
 0001:000044A4       VirtualAlloc
 0001:000044AC       VirtualQuery
 0001:000044B4       WaitForSingleObject
 0001:000044BC       WriteFile
 0001:000044C4       BitBlt
 0001:000044CC       CopyEnhMetaFile
 0001:000044D4       CreateBitmap
 0001:000044DC       CreateBrushIndirect
 0001:000044E4       CreateCompatibleBitmap
 0001:000044EC       CreateCompatibleDC
 0001:000044F4       CreateDIBSection
 0001:000044FC       CreateDIBitmap
 0001:00004504       CreateFontIndirect
 0001:0000450C       CreateHalftonePalette
 0001:00004514       CreatePalette
 0001:0000451C       CreatePenIndirect
 0001:00004524       CreateRectRgn
 0001:0000452C       CreateSolidBrush
 0001:00004534       DeleteDC
 0001:0000453C       DeleteEnhMetaFile
 0001:00004544       DeleteObject
 0001:0000454C       EnumFontFamiliesEx
 0001:00004554       EnumFonts
 0001:0000455C       ExcludeClipRect
 0001:00004564       GetBitmapBits
 0001:0000456C       GetBrushOrgEx
 0001:00004574       GetCurrentPositionEx
 0001:0000457C       GetDIBColorTable
 0001:00004584       GetDIBits
 0001:0000458C       GetDeviceCaps
 0001:00004594       GetEnhMetaFileBits
 0001:0000459C       GetEnhMetaFileHeader
 0001:000045A4       GetEnhMetaFilePaletteEntries
 0001:000045AC       GetObject
 0001:000045B4       GetPaletteEntries
 0001:000045BC       GetPixel
 0001:000045C4       GetStockObject
 0001:000045CC       GetSystemPaletteEntries
 0001:000045D4       GetTextExtentPoint
 0001:000045DC       GetTextMetrics
 0001:000045E4       GetWinMetaFileBits
 0001:000045EC       GetWindowOrgEx
 0001:000045F4       IntersectClipRect
 0001:000045FC       MaskBlt
 0001:00004604       MoveToEx
 0001:0000460C       PatBlt
 0001:00004614       PlayEnhMetaFile
 0001:0000461C       RealizePalette
 0001:00004624       RectVisible
 0001:0000462C       Rectangle
 0001:00004634       RestoreDC
 0001:0000463C       SaveDC
 0001:00004644       SelectObject
 0001:0000464C       SelectPalette
 0001:00004654       SetBkColor
 0001:0000465C       SetBkMode
 0001:00004664       SetBrushOrgEx
 0001:0000466C       SetDIBColorTable
 0001:00004674       SetEnhMetaFileBits
 0001:0000467C       SetROP2
 0001:00004684       SetStretchBltMode
 0001:0000468C       SetTextColor
 0001:00004694       SetViewportOrgEx
 0001:0000469C       SetWinMetaFileBits
 0001:000046A4       SetWindowOrgEx
 0001:000046AC       StretchBlt
 0001:000046B4       UnrealizeObject
 0001:000046BC       ActivateKeyboardLayout
 0001:000046C4       AdjustWindowRectEx
 0001:000046CC       AnsiLower
 0001:000046D4       BeginPaint
 0001:000046DC       CallNextHookEx
 0001:000046E4       CallWindowProc
 0001:000046EC       CharLowerBuff
 0001:000046F4       CheckMenuItem
 0001:000046FC       ClientToScreen
 0001:00004704       CreateIcon
 0001:0000470C       CreateMenu
 0001:00004714       CreatePopupMenu
 0001:0000471C       CreateWindowEx
 0001:00004724       DefFrameProc
 0001:0000472C       DefMDIChildProc
 0001:00004734       DefWindowProc
 0001:0000473C       DeleteMenu
 0001:00004744       DestroyCursor
 0001:0000474C       DestroyIcon
 0001:00004754       DestroyMenu
 0001:0000475C       DestroyWindow
 0001:00004764       DispatchMessage
 0001:0000476C       DrawEdge
 0001:00004774       DrawIcon
 0001:0000477C       DrawMenuBar
 0001:00004784       DrawText
 0001:0000478C       EnableMenuItem
 0001:00004794       EnableWindow
 0001:0000479C       EndPaint
 0001:000047A4       EnumThreadWindows
 0001:000047AC       EnumWindows
 0001:000047B4       EqualRect
 0001:000047BC       FillRect
 0001:000047C4       FrameRect
 0001:000047CC       GetActiveWindow
 0001:000047D4       GetCapture
 0001:000047DC       GetClassInfo
 0001:000047E4       GetClientRect
 0001:000047EC       GetClipboardData
 0001:000047F4       GetCursor
[...]
  3797 0001:00006327  3798 0001:0000632A  3799 0001:0000632C  3800 0001:0000632D
  3801 0001:00006330  3804 0001:00006331  3805 0001:00006334  3806 0001:0000633A
  3807 0001:0000633C  3808 0001:0000633D  3809 0001:0000633F  3810 0001:00006341
  3811 0001:00006344  3812 0001:00006346  3813 0001:00006348  3814 0001:0000634A
  3815 0001:0000634B  3816 0001:0000634D  3817 0001:0000634F  3818 0001:00006350
  3821 0001:00006351  3822 0001:00006354  3823 0001:0000635A  3824 0001:00006361
  3825 0001:00006366  3828 0001:0000636B  3829 0001:0000636D  3832 0001:0000636F
  3835 0001:00006371  3836 0001:00006373  3837 0001:00006375  3838 0001:00006378
  3839 0001:0000637A  3840 0001:0000637C  3841 0001:0000637F  3842 0001:00006381
  3843 0001:00006383  3844 0001:00006386  3845 0001:00006388  3846 0001:0000638A
  3847 0001:0000638D  3848 0001:0000638F  3849 0001:00006392  3850 0001:00006398
  3851 0001:0000639A  3852 0001:0000639F  3853 0001:000063A2  3854 0001:000063A4
  3855 0001:000063A6  3856 0001:000063AB  3857 0001:000063AE  3858 0001:000063B0
  3859 0001:000063B7  3860 0001:000063B9  3861 0001:000063BC  3862 0001:000063C1
  3863 0001:000063C4  3864 0001:000063C6  3865 0001:000063CB  3866 0001:000063CC
  3867 0001:000063CD  3868 0001:000063CE  3869 0001:000063D1  3870 0001:000063D3
  3871 0001:000063D6  3872 0001:000063DB  3873 0001:000063DD  3874 0001:000063E0
  3877 0001:000063E1  3878 0001:000063E2  3879 0001:000063E5  3880 0001:000063EA
  3881 0001:000063EB  3884 0001:000063EC  3885 0001:000063F1  3886 0001:000063F2
  3887 0001:000063F3  3888 0001:000063F4  3891 0001:000063FC  3892 0001:0000640B
  3893 0001:00006433  3894 0001:0000643C  3898 0001:00006444  3899 0001:00006453
  3900 0001:00006479  3901 0001:00006482  3904 0001:00006488  3905 0001:00006497
  3906 0001:000064A9  3913 0001:000064B0  3914 0001:000064C6  3915 0001:000064CD
  3916 0001:000064F2  3920 0001:00006523  3921 0001:0000652E  3923 0001:00006534
  3927 0001:00006548  3928 0001:00006555  3929 0001:0000655D  3930 0001:00006568
  3925 0001:00006596  3933 0001:000065A8  3936 0001:000065B5  3937 0001:000065C6
  4026 0001:000065CC  4027 0001:000065CF  4028 0001:000065D1  4029 0001:000065D4
  4030 0001:000065DA  4031 0001:000065DD  4032 0001:000065E0  4033 0001:000065E1
  4034 0001:000065E2  4035 0001:000065E3  4036 0001:000065E5  4037 0001:000065E7
  4038 0001:000065E9  4039 0001:000065EB  4040 0001:000065EE  4041 0001:000065F4
  4042 0001:000065F6  4043 0001:000065F8  4044 0001:000065FE  4045 0001:00006603
  4046 0001:00006605  4047 0001:00006608  4107 0001:0000660C  4108 0001:0000661B
  4109 0001:0000663C  4110 0001:00006650  4111 0001:00006664  4116 0001:0000666C
  4117 0001:00006674  4118 0001:000066B4  4124 0001:000066B8  4125 0001:000066CB
  4126 0001:000066CF  4127 0001:000066EF  4130 0001:0000673D  4131 0001:00006777
  4132 0001:00006788  4133 0001:000067FA  4135 0001:00006801  4138 0001:00006808
  4139 0001:0000682E  4140 0001:00006847  4141 0001:0000687C  4153 0001:00006884
  4154 0001:00006893  4155 0001:000068A7  4157 0001:000068AD  4158 0001:000068B5
  4159 0001:000068BD  4162 0001:000068CA  4163 0001:000068D5  4164 0001:000068DB
  4166 0001:000068E4  4167 0001:000068F2  4164 0001:000068FF  4169 0001:00006908
  4170 0001:0000691B  4172 0001:00006922  4173 0001:0000692E  4175 0001:0000693B
  4176 0001:00006954  4177 0001:00006968  4178 0001:00006981  4179 0001:00006995
  4181 0001:0000699C  4182 0001:000069A8  4184 0001:000069B5  4185 0001:000069C4
  4186 0001:000069E4  4189 0001:000069EA  4190 0001:000069FA  4191 0001:00006A04
  4192 0001:00006A13  4187 0001:00006A1F  4194 0001:00006A21  4195 0001:00006A2B
  4196 0001:00006A35  4198 0001:00006A49  4217 0001:00006A50  4218 0001:00006A56
  4219 0001:00006A7F  4224 0001:00006A88  4225 0001:00006A8E  4226 0001:00006A97
  4227 0001:00006AAF  4267 0001:00006AB4  4268 0001:00006ABA  4269 0001:00006AC3
  4270 0001:00006ACF  4283 0001:00006AD4  4284 0001:00006AE0  4285 0001:00006AF8
  4286 0001:00006B06  4287 0001:00006B2A  4288 0001:00006B3D  4291 0001:00006B44
  4292 0001:00006B4B  4293 0001:00006B62  4300 0001:00006B68  4301 0001:00006B74
  4303 0001:00006BB1  4317 0001:00006BB8  4318 0001:00006BBC  4319 0001:00006BC7
  4320 0001:00006BDE  4321 0001:00006BFE  4324 0001:00006C04  4325 0001:00006C07
  4327 0001:00006C10  4328 0001:00006C33  4330 0001:00006C3A  4333 0001:00006C3C
  4334 0001:00006C3F  4336 0001:00006C48  4337 0001:00006C72  4339 0001:00006C79
  4347 0001:00006C7C  4348 0001:00006CA4  4351 0001:00006CAC  4352 0001:00006CB7
  4353 0001:00006CC2  4356 0001:00006CCD  4357 0001:00006CDA  4360 0001:00006D08
  4361 0001:00006D1B  4363 0001:00006D25  4365 0001:00006D3B  4367 0001:00006D61
  4370 0001:00006D86  4371 0001:00006DA3  4376 0001:00006DF6  4383 0001:00006E08
  4384 0001:00006E2A  4387 0001:00006E32  4388 0001:00006E3D  4389 0001:00006E48
  4392 0001:00006E53  4393 0001:00006E59  4395 0001:00006E68  4397 0001:00006E75
  4400 0001:00006E9F  4401 0001:00006EB2  4402 0001:00006EC2  4404 0001:00006F08
  4406 0001:00006F28  4407 0001:00006F44  4409 0001:00006F5E  4410 0001:00006F6F
  4411 0001:00006F73  4412 0001:00006F77  4413 0001:00006F7B  4416 0001:00006F84
  4417 0001:00006F8C  4418 0001:00006F90  4420 0001:00006FA1  4421 0001:00006FAD
  4422 0001:00006FB1  4423 0001:00006FB5  4425 0001:00006FBA  4426 0001:00006FC0
  4427 0001:00006FD4  4429 0001:00006FDD  4430 0001:00006FED  4432 0001:00006FF3
  4435 0001:00007085  4436 0001:0000708C  4437 0001:00007093  4438 0001:00007099
  4439 0001:000070BB  4443 0001:000070D3  4444 0001:000070DA  4445 0001:000070E1
  4449 0001:00007100  4450 0001:00007107  4451 0001:0000710E  4455 0001:0000712D
  4456 0001:00007134  4457 0001:0000713B  4458 0001:00007148  4459 0001:0000715E
  4461 0001:00007178  4466 0001:00007192  4467 0001:00007199  4470 0001:000071AC
  4471 0001:000071B3  4473 0001:000071C9  4474 0001:000071ED  4475 0001:00007211
  4477 0001:00007225  4482 0001:00007239  4483 0001:00007240  4484 0001:00007247
  4485 0001:0000724B  4488 0001:00007256  4490 0001:00007269  4491 0001:0000726D
  4492 0001:00007279  4493 0001:0000727D  4495 0001:00007282  4497 0001:000072B0
  4499 0001:000072B6  4502 0001:000072F8  4503 0001:000072FC  4507 0001:000072FE
  4509 0001:00007306  4486 0001:0000730A  4511 0001:00007316  4512 0001:0000731E
  4513 0001:00007324  4514 0001:00007346  4515 0001:00007353  4519 0001:00007369
  4520 0001:00007370  4521 0001:00007377  4522 0001:00007384  4526 0001:0000739A
  4527 0001:000073A1  4528 0001:000073A8  4529 0001:000073B5  4533 0001:000073CB
  4534 0001:000073D2  4535 0001:000073D8  4536 0001:000073EC  4540 0001:00007400
  4541 0001:00007407  4542 0001:00007410  4544 0001:00007426  4545 0001:00007431
  4546 0001:00007443  4547 0001:00007447  4549 0001:00007450  4551 0001:00007466
  4552 0001:00007471  4553 0001:00007483  4554 0001:00007487  4556 0001:00007490
  4558 0001:000074A6  4559 0001:000074AD  4560 0001:000074BE  4561 0001:000074CD
  4562 0001:000074D1  4564 0001:000074DA  4566 0001:000074F0  4567 0001:000074F7
  4568 0001:00007516  4570 0001:0000751F  4572 0001:00007535  4573 0001:0000753C
  4574 0001:0000755B  4576 0001:00007564  4580 0001:0000757B  4581 0001:00007582
  4582 0001:00007591  4583 0001:00007598  4585 0001:000075B1  4586 0001:000075C5
  4590 0001:000075D9  4592 0001:000075F2  4595 0001:00007608  4598 0001:00007610
  4600 0001:00007623  4601 0001:00007627  4603 0001:0000762F  4596 0001:00007633
  4605 0001:00007645  4606 0001:0000765F  4609 0001:0000766D  4414 0001:0000767F
  4612 0001:0000768B  4614 0001:000076B9  4616 0001:000076E4  4617 0001:000076F9
  4618 0001:00007701  4619 0001:00007709  4620 0001:0000772D  4621 0001:00007744
  4624 0001:00007750  4625 0001:00007757  4626 0001:0000776B  4651 0001:00007770
  4652 0001:0000777C  4653 0001:00007786  4654 0001:000077AB  4655 0001:000077B3
  4662 0001:000077B8  4663 0001:000077C7  4664 0001:000077CB  4665 0001:000077D6
  4666 0001:000077DE  4669 0001:000077E6  4670 0001:00007816  4667 0001:00007821
  4672 0001:00007846  4674 0001:00007850  4675 0001:00007858  4676 0001:00007862
  4678 0001:00007869  4696 0001:00007870  4697 0001:0000787F  4698 0001:00007883
  4699 0001:0000788E  4701 0001:000078AE  4702 0001:000078BB  4704 0001:000078C2
  4709 0001:000078C8  4710 0001:000078D1  4711 0001:000078D5  4714 0001:000078DE
  4715 0001:000078FC  4716 0001:00007902  4717 0001:00007908  4718 0001:0000790E
  4720 0001:00007914  4712 0001:0000791F  4725 0001:0000792C  4726 0001:00007933
  4729 0001:00007938  4732 0001:00007946  4733 0001:0000796D  4730 0001:0000797A
  4735 0001:0000799B  4740 0001:000079A0  4741 0001:000079A9  4742 0001:000079AE
  4744 0001:000079B5  4745 0001:000079C2  4747 0001:000079E4  4748 0001:000079F1
  4750 0001:000079F3  4742 0001:000079F6  4751 0001:000079FF  4762 0001:00007A04
  4763 0001:00007A0D  4765 0001:00007A17  4766 0001:00007A1D  4767 0001:00007A57
  4768 0001:00007A60  4771 0001:00007A6F  4772 0001:00007A7D  4773 0001:00007A93
  4775 0001:00007A98  4776 0001:00007ABE  4777 0001:00007AC4  4778 0001:00007ACA
  4779 0001:00007AD0  4780 0001:00007AD4  4781 0001:00007AE1  4782 0001:00007AE6
  4784 0001:00007AF0  4785 0001:00007AFB  4786 0001:00007B26  4789 0001:00007B33
  4790 0001:00007B47  4791 0001:00007B4F  4793 0001:00007B94  4795 0001:00007BAD
  4796 0001:00007BC3  4797 0001:00007BD2  4798 0001:00007BEC  4799 0001:00007C06
  4801 0001:00007C1E  4802 0001:00007C33  4805 0001:00007C61  4806 0001:00007C6A
  4808 0001:00007C70  4811 0001:00007C82  4814 0001:00007C92  4815 0001:00007CA3
  4816 0001:00007CAE  4818 0001:00007CD3  4819 0001:00007CE0  4822 0001:00007CF2
  4823 0001:00007D1D  4824 0001:00007D28  4828 0001:00007D97  4829 0001:00007DD4
  4870 0001:00007DF4  4871 0001:00007E10  4872 0001:00007E17  4873 0001:00007E36
  4874 0001:00007E7C  4906 0001:00007E80  4907 0001:00007E8F  4910 0001:00007EB4
  4911 0001:00007ED7  4912 0001:00007EE8  4920 0001:00007EEC  4921 0001:00007EFE
  4922 0001:00007F1A  4923 0001:00007F48  4928 0001:00007F50  4929 0001:00007F5F
  4930 0001:00007F76  4931 0001:00007F7E  4932 0001:00007F87  4962 0001:00007F8C
  4963 0001:00007F9B  4964 0001:00007FAF  4965 0001:00007FC8  4967 0001:00007FD0
  4968 0001:00007FE9  4969 0001:00007FF1  4971 0001:00007FF8  4973 0001:00008036
  4975 0001:00008074  4969 0001:00008077  4976 0001:00008081  4978 0001:00008088
  4979 0001:000080A0  4980 0001:000080D4  4981 0001:00008108  4976 0001:0000810B
  4982 0001:00008132  4991 0001:00008138  4992 0001:0000813E  4994 0001:00008145
  4995 0001:00008157  4996 0001:00008173  4997 0001:0000817E  4998 0001:00008186
  4999 0001:0000818E  5005 0001:00008194  5006 0001:0000819A  5008 0001:000081A1
  5009 0001:000081B6  5010 0001:000081C8  5011 0001:000081DD  5012 0001:000081E8
  5013 0001:000081F0  5014 0001:000081F8  5016 0001:00008200  5017 0001:00008219
  5019 0001:00008241  5022 0001:0000824C  5023 0001:00008262  5026 0001:00008295
  5033 0001:000082A8  5034 0001:000082C7  5035 0001:000082CE  5036 0001:000082D6
  5038 0001:000082FE  5040 0001:0000830D  5041 0001:0000832B  5045 0001:00008333
  5046 0001:00008345  5047 0001:00008365  5043 0001:00008370  5051 0001:00008382
  5052 0001:0000838D  5057 0001:00008392  5059 0001:000083AA  5060 0001:000083CC
  5063 0001:000083DC  5065 0001:000083F9  5066 0001:00008409  5068 0001:00008419
  5070 0001:00008436  5071 0001:00008446  5073 0001:00008453  5075 0001:00008470
  5076 0001:00008480  5078 0001:0000848D  5079 0001:0000849F  5081 0001:000084B1
  5082 0001:000084D1  5055 0001:000084DC  5085 0001:0000850A  5091 0001:00008560
  5092 0001:00008579  5093 0001:00008581  5094 0001:000085A1  5095 0001:000085C6
  5096 0001:000085EB  5097 0001:000085FF  5098 0001:00008613  5099 0001:00008638
  5100 0001:0000864C  5101 0001:0000867A  5102 0001:000086A8  5103 0001:000086BC
  5104 0001:000086DF  5105 0001:00008702  5106 0001:0000870A  5107 0001:00008712
  5108 0001:00008736  5109 0001:00008745  5110 0001:00008752  5111 0001:00008776
  5112 0001:0000879A  5114 0001:000087A9  5115 0001:000087B6  5116 0001:000087D3
  5117 0001:0000881F  5137 0001:000088C4  5138 0001:000088C8  5139 0001:000088D6
  5140 0001:000088E9  5141 0001:000088F1  5146 0001:000088F4  5147 0001:000088F8
  5148 0001:00008906  5149 0001:00008919  5150 0001:00008921  5156 0001:00008924
  5157 0001:00008926  5158 0001:00008928  5160 0001:0000892D  5175 0001:00008930
  5176 0001:00008942  5177 0001:00008954  5180 0001:0000897C  5181 0001:00008995
  5184 0001:000089A2  5185 0001:000089B5  5186 0001:000089D7  5187 0001:000089DF
  5188 0001:000089E7  5190 0001:000089F9  5191 0001:00008A07  5192 0001:00008A12
  5194 0001:00008A2D  5196 0001:00008A54  5198 0001:00008AD4  5199 0001:00008AE2
  5207 0001:00008AF0  5208 0001:00008B15  5209 0001:00008B2B  5210 0001:00008B35
  5214 0001:00008B51  5215 0001:00008B83  5217 0001:00008BBA  5243 0001:00008BC0
  5244 0001:00008BDB  5245 0001:00008BFC  5249 0001:00008C00  5250 0001:00008C2F
  5251 0001:00008C7F  5294 0001:00008C88  5295 0001:00008CA5  5298 0001:00008CAC
  5299 0001:00008CB3  5300 0001:00008CBC  5301 0001:00008CC4  5322 0001:00008CE8
  5323 0001:00008D01  5324 0001:00008D08  5325 0001:00008D30  5326 0001:00008D36
  5327 0001:00008D51  5328 0001:00008D88  5329 0001:00008D99  5330 0001:00008DC6
  5367 0001:00008DEC  5368 0001:00008DF8  5369 0001:00008E09  5370 0001:00008E13
  5371 0001:00008E1D  5373 0001:00008E41  5375 0001:00008E49  5376 0001:00008E54
  5384 0001:00008E58  5385 0001:00008E7E  5386 0001:00008E9E  5388 0001:00008F0B
  5393 0001:00008F14  5394 0001:00008F2D  5395 0001:00008F7A  5398 0001:00008F80
  5399 0001:00008F89  5401 0001:00008FE7  5403 0001:00008FED  5405 0001:00008FF3
  5409 0001:00008FF9  5411 0001:00008FFF  5413 0001:00009005  5416 0001:0000900B
  5418 0001:00009011  5420 0001:00009017  5422 0001:0000901D  5424 0001:00009023
  5426 0001:00009029  5428 0001:00009030  5433 0001:00009034  5434 0001:0000903D
  5435 0001:00009048  5436 0001:0000905A  5448 0001:00009060  5449 0001:00009088
  5451 0001:00009091  5452 0001:0000909A  5453 0001:000090A9  5454 0001:000090B6
  5455 0001:000090BF  5456 0001:000090D1  5458 0001:000090FB  5461 0001:00009198
  5464 0001:00009229  5466 0001:00009230  5467 0001:0000924C  5468 0001:0000925C
  5470 0001:0000926F  5471 0001:00009293  5473 0001:0000929F  5475 0001:000092D0
  5477 0001:000092F9  5482 0001:00009300  5483 0001:0000930C  5484 0001:00009317
  5485 0001:00009321  5488 0001:00009328  5489 0001:0000933B  5490 0001:0000935C
  5491 0001:0000937D  5492 0001:00009388  5493 0001:00009393  5494 0001:000093A0
  5495 0001:000093AB  5496 0001:000093B6  5497 0001:000093C1  5498 0001:000093E9
  5501 0001:000093EC  5502 0001:000093EF  5503 0001:000093F8  5504 0001:00009402
  5505 0001:00009409  5506 0001:00009413  5507 0001:0000941A  5508 0001:00009423
  5509 0001:0000942C  5510 0001:00009435  5511 0001:0000943E  5512 0001:00009447
  5513 0001:00009450  5518 0001:00009454  5519 0001:0000945D  5520 0001:00009467
  5523 0001:00009477  5524 0001:00009482  5525 0001:0000948D  5526 0001:00009498
  5527 0001:000094A3  5529 0001:000094B5  5539 0001:000094BC  5540 0001:000094C8
  5541 0001:000094CC  5543 0001:000094D2  5547 0001:000094EF  5548 0001:00009520
  5549 0001:00009526  5550 0001:0000953D  5552 0001:00009544  5555 0001:00009548
  5556 0001:00009554  5557 0001:00009558  5558 0001:00009561  5559 0001:00009581
  5562 0001:00009588  5563 0001:00009594  5564 0001:00009598  5565 0001:000095A1
  5566 0001:000095B2  5569 0001:000095B8  5570 0001:000095C4  5571 0001:000095DC
  5572 0001:000095ED  5577 0001:000095F4  5578 0001:00009600  5579 0001:00009605
  5580 0001:00009618  5581 0001:0000961E  5582 0001:00009627  5583 0001:0000962E
  5584 0001:00009633  5586 0001:0000963B  5587 0001:0000965E  5588 0001:00009669
  5584 0001:00009674  5590 0001:0000967F  5595 0001:00009684  5596 0001:00009693
  5597 0001:0000969E  5598 0001:000096A5  5601 0001:000096AE  5602 0001:000096B9
  5603 0001:000096DC  5599 0001:000096E7  5605 0001:000096F7  5606 0001:0000972A
  5607 0001:00009732  5608 0001:0000973A  5613 0001:00009740  5614 0001:0000974C
  5615 0001:00009751  5616 0001:00009764  5618 0001:00009773  5619 0001:0000978F
  5620 0001:000097AE  5622 0001:000097B5  5625 0001:000097C2  5626 0001:000097CB
  5631 0001:000097D0  5632 0001:000097DC  5633 0001:000097E1  5634 0001:000097E7
  5635 0001:000097FF  5637 0001:00009808  5638 0001:0000981A  5639 0001:00009827
  5642 0001:00009834  5643 0001:0000983D  5661 0001:00009844  5662 0001:00009850
  5663 0001:00009855  5664 0001:0000986F  5665 0001:00009875  5666 0001:00009899
  5676 0001:000098A0  5677 0001:000098AD  5679 0001:000098BA  5680 0001:000098C5
  5681 0001:000098D0  5682 0001:000098D7  5684 0001:000098E3  5685 0001:000098FC
  5687 0001:00009914  5688 0001:0000991F  5691 0001:0000993A  5692 0001:00009963
  5682 0001:0000996E  5696 0001:0000997C  5697 0001:00009987  5729 0001:0000998C
  5730 0001:00009998  5731 0001:0000999D  5732 0001:000099C9  5733 0001:000099D4
  5734 0001:000099DF  5737 0001:000099EF  5738 0001:00009A07  5740 0001:00009A2E
  5741 0001:00009A38  5742 0001:00009A3C  5735 0001:00009A4A  5744 0001:00009A6E
  5745 0001:00009A76  5748 0001:00009A7C  5749 0001:00009A88  5750 0001:00009A96
  5751 0001:00009A9C  5753 0001:00009AA2  5755 0001:00009AA8  5756 0001:00009AAE
  5757 0001:00009AB2  5753 0001:00009AC0  5760 0001:00009AC9  5763 0001:00009AD0
  5764 0001:00009ADC  5765 0001:00009AEA  5767 0001:00009AF0  5769 0001:00009B0D
  5771 0001:00009B11  5772 0001:00009B15  5765 0001:00009B23  5774 0001:00009B2C
  5783 0001:00009B30  5785 0001:00009B36  5786 0001:00009B40  5787 0001:00009B49
  5788 0001:00009B52  5790 0001:00009B59  5791 0001:00009B61  5793 0001:00009B6F
  5794 0001:00009B76  5796 0001:00009B7D  5797 0001:00009B8B  5800 0001:00009B98
  5801 0001:00009BA9  5803 0001:00009BB2  5806 0001:00009BBD  5809 0001:00009BC4
  5810 0001:00009BDD  5809 0001:00009BEF  5811 0001:00009BF4  5807 0001:00009BFF
  5814 0001:00009C15  6125 0001:00009C1C  6126 0001:00009C38  6127 0001:00009C40
  6128 0001:00009C46  6131 0001:00009C8C  6132 0001:00009CAB  6133 0001:00009CB4
  6134 0001:00009CDE  6139 0001:00009CE4  6140 0001:00009CED  6141 0001:00009CF8
  6142 0001:00009D01  6167 0001:00009D08  6168 0001:00009D0F  6169 0001:00009D13
  6172 0001:00009D1D  6173 0001:00009D26  6170 0001:00009D2E  6175 0001:00009D3D
  6180 0001:00009D44  6183 0001:00009D4A  6184 0001:00009D52  6185 0001:00009D5C
  6181 0001:00009D69  6187 0001:00009D72  6289 0001:0000A95C  6290 0001:0000A97E
  6292 0001:0000AA9A  6280 0001:0000AA9C  6281 0001:0000AAC0  6282 0001:0000AAC5
  6283 0001:0000AACA  6284 0001:0000AACF  6285 0001:0000AADD  6286 0001:0000AAE2
  6288 0001:0000AAFC

Line numbers for Consts(Consts.pas) segment .text

   260 0001:0000AE1F

Line numbers for Unit1(Unit1.pas) segment .text

    39 0001:0002DB1C    40 0001:0002DB28    41 0001:0002DB3B    47 0001:0002DB58
    49 0001:0002DB77    50 0001:0002DB86    55 0001:0002DB90    56 0001:0002DBA0
    58 0001:0002DBAF    60 0001:0002DBBD    61 0001:0002DBCB    62 0001:0002DBE0
    66 0001:0002DC0B    67 0001:0002DC22    68 0001:0002DC51    69 0001:0002DC6D
    72 0001:0002DC9C    77 0001:0002DCCC    78 0001:0002DCED    79 0001:0002DCFC
    80 0001:0002DD0C    82 0001:0002DD20    83 0001:0002DD2E    84 0001:0002DD39
    85 0001:0002DD47    86 0001:0002DD5C    90 0001:0002DD82    91 0001:0002DD99
    92 0001:0002DDE3    98 0001:0002DE24    99 0001:0002DE49   100 0001:0002DE58
   101 0001:0002DE68   103 0001:0002DE7C   104 0001:0002DE8A   105 0001:0002DEC7
   106 0001:0002DED5   107 0001:0002DEEA   111 0001:0002DF10   112 0001:0002DF27
   113 0001:0002DF83   117 0001:0002DFF7

Line numbers for legexe2(C:\fls\dev\25legexe\legexe2.dpr) segment .text

     9 0001:0002E0E8    10 0001:0002E0F8    11 0001:0002E104    12 0001:0002E115
    13 0001:0002E12D    14 0001:0002E139

Program entry point at 0001:0002E0E8
