
 Start         Length     Name                   Class
 0001:00000000 00064068H .text                   CODE
 0002:00000000 00001B5CH .data                   DATA
 0002:00001B5C 00000E4DH .bss                    BSS


Detailed map of segments

 0001:00000000 00004CA8 C=CODE     S=.text    G=(none)   M=System   ACBP=A9
 0001:00004CA8 00000170 C=CODE     S=.text    G=(none)   M=SysInit  ACBP=A9
 0001:00004E18 00000AA4 C=CODE     S=.text    G=(none)   M=Windows  ACBP=A9
 0001:000058BC 00000038 C=CODE     S=.text    G=(none)   M=Messages ACBP=A9
 0001:000058F4 00006CD2 C=CODE     S=.text    G=(none)   M=SysUtils ACBP=A9
 0001:0000C5C8 00000050 C=CODE     S=.text    G=(none)   M=ActiveX  ACBP=A9
 0001:0000C618 000003B8 C=CODE     S=.text    G=(none)   M=Consts   ACBP=A9
 0001:0000C9D0 000004BC C=CODE     S=.text    G=(none)   M=TypInfo  ACBP=A9
 0001:0000CE8C 000074AF C=CODE     S=.text    G=(none)   M=Classes  ACBP=A9
 0001:0001433C 000080FA C=CODE     S=.text    G=(none)   M=Graphics ACBP=A9
 0001:0001C438 000000FC C=CODE     S=.text    G=(none)   M=Commctrl ACBP=A9
 0001:0001C534 00000038 C=CODE     S=.text    G=(none)   M=Imm      ACBP=A9
 0001:0001C56C 00000058 C=CODE     S=.text    G=(none)   M=WinSpool ACBP=A9
 0001:0001C5C4 00000E90 C=CODE     S=.text    G=(none)   M=Printers ACBP=A9
 0001:0001D454 00008EE7 C=CODE     S=.text    G=(none)   M=Controls ACBP=A9
 0001:0002633C 000021EA C=CODE     S=.text    G=(none)   M=Menus    ACBP=A9
 0001:00028528 0000864B C=CODE     S=.text    G=(none)   M=Forms    ACBP=A9
 0001:00030B74 00000040 C=CODE     S=.text    G=(none)   M=CommDlg  ACBP=A9
 0001:00030BB4 00003088 C=CODE     S=.text    G=(none)   M=StdCtrls ACBP=A9
 0001:00033C3C 000013B8 C=CODE     S=.text    G=(none)   M=ExtCtrls ACBP=A9
 0001:00034FF4 00000038 C=CODE     S=.text    G=(none)   M=Dlgs     ACBP=A9
 0001:0003502C 00000DCD C=CODE     S=.text    G=(none)   M=Dialogs  ACBP=A9
 0001:00035DFC 00000630 C=CODE     S=.text    G=(none)   M=Clipbrd  ACBP=A9
 0001:0003642C 000029D8 C=CODE     S=.text    G=(none)   M=Mask     ACBP=A9
 0001:00038E04 00008204 C=CODE     S=.text    G=(none)   M=Grids    ACBP=A9
 0001:00041008 000001B8 C=CODE     S=.text    G=(none)   M=DbConsts ACBP=A9
 0001:000411C0 00009D14 C=CODE     S=.text    G=(none)   M=Db       ACBP=A9
 0001:0004AED4 00003C2C C=CODE     S=.text    G=(none)   M=Bde      ACBP=A9
 0001:0004EB00 000019C0 C=CODE     S=.text    G=(none)   M=DBCommon ACBP=A9
 0001:000504C0 00000068 C=CODE     S=.text    G=(none)   M=SMIntf   ACBP=A9
 0001:00050528 00000068 C=CODE     S=.text    G=(none)   M=StdVCL   ACBP=A9
 0001:00050590 000004AC C=CODE     S=.text    G=(none)   M=DBPWDlg  ACBP=A9
 0001:00050A3C 00000338 C=CODE     S=.text    G=(none)   M=DBLogDlg ACBP=A9
 0001:00050D74 000000D8 C=CODE     S=.text    G=(none)   M=BdeConst ACBP=A9
 0001:00050E4C 0000AD98 C=CODE     S=.text    G=(none)   M=DBTables ACBP=A9
 0001:0005BBE4 00000068 C=CODE     S=.text    G=(none)   M=Registry ACBP=A9
 0001:0005BC4C 00000138 C=CODE     S=.text    G=(none)   M=DsgnIntf ACBP=A9
 0001:0005BD84 0000597D C=CODE     S=.text    G=(none)   M=Aligrid  ACBP=A9
 0001:00061704 00001DED C=CODE     S=.text    G=(none)   M=Buttons  ACBP=A9
 0001:000634F4 000009B4 C=CODE     S=.text    G=(none)   M=ml980726 ACBP=A9
 0001:00063EA8 000001BD C=CODE     S=.text    G=(none)   M=totbgt   ACBP=A9
 0002:00000000 000000F6 C=DATA     S=.data    G=DGROUP   M=System   ACBP=A9
 0002:000000F8 00000010 C=DATA     S=.data    G=DGROUP   M=SysInit  ACBP=A9
 0002:00000108 00000238 C=DATA     S=.data    G=DGROUP   M=SysUtils ACBP=A9
 0002:00000340 00000004 C=DATA     S=.data    G=DGROUP   M=TypInfo  ACBP=A9
 0002:00000344 00000018 C=DATA     S=.data    G=DGROUP   M=Classes  ACBP=A9
 0002:0000035C 000002B4 C=DATA     S=.data    G=DGROUP   M=Graphics ACBP=A9
 0002:00000610 00000004 C=DATA     S=.data    G=DGROUP   M=Printers ACBP=A9
 0002:00000614 000000CC C=DATA     S=.data    G=DGROUP   M=Controls ACBP=A9
 0002:000006E0 000000A6 C=DATA     S=.data    G=DGROUP   M=Menus    ACBP=A9
 0002:00000788 000000FC C=DATA     S=.data    G=DGROUP   M=Forms    ACBP=A9
 0002:00000884 0000004C C=DATA     S=.data    G=DGROUP   M=StdCtrls ACBP=A9
 0002:000008D0 0000000E C=DATA     S=.data    G=DGROUP   M=ExtCtrls ACBP=A9
 0002:000008E0 00000074 C=DATA     S=.data    G=DGROUP   M=Dialogs  ACBP=A9
 0002:00000954 00000009 C=DATA     S=.data    G=DGROUP   M=Mask     ACBP=A9
 0002:00000960 00000006 C=DATA     S=.data    G=DGROUP   M=Grids    ACBP=A9
 0002:00000968 00000077 C=DATA     S=.data    G=DGROUP   M=Db       ACBP=A9
 0002:000009E0 00000C20 C=DATA     S=.data    G=DGROUP   M=Bde      ACBP=A9
 0002:00001600 00000068 C=DATA     S=.data    G=DGROUP   M=DBCommon ACBP=A9
 0002:00001668 00000010 C=DATA     S=.data    G=DGROUP   M=SMIntf   ACBP=A9
 0002:00001678 00000050 C=DATA     S=.data    G=DGROUP   M=DBTables ACBP=A9
 0002:000016C8 00000008 C=DATA     S=.data    G=DGROUP   M=Registry ACBP=A9
 0002:000016D0 0000003C C=DATA     S=.data    G=DGROUP   M=DsgnIntf ACBP=A9
 0002:0000170C 00000064 C=DATA     S=.data    G=DGROUP   M=Aligrid  ACBP=A9
 0002:00001770 00000088 C=DATA     S=.data    G=DGROUP   M=Buttons  ACBP=A9
 0002:00002000 000004AC C=BSS      S=.bss     G=DGROUP   M=System   ACBP=A9
 0002:000024AC 00000018 C=BSS      S=.bss     G=DGROUP   M=SysInit  ACBP=A9
 0002:000024C4 00000004 C=BSS      S=.bss     G=DGROUP   M=Windows  ACBP=A9
 0002:000024C8 00000004 C=BSS      S=.bss     G=DGROUP   M=Messages ACBP=A9
 0002:000024CC 00000110 C=BSS      S=.bss     G=DGROUP   M=SysUtils ACBP=A9
 0002:000025DC 00000004 C=BSS      S=.bss     G=DGROUP   M=ActiveX  ACBP=A9
 0002:000025E0 00000004 C=BSS      S=.bss     G=DGROUP   M=Consts   ACBP=A9
 0002:000025E4 00000004 C=BSS      S=.bss     G=DGROUP   M=TypInfo  ACBP=A9
 0002:000025E8 00000018 C=BSS      S=.bss     G=DGROUP   M=Classes  ACBP=A9
 0002:00002600 0000005C C=BSS      S=.bss     G=DGROUP   M=Graphics ACBP=A9
 0002:0000265C 00000004 C=BSS      S=.bss     G=DGROUP   M=Commctrl ACBP=A9
 0002:00002660 00000004 C=BSS      S=.bss     G=DGROUP   M=Imm      ACBP=A9
 0002:00002664 00000004 C=BSS      S=.bss     G=DGROUP   M=WinSpool ACBP=A9
 0002:00002668 00000004 C=BSS      S=.bss     G=DGROUP   M=Printers ACBP=A9
 0002:0000266C 00000070 C=BSS      S=.bss     G=DGROUP   M=Controls ACBP=A9
 0002:000026DC 0000000C C=BSS      S=.bss     G=DGROUP   M=Menus    ACBP=A9
 0002:000026E8 00000040 C=BSS      S=.bss     G=DGROUP   M=Forms    ACBP=A9
 0002:00002728 00000004 C=BSS      S=.bss     G=DGROUP   M=CommDlg  ACBP=A9
 0002:0000272C 00000004 C=BSS      S=.bss     G=DGROUP   M=StdCtrls ACBP=A9
 0002:00002730 00000004 C=BSS      S=.bss     G=DGROUP   M=ExtCtrls ACBP=A9
 0002:00002734 00000004 C=BSS      S=.bss     G=DGROUP   M=Dlgs     ACBP=A9
 0002:00002738 0000000D C=BSS      S=.bss     G=DGROUP   M=Dialogs  ACBP=A9
 0002:00002748 0000000C C=BSS      S=.bss     G=DGROUP   M=Clipbrd  ACBP=A9
 0002:00002754 00000004 C=BSS      S=.bss     G=DGROUP   M=Mask     ACBP=A9
 0002:00002758 00000004 C=BSS      S=.bss     G=DGROUP   M=Grids    ACBP=A9
 0002:0000275C 00000004 C=BSS      S=.bss     G=DGROUP   M=DbConsts ACBP=A9
 0002:00002760 00000004 C=BSS      S=.bss     G=DGROUP   M=Db       ACBP=A9
 0002:00002764 0000001C C=BSS      S=.bss     G=DGROUP   M=Bde      ACBP=A9
 0002:00002780 00000004 C=BSS      S=.bss     G=DGROUP   M=DBCommon ACBP=A9
 0002:00002784 00000004 C=BSS      S=.bss     G=DGROUP   M=SMIntf   ACBP=A9
 0002:00002788 00000004 C=BSS      S=.bss     G=DGROUP   M=StdVCL   ACBP=A9
 0002:0000278C 00000004 C=BSS      S=.bss     G=DGROUP   M=DBPWDlg  ACBP=A9
 0002:00002790 00000004 C=BSS      S=.bss     G=DGROUP   M=DBLogDlg ACBP=A9
 0002:00002794 00000004 C=BSS      S=.bss     G=DGROUP   M=BdeConst ACBP=A9
 0002:00002798 0000002C C=BSS      S=.bss     G=DGROUP   M=DBTables ACBP=A9
 0002:000027C4 00000004 C=BSS      S=.bss     G=DGROUP   M=Registry ACBP=A9
 0002:000027C8 00000004 C=BSS      S=.bss     G=DGROUP   M=DsgnIntf ACBP=A9
 0002:000027CC 0000000C C=BSS      S=.bss     G=DGROUP   M=Aligrid  ACBP=A9
 0002:000027D8 00000030 C=BSS      S=.bss     G=DGROUP   M=Buttons  ACBP=A9
 0002:00002808 00000644 C=BSS      S=.bss     G=DGROUP   M=ml980726 ACBP=A9


  Address         Publics by Name

 0001:0000B934       .
 0002:000025D0       .1
 0002:000027CC       .1
 0002:00002E48       .1
 0002:000025E0       .1
 0001:00001904       @AbstractError
 0001:00004739       @Append
 0001:00001EB0       @AsClass
 0001:00004612       @Assign
 0001:00001A20       @AStrCmp
 0001:00001EFC       @CallDynaInst
 0001:00002004       @ClassCreate
 0001:00002040       @ClassDestroy
 0001:000046B4       @Close
 0001:0000184C       @Copy
 0001:000031B8       @Dispose
 0001:000023E8       @DoneExcept
 0001:00001A90       @FillChar
 0001:00003198       @Finalize
 0001:000030D8       @FinalizeArray
 0001:000030AC       @FinalizeRecord
 0001:00001F14       @FindDynaInst
 0001:0000468D       @Flush
 0001:00001770       @FreeMem
 0001:00001758       @GetMem
 0001:00004D24       @GetTls
 0001:00002884       @Halt
 0001:0000276C       @Halt0
 0001:00002144       @HandleAnyException
 0001:00002340       @HandleFinally
 0001:00002208       @HandleOnException
 0001:00004DBC       @InitExe
 0001:000030A0       @Initialize
 0001:00003010       @InitializeArray
 0001:00002FE4       @InitializeRecord
 0001:000026C8       @InitImports
 0001:000026AC       @InitResStringImports
 0001:00002690       @InitResStrings
 0001:000043A4       @IntfAddRef
 0001:00004370       @IntfClear
 0001:00004388       @IntfCopy
 0001:00001D0C       @IntOver
 0001:00001E98       @IsClass
 0001:00002CDC       @LStrAddRef
 0001:000028C0       @LStrArrayClr
 0001:000028F0       @LStrAsg
 0001:00002B30       @LStrCat
 0001:00002B74       @LStrCat3
 0001:00002BE8       @LStrCatN
 0001:0000289C       @LStrClr
 0001:00002C38       @LStrCmp
 0001:00002D2C       @LStrCopy
 0001:00002D6C       @LStrDelete
 0001:00002AD8       @LStrFromArray
 0001:00002A50       @LStrFromChar
 0001:00002A60       @LStrFromPChar
 0001:00002980       @LStrFromPCharLen
 0001:00002A90       @LStrFromPWChar
 0001:000029B0       @LStrFromPWCharLen
 0001:00002ACC       @LStrFromString
 0001:00002AF0       @LStrFromWStr
 0001:00002DB4       @LStrInsert
 0001:00002934       @LStrLAsg
 0001:00002B28       @LStrLen
 0001:00002E10       @LStrPos
 0001:00002E58       @LStrSetLength
 0001:00002CEC       @LStrToPChar
 0001:00002B04       @LStrToString
 0001:000031A4       @New
 0001:0000295C       @NewAnsiString
 0001:000048B8       @Pow10
 0001:0000199C       @PStrCmp
 0001:00001950       @PStrCpy
 0001:00001920       @PStrNCat
 0001:0000196C       @PStrNCpy
 0001:00002394       @RaiseAgain
 0001:00002378       @RaiseExcept
 0001:00001788       @ReallocMem
 0001:0000472B       @ResetText
 0001:00004732       @RewritText
 0001:000018E0       @ROUND
 0001:00002890       @RunError
 0001:00002660       @StartExe
 0001:00001B10       @Str0Long
 0001:00001AB0       @StrLong
 0001:000018E8       @TRUNC
 0001:00002418       @TryFinallyExit
 0001:00001B1C       @ValLong
 0001:00003A78       @VarAdd
 0001:00003C20       @VarAddRef
 0001:00003E44       @VarArrayGet
 0001:00003EC8       @VarArrayPut
 0001:0000348C       @VarCast
 0001:00003320       @VarClear
 0001:00003C18       @VarClr
 0001:00003B1C       @VarCmp
 0001:00003354       @VarCopy
 0001:0000372C       @VarFromBool
 0001:00003764       @VarFromCurr
 0001:00003714       @VarFromInt
 0001:0000377C       @VarFromLStr
 0001:0000374C       @VarFromReal
 0001:000035EC       @VarToBool
 0001:0000367C       @VarToCurr
 0001:00003580       @VarToInt
 0001:000036D8       @VarToLStr
 0001:00003620       @VarToReal
 0001:0000481F       @Write0Char
 0001:00004888       @Write0CString
 0001:000047E4       @Write0String
 0001:00004871       @WriteChar
 0001:0000488C       @WriteCString
 0001:0000480B       @WriteLn
 0001:000047EE       @WriteString
 0001:00002EDC       @WStrArrayClr
 0001:00002F00       @WStrAsg
 0001:00002EC4       @WStrClr
 0001:00002FD4       @WStrFromLStr
 0001:00002F24       @WStrFromPCharLen
 0001:00002FB8       @WStrFromPWCharLen
 0001:00001BDC       @_CLenToPasStr
 0001:00001BC4       @_CToPasStr
 0001:00004668       @_Flush
 0001:0000181C       @_IOTest
 0001:0000A3A4       Abort
 0001:0000A754       AbstractErrorHandler
 0002:00002018       AbstractErrorProc
 0002:00000178       AccessMode
 0001:000052C0       ActivateKeyboardLayout
 0001:0000C610       ActiveX
 0001:00006494       AddExitProc
 0001:000041C4       AddModuleUnloadProc
 0001:00061420       AddShowHintProc
 0001:000052C8       AdjustWindowRectEx
 0001:0000B6A4       AL1
 0002:00000328       AL1s
 0001:0000B6B4       AL2
 0002:00000334       AL2s
 0002:0000170C       Alignments
 0002:00001734       align_cap
 0002:00001718       align_str
 0001:00061660       Aligrid
 0001:00029D4C       AllocateHWnd
 0001:00006428       AllocMem
 0002:00002400       AllocMemCount
 0002:00002404       AllocMemSize
 0001:0000B720       ALR
 0001:0000B6CC       ALV
 0001:000066EC       AnsiCompareText
 0001:00006AA4       AnsiLastChar
 0001:000052D0       AnsiLower
 0001:000066AC       AnsiLowerCase
 0001:0000B0E0       AnsiLowerCaseFileName
 0001:0000B084       AnsiPos
 0001:0000673C       AnsiStrLIComp
 0001:0000B2B8       AnsiStrPos
 0001:0000B3A8       AnsiStrRScan
 0001:0000B3FC       AnsiStrScan
 0001:000528F0       AnsiToNative
 0001:00052984       AnsiToNativeBuf
 0001:0000666C       AnsiUpperCase
 0001:0000B1CC       AnsiUpperCaseFileName
 0001:00007EBC       AppendChars
 0001:00008310       AppendFormat
 0001:00007F50       AppendNumber
 0001:00007F2C       AppendString
 0002:000026E8       Application
 0001:0000A698       AssertErrorHandler
 0002:00002014       AssertErrorProc
 0001:0004EAF8       Bde
 0001:00050E44       BdeConst
 0001:0000E414       BeginGlobalLoading
 0001:000052D8       BeginPaint
 0001:00005058       BitBlt
 0002:00001614       BlobTypeMap
 0001:0000DEA0       Bounds
 0001:00043AB4       BuffersEqual
 0001:000634CC       Buttons
 0001:0000AE34       ByteToCharIndex
 0001:0000ADF8       ByteToCharLen
 0001:0000AD88       ByteType
 0001:0000ACFC       ByteTypeTest
 0001:000052E0       CallNextHookEx
 0001:0000B634       CallTerminateProcs
 0001:000052E8       CallWindowProc
 0001:0001EF68       CancelDrag
 0002:00002DAC       cau
 0002:0000274A       CF_COMPONENT
 0002:00002748       CF_PICTURE
 0001:00006B6C       ChangeFileExt
 0001:000052F0       CharLowerBuff
 0001:00015A50       CharsetToIdent
 0001:0000AF80       CharToByteIndex
 0001:0000B010       CharToByteLen
 0001:000052F8       CharToOem
 0001:00005300       CharToOemBuff
 0001:00005308       CharUpperBuff
 0001:00052BE8       Check
 0001:00005310       CheckMenuItem
 0001:000142C4       Classes
 0002:00001668       Class_SMClient
 0001:0005C4BC       cleanlist
 0001:0005C54C       cleanlist_object
 0001:0005C508       cleanlist_pstring
 0001:00005318       ClientToScreen
 0001:00036370       Clipboard
 0001:000363D0       Clipbrd
 0001:00005320       CloseClipboard
 0001:00004E40       CloseHandle
 0001:0001C56C       ClosePrinter
 0002:00002028       CmdLine
 0002:00002024       CmdShow
 0001:0000C5D8       CoCreateInstance
 0001:0000C5C8       CoInitialize
 0001:00015848       ColorToIdent
 0001:00015838       ColorToRGB
 0001:0001C52C       Commctrl
 0001:00030BAC       CommDlg
 0001:000065F8       CompareMem
 0001:000065C8       CompareStr
 0001:00004E48       CompareString
 0001:00006618       CompareText
 0001:00061400       compare_method
 0001:0000C9C8       Consts
 0001:00026318       Controls
 0001:0000A100       ConvertAddr
 0001:00008064       ConvertEraString
 0001:000063D8       ConvertError
 0001:000063F8       ConvertErrorFmt
 0001:000081F0       ConvertYearString
 0001:00005060       CopyEnhMetaFile
 0001:0001A368       CopyPalette
 0001:0000C5D0       CoUninitialize
 0001:0000AEC4       CountChars
 0001:0000A8A0       CreateAVObject
 0001:00005068       CreateBitmap
 0001:00005070       CreateBrushIndirect
 0001:00005078       CreateCompatibleBitmap
 0001:00005080       CreateCompatibleDC
 0001:00005088       CreateDC
 0001:00005098       CreateDIBitmap
 0001:00005090       CreateDIBSection
 0001:00004E50       CreateEvent
 0001:00004E58       CreateFile
 0001:000050A0       CreateFontIndirect
 0001:000050A8       CreateHalftonePalette
 0001:000050B0       CreateIC
 0001:00005328       CreateIcon
 0001:0000A528       CreateInOutError
 0001:00005330       CreateMenu
 0001:00004E60       CreateMutexA
 0001:000050B8       CreatePalette
 0001:000050C0       CreatePenIndirect
 0001:00005338       CreatePopupMenu
 0002:00001678       CreateProviderProc
 0001:000050C8       CreateRectRgn
 0001:000050D0       CreateSolidBrush
 0001:00004E68       CreateThread
 0001:00005850       CreateWindow
 0001:00005340       CreateWindowEx
 0002:00000614       CreationControl
 0002:00000788       Ctl3DBtnWndProc
 0002:00000790       Ctl3DCtlColorEx
 0002:0000078C       Ctl3DDlgFramePaint
 0002:000024D4       CurrencyDecimals
 0002:000024D0       CurrencyFormat
 0002:000024CC       CurrencyString
 0001:00007E9C       CurrentYear
 0001:0004ED3C       CurrToFMTBCD
 0001:000075F0       CurrToStr
 0001:0000765C       CurrToStrF
 0001:0001E7B0       CursorToIdent
 0001:00043A58       DatabaseError
 0001:00043A74       DatabaseErrorFmt
 0002:00001600       DataTypeMap
 0002:000024D5       DateSeparator
 0001:00008B58       DateTimeToStr
 0001:00008ACC       DateTimeToString
 0001:000078D0       DateTimeToTimeStamp
 0001:00008B38       DateToStr
 0001:00007E64       DayOfWeek
 0001:0004AECC       Db
 0001:000504B8       DBCommon
 0001:000411B8       DbConsts
 0001:0004D53E       DbiAcqPersistTableLock
 0001:0004D550       DbiAcqTableLock
 0001:0004CE4E       DbiActivateFilter
 0001:0004C7A6       DbiAddAlias
 0001:0004C710       DbiAddDriver
 0001:0004CE5A       DbiAddFilter
 0001:0004D376       DbiAddIndex
 0001:0004D502       DbiAddPassword
 0001:0004CA28       DbiAnsiToNative
 0001:0004D31C       DbiAppendRecord
 0001:0004C854       DbiApplyDelayedUpdates
 0001:0004CE3C       DbiBatchMove
 0001:0004C9F8       DbiBcdFromFloat
 0001:0004C9FE       DbiBcdToFloat
 0001:0004C6CE       DbiBeginConstraintLayer
 0001:0004C860       DbiBeginDelayedUpdates
 0001:0004D58C       DbiBeginLinkMode
 0001:0004CE2A       DbiBeginTran
 0001:0004D220       DbiCfgAddRecord
 0001:0004D238       DbiCfgBuildPath
 0001:0004D214       DbiCfgDropRecord
 0001:0004D208       DbiCfgGetHelp
 0001:0004D22C       DbiCfgGetNextNode
 0001:0004D226       DbiCfgGetRecord
 0001:0004D202       DbiCfgMerge
 0001:0004D21A       DbiCfgModifyRecord
 0001:0004D232       DbiCfgPosition
 0001:0004D23E       DbiCfgSave
 0001:0004D20E       DbiCfgTranslate
 0001:0004D2B0       DbiCheckRefresh
 0001:0004C6B6       DbiCheckSQLExpression
 0001:0004D3A6       DbiCloneCursor
 0001:0004CA46       DbiCloseConfigFile
 0001:0004D652       DbiCloseCursor
 0001:0004D66A       DbiCloseDatabase
 0001:0004C9AA       DbiCloseFieldXlt
 0001:0004D3D0       DbiCloseIndex
 0001:0004D508       DbiCloseSession
 0001:0004D3AC       DbiCompareBookMarks
 0001:0004D316       DbiCompareKeys
 0001:0004D388       DbiCopyTable
 0001:0004D59E       DbiCreateInMemTable
 0001:0004D38E       DbiCreateTable
 0001:0004D2EC       DbiCreateTempTable
 0001:0004D3DC       DbiDateDecode
 0001:0004D3E2       DbiDateEncode
 0001:0004CE48       DbiDeactivateFilter
 0001:0004D1D8       DbiDebugLayerOptions
 0001:0004C78E       DbiDeleteAlias
 0001:0004C70A       DbiDeleteDriver
 0001:0004D370       DbiDeleteIndex
 0001:0004D610       DbiDeleteRecord
 0001:0004D37C       DbiDeleteTable
 0001:0004EA61       DbiDLLExit
 0001:0004D358       DbiDoRestructure
 0001:0004C734       DbiDRAdd
 0001:0004C82A       DbiDRAddAttr
 0001:0004C842       DbiDRClose
 0001:0004C7C4       DbiDRCreate
 0001:0004C788       DbiDRCreateEnumAttrDomain
 0001:0004C830       DbiDRCreateObjectType
 0001:0004C81E       DbiDRCreateRelationType
 0001:0004C7BE       DbiDRDelete
 0001:0004C77C       DbiDRDeleteEnumAttrDomain
 0001:0004C812       DbiDRDeleteObjectType
 0001:0004C818       DbiDRDeleteRelationType
 0001:0004C72E       DbiDRDrop
 0001:0004C824       DbiDRDropAttr
 0001:0004C836       DbiDRExportToFile
 0001:0004C7F4       DbiDRGetAttrDescs
 0001:0004C84E       DbiDRGetDesc
 0001:0004C776       DbiDRGetEnumAttrDomain
 0001:0004C7DC       DbiDRGetObjID
 0001:0004C7FA       DbiDRGetObjTypeInfo
 0001:0004C73A       DbiDRGetRelatedObject
 0001:0004C7EE       DbiDRGetRelTypeInfo
 0001:0004C83C       DbiDRImportFromFile
 0001:0004C7CA       DbiDRLoadDBObject
 0001:0004C782       DbiDRModifyEnumAttrDomain
 0001:0004C848       DbiDROpen
 0001:0004C806       DbiDROpenAttrTypeList
 0001:0004C80C       DbiDROpenObjectTypeList
 0001:0004C7E8       DbiDROpenObjSet
 0001:0004C7E2       DbiDROpenRelSet
 0001:0004C800       DbiDROpenRelTypeList
 0001:0004CE54       DbiDropFilter
 0001:0004D4FC       DbiDropPassword
 0001:0004C7D6       DbiDRSetToObjID
 0001:0004C7D0       DbiDRSetToObjName
 0001:0004D334       DbiEmptyTable
 0001:0004C6BC       DbiEndConstraintLayer
 0001:0004C85A       DbiEndDelayedUpdates
 0001:0004D586       DbiEndLinkMode
 0001:0004CE24       DbiEndTran
 0001:00052BCC       DbiError
 0001:0004E9E1       DbiExit
 0001:0004D3BE       DbiExtractKey
 0001:0004D520       DbiForceRecordReread
 0001:0004D52C       DbiForceReread
 0001:0004D2E0       DbiFormFullName
 0001:0004D46C       DbiFreeBlob
 0001:0004D47E       DbiGetBlob
 0001:0004D466       DbiGetBlobHeading
 0001:0004D484       DbiGetBlobSize
 0001:0004D3B8       DbiGetBookMark
 0001:0004D2AA       DbiGetCallBack
 0001:0004CE7E       DbiGetClientInfo
 0001:0004D50E       DbiGetCurrSession
 0001:0004D526       DbiGetCursorForTable
 0001:0004D65E       DbiGetCursorProps
 0001:0004D4CC       DbiGetDatabaseDesc
 0001:0004D1FC       DbiGetDateFormat
 0001:0004C752       DbiGetDefaultRepository
 0001:0004D5F2       DbiGetDirectory
 0001:0004D4D8       DbiGetDriverDesc
 0001:0004D2D4       DbiGetErrorContext
 0001:0004D2CE       DbiGetErrorEntry
 0001:0004D304       DbiGetErrorInfo
 0001:0004D2DA       DbiGetErrorString
 0001:0004CDD6       DbiGetExactRecordCount
 0001:0004D3EE       DbiGetField
 0001:0004D658       DbiGetFieldDescs
 0001:0004D4B4       DbiGetFieldTypeDesc
 0001:0004C9BC       DbiGetFilterInfo
 0001:0004D3C4       DbiGetIndexDesc
 0001:0004CA3A       DbiGetIndexDescs
 0001:0004D36A       DbiGetIndexForField
 0001:0004D364       DbiGetIndexSeqNo
 0001:0004D4A8       DbiGetIndexTypeDesc
 0001:0004CE66       DbiGetLdName
 0001:0004CE06       DbiGetLdNameFromDb
 0001:0004D2F8       DbiGetLdObj
 0001:0004D574       DbiGetLinkStatus
 0001:0004D43C       DbiGetNetUserName
 0001:0004D63A       DbiGetNextRecord
 0001:0004D1E4       DbiGetNumberFormat
 0001:0004CA16       DbiGetObjFromName
 0001:0004C9C8       DbiGetObjFromObj
 0001:0004D634       DbiGetPriorRecord
 0001:0004CA22       DbiGetProp
 0001:0004D62E       DbiGetRecord
 0001:0004D622       DbiGetRecordCount
 0001:0004D310       DbiGetRecordForKey
 0001:0004D628       DbiGetRelativeRecord
 0001:0004C980       DbiGetRintDesc
 0001:0004D60A       DbiGetSeqNo
 0001:0004D442       DbiGetSesInfo
 0001:0004D454       DbiGetSysConfig
 0001:0004D44E       DbiGetSysInfo
 0001:0004D45A       DbiGetSysVersion
 0001:0004D490       DbiGetTableOpenCount
 0001:0004D4C0       DbiGetTableTypeDesc
 0001:0004D1F0       DbiGetTimeFormat
 0001:0004CE1E       DbiGetTranInfo
 0001:0004C986       DbiGetVchkDesc
 0001:0004C704       DbiImportODBC
 0001:0004AEDC       DbiInit
 0001:0004E8E6       DbiInitFn
 0001:0004D3A0       DbiInitRecord
 0001:0004D61C       DbiInsertRecord
 0001:0004D56E       DbiIsRecordLocked
 0001:0004D568       DbiIsTableLocked
 0001:0004D562       DbiIsTableShared
 0001:0004D580       DbiLinkDetail
 0001:0004D55C       DbiLinkDetailToExp
 0001:0004D496       DbiLoadDriver
 0001:0004CA34       DbiMakePermanent
 0001:0004D616       DbiModifyRecord
 0001:0004CA2E       DbiNativeToAnsi
 0001:0004D48A       DbiOpenBlob
 0001:0004CA52       DbiOpenCfgInfoList
 0001:0004CA4C       DbiOpenConfigFile
 0001:0004D670       DbiOpenDatabase
 0001:0004D4D2       DbiOpenDatabaseList
 0001:0004D4DE       DbiOpenDriverList
 0001:0004D5BC       DbiOpenFamilyList
 0001:0004D5D4       DbiOpenFieldList
 0001:0004D4BA       DbiOpenFieldTypesList
 0001:0004C998       DbiOpenFieldXlt
 0001:0004D5E0       DbiOpenFileList
 0001:0004C7B2       DbiOpenFunctionArgList
 0001:0004C7B8       DbiOpenFunctionList
 0001:0004D3D6       DbiOpenIndex
 0001:0004D5DA       DbiOpenIndexList
 0001:0004D4AE       DbiOpenIndexTypesList
 0001:0004D5CE       DbiOpenLdList
 0001:0004D4F0       DbiOpenLockList
 0001:0004C75E       DbiOpenRepositoryList
 0001:0004D5C2       DbiOpenRintList
 0001:0004D5A4       DbiOpenSecurityList
 0001:0004C740       DbiOpenSessionRepository
 0001:0004C926       DbiOpenSPList
 0001:0004C920       DbiOpenSPParamList
 0001:0004D664       DbiOpenTable
 0001:0004D5E6       DbiOpenTableList
 0001:0004D4C6       DbiOpenTableTypesList
 0001:0004D4F6       DbiOpenUserList
 0001:0004D5C8       DbiOpenVchkList
 0001:0004D33A       DbiPackTable
 0001:0004D478       DbiPutBlob
 0001:0004D3E8       DbiPutField
 0001:0004D400       DbiQAlloc
 0001:0004D418       DbiQExec
 0001:0004D424       DbiQExecDirect
 0001:0004C90E       DbiQExecProcDirect
 0001:0004D406       DbiQFree
 0001:0004D3FA       DbiQGetBaseDescs
 0001:0004D40C       DbiQInstantiateAnswer
 0001:0004D41E       DbiQPrepare
 0001:0004C908       DbiQPrepareExt
 0001:0004C91A       DbiQPrepareProc
 0001:0004D412       DbiQSetParams
 0001:0004C914       DbiQSetProcParams
 0001:0004D598       DbiReadBlock
 0001:0004D32E       DbiRegenIndex
 0001:0004D328       DbiRegenIndexes
 0001:0004D3F4       DbiRegisterCallBack
 0001:0004D538       DbiRelPersistTableLock
 0001:0004D544       DbiRelRecordLock
 0001:0004D54A       DbiRelTableLock
 0001:0004D382       DbiRenameTable
 0001:0004D5FE       DbiResetRange
 0001:0004D532       DbiSaveChanges
 0001:0004C728       DbiSchemaCacheFlush
 0001:0004D514       DbiSetCurrSession
 0001:0004D1F6       DbiSetDateFormat
 0001:0004C758       DbiSetDefaultRepository
 0001:0004D5EC       DbiSetDirectory
 0001:0004D30A       DbiSetFieldMap
 0001:0004D4E4       DbiSetLockRetry
 0001:0004D1DE       DbiSetNumberFormat
 0001:0004D4EA       DbiSetPrivateDir
 0001:0004CA1C       DbiSetProp
 0001:0004D604       DbiSetRange
 0001:0004D1EA       DbiSetTimeFormat
 0001:0004D64C       DbiSetToBegin
 0001:0004D3B2       DbiSetToBookMark
 0001:0004D640       DbiSetToCursor
 0001:0004D646       DbiSetToEnd
 0001:0004D5F8       DbiSetToKey
 0001:0004D35E       DbiSetToRecordNo
 0001:0004D39A       DbiSetToSeqNo
 0001:0004CE18       DbiSortTable
 0001:0004C6DA       DbiSQLTextToCanEx
 0001:0004D51A       DbiStartSession
 0001:0004D3CA       DbiSwitchToIndex
 0001:0004D34C       DbiTimeDecode
 0001:0004D352       DbiTimeEncode
 0001:0004D340       DbiTimeStampDecode
 0001:0004D346       DbiTimeStampEncode
 0001:0004C9B0       DbiTranslateField
 0001:0004C9B6       DbiTranslateRecordStructure
 0001:0004D472       DbiTruncateBlob
 0001:0004CE72       DbiUndeleteRecord
 0001:0004D57A       DbiUnlinkDetail
 0001:0004D2F2       DbiUseIdleTime
 0001:0004C99E       DbiValidateProp
 0001:0004D394       DbiVerifyField
 0001:0004D592       DbiWriteBlock
 0001:00050D6C       DBLogDlg
 0001:00050A34       DBPWDlg
 0001:0005BB80       DBTables
 0002:00002E3C       dd
 0002:00000388       DDBsOnly
 0001:00029E08       DeallocateHWnd
 0002:00000008       DebugHook
 0002:000024D3       DecimalSeparator
 0001:00007C98       DecodeDate
 0001:00007A20       DecodeTime
 0002:00000000       Default8087CW
 0002:00000954       DefaultBlank
 0002:00000968       DefaultFieldClasses
 0002:0000035C       DefFontData
 0001:00005348       DefFrameProc
 0002:00000228       DefLongDayNames
 0002:000001DC       DefLongMonthNames
 0001:00005350       DefMDIChildProc
 0002:0000020C       DefShortDayNames
 0002:000001AC       DefShortMonthNames
 0001:00005358       DefWindowProc
 0001:00004E70       DeleteCriticalSection
 0001:000050D8       DeleteDC
 0001:000050E0       DeleteEnhMetaFile
 0001:00005360       DeleteMenu
 0001:000050E8       DeleteObject
 0001:00005368       DestroyCursor
 0001:00005370       DestroyIcon
 0001:00005378       DestroyMenu
 0001:00005380       DestroyWindow
 0002:00002E34       dfin
 0001:00035DDC       Dialogs
 0002:00002E2C       din
 0001:00029730       DisableTaskWindows
 0001:00005388       DispatchMessage
 0001:00043A9C       DisposeMem
 0001:00006524       DisposeStr
 0001:000063BC       DivMod
 0001:00035024       Dlgs
 0001:0001C574       DocumentProperties
 0001:00007ACC       DoEncodeDate
 0001:00007968       DoEncodeTime
 0001:00006450       DoExitProc
 0001:00029BD4       DoneCtl3D
 0001:0000AC2C       DoneExceptions
 0001:000614E8       DoneUnit
 0001:00060D20       DrawCellText
 0001:00005390       DrawEdge
 0001:00005398       DrawFocusRect
 0001:000053A0       DrawFrameControl
 0001:000053A8       DrawIcon
 0001:000053B0       DrawMenuBar
 0001:000053B8       DrawText
 0001:0005BD7C       DsgnIntf
 0001:0004C6C8       DsProviderGetDataPacket
 0001:0004C6C2       DsResolver
 0002:00001764       Dummy
 0001:00052CE4       EDBEngineError.Create
 0001:00052FBC       EDBEngineError.Destroy
 0001:00053014       EDBEngineError.GetError
 0002:00001748       edit_cap
 0002:00001728       edit_str
 0001:000053C0       EmptyClipboard
 0002:00000108       EmptyStr
 0001:000053C8       EnableMenuItem
 0001:000297E0       EnableTaskWindows
 0001:000053D0       EnableWindow
 0001:00007C1C       EncodeDate
 0001:000050F0       EndDoc
 0001:0000E46C       EndGlobalLoading
 0001:000050F8       EndPage
 0001:000053D8       EndPaint
 0001:00004E78       EnterCriticalSection
 0001:00004E80       EnumCalendarInfoA
 0001:000053E0       EnumClipboardFormats
 0001:00009914       EnumEraNames
 0001:00009970       EnumEraYearOffsets
 0001:00005100       EnumFontFamiliesEx
 0001:00005108       EnumFonts
 0001:0001C57C       EnumPrinters
 0001:000053E8       EnumThreadWindows
 0001:000053F0       EnumWindows
 0001:0000A4C8       EOutOfMemory.Destroy
 0001:0000A4EC       EOutOfMemory.FreeInstance
 0001:000053F8       EqualRect
 0002:00002598       EraNames
 0001:00008EA8       EraToYear
 0002:000025B4       EraYearOffsets
 0001:0004AED4       ErrCat
 0002:00002038       ErrorAddr
 0001:0000A62C       ErrorHandler
 0002:00000244       ErrorMap
 0002:00002004       ErrorProc
 0001:0000A0D0       ExceptAddr
 0002:00002008       ExceptClsProc
 0001:0000AB40       ExceptHandler
 0001:0000A400       Exception.Create
 0001:0000A440       Exception.CreateFmt
 0002:00002010       ExceptionClass
 0001:0000A10C       ExceptionErrorMessage
 0002:0000027C       ExceptMap
 0001:0000A0A0       ExceptObject
 0002:0000200C       ExceptObjProc
 0002:00002000       ExceptProc
 0001:00005110       ExcludeClipRect
 0002:00002030       ExitCode
 0002:00002034       ExitProc
 0002:00000174       ExitProcList
 0001:00005118       ExtCreatePen
 0001:00034FEC       ExtCtrls
 0001:00043AC8       ExtractFieldName
 0001:00006C60       ExtractFileExt
 0001:00006C14       ExtractFileName
 0001:00005120       ExtTextOut
 0001:00004E88       FatalAppExitA
 0001:00006A90       FileClose
 0001:000069C0       FileCreate
 0002:00002042       FileMode
 0001:00006970       FileOpen
 0001:000069F4       FileRead
 0001:00006A64       FileSeek
 0001:00006A2C       FileWrite
 0001:00005400       FillRect
 0001:00050E14       Finalization
 0001:00050D3C       Finalization
 0001:00050A04       Finalization
 0001:00004B8C       Finalization
 0001:0004EAC8       Finalization
 0001:0005BB10       Finalization
 0001:0005BBFC       Finalization
 0001:0005BD0C       Finalization
 0001:000615C0       Finalization
 0001:00063494       Finalization
 0001:00050558       Finalization
 0001:0004AE9C       Finalization
 0001:00041188       Finalization
 0001:00040FD0       Finalization
 0001:00038DCC       Finalization
 0001:00036394       Finalization
 0001:00035D80       Finalization
 0001:00034FF4       Finalization
 0001:00034FBC       Finalization
 0001:00033C04       Finalization
 0001:00030B7C       Finalization
 0001:00030B00       Finalization
 0001:00063E50       Finalization
 0001:000504F0       Finalization
 0001:00063EA8       Finalization
 0001:0002847C       Finalization
 0001:00004DE0       Finalization
 0001:000262CC       Finalization
 0001:00050488       Finalization
 0001:00014248       Finalization
 0001:0001D410       Finalization
 0001:0001C58C       Finalization
 0001:0001C534       Finalization
 0001:0000CE54       Finalization
 0001:0001C4FC       Finalization
 0001:0001C284       Finalization
 0001:0000C998       Finalization
 0001:0000C5E0       Finalization
 0001:0000C424       Finalization
 0001:00005884       Finalization
 0001:000058BC       Finalization
 0001:0000DFB4       FindClass
 0001:00003FDC       FindClassHInstance
 0001:00004E90       FindClose
 0001:0001E5E4       FindControl
 0001:0001EFB4       FindDragTarget
 0001:00004E98       FindFirstFileA
 0002:000025EC       FindGlobalComponent
 0001:00003FB4       FindHInstance
 0001:00004EA0       FindResource
 0001:00003FE8       FindResourceHInstance
 0001:0001EF80       FindVCLWindow
 0001:0000C094       FloatToDecimal
 0001:000075C0       FloatToStr
 0001:00007620       FloatToStrF
 0001:0000B956       FloatToText
 0001:0000BCBF       FloatToTextFmt
 0002:000001A0       FMSecsPerDay
 0001:0004ECA4       FMTBCDToCurr
 0001:000074A4       FmtStr
 0002:00001754       font_str
 0001:000298F8       ForegroundTask
 0002:00002808       Form1
 0001:0000747C       Format
 0002:000001A8       Format
 0001:000070A0       FormatBuf
 0001:0000708C       FormatClearStr
 0001:00007738       FormatCurr
 0001:00006FF8       FormatError
 0002:00000198       FormatErrorStrs
 0001:00007698       FormatFloat
 0001:00036F4C       FormatMaskText
 0001:00004EA8       FormatMessage
 0001:00007070       FormatVarToStr
 0001:00030B54       Forms
 0001:000048B8       FPower10
 0001:000346BC       Frame3D
 0001:00005408       FrameRect
 0001:00004EB0       FreeLibrary
 0001:00019854       FreeMemoryContexts
 0001:00029D28       FreeObjectInstance
 0001:00004EC8       FreeResource
 0001:0000B670       FreeTerminateProcs
 0001:0000B7BC       GDAL
 0001:00005410       GetActiveWindow
 0001:00005128       GetBitmapBits
 0001:00005130       GetBrushOrgEx
 0001:00005418       GetCapture
 0001:0001E858       GetCaptureControl
 0001:0000DF4C       GetClass
 0001:00005420       GetClassInfo
 0001:00005428       GetClientRect
 0001:00005430       GetClipboardData
 0001:00005138       GetClipBox
 0001:00007FA0       GetCount
 0001:00004ED0       GetCPInfo
 0001:00004ED8       GetCurrentDirectoryA
 0001:00005140       GetCurrentPositionEx
 0001:00004EE0       GetCurrentProcessId
 0001:00004EE8       GetCurrentThreadId
 0001:00005438       GetCursor
 0001:00005440       GetCursorPos
 0001:00007FEC       GetDate
 0001:00004EF0       GetDateFormat
 0001:00008D6C       GetDateOrder
 0001:00005448       GetDC
 0001:00005450       GetDCEx
 0001:0001C188       GetDefFontCharSet
 0001:00005458       GetDesktopWindow
 0001:00005158       GetDeviceCaps
 0001:00017E78       GetDIB
 0001:00005148       GetDIBColorTable
 0001:00005150       GetDIBits
 0001:00017DC0       GetDIBSizes
 0001:00005460       GetDoubleClickTime
 0001:00005160       GetEnhMetaFileBits
 0001:00005168       GetEnhMetaFileHeader
 0001:00005170       GetEnhMetaFilePaletteEntries
 0001:0000C9DC       GetEnumValue
 0001:000099DC       GetEraNamesAndYearOffsets
 0001:00008E44       GetEraYearOffset
 0001:0000A874       GetExceptionClass
 0001:0000AA70       GetExceptionObject
 0001:00005468       GetFocus
 0001:00005470       GetForegroundWindow
 0001:00009D3C       GetFormatSettings
 0001:00005478       GetIconInfo
 0001:0005D218       GetItemCell
 0001:0005D118       GetItemCol
 0001:00005490       GetKeyboardLayout
 0001:00005498       GetKeyboardLayoutList
 0001:000054A0       GetKeyboardState
 0001:00005480       GetKeyNameText
 0001:00005488       GetKeyState
 0001:000054A8       GetLastActivePopup
 0001:00004EF8       GetLastError
 0001:0000972C       GetLocaleChar
 0001:00004F08       GetLocaleInfo
 0001:000096C8       GetLocaleStr
 0001:00004F00       GetLocalTime
 0001:0001E814       GetLongHint
 0001:000054B0       GetMenu
 0001:000054B8       GetMenuItemCount
 0001:000054C0       GetMenuState
 0001:000054C8       GetMenuString
 0001:000054D0       GetMessageTime
 0001:00004F10       GetModuleFileName
 0001:00004F20       GetModuleHandle
 0001:00004F18       GetModuleHandleA
 0001:000097AC       GetMonthDayNames
 0001:00005178       GetObject
 0001:0000CAE8       GetOrdProp
 0001:00005180       GetPaletteEntries
 0001:000054D8       GetParent
 0001:00029F60       GetParentForm
 0001:00005188       GetPixel
 0001:00004F28       GetProcAddress
 0001:00004F30       GetProfileString
 0001:000054E0       GetProp
 0001:0000CA28       GetPropInfo
 0001:0000CA94       GetPropInfos
 0001:000054E8       GetScrollPos
 0001:000054F0       GetScrollRange
 0001:0001E7D0       GetShortHint
 0001:00005190       GetStockObject
 0001:000054F8       GetSubMenu
 0001:00005500       GetSysColor
 0001:00004F38       GetSystemInfo
 0001:00005508       GetSystemMenu
 0001:00005510       GetSystemMetrics
 0001:00005198       GetSystemPaletteEntries
 0001:000051A0       GetTextExtentPoint
 0001:000051A8       GetTextMetrics
 0001:00004F40       GetThreadLocale
 0001:00004F48       GetTickCount
 0001:00008024       GetTime
 0001:0000C9D0       GetTypeData
 0001:00004F50       GetVersion
 0001:00004F58       GetVersionEx
 0001:00005518       GetWindow
 0001:00005520       GetWindowDC
 0001:00005528       GetWindowLong
 0001:000051B8       GetWindowOrgEx
 0001:00005530       GetWindowPlacement
 0001:00005538       GetWindowRect
 0001:00005540       GetWindowRgn
 0001:00005548       GetWindowText
 0001:00005550       GetWindowThreadProcessId
 0001:000051B0       GetWinMetaFileBits
 0001:00004F60       GlobalAddAtom
 0001:00004F68       GlobalAlloc
 0001:000057D8       GlobalAllocPtr
 0001:00004F70       GlobalDeleteAtom
 0001:000115D8       GlobalFixupReferences
 0001:00004F78       GlobalFree
 0001:00005804       GlobalFreePtr
 0001:00004F88       GlobalHandle
 0001:00004F80       GlobalLock
 0001:00004F90       GlobalReAlloc
 0001:000057E8       GlobalReAllocPtr
 0001:00004F98       GlobalSize
 0001:00004FA0       GlobalUnlock
 0001:0001C34C       Graphics
 0001:00041000       Grids
 0002:00000004       HeapAllocFlags
 0001:000057CC       HiByte
 0002:000024B8       HInstance
 0002:00000794       HintWindowClass
 0001:00015A60       IdentToCharset
 0001:00015858       IdentToColor
 0001:0001E7C0       IdentToCursor
 0001:0000E308       IdentToInt
 0002:00001760       IdleProcs
 0001:0001C450       ImageList_Add
 0001:0001C470       ImageList_AddIcon
 0001:0001C49C       ImageList_BeginDrag
 0001:0001C438       ImageList_Create
 0001:0001C440       ImageList_Destroy
 0001:0001C4AC       ImageList_DragEnter
 0001:0001C4B4       ImageList_DragLeave
 0001:0001C4BC       ImageList_DragMove
 0001:0001C4CC       ImageList_DragShowNolock
 0001:0001C47C       ImageList_Draw
 0001:0001C48C       ImageList_DrawEx
 0001:0001C4A4       ImageList_EndDrag
 0001:0001C468       ImageList_GetBkColor
 0001:0001C4D4       ImageList_GetDragImage
 0001:0001C4E4       ImageList_GetIconSize
 0001:0001C448       ImageList_GetImageCount
 0001:0001C4F4       ImageList_GetImageInfo
 0001:0001C4DC       ImageList_Read
 0001:0001C494       ImageList_Remove
 0001:0001C484       ImageList_Replace
 0001:0001C458       ImageList_ReplaceIcon
 0001:0001C460       ImageList_SetBkColor
 0001:0001C4C4       ImageList_SetDragCursorImage
 0001:0001C4EC       ImageList_SetIconSize
 0001:0001C564       Imm
 0001:00026158       Imm32IsIME
 0002:000001A4       IMSecsPerDay
 0002:00002E44       in1
 0001:00005558       InflateRect
 0001:0002999C       InitCtl3D
 0001:0000AB68       InitExceptions
 0001:00004FA8       InitializeCriticalSection
 0001:0000E548       InitInheritedComponent
 0001:0000AC94       InitPlatformId
 0002:0000202C       InitProc
 0001:0000B45C       InitSysLocale
 0001:0001E52C       InitWndProc
 0002:00002048       Input
 0001:00035C00       InputBox
 0001:00035914       InputQuery
 0001:00005560       InsertMenu
 0001:00005568       InsertMenuItem
 0001:00004EB8       InterlockedDecrement
 0001:00004EC0       InterlockedIncrement
 0001:000051C0       IntersectClipRect
 0001:00005570       IntersectRect
 0001:0000E348       IntToIdent
 0001:0000688C       IntToStr
 0001:00005578       InvalidateRect
 0002:000025D8       InvalidPointer
 0001:00029EC0       IsAccel
 0001:00005580       IsCharAlpha
 0001:00005588       IsCharAlphaNumeric
 0002:00002040       IsConsole
 0001:00004FB0       IsDBCSLeadByte
 0001:00005590       IsDialogMessage
 0001:00005598       IsIconic
 0001:00007A80       IsLeapYear
 0002:00002020       IsLibrary
 0002:00002041       IsMultiThread
 0001:000055A0       IsRectEmpty
 0001:00006810       IsValidIdent
 0001:000055A8       IsWindow
 0001:000055B0       IsWindowEnabled
 0001:000055B8       IsWindowVisible
 0001:000055C0       IsZoomed
 0001:00029E84       KeyDataToShiftState
 0001:00029E30       KeysToShiftState
 0001:000055C8       KillTimer
 0001:00006AEC       LastDelimiter
 0002:00000154       LeadBytes
 0001:00004FB8       LeaveCriticalSection
 0002:0000000C       LibModuleList
 0001:000051C8       LineTo
 0001:000055D0       LoadCursor
 0001:000055D8       LoadIcon
 0001:00004FC8       LoadLibrary
 0001:00004FC0       LoadLibraryA
 0001:00004FD0       LoadResource
 0001:00004004       LoadResourceModule
 0001:00004328       LoadResString
 0001:000055E0       LoadString
 0001:00009768       LocalGetLocaleStr
 0001:00004FD8       LockResource
 0001:00050BCC       LoginDialogEx
 0002:000024DC       LongDateFormat
 0002:00002570       LongDayNames
 0002:00002524       LongMonthNames
 0002:000024F0       LongTimeFormat
 0002:0000201C       MainInstance
 0002:000025E8       MainThreadID
 0001:000057C0       MakeLong
 0001:00029C90       MakeObjectInstance
 0001:00005818       MakeROP4
 0001:0000A7C0       MapException
 0001:000055E8       MapVirtualKey
 0001:000055F0       MapWindowPoints
 0001:00038DFC       Mask
 0001:000051D0       MaskBlt
 0002:00000958       MaskFieldSeparator
 0001:00036AA4       MaskGetMaskBlank
 0001:00036A18       MaskGetMaskSave
 0002:0000095C       MaskNoSave
 0001:000284D8       Menus
 0001:000055F8       MessageBeep
 0001:00005600       MessageBox
 0001:000058EC       Messages
 0001:00063EA0       ml980726
 0002:000024AC       ModuleIsLib
 0002:00000010       ModuleUnloadList
 0002:00000124       MonthDays
 0001:00001890       Move
 0001:0005D1D0       MoveItemCol
 0001:0005D350       MoveItemColRow
 0001:000051D8       MoveToEx
 0001:0001F040       MoveWindowOrg
 0001:00007940       MSecsToTimeStamp
 0001:00004FE0       MulDiv
 0002:00002E24       n1
 0001:00052948       NativeToAnsi
 0001:000529B4       NativeToAnsiBuf
 0002:000024D1       NegCurrFormat
 0001:000064E4       NewStr
 0002:0000266C       NewStyleControls
 0001:0000E43C       NotifyGlobalLoading
 0002:000023F0       Null
 0002:0000010C       NullStr
 0001:00005608       OemToAnsi
 0001:00005610       OemToChar
 0001:00005618       OemToCharBuff
 0001:00005620       OffsetRect
 0001:0000325C       OleStrToStrVar
 0001:00005628       OpenClipboard
 0001:00004FE8       OpenFileMapping
 0001:0001C584       OpenPrinter
 0001:0004CEFC       OsLdAnsiCharToOem
 0001:0004CF14       OsLdAnsiToOem
 0001:0004CA88       OsLdBuildCharSetXform
 0001:0004CED8       OsLdCharToLower
 0001:0004CEDE       OsLdCharToUpper
 0001:0004CF74       OsLdExit
 0001:0004CBC6       OsLdExStrCmp
 0001:0004CF20       OsLdGetCodePage
 0001:0004CF7A       OsLdGetDefaultObj
 0001:0004CED2       OsLdGetDescName
 0001:0004CBD8       OsLdGetDriverId
 0001:0004CF1A       OsLdGetFName
 0001:0004CC1A       OsLdGetFuncAddrLdStrnCmpi_
 0001:0004CC5C       OsLdGetFuncAddrLdStrnColli_
 0001:0004CC56       OsLdGetFuncAddrLdStrnColl_
 0001:0004CEA8       OsLdGetMinMax
 0001:0004CEAE       OsLdGetProductID
 0001:0004CF26       OsLdGetSortsig
 0001:0004CF2C       OsLdGetSymbName
 0001:0004CF80       OsLdInit
 0001:0004CEEA       OsLdIsAlpha
 0001:0004CF08       OsLdIsAnsiCharInOemCp
 0001:0004CEE4       OsLdIsDigit
 0001:0004CF02       OsLdIsOemCharInAnsiCp
 0001:0004CBD2       OsLdLoadByDriverId
 0001:0004CF68       OsLdLoadByFName
 0001:0004CEBA       OsLdLoadByLCID
 0001:0004CF6E       OsLdLoadBySortSig
 0001:0004CF62       OsLdLoadBySymbName
 0001:0004CEF6       OsLdOemCharToAnsi
 0001:0004CF0E       OsLdOemToAnsi
 0001:0004CEB4       OsLdSearchEnd
 0001:0004CECC       OsLdSearchInit
 0001:0004CEC6       OsLdSearchNext
 0001:0004CEA2       OsLdSetConvChars
 0001:0004CF56       OsLdStrCmp
 0001:0004CF44       OsLdStrCmpi
 0001:0004CF5C       OsLdStrnCmp
 0001:0004CF3E       OsLdStrnCmpi
 0001:0004CBC0       OsLdStrnColl
 0001:0004CBA2       OsLdStrnColli
 0001:0004CF4A       OsLdStrnToLower
 0001:0004CF32       OsLdStrnToUpper
 0001:0004CF50       OsLdStrToLower
 0001:0004CF38       OsLdStrToUpper
 0001:0004CEF0       OsLdUnloadObj
 0002:000025D4       OutOfMemory
 0002:00002214       Output
 0001:00015434       PaletteChanged
 0001:00050788       PasswordDialog
 0001:000051E0       PatBlt
 0001:00005630       PeekMessage
 0001:000051E8       PlayEnhMetaFile
 0001:0000DE6C       Point
 0001:00005838       PointToSmallPoint
 0001:000051F8       Polyline
 0001:000051F0       PolyPolyline
 0001:00005638       PostMessage
 0001:00005640       PostQuitMessage
 0001:00030B74       PrintDlg
 0001:0001D3EC       Printer
 0001:0001D44C       Printers
 0001:00005648       PtInRect
 0001:0000B548       RaiseLastWin32Error
 0002:0000203C       RandSeed
 0001:00004FF0       ReadFile
 0001:00005200       RealizePalette
 0001:0000DE84       Rect
 0001:00005210       Rectangle
 0001:00005208       RectVisible
 0001:00004E18       RegCloseKey
 0001:0000E0A4       RegisterClass
 0001:00005650       RegisterClass
 0001:0000E194       RegisterClasses
 0001:00005658       RegisterClipboardFormat
 0001:0000E2D8       RegisterIntegerConsts
 0001:000042A8       RegisterModule
 0001:00005660       RegisterWindowMessage
 0001:0005BC44       Registry
 0001:00004E28       RegOpenKeyEx
 0001:00004E20       RegOpenKeyExA
 0001:00004E38       RegQueryValueEx
 0001:00004E30       RegQueryValueExA
 0001:00005668       ReleaseCapture
 0001:00005670       ReleaseDC
 0001:00004FF8       ReleaseMutex
 0001:00011760       RemoveFixupReferences
 0001:000117C8       RemoveFixups
 0001:00005678       RemoveMenu
 0001:000041E8       RemoveModuleUnloadProc
 0001:00005680       RemoveProp
 0001:0006147C       RemoveShowHintProc
 0001:00005218       RestoreDC
 0001:0000A39C       ReturnAddr
 0001:00005220       SaveDC
 0001:00008B74       ScanBlanks
 0001:00008D14       ScanChar
 0001:00008F3C       ScanDate
 0001:00008BBC       ScanNumber
 0001:00008C74       ScanString
 0001:00009298       ScanTime
 0001:00008DDC       ScanToNumber
 0002:000026EC       Screen
 0001:00005688       ScreenToClient
 0001:00005690       ScrollWindow
 0001:00005698       ScrollWindowEx
 0001:00005000       SearchPathA
 0001:00005228       SelectObject
 0001:00005230       SelectPalette
 0001:0001E600       SendAppMessage
 0001:000056A0       SendMessage
 0002:00002798       Session
 0002:0000279C       Sessions
 0001:00005238       SetAbortProc
 0001:000056A8       SetActiveWindow
 0001:00029C20       SetAutoSubClass
 0001:00005240       SetBkColor
 0001:00005248       SetBkMode
 0001:00005250       SetBrushOrgEx
 0001:000056B0       SetCapture
 0001:0001E880       SetCaptureControl
 0001:000056B8       SetClipboardData
 0001:000056C0       SetCursor
 0001:00005258       SetDIBColorTable
 0001:00005008       SetEndOfFile
 0001:00005260       SetEnhMetaFileBits
 0001:00005010       SetErrorMode
 0001:00005018       SetEvent
 0001:00005020       SetFilePointer
 0001:0000CD84       SetFloatProp
 0001:000056C8       SetFocus
 0001:000056D0       SetForegroundWindow
 0001:0002607C       SetImeMode
 0001:0005D27C       SetItemCell
 0001:0005D158       SetItemCol
 0001:000056D8       SetKeyboardState
 0001:000056E0       SetMenu
 0001:0000CE1C       SetMethodProp
 0001:0000CB5C       SetOrdProp
 0001:000056E8       SetProp
 0001:000056F0       SetRect
 0001:00005268       SetROP2
 0001:000056F8       SetScrollInfo
 0001:00005700       SetScrollPos
 0001:00005708       SetScrollRange
 0001:00005270       SetStretchBltMode
 0001:0000CD50       SetStrProp
 0001:00005278       SetTextColor
 0001:00005028       SetThreadLocale
 0001:00005710       SetTimer
 0001:00005280       SetViewportOrgEx
 0001:00005718       SetWindowLong
 0001:00005290       SetWindowOrgEx
 0001:00005720       SetWindowPlacement
 0001:00005728       SetWindowPos
 0001:00005740       SetWindowRgn
 0001:00005738       SetWindowsHookEx
 0001:00005730       SetWindowText
 0001:00005288       SetWinMetaFileBits
 0002:00000184       ShareMode
 0001:00026A20       ShortCutToText
 0002:000024D8       ShortDateFormat
 0002:00002554       ShortDayNames
 0002:000024F4       ShortMonthNames
 0002:000024EC       ShortTimeFormat
 0001:00005748       ShowCursor
 0001:0000A2CC       ShowException
 0002:0000175C       ShowHintProcs
 0001:00005750       ShowOwnedPopups
 0001:00005758       ShowWindow
 0001:00005030       SizeofResource
 0001:0000DE74       SmallPoint
 0001:00005824       SmallPointToPoint
 0001:00050520       SMIntf
 0001:00005298       StartDoc
 0001:000052A0       StartPage
 0001:00033C34       StdCtrls
 0001:00050588       StdVCL
 0001:00006F30       StrAlloc
 0001:00006F64       StrBufSize
 0001:0000ADC8       StrByteType
 0001:00006E10       StrComp
 0001:00006D28       StrCopy
 0001:00006FD4       StrDispose
 0001:00006D50       StrECopy
 0001:00006CD8       StrEnd
 0001:000052A8       StretchBlt
 0001:000052B0       StretchDIBits
 0001:000073F0       StrFmt
 0001:00006E34       StrIComp
 0001:00003284       StringToOleStr
 0001:00006D7C       StrLCopy
 0001:00006CC0       StrLen
 0001:00007438       StrLFmt
 0001:00006E74       StrLIComp
 0001:00006CEC       StrMove
 0001:00006F8C       StrNew
 0001:00006DB0       StrPCopy
 0001:00006DE0       StrPLCopy
 0001:00006EDC       StrPos
 0001:00006EBC       StrScan
 0001:00007854       StrToCurr
 0001:00009474       StrToDate
 0001:0000958C       StrToDateTime
 0001:000077D8       StrToFloat
 0001:000068C4       StrToInt
 0001:00006940       StrToIntDef
 0001:00009500       StrToTime
 0001:00029BF8       Subclass3DDlg
 0002:0000280C       subtot
 0001:0000965C       SysErrorMessage
 0001:00001314       SysFreeMem
 0001:0000118C       SysGetMem
 0001:00004E10       SysInit
 0002:0000258C       SysLocale
 0001:00001694       SysReallocMem
 0001:00004BEC       System
 0002:00002600       SystemPalette16
 0001:00005760       SystemParametersInfo
 0001:0000C564       SysUtils
 0002:000027D0       t
 0001:0002F954       TApplication.BringToFront
 0001:000305D4       TApplication.CancelHint
 0001:0002EF4C       TApplication.ControlDestroyed
 0001:0002EB70       TApplication.Create
 0001:0002FCA8       TApplication.CreateForm
 0001:0002EDC4       TApplication.CreateHandle
 0001:0002ECEC       TApplication.Destroy
 0001:0002F990       TApplication.GetTitle
 0001:0002FDFC       TApplication.HandleException
 0001:0002FBA0       TApplication.HandleMessage
 0001:00030110       TApplication.HelpCommand
 0001:00030104       TApplication.HelpContext
 0001:00030598       TApplication.HideHint
 0001:000304A8       TApplication.HintMouseMessage
 0001:0002FBB8       TApplication.HookMainWindow
 0001:0002FC90       TApplication.Initialize
 0001:0002FE8C       TApplication.MessageBox
 0001:0002F884       TApplication.Minimize
 0001:0002F0B8       TApplication.NormalizeAllTopMosts
 0001:0002F0B0       TApplication.NormalizeTopMosts
 0001:0002FB90       TApplication.ProcessMessages
 0001:0002F8CC       TApplication.Restore
 0001:0002F0C0       TApplication.RestoreTopMosts
 0001:0002FD34       TApplication.Run
 0001:00030364       TApplication.SetHint
 0001:00030118       TApplication.SetShowHint
 0001:0002FF00       TApplication.ShowException
 0001:0002FDE8       TApplication.Terminate
 0001:0002FC14       TApplication.UnhookMainWindow
 0001:00046134       TAutoIncField.Create
 0001:00047278       TBCDField.CheckTypeSize
 0001:000471D8       TBCDField.Create
 0001:000472C8       TBCDField.GetAsCurrency
 0001:000472F0       TBCDField.GetAsFloat
 0001:00047320       TBCDField.GetAsInteger
 0001:0004734C       TBCDField.GetAsString
 0001:00047384       TBCDField.GetAsVariant
 0001:000473C0       TBCDField.GetDataSize
 0001:000473C8       TBCDField.GetDefaultWidth
 0001:000473E4       TBCDField.GetText
 0001:00047520       TBCDField.GetValue
 0001:000475E8       TBCDField.SetAsCurrency
 0001:000476A4       TBCDField.SetAsFloat
 0001:000476C4       TBCDField.SetAsInteger
 0001:000476F0       TBCDField.SetAsString
 0001:000477A8       TBCDField.SetCurrency
 0001:000477C4       TBCDField.SetMaxValue
 0001:000477E4       TBCDField.SetMinValue
 0001:00047804       TBCDField.SetVarValue
 0001:00052738       TBDECallback.Create
 0001:000527D0       TBDECallback.Destroy
 0001:00052878       TBDECallback.Invoke
 0001:00057FB4       TBDEDataSet.ActivateFilters
 0001:00056ED0       TBDEDataSet.AddFieldDesc
 0001:0005903C       TBDEDataSet.AllocCachedUpdateBuffers
 0001:00057AA8       TBDEDataSet.AllocKeyBuffers
 0001:00056A14       TBDEDataSet.AllocRecordBuffer
 0001:00057414       TBDEDataSet.BCDToCurr
 0001:000577F0       TBDEDataSet.BookmarkValid
 0001:0005936C       TBDEDataSet.CachedUpdateCallBack
 0001:00057694       TBDEDataSet.Cancel
 0001:000590C4       TBDEDataSet.CheckCachedUpdateMode
 0001:00056AD0       TBDEDataSet.ClearCalcFields
 0001:000573EC       TBDEDataSet.CloseBlob
 0001:000565A4       TBDEDataSet.CloseCursor
 0001:00057798       TBDEDataSet.CompareBookmarks
 0001:00058F7C       TBDEDataSet.ConstraintCallBack
 0001:00056440       TBDEDataSet.Create
 0001:000573C0       TBDEDataSet.CreateBlobStream
 0001:000580B8       TBDEDataSet.CreateExprFilter
 0001:00058138       TBDEDataSet.CreateFuncFilter
 0001:000565F4       TBDEDataSet.CreateHandle
 0001:0005816C       TBDEDataSet.CreateLookupFilter
 0001:00057424       TBDEDataSet.CurrToBCD
 0001:00058074       TBDEDataSet.DeactivateFilters
 0001:00056488       TBDEDataSet.Destroy
 0001:000565F8       TBDEDataSet.DestroyHandle
 0001:00058A50       TBDEDataSet.DestroyLookupCursor
 0001:00058508       TBDEDataSet.FindRecord
 0001:00059144       TBDEDataSet.ForceUpdateCallback
 0001:00057B18       TBDEDataSet.FreeKeyBuffers
 0001:00056A4C       TBDEDataSet.FreeRecordBuffer
 0001:00057760       TBDEDataSet.GetBookmarkData
 0001:00057740       TBDEDataSet.GetBookmarkFlag
 0001:00057634       TBDEDataSet.GetCanModify
 0001:00056C3C       TBDEDataSet.GetCurrentRecord
 0001:000570A4       TBDEDataSet.GetFieldData
 0001:000579D0       TBDEDataSet.GetIndexField
 0001:00057844       TBDEDataSet.GetIndexInfo
 0001:00057EFC       TBDEDataSet.GetIsIndexField
 0001:00058A4C       TBDEDataSet.GetLookupCursor
 0001:00056D5C       TBDEDataSet.GetRecNo
 0001:00056B30       TBDEDataSet.GetRecord
 0001:00056D28       TBDEDataSet.GetRecordCount
 0001:00056DF0       TBDEDataSet.GetRecordSize
 0001:00057440       TBDEDataSet.GetStateFieldValue
 0001:00057B48       TBDEDataSet.InitKeyBuffer
 0001:00056AF8       TBDEDataSet.InitRecord
 0001:000576C8       TBDEDataSet.InternalAddRecord
 0001:000576B4       TBDEDataSet.InternalCancel
 0001:000568C4       TBDEDataSet.InternalClose
 0001:000575EC       TBDEDataSet.InternalDelete
 0001:0005756C       TBDEDataSet.InternalEdit
 0001:00057534       TBDEDataSet.InternalFirst
 0001:00057704       TBDEDataSet.InternalGotoBookmark
 0001:00056978       TBDEDataSet.InternalHandleException
 0001:0005661C       TBDEDataSet.InternalInitFieldDefs
 0001:00056A80       TBDEDataSet.InternalInitRecord
 0001:00057550       TBDEDataSet.InternalLast
 0001:00056768       TBDEDataSet.InternalOpen
 0001:000575A4       TBDEDataSet.InternalPost
 0001:00057658       TBDEDataSet.InternalRefresh
 0001:00057724       TBDEDataSet.InternalSetToRecord
 0001:0005696C       TBDEDataSet.IsCursorOpen
 0001:0005761C       TBDEDataSet.IsSequenced
 0001:000589F8       TBDEDataSet.Locate
 0001:000586BC       TBDEDataSet.LocateRecord
 0001:00058960       TBDEDataSet.Lookup
 0001:00057F50       TBDEDataSet.MapsToIndex
 0001:000564C4       TBDEDataSet.OpenCursor
 0001:00057674       TBDEDataSet.Post
 0001:00057EA0       TBDEDataSet.PostKeyBuffer
 0001:00056968       TBDEDataSet.PrepareCursor
 0001:00057D7C       TBDEDataSet.ResetCursorRange
 0001:0005777C       TBDEDataSet.SetBookmarkData
 0001:00057750       TBDEDataSet.SetBookmarkFlag
 0001:00059200       TBDEDataSet.SetCachedUpdates
 0001:00057B7C       TBDEDataSet.SetCursorRange
 0001:00057144       TBDEDataSet.SetFieldData
 0001:00058364       TBDEDataSet.SetFilterData
 0001:000583FC       TBDEDataSet.SetFiltered
 0001:000582EC       TBDEDataSet.SetFilterHandle
 0001:00058468       TBDEDataSet.SetFilterOptions
 0001:000583EC       TBDEDataSet.SetFilterText
 0001:00057A84       TBDEDataSet.SetIndexField
 0001:00057DD4       TBDEDataSet.SetLinkRanges
 0001:0005698C       TBDEDataSet.SetLocale
 0001:00058480       TBDEDataSet.SetOnFilterRecord
 0001:00059570       TBDEDataSet.SetOnUpdateError
 0001:00056D8C       TBDEDataSet.SetRecNo
 0001:0005746C       TBDEDataSet.SetStateFieldValue
 0001:00059308       TBDEDataSet.SetupCallBack
 0001:000594EC       TBDEDataSet.SetUpdateObject
 0001:000578D0       TBDEDataSet.SwitchToIndex
 0001:000574DC       TBDEDataSet.Translate
 0001:00059118       TBDEDataSet.UpdateCallbackRequired
 0001:000595A8       TBDEDataSet.YieldCallBack
 0001:0003471C       TBevel.Create
 0001:000348EC       TBevel.Paint
 0001:000347A0       TBevel.SetShape
 0001:00034784       TBevel.SetStyle
 0001:00046DD4       TBinaryField.CheckTypeSize
 0001:00046DA0       TBinaryField.Create
 0001:00046E20       TBinaryField.GetAsString
 0001:00046F30       TBinaryField.GetAsVariant
 0001:000470AC       TBinaryField.GetText
 0001:00046E50       TBinaryField.SetAsString
 0001:000470FC       TBinaryField.SetText
 0001:00046FC0       TBinaryField.SetVarValue
 0001:00062DB8       TBitBtn.Click
 0001:000630D0       TBitBtn.CMEnabledChanged
 0001:000630BC       TBitBtn.CMFontChanged
 0001:00062E34       TBitBtn.CNDrawItem
 0001:00062E24       TBitBtn.CNMeasureItem
 0001:00062C90       TBitBtn.Create
 0001:00062D6C       TBitBtn.CreateHandle
 0001:00062D94       TBitBtn.CreateParams
 0001:00062D34       TBitBtn.Destroy
 0001:0006312C       TBitBtn.GetGlyph
 0001:00063300       TBitBtn.GetKind
 0001:00063388       TBitBtn.GetNumGlyphs
 0001:000630F8       TBitBtn.GetPalette
 0001:00063144       TBitBtn.IsCustom
 0001:00063284       TBitBtn.IsCustomCaption
 0001:00062DA4       TBitBtn.SetButtonStyle
 0001:0006310C       TBitBtn.SetGlyph
 0001:00063174       TBitBtn.SetKind
 0001:0006336C       TBitBtn.SetLayout
 0001:000633DC       TBitBtn.SetMargin
 0001:00063394       TBitBtn.SetNumGlyphs
 0001:000633C0       TBitBtn.SetSpacing
 0001:00063158       TBitBtn.SetStyle
 0001:000630E4       TBitBtn.WMLButtonDblClk
 0001:0001A678       TBitmap.Assign
 0001:0001A82C       TBitmap.Changed
 0001:0001A5D8       TBitmap.Create
 0001:0001A63C       TBitmap.Destroy
 0001:0001A838       TBitmap.Dormant
 0001:0001A854       TBitmap.Draw
 0001:0001AAA4       TBitmap.FreeImage
 0001:0001AB0C       TBitmap.GetCanvas
 0001:0001AAF4       TBitmap.GetEmpty
 0001:0001AB4C       TBitmap.GetHandle
 0001:0001AB70       TBitmap.GetHandleType
 0001:0001AB9C       TBitmap.GetHeight
 0001:0001ABAC       TBitmap.GetMaskHandle
 0001:0001ABC0       TBitmap.GetMonochrome
 0001:0001ABDC       TBitmap.GetPalette
 0001:0001ABF0       TBitmap.GetTransparentColor
 0001:0001AC38       TBitmap.GetWidth
 0001:0001ACC4       TBitmap.HandleNeeded
 0001:0001ADEC       TBitmap.LoadFromClipboardFormat
 0001:0001AED0       TBitmap.LoadFromResourceName
 0001:0001AEAC       TBitmap.LoadFromStream
 0001:0001ACD4       TBitmap.MaskHandleNeeded
 0001:0001AD34       TBitmap.PaletteNeeded
 0001:0001B01C       TBitmap.ReadData
 0001:0001BB68       TBitmap.SaveToClipboardFormat
 0001:0001BB60       TBitmap.SaveToStream
 0001:0001B4F0       TBitmap.SetHandle
 0001:0001B5B0       TBitmap.SetHandleType
 0001:0001B6E4       TBitmap.SetHeight
 0001:0001B738       TBitmap.SetMonochrome
 0001:0001B7B8       TBitmap.SetPalette
 0001:0001B88C       TBitmap.SetTransparentColor
 0001:0001B8DC       TBitmap.SetWidth
 0001:0001B930       TBitmap.WriteData
 0001:00019B90       TBitmapImage.Destroy
 0001:00019BE0       TBitmapImage.FreeHandle
 0001:0000EC14       TBits.Destroy
 0001:0000ED80       TBits.GetBit
 0001:0000ED98       TBits.OpenBit
 0001:0000ED54       TBits.SetBit
 0001:0000ECA4       TBits.SetSize
 0001:0004789C       TBlobField.Assign
 0001:00047938       TBlobField.AssignTo
 0001:000479AC       TBlobField.Clear
 0001:00047860       TBlobField.Create
 0001:000479CC       TBlobField.FreeBuffers
 0001:000479F0       TBlobField.GetAsString
 0001:00047A60       TBlobField.GetAsVariant
 0001:00047AB0       TBlobField.GetBlobSize
 0001:00047B08       TBlobField.GetBlobType
 0001:00047B0C       TBlobField.GetIsNull
 0001:00047B80       TBlobField.GetModified
 0001:00047BA0       TBlobField.GetText
 0001:00047BF0       TBlobField.IsBlob
 0001:00047DF0       TBlobField.SaveToStream
 0001:00047E9C       TBlobField.SetAsString
 0001:00047EF8       TBlobField.SetBlobType
 0001:00047F0C       TBlobField.SetFieldType
 0001:00047F20       TBlobField.SetModified
 0001:00047F3C       TBlobField.SetText
 0001:00047F6C       TBlobField.SetVarValue
 0001:0005B458       TBlobStream.Create
 0001:0005B638       TBlobStream.Destroy
 0001:0005B704       TBlobStream.Read
 0001:0005BA00       TBlobStream.Seek
 0001:0005BA38       TBlobStream.Truncate
 0001:0005B8E0       TBlobStream.Write
 0001:0004664C       TBooleanField.Create
 0001:00046690       TBooleanField.GetAsBoolean
 0001:000466B8       TBooleanField.GetAsString
 0001:000466FC       TBooleanField.GetAsVariant
 0001:0004673C       TBooleanField.GetDataSize
 0001:00046744       TBooleanField.GetDefaultWidth
 0001:000467B0       TBooleanField.SetAsBoolean
 0001:000467D4       TBooleanField.SetAsString
 0001:00046914       TBooleanField.SetDisplayValues
 0001:000469A4       TBooleanField.SetVarValue
 0001:0001637C       TBrush.Assign
 0001:00016320       TBrush.Create
 0001:00016358       TBrush.Destroy
 0001:00016494       TBrush.GetColor
 0001:000164D0       TBrush.GetHandle
 0001:000165B0       TBrush.GetStyle
 0001:0001649C       TBrush.SetColor
 0001:000165B8       TBrush.SetStyle
 0001:0003397C       TButton.Click
 0001:00033B18       TButton.CMDialogChar
 0001:00033AAC       TButton.CMDialogKey
 0001:00033B98       TButton.CMFocusChanged
 0001:00033A94       TButton.CNCommand
 0001:00033918       TButton.Create
 0001:00033A38       TButton.CreateParams
 0001:00033A78       TButton.CreateWnd
 0001:000339A4       TButton.SetButtonStyle
 0001:00033A00       TButton.SetDefault
 0001:00033BEC       TButton.WMEraseBkgnd
 0001:000338A8       TButtonControl.WndProc
 0001:0004712C       TBytesField.Create
 0001:00047178       TBytesField.GetDataSize
 0001:00016CB8       TCanvas.Changed
 0001:00016CA4       TCanvas.Changing
 0001:00016700       TCanvas.CopyRect
 0001:000165EC       TCanvas.Create
 0001:00016B84       TCanvas.CreateHandle
 0001:000166A8       TCanvas.Destroy
 0001:00016788       TCanvas.DrawFocusRect
 0001:000167BC       TCanvas.FillRect
 0001:000167F8       TCanvas.FrameRect
 0001:00016AE4       TCanvas.GetClipRect
 0001:00016B08       TCanvas.GetHandle
 0001:00016A74       TCanvas.GetPenPos
 0001:00016AB8       TCanvas.GetPixel
 0001:00016834       TCanvas.LineTo
 0001:0001686C       TCanvas.Lock
 0001:00016894       TCanvas.MoveTo
 0001:000168C0       TCanvas.Polyline
 0001:000168F8       TCanvas.Rectangle
 0001:00016940       TCanvas.Refresh
 0001:00016C30       TCanvas.RequiredState
 0001:00016A68       TCanvas.SetBrush
 0001:00016A4C       TCanvas.SetFont
 0001:00016B88       TCanvas.SetHandle
 0001:00016A5C       TCanvas.SetPen
 0001:00016A98       TCanvas.SetPenPos
 0001:00016948       TCanvas.TextExtent
 0001:000169A8       TCanvas.TextHeight
 0001:0001698C       TCanvas.TextWidth
 0001:000169C8       TCanvas.TryLock
 0001:00016A24       TCanvas.Unlock
 0001:00048AC8       TCheckConstraint.Assign
 0001:00048B14       TCheckConstraint.GetDisplayName
 0001:00048B74       TCheckConstraint.SetCustomConstraint
 0001:00048BA0       TCheckConstraint.SetErrorMessage
 0001:00048B48       TCheckConstraint.SetImportedConstraint
 0001:00048BCC       TCheckConstraints.Create
 0001:00048C10       TCheckConstraints.GetItem
 0001:00048C0C       TCheckConstraints.GetOwner
 0001:00036320       TClipboard.Assign
 0001:000361AC       TClipboard.AssignTo
 0001:00035E78       TClipboard.Clear
 0001:00035EDC       TClipboard.Close
 0001:00035F74       TClipboard.GetAsText
 0001:00035F0C       TClipboard.Open
 0001:0000F290       TCollection.Add
 0001:0000F2A0       TCollection.Assign
 0001:0000F338       TCollection.BeginUpdate
 0001:0000F33C       TCollection.Changed
 0001:0000F350       TCollection.Clear
 0001:0000F210       TCollection.Create
 0001:0000F24C       TCollection.Destroy
 0001:0000F3B8       TCollection.EndUpdate
 0001:0000F3CC       TCollection.GetAttr
 0001:0000F3C8       TCollection.GetAttrCount
 0001:0000F3FC       TCollection.GetCount
 0001:0000F404       TCollection.GetItem
 0001:0000F3DC       TCollection.GetItemAttr
 0001:0000F414       TCollection.GetNamePath
 0001:0000F4DC       TCollection.GetPropName
 0001:0000F6A8       TCollection.SetItemName
 0001:0000F6AC       TCollection.Update
 0001:0000F078       TCollectionItem.Changed
 0001:0000F014       TCollectionItem.Create
 0001:0000F048       TCollectionItem.Destroy
 0001:0000F0BC       TCollectionItem.GetDisplayName
 0001:0000F0A0       TCollectionItem.GetIndex
 0001:0000F0EC       TCollectionItem.GetNamePath
 0001:0000F1A0       TCollectionItem.GetOwner
 0001:0000F1A4       TCollectionItem.SetCollection
 0001:0000F1D0       TCollectionItem.SetDisplayName
 0001:0000F1DC       TCollectionItem.SetIndex
 0001:00035330       TCommonDialog.Create
 0001:000353D8       TCommonDialog.DefaultHandler
 0001:00035378       TCommonDialog.Destroy
 0001:00035530       TCommonDialog.DoClose
 0001:00035548       TCommonDialog.DoShow
 0001:000353AC       TCommonDialog.MessageHook
 0001:00035474       TCommonDialog.TaskModalDialog
 0001:00035420       TCommonDialog.WMDestroy
 0001:00035440       TCommonDialog.WMInitDialog
 0001:0003545C       TCommonDialog.WMNCDestroy
 0001:00035414       TCommonDialog.WndProc
 0001:00013C8C       TComponent.ChangeName
 0001:00013640       TComponent.Create
 0001:0001398C       TComponent.DefineProperties
 0001:00013688       TComponent.Destroy
 0001:000138AC       TComponent.DestroyComponents
 0001:000138DC       TComponent.Destroying
 0001:00013B64       TComponent.FindComponent
 0001:00013714       TComponent.FreeNotification
 0001:00013A1C       TComponent.GetChildOwner
 0001:00013A20       TComponent.GetChildParent
 0001:00013A14       TComponent.GetChildren
 0001:00013CA4       TComponent.GetComponent
 0001:00013D10       TComponent.GetComponentCount
 0001:00013A24       TComponent.GetNamePath
 0001:00013A3C       TComponent.GetOwner
 0001:00013A44       TComponent.GetParentComponent
 0001:00013A10       TComponent.HasParent
 0001:00013810       TComponent.InsertComponent
 0001:00013A6C       TComponent.Loaded
 0001:00013918       TComponent.Notification
 0001:00013A7C       TComponent.ReadState
 0001:00013868       TComponent.RemoveComponent
 0001:00013E10       TComponent.SafeCallException
 0001:00013A40       TComponent.SetChildOrder
 0001:00013D20       TComponent.SetComponentIndex
 0001:00013D78       TComponent.SetDesigning
 0001:00013BC0       TComponent.SetName
 0001:00013A48       TComponent.SetParentComponent
 0001:00013A5C       TComponent.Updated
 0001:00013E30       TComponent.UpdateRegistry
 0001:00013A4C       TComponent.Updating
 0001:00013B48       TComponent.ValidateContainer
 0001:00013B60       TComponent.ValidateInsert
 0001:00013A94       TComponent.ValidateRename
 0001:00013A88       TComponent.WriteState
 0001:00020160       TControl.BeginDrag
 0001:0001FDCC       TControl.BringToFront
 0001:0001F870       TControl.Changed
 0001:0001F880       TControl.ChangeScale
 0001:000205C0       TControl.Click
 0001:0001F800       TControl.ClientToScreen
 0001:00020A4C       TControl.CMColorChanged
 0001:00020B28       TControl.CMDesignHitTest
 0001:00020A3C       TControl.CMEnabledChanged
 0001:00020A44       TControl.CMFontChanged
 0001:00020AF0       TControl.CMHitTest
 0001:00020AF8       TControl.CMMouseEnter
 0001:00020B10       TControl.CMMouseLeave
 0001:00020A54       TControl.CMParentColorChanged
 0001:00020AA0       TControl.CMParentFontChanged
 0001:00020A84       TControl.CMParentShowHintChanged
 0001:00020AD0       TControl.CMSysFontChanged
 0001:00020A14       TControl.CMVisibleChanged
 0001:0001F2EC       TControl.Create
 0001:000205E0       TControl.DblClick
 0001:000204A8       TControl.DefaultHandler
 0001:00020570       TControl.DefineProperties
 0001:0001F37C       TControl.Destroy
 0001:000202CC       TControl.DoEndDrag
 0001:000202AC       TControl.DoStartDrag
 0001:00020234       TControl.DragCanceled
 0001:00020280       TControl.DragDrop
 0001:00020238       TControl.Dragging
 0001:00020244       TControl.DragOver
 0001:0001F68C       TControl.GetBoundsRect
 0001:0001F730       TControl.GetClientHeight
 0001:0001F770       TControl.GetClientOrigin
 0001:0001F6D4       TControl.GetClientRect
 0001:0001F6EC       TControl.GetClientWidth
 0001:0001FE80       TControl.GetDeviceContext
 0001:0001F3C8       TControl.GetDragImages
 0001:0001FD94       TControl.GetMouseCapture
 0001:0001F3CC       TControl.GetPalette
 0001:0001F3D8       TControl.GetParentComponent
 0001:00020730       TControl.GetPopupMenu
 0001:0001FBE0       TControl.GetText
 0001:0001FBA0       TControl.GetTextBuf
 0001:0001FB90       TControl.GetTextLen
 0001:0001F3D0       TControl.HasParent
 0001:00020040       TControl.Invalidate
 0001:0001FD50       TControl.IsColorStored
 0001:0001FCBC       TControl.IsFontStored
 0001:0001FCD0       TControl.IsShowHintStored
 0001:00020600       TControl.MouseDown
 0001:00020848       TControl.MouseMove
 0001:000208AC       TControl.MouseUp
 0001:0001F510       TControl.Notification
 0001:0001F400       TControl.PaletteChanged
 0001:00020390       TControl.Perform
 0001:0001F490       TControl.ReadState
 0001:00020060       TControl.Refresh
 0001:00020068       TControl.Repaint
 0001:0001F480       TControl.RequestAlign
 0001:0001F82C       TControl.ScreenToClient
 0001:0001F858       TControl.SendCancelMode
 0001:0001F53C       TControl.SetAlign
 0001:0001F5A0       TControl.SetBounds
 0001:0001F6AC       TControl.SetBoundsRect
 0001:0001F748       TControl.SetClientHeight
 0001:0001F704       TControl.SetClientWidth
 0001:0001FD34       TControl.SetColor
 0001:0001FD78       TControl.SetCursor
 0001:0001F47C       TControl.SetDragMode
 0001:0001FB78       TControl.SetEnabled
 0001:0001FCB0       TControl.SetFont
 0001:0001F66C       TControl.SetHeight
 0001:0001F60C       TControl.SetLeft
 0001:0001FDA4       TControl.SetMouseCapture
 0001:0001F9D0       TControl.SetName
 0001:0001FAB8       TControl.SetParent
 0001:0001FD58       TControl.SetParentColor
 0001:0001F3DC       TControl.SetParentComponent
 0001:0001FCD8       TControl.SetParentFont
 0001:0001FD14       TControl.SetParentShowHint
 0001:0001FBAC       TControl.SetPopupMenu
 0001:0001FCF8       TControl.SetShowHint
 0001:0001FC10       TControl.SetText
 0001:0001FBBC       TControl.SetTextBuf
 0001:0001F62C       TControl.SetTop
 0001:0001FB3C       TControl.SetVisible
 0001:0001F64C       TControl.SetWidth
 0001:0001FE5C       TControl.SetZOrder
 0001:00020050       TControl.Update
 0001:000203C4       TControl.VisibleChanging
 0001:000209DC       TControl.WMCancelMode
 0001:000206DC       TControl.WMLButtonDblClk
 0001:00020674       TControl.WMLButtonDown
 0001:00020918       TControl.WMLButtonUp
 0001:00020820       TControl.WMMButtonDblClk
 0001:000207F8       TControl.WMMButtonDown
 0001:000209BC       TControl.WMMButtonUp
 0001:00020870       TControl.WMMouseMove
 0001:000206C0       TControl.WMNCLButtonDown
 0001:000207D0       TControl.WMRButtonDblClk
 0001:000207A8       TControl.WMRButtonDown
 0001:0002098C       TControl.WMRButtonUp
 0001:000203C8       TControl.WndProc
 0001:0001F204       TControlCanvas.CreateHandle
 0001:0001F1D8       TControlCanvas.Destroy
 0001:0001F2A0       TControlCanvas.FreeHandle
 0001:0001F2D4       TControlCanvas.SetControl
 0001:0002A058       TControlScrollBar.Assign
 0001:0002A4B8       TControlScrollBar.IsRangeStored
 0001:0002A3D0       TControlScrollBar.SetPosition
 0001:0002A4A4       TControlScrollBar.SetRange
 0001:0002A4C4       TControlScrollBar.SetVisible
 0001:00046608       TCurrencyField.Create
 0001:000243B0       TCustomControl.Create
 0001:00024404       TCustomControl.Destroy
 0001:000244D4       TCustomControl.Paint
 0001:0002443C       TCustomControl.PaintWindow
 0001:00024434       TCustomControl.WMPaint
 0001:000336E8       TCustomEdit.Change
 0001:000332CC       TCustomEdit.Clear
 0001:000337A4       TCustomEdit.CMCtl3DChanged
 0001:0003382C       TCustomEdit.CMEnter
 0001:000337DC       TCustomEdit.CMFontChanged
 0001:0003386C       TCustomEdit.CMTextChanged
 0001:00033808       TCustomEdit.CNCommand
 0001:000332EC       TCustomEdit.CopyToClipboard
 0001:00032F28       TCustomEdit.Create
 0001:00033464       TCustomEdit.CreateParams
 0001:00033524       TCustomEdit.CreateWnd
 0001:00033710       TCustomEdit.DefaultHandler
 0001:000335D4       TCustomEdit.DestroyWnd
 0001:00032FD0       TCustomEdit.DoSetMaxLength
 0001:000330AC       TCustomEdit.GetModified
 0001:00033238       TCustomEdit.GetSelLength
 0001:000331EC       TCustomEdit.GetSelStart
 0001:000333C8       TCustomEdit.GetSelText
 0001:0003332C       TCustomEdit.GetSelTextBuf
 0001:0003330C       TCustomEdit.SelectAll
 0001:00032FF4       TCustomEdit.SetAutoSize
 0001:0003300C       TCustomEdit.SetBorderStyle
 0001:00033034       TCustomEdit.SetCharCase
 0001:0003304C       TCustomEdit.SetHideSelection
 0001:00033064       TCustomEdit.SetMaxLength
 0001:000330E8       TCustomEdit.SetModified
 0001:00033094       TCustomEdit.SetOEMConvert
 0001:00033124       TCustomEdit.SetPasswordChar
 0001:000331AC       TCustomEdit.SetReadOnly
 0001:00033268       TCustomEdit.SetSelLength
 0001:00033214       TCustomEdit.SetSelStart
 0001:00033760       TCustomEdit.WMSetFont
 0001:0002CAD8       TCustomForm.Activate
 0001:0002C8C4       TCustomForm.ActiveChanged
 0001:0002B9D8       TCustomForm.AlignControls
 0001:0002B278       TCustomForm.ChangeScale
 0001:0002D984       TCustomForm.Close
 0001:0002DA2C       TCustomForm.CloseQuery
 0001:0002D424       TCustomForm.CMActivate
 0001:0002D120       TCustomForm.CMAppSysCommand
 0001:0002BF58       TCustomForm.CMColorChanged
 0001:0002BF94       TCustomForm.CMCtl3DChanged
 0001:0002D430       TCustomForm.CMDeactivate
 0001:0002D444       TCustomForm.CMDialogKey
 0001:0002BFDC       TCustomForm.CMFontChanged
 0001:0002D898       TCustomForm.CMIconChanged
 0001:0002BFFC       TCustomForm.CMMenuChanged
 0001:0002D918       TCustomForm.CMParentFontChanged
 0001:0002D8B8       TCustomForm.CMRelease
 0001:0002D4E0       TCustomForm.CMShowingChanged
 0001:0002D8C0       TCustomForm.CMTextChanged
 0001:0002D910       TCustomForm.CMUIActivate
 0001:0002AB24       TCustomForm.Create
 0001:0002ACB4       TCustomForm.CreateNew
 0001:0002C058       TCustomForm.CreateParams
 0001:0002C384       TCustomForm.CreateWindowHandle
 0001:0002C244       TCustomForm.CreateWnd
 0001:0002CAF8       TCustomForm.Deactivate
 0001:0002C4C8       TCustomForm.DefaultHandler
 0001:0002B18C       TCustomForm.DefineProperties
 0001:0002C5DC       TCustomForm.DefocusControl
 0001:0002ADC0       TCustomForm.Destroy
 0001:0002C484       TCustomForm.DestroyWindowHandle
 0001:0002B3C0       TCustomForm.DoHide
 0001:0002B3E0       TCustomForm.DoShow
 0001:0002C624       TCustomForm.FocusControl
 0001:0002BA7C       TCustomForm.GetActiveMDIChild
 0001:0002BB4C       TCustomForm.GetCanvas
 0001:0002B488       TCustomForm.GetChildren
 0001:0002B400       TCustomForm.GetClientRect
 0001:0002DB34       TCustomForm.GetFormImage
 0001:0002BAB0       TCustomForm.GetMDIChildCount
 0001:0002BAFC       TCustomForm.GetMDIChildren
 0001:0002BEB8       TCustomForm.GetPixelsPerInch
 0001:0002BF1C       TCustomForm.GetScaled
 0001:0002DE58       TCustomForm.Hide
 0001:0002B38C       TCustomForm.IsAutoScrollStored
 0001:0002B354       TCustomForm.IsClientSizeStored
 0001:0002BB60       TCustomForm.IsColorStored
 0001:0002BB8C       TCustomForm.IsForm
 0001:0002B364       TCustomForm.IsFormSizeStored
 0001:0002BB94       TCustomForm.IsIconStored
 0001:0002AEE8       TCustomForm.Loaded
 0001:0002AF20       TCustomForm.Notification
 0001:0002CB18       TCustomForm.Paint
 0001:0002CB74       TCustomForm.PaintWindow
 0001:0002CC24       TCustomForm.PaletteChanged
 0001:0002DC2C       TCustomForm.Print
 0001:0002AFA8       TCustomForm.ReadState
 0001:0002DEE8       TCustomForm.Release
 0001:0002CB38       TCustomForm.Resize
 0001:0002C97C       TCustomForm.SendCancelMode
 0001:0002C52C       TCustomForm.SetActiveControl
 0001:0002BA18       TCustomForm.SetBorderIcons
 0001:0002BA44       TCustomForm.SetBorderStyle
 0001:0002B4F4       TCustomForm.SetChildOrder
 0001:0002B5B4       TCustomForm.SetClientHeight
 0001:0002B588       TCustomForm.SetClientWidth
 0001:0002DE78       TCustomForm.SetFocus
 0001:0002C644       TCustomForm.SetFocusedControl
 0001:0002BBBC       TCustomForm.SetFormStyle
 0001:0002BB54       TCustomForm.SetIcon
 0001:0002BCF4       TCustomForm.SetMenu
 0001:0002BCB8       TCustomForm.SetObjectMenuItem
 0001:0002B674       TCustomForm.SetParent
 0001:0002BECC       TCustomForm.SetPixelsPerInch
 0001:0002BF00       TCustomForm.SetPosition
 0001:0002BF28       TCustomForm.SetScaled
 0001:0002B5E0       TCustomForm.SetVisible
 0001:0002BCCC       TCustomForm.SetWindowMenu
 0001:0002C018       TCustomForm.SetWindowState
 0001:0002DE60       TCustomForm.Show
 0001:0002DF04       TCustomForm.ShowModal
 0001:0002B6AC       TCustomForm.ValidateRename
 0001:0002B60C       TCustomForm.VisibleChanging
 0001:0002B670       TCustomForm.WantChildKey
 0001:0002D060       TCustomForm.WMActivate
 0001:0002D0EC       TCustomForm.WMClose
 0001:0002CF68       TCustomForm.WMCommand
 0001:0002CF08       TCustomForm.WMDestroy
 0001:0002D2C4       TCustomForm.WMEnterMenuLoop
 0001:0002CD8C       TCustomForm.WMEraseBkgnd
 0001:0002D320       TCustomForm.WMHelp
 0001:0002CD2C       TCustomForm.WMIconEraseBkgnd
 0001:0002CF9C       TCustomForm.WMInitMenuPopup
 0001:0002D240       TCustomForm.WMMDIActivate
 0001:0002CFB4       TCustomForm.WMMenuSelect
 0001:0002CED4       TCustomForm.WMNCCreate
 0001:0002D298       TCustomForm.WMNextDlgCtl
 0001:0002CCD0       TCustomForm.WMPaint
 0001:0002CDC4       TCustomForm.WMQueryDragIcon
 0001:0002D0F4       TCustomForm.WMQueryEndSession
 0001:0002D1A8       TCustomForm.WMShowWindow
 0001:0002D080       TCustomForm.WMSize
 0001:0002D178       TCustomForm.WMSysCommand
 0001:0002B6E8       TCustomForm.WndProc
[...]
  3376 0001:0005E36F  3377 0001:0005E37D  3378 0001:0005E389  3379 0001:0005E393
  3383 0001:0005E398  3384 0001:0005E3B0  3385 0001:0005E3B9  3387 0001:0005E3DC
  3389 0001:0005E3FE  3391 0001:0005E416  3394 0001:0005E43C  3396 0001:0005E449
  3397 0001:0005E44F  3398 0001:0005E47B  3399 0001:0005E483  3400 0001:0005E4A3
  3401 0001:0005E4C3  3402 0001:0005E4E3  3403 0001:0005E4F5  3404 0001:0005E501
  3405 0001:0005E50A  3409 0001:0005E523  3410 0001:0005E530  3414 0001:0005E55C
  3415 0001:0005E56C  3416 0001:0005E576  3419 0001:0005E59E  3424 0001:0005E5A4
  3425 0001:0005E5AA  3426 0001:0005E5B1  3427 0001:0005E5B8  3433 0001:0005E5BC
  3434 0001:0005E5C9  3435 0001:0005E5D0  3436 0001:0005E5E5  3437 0001:0005E5E9
  3439 0001:0005E605  3440 0001:0005E60C  3441 0001:0005E615  3442 0001:0005E61E
  3445 0001:0005E628  3452 0001:0005E630  3453 0001:0005E637  3454 0001:0005E64C
  3455 0001:0005E653  3456 0001:0005E667  3457 0001:0005E67B  3461 0001:0005E684
  3462 0001:0005E68D  3464 0001:0005E696  3465 0001:0005E69D  3467 0001:0005E6A6
  3471 0001:0005E6AC  3472 0001:0005E6B2  3473 0001:0005E6B9  3480 0001:0005E6CB
  3482 0001:0005E6E1  3488 0001:0005E6E4  3489 0001:0005E6F0  3490 0001:0005E6F7
  3492 0001:0005E70D  3493 0001:0005E722  3495 0001:0005E737  3496 0001:0005E740
  3497 0001:0005E749  3498 0001:0005E756  3499 0001:0005E762  3500 0001:0005E76C
  3501 0001:0005E776  3503 0001:0005E780  3504 0001:0005E78A  3505 0001:0005E794
  3508 0001:0005E79B  3512 0001:0005E7A4  3513 0001:0005E7A8  3514 0001:0005E7AF
  3516 0001:0005E7C5  3517 0001:0005E7DC  3521 0001:0005E7E0  3522 0001:0005E7E4
  3523 0001:0005E7EB  3525 0001:0005E801  3526 0001:0005E818  3530 0001:0005E81C
  3531 0001:0005E822  3533 0001:0005E838  3534 0001:0005E84D  3535 0001:0005E854
  3540 0001:0005E858  3541 0001:0005E85E  3542 0001:0005E865  3543 0001:0005E879
  3544 0001:0005E88D  3550 0001:0005E890  3551 0001:0005E89A  3552 0001:0005E8A3
  3553 0001:0005E8C1  3554 0001:0005E8DF  3555 0001:0005E8FD  3556 0001:0005E91B
  3557 0001:0005E939  3558 0001:0005E957  3559 0001:0005E975  3560 0001:0005E993
  3561 0001:0005E9B0  3562 0001:0005E9CD  3563 0001:0005E9EA  3564 0001:0005EA07
  3565 0001:0005EA24  3566 0001:0005EA41  3567 0001:0005EA5E  3568 0001:0005EA7B
  3569 0001:0005EA98  3570 0001:0005EAB5  3571 0001:0005EAD2  3572 0001:0005EAEF
  3573 0001:0005EB06  3574 0001:0005EB1D  3575 0001:0005EB34  3576 0001:0005EB4B
  3577 0001:0005EB62  3578 0001:0005EB7F  3579 0001:0005EB9C  3580 0001:0005EBB9
  3588 0001:0005EE14  3589 0001:0005EE1C  3590 0001:0005EE23  3591 0001:0005EE30
  3593 0001:0005EE36  3594 0001:0005EE50  3593 0001:0005EE63  3595 0001:0005EE66
  3596 0001:0005EE71  3599 0001:0005EE79  3600 0001:0005EE89  3601 0001:0005EE90
  3611 0001:0005EE98  3612 0001:0005EEA6  3614 0001:0005EEB3  3615 0001:0005EEBF
  3616 0001:0005EECE  3617 0001:0005EEDD  3618 0001:0005EEEB  3619 0001:0005EF04
  3620 0001:0005EF0E  3621 0001:0005EF12  3613 0001:0005EF1E  3623 0001:0005EF32
  3630 0001:0005EF3C  3631 0001:0005EF4B  3632 0001:0005EF72  3633 0001:0005EF91
  3634 0001:0005EFA9  3635 0001:0005EFAD  3636 0001:0005EFBD  3637 0001:0005EFCD
  3639 0001:0005EFDC  3632 0001:0005EFE0  3640 0001:0005EFE5  3631 0001:0005EFE9
  3641 0001:0005EFEF  3645 0001:0005EFF8  3646 0001:0005F001  3647 0001:0005F016
  3651 0001:0005F01C  3652 0001:0005F025  3653 0001:0005F03A  3657 0001:0005F040
  3658 0001:0005F049  3659 0001:0005F05E  3663 0001:0005F064  3664 0001:0005F06D
  3665 0001:0005F082  3669 0001:0005F088  3670 0001:0005F08B  3671 0001:0005F0A7
  3675 0001:0005F0AC  3676 0001:0005F0AF  3677 0001:0005F0CB  3681 0001:0005F0D0
  3682 0001:0005F0D3  3683 0001:0005F0EF  3687 0001:0005F0F4  3688 0001:0005F0F7
  3689 0001:0005F113  3699 0001:0005F118  3700 0001:0005F126  3701 0001:0005F12A
  3703 0001:0005F137  3704 0001:0005F143  3705 0001:0005F152  3706 0001:0005F160
  3707 0001:0005F170  3708 0001:0005F174  3709 0001:0005F178  3702 0001:0005F184
  3711 0001:0005F19B  3718 0001:0005F1A4  3719 0001:0005F1B0  3720 0001:0005F1BE
  3721 0001:0005F1CC  3722 0001:0005F1D0  3723 0001:0005F1E0  3725 0001:0005F1EF
  3719 0001:0005F1F3  3726 0001:0005F1F8  3736 0001:0005F204  3737 0001:0005F212
  3739 0001:0005F21F  3740 0001:0005F22B  3741 0001:0005F23A  3742 0001:0005F249
  3743 0001:0005F257  3744 0001:0005F270  3745 0001:0005F27A  3746 0001:0005F27E
  3738 0001:0005F28A  3748 0001:0005F29E  3755 0001:0005F2A8  3756 0001:0005F2B7
  3757 0001:0005F2DE  3758 0001:0005F2FD  3759 0001:0005F315  3760 0001:0005F319
  3761 0001:0005F329  3762 0001:0005F339  3764 0001:0005F348  3757 0001:0005F34C
  3765 0001:0005F351  3756 0001:0005F355  3766 0001:0005F35B  3770 0001:0005F364
  3771 0001:0005F36D  3772 0001:0005F382  3776 0001:0005F388  3777 0001:0005F391
  3778 0001:0005F3A6  3782 0001:0005F3AC  3783 0001:0005F3AF  3784 0001:0005F3CB
  3788 0001:0005F3D0  3789 0001:0005F3D3  3790 0001:0005F3EF  3800 0001:0005F3F4
  3801 0001:0005F402  3802 0001:0005F406  3804 0001:0005F413  3805 0001:0005F41F
  3806 0001:0005F42E  3807 0001:0005F43C  3808 0001:0005F44C  3809 0001:0005F450
  3810 0001:0005F454  3803 0001:0005F460  3812 0001:0005F477  3819 0001:0005F480
  3820 0001:0005F48C  3821 0001:0005F49A  3822 0001:0005F4A8  3823 0001:0005F4AC
  3824 0001:0005F4BC  3826 0001:0005F4CB  3820 0001:0005F4CF  3827 0001:0005F4D4
  3837 0001:0005F4E0  3838 0001:0005F500  3840 0001:0005F509  3841 0001:0005F512
  3842 0001:0005F51D  3843 0001:0005F52F  3844 0001:0005F542  3845 0001:0005F549
  3846 0001:0005F54D  3839 0001:0005F552  3848 0001:0005F55D  3849 0001:0005F581
  3856 0001:0005F588  3857 0001:0005F597  3858 0001:0005F59F  3859 0001:0005F5C2
  3860 0001:0005F5DD  3861 0001:0005F5F4  3862 0001:0005F5F8  3863 0001:0005F604
  3864 0001:0005F60F  3866 0001:0005F619  3859 0001:0005F61A  3867 0001:0005F61F
  3858 0001:0005F623  3868 0001:0005F629  3869 0001:0005F631  3878 0001:0005F638
  3879 0001:0005F658  3881 0001:0005F661  3882 0001:0005F66A  3883 0001:0005F675
  3884 0001:0005F687  3885 0001:0005F69A  3886 0001:0005F6A1  3887 0001:0005F6A5
  3880 0001:0005F6AA  3889 0001:0005F6B5  3890 0001:0005F6D9  3897 0001:0005F6E0
  3898 0001:0005F702  3899 0001:0005F70A  3900 0001:0005F729  3901 0001:0005F744
  3902 0001:0005F756  3903 0001:0005F75C  3904 0001:0005F767  3905 0001:0005F772
  3907 0001:0005F77D  3900 0001:0005F77E  3908 0001:0005F783  3899 0001:0005F784
  3909 0001:0005F78A  3910 0001:0005F7AF  3919 0001:0005F7B8  3920 0001:0005F7C6
  3921 0001:0005F7E8  3922 0001:0005F802  3923 0001:0005F80F  3924 0001:0005F813
  3926 0001:0005F825  3927 0001:0005F834  3921 0001:0005F835  3927 0001:0005F838
  3920 0001:0005F83B  3928 0001:0005F840  3954 0001:0005F848  3955 0001:0005F851
  3956 0001:0005F866  3960 0001:0005F86C  3961 0001:0005F875  3962 0001:0005F88A
  3966 0001:0005F890  3967 0001:0005F899  3968 0001:0005F8AE  3972 0001:0005F8B4
  3973 0001:0005F8BD  3974 0001:0005F8D2  3978 0001:0005F8D8  3979 0001:0005F8E1
  3980 0001:0005F8F6  3984 0001:0005F8FC  3985 0001:0005F8FF  3986 0001:0005F92C
  3990 0001:0005F930  3991 0001:0005F933  3992 0001:0005F94F  3996 0001:0005F954
  3997 0001:0005F957  3998 0001:0005F973  4002 0001:0005F978  4003 0001:0005F97B
  4004 0001:0005F997  4008 0001:0005F99C  4009 0001:0005F99F  4010 0001:0005F9BB
  4020 0001:0005F9C0  4021 0001:0005F9D1  4022 0001:0005F9D5  4024 0001:0005F9DE
  4025 0001:0005F9E7  4026 0001:0005F9F0  4027 0001:0005F9FA  4028 0001:0005FA09
  4029 0001:0005FA0D  4030 0001:0005FA11  4023 0001:0005FA16  4032 0001:0005FA21
  4033 0001:0005FA2B  4040 0001:0005FA34  4041 0001:0005FA45  4042 0001:0005FA4D
  4043 0001:0005FA5D  4044 0001:0005FA68  4045 0001:0005FA79  4046 0001:0005FA83
  4047 0001:0005FA8F  4048 0001:0005FA9A  4050 0001:0005FAA7  4043 0001:0005FAA8
  4051 0001:0005FAAD  4042 0001:0005FAB1  4052 0001:0005FAB7  4053 0001:0005FABF
  4060 0001:0005FAC8  4061 0001:0005FAD8  4062 0001:0005FADC  4064 0001:0005FAE5
  4065 0001:0005FAEE  4066 0001:0005FAF8  4067 0001:0005FB06  4068 0001:0005FB0A
  4069 0001:0005FB0E  4063 0001:0005FB13  4071 0001:0005FB1E  4072 0001:0005FB28
  4079 0001:0005FB30  4080 0001:0005FB41  4081 0001:0005FB49  4082 0001:0005FB53
  4083 0001:0005FB60  4084 0001:0005FB6A  4085 0001:0005FB75  4087 0001:0005FB82
  4081 0001:0005FB83  4088 0001:0005FB88  4089 0001:0005FB90  4108 0001:0005FB9C
  4109 0001:0005FBBB  4110 0001:0005FBC5  4111 0001:0005FBD5  4113 0001:0005FBE9
  4115 0001:0005FBFB  4117 0001:0005FC05  4118 0001:0005FC2E  4124 0001:0005FC34
  4126 0001:0005FC54  4127 0001:0005FC62  4128 0001:0005FC72  4129 0001:0005FC82
  4130 0001:0005FC96  4131 0001:0005FCA6  4132 0001:0005FCB0  4133 0001:0005FCBC
  4134 0001:0005FCE5  4141 0001:0005FCEC  4142 0001:0005FCF5  4143 0001:0005FD0A
  4147 0001:0005FD10  4148 0001:0005FD19  4149 0001:0005FD2E  4153 0001:0005FD34
  4154 0001:0005FD3D  4155 0001:0005FD52  4159 0001:0005FD58  4160 0001:0005FD61
  4161 0001:0005FD76  4165 0001:0005FD7C  4166 0001:0005FD85  4167 0001:0005FD9A
  4171 0001:0005FDA0  4172 0001:0005FDA3  4173 0001:0005FDD0  4177 0001:0005FDD4
  4178 0001:0005FDD7  4179 0001:0005FDF3  4183 0001:0005FDF8  4184 0001:0005FDFB
  4185 0001:0005FE17  4189 0001:0005FE1C  4190 0001:0005FE1F  4191 0001:0005FE3B
  4195 0001:0005FE40  4196 0001:0005FE43  4197 0001:0005FE5F  4207 0001:0005FE64
  4208 0001:0005FE75  4209 0001:0005FE79  4211 0001:0005FE82  4212 0001:0005FE8B
  4213 0001:0005FE94  4214 0001:0005FE9E  4215 0001:0005FEAD  4216 0001:0005FEB1
  4217 0001:0005FEB5  4210 0001:0005FEBA  4219 0001:0005FEC5  4220 0001:0005FECF
  4227 0001:0005FED8  4228 0001:0005FEE9  4229 0001:0005FEF1  4230 0001:0005FF01
  4231 0001:0005FF0C  4232 0001:0005FF1D  4233 0001:0005FF27  4234 0001:0005FF33
  4235 0001:0005FF3E  4237 0001:0005FF4B  4230 0001:0005FF4C  4238 0001:0005FF51
  4229 0001:0005FF55  4239 0001:0005FF5B  4240 0001:0005FF63  4247 0001:0005FF6C
  4248 0001:0005FF7C  4249 0001:0005FF80  4251 0001:0005FF89  4252 0001:0005FF92
  4253 0001:0005FF9C  4254 0001:0005FFAA  4255 0001:0005FFAE  4256 0001:0005FFB2
  4250 0001:0005FFB7  4258 0001:0005FFC2  4259 0001:0005FFCC  4266 0001:0005FFD4
  4267 0001:0005FFE5  4268 0001:0005FFED  4269 0001:0005FFF7  4270 0001:00060004
  4271 0001:0006000E  4272 0001:00060019  4274 0001:00060026  4268 0001:00060027
  4275 0001:0006002C  4276 0001:00060034  4284 0001:00060040  4285 0001:00060049
  4287 0001:00060059  4288 0001:0006006B  4292 0001:00060070  4293 0001:0006007A
  4294 0001:00060088  4295 0001:00060098  4296 0001:000600A8  4297 0001:000600B4
  4307 0001:000600BC  4308 0001:000600C8  4310 0001:000600D1  4311 0001:000600DA
  4312 0001:000600E3  4309 0001:00060101  4314 0001:0006010C  4315 0001:00060113
  4319 0001:0006011C  4320 0001:0006011F  4321 0001:00060126  4325 0001:00060128
  4326 0001:0006012B  4327 0001:00060132  4331 0001:00060134  4332 0001:00060137
  4333 0001:0006013E  4337 0001:00060140  4338 0001:00060143  4339 0001:0006014A
  4346 0001:0006014C  4347 0001:0006015A  4349 0001:00060166  4350 0001:0006016F
  4351 0001:00060182  4352 0001:0006019E  4353 0001:000601BA  4354 0001:000601D6
  4348 0001:000601F0  4357 0001:000601FF  4358 0001:00060206  4367 0001:0006020C
  4368 0001:00060217  4370 0001:00060220  4371 0001:0006022B  4372 0001:00060236
  4373 0001:00060242  4374 0001:0006024B  4375 0001:00060261  4376 0001:00060268
  4377 0001:0006026C  4369 0001:00060278  4379 0001:00060283  4380 0001:0006028A
  4384 0001:00060290  4385 0001:00060299  4386 0001:000602AE  4390 0001:000602B4
  4391 0001:000602BD  4392 0001:000602D2  4399 0001:000602D8  4400 0001:000602E7
  4401 0001:000602EF  4402 0001:00060312  4403 0001:0006032D  4404 0001:00060344
  4405 0001:00060348  4406 0001:00060354  4407 0001:0006035F  4409 0001:00060369
  4402 0001:0006036A  4410 0001:0006036F  4401 0001:00060373  4411 0001:00060379
  4412 0001:00060381  4416 0001:00060388  4417 0001:0006038B  4418 0001:000603A7
  4422 0001:000603AC  4423 0001:000603AF  4424 0001:000603CB  4434 0001:000603D0
  4435 0001:000603DE  4436 0001:000603E2  4438 0001:000603EB  4439 0001:000603F4
  4440 0001:00060400  4441 0001:00060409  4442 0001:00060418  4443 0001:0006041C
  4444 0001:00060420  4437 0001:0006042C  4446 0001:00060437  4447 0001:00060441
  4454 0001:00060448  4455 0001:00060454  4456 0001:0006045C  4457 0001:00060466
  4458 0001:00060473  4459 0001:00060477  4460 0001:00060482  4462 0001:0006048C
  4456 0001:0006048D  4463 0001:00060492  4464 0001:0006049A  4931 0001:000604A4
  4933 0001:000604C3  4934 0001:000604F1  4935 0001:000604F5  4936 0001:00060523
  4938 0001:00060527  4939 0001:0006054D  4943 0001:00060558  4945 0001:00060577
  4946 0001:000605A5  4947 0001:000605A9  4948 0001:000605D7  4950 0001:000605DB
  4951 0001:00060601  5034 0001:0006060C  5036 0001:00060631  5042 0001:00060634
  5043 0001:00060643  5044 0001:00060648  5046 0001:0006064D  5047 0001:00060662
  5048 0001:00060670  5050 0001:0006067A  5051 0001:00060689  5056 0001:00060690
  5057 0001:000606A2  5060 0001:000606D6  5061 0001:000606E0  5062 0001:000606EA
  5063 0001:000606F2  5065 0001:000606FC  5066 0001:0006070A  5067 0001:00060710
  5073 0001:0006071B  5074 0001:00060725  5075 0001:0006072F  5076 0001:00060737
  5078 0001:00060741  5079 0001:0006074F  5080 0001:00060755  5086 0001:00060760
  5087 0001:0006076A  5088 0001:00060774  5089 0001:00060786  5091 0001:00060790
  5092 0001:0006079E  5093 0001:000607A4  5099 0001:000607AF  5100 0001:000607B9
  5101 0001:000607C3  5102 0001:000607D5  5104 0001:000607DF  5105 0001:000607ED
  5106 0001:000607F3  5112 0001:000607FE  5113 0001:00060808  5114 0001:00060812
  5115 0001:0006081A  5117 0001:00060824  5118 0001:00060832  5119 0001:00060838
  5125 0001:00060843  5126 0001:0006084D  5127 0001:00060857  5128 0001:0006085F
  5130 0001:00060869  5131 0001:00060877  5132 0001:0006087D  5138 0001:00060888
  5139 0001:00060892  5140 0001:0006089C  5141 0001:000608AE  5143 0001:000608B8
  5144 0001:000608C2  5145 0001:000608C8  5151 0001:000608D0  5152 0001:000608DA
  5153 0001:000608E4  5154 0001:000608F6  5156 0001:00060900  5157 0001:0006090A
  5158 0001:00060910  5163 0001:00060916  5164 0001:00060928  5167 0001:0006093B
  5169 0001:00060954  5171 0001:00060969  5173 0001:00060988  5175 0001:000609A7
  5181 0001:000609D0  5184 0001:00060A04  5185 0001:00060A11  5186 0001:00060A23
  5191 0001:00060A30  5192 0001:00060A3D  5193 0001:00060A4F  5198 0001:00060A66
  5199 0001:00060A73  5200 0001:00060A7B  5205 0001:00060A88  5206 0001:00060A95
  5207 0001:00060A9D  5212 0001:00060AB4  5213 0001:00060AC1  5214 0001:00060AC9
  5219 0001:00060ADD  5220 0001:00060AEA  5221 0001:00060AF2  5226 0001:00060AFC
  5227 0001:00060B09  5228 0001:00060B1B  5233 0001:00060B2F  5234 0001:00060B3C
  5235 0001:00060B4E  5241 0001:00060B56  5245 0001:00060B60  5246 0001:00060B69
  5247 0001:00060B80  5248 0001:00060B8B  5251 0001:00060B94  5256 0001:00060BA1
  5257 0001:00060BAA  5265 0001:00060BB0  5266 0001:00060BC1  5267 0001:00060BCE
  5268 0001:00060BE0  5269 0001:00060BEC  5271 0001:00060BF5  5272 0001:00060BFB
  5273 0001:00060C2C  5274 0001:00060C32  5275 0001:00060C38  5276 0001:00060C3E
  5277 0001:00060C44  5278 0001:00060C4A  5279 0001:00060C50  5280 0001:00060C56
  5284 0001:00060C5A  5285 0001:00060C72  5286 0001:00060C7C  5287 0001:00060C88
  5288 0001:00060C8B  5289 0001:00060C8E  5291 0001:00060C90  5292 0001:00060C9E
  5293 0001:00060CB2  5295 0001:00060CBA  5296 0001:00060CC7  5301 0001:00060CD0
  5302 0001:00060CD6  5303 0001:00060CDD  5304 0001:00060CF5  5308 0001:00060CF8
  5309 0001:00060CFE  5310 0001:00060D05  5311 0001:00060D1D  5377 0001:00060D20
  5378 0001:00060D40  5379 0001:00060D62  5380 0001:00060D84  5382 0001:00060D94
  5384 0001:00060DCD  5385 0001:00060DF2  5389 0001:00060E17  5390 0001:00060E2A
  5392 0001:00060E3F  5394 0001:00060E6B  5395 0001:00060E95  5396 0001:00060EA7
  5397 0001:00060EBA  5400 0001:00060EC7  5401 0001:00060EDA  5402 0001:00060EE6
  5404 0001:00060EF8  5405 0001:00060F1F  5407 0001:00060F2D  5408 0001:00060F4A
  5412 0001:00060F5A  5414 0001:00060F96  5415 0001:00060FC5  5416 0001:00060FD9
  5417 0001:00060FF4  5393 0001:00060FFE  5419 0001:00061035  5423 0001:0006105C
  5424 0001:0006107D  5425 0001:00061089  5428 0001:00061090  5429 0001:000610A5
  5432 0001:000610CF  5433 0001:000610E5  6278 0001:00061268  6279 0001:00061272
  6280 0001:00061284  6279 0001:00061293  6281 0001:00061298  6282 0001:000612A4
  6283 0001:000612B8  6287 0001:000612C0  6288 0001:000612C9  6289 0001:000612D7
  6290 0001:000612E0  6294 0001:000612E4  6295 0001:000612EB  6296 0001:000612F4
  6297 0001:00061304  6330 0001:000613A0  6331 0001:000613AC  6332 0001:000613C3
  6333 0001:000613D3  6334 0001:000613F0  6331 0001:000613F1  6335 0001:000613F6
  6370 0001:00061400  6371 0001:00061403  6373 0001:00061419  6380 0001:00061420
  6381 0001:00061423  6382 0001:00061435  6383 0001:00061441  6384 0001:0006144D
  6385 0001:00061459  6386 0001:00061476  6392 0001:0006147C  6393 0001:00061486
  6394 0001:00061494  6395 0001:000614A8  6398 0001:000614D3  6394 0001:000614DD
  6399 0001:000614E2  6526 0001:000614E8  6532 0001:000614FD  6534 0001:0006150A
  6538 0001:0006152D  6540 0001:00061534  6539 0001:0006153D  6541 0001:00061545
  6542 0001:0006154C  6543 0001:00061550  6545 0001:00061557  6544 0001:00061560
  6546 0001:00061568  6547 0001:0006156F  6548 0001:00061573  6550 0001:0006157A
  6549 0001:00061583  6551 0001:0006158B  6552 0001:00061592  6553 0001:00061596
  6554 0001:000615A0  6555 0001:000615A7  6556 0001:000615B1  6557 0001:000615B8
  6593 0001:000615C0  6596 0001:0006165C  6573 0001:00061660  6576 0001:00061670
  6577 0001:00061681  6578 0001:00061692  6579 0001:000616A3  6580 0001:000616B4
  6581 0001:000616C5  6582 0001:000616E4  6583 0001:000616EE  6592 0001:000616FF

Line numbers for ml980726(ml980726.pas) segment .text

    43 0001:00063698    44 0001:000636BB    45 0001:000636E0    46 0001:000636EF
    47 0001:00063708    48 0001:00063721    49 0001:0006372B    48 0001:00063735
    50 0001:00063738    52 0001:00063742    53 0001:00063749    52 0001:00063750
    54 0001:00063753    50 0001:00063756    55 0001:00063759    56 0001:0006375E
    57 0001:0006376B    60 0001:00063778    62 0001:0006379B    63 0001:000637A6
    58 0001:000637B0    65 0001:000637BC    66 0001:000637C9    68 0001:000637D5
    70 0001:000637DB    71 0001:000637E4    73 0001:0006383B    75 0001:00063847
    78 0001:0006384E    82 0001:00063868    84 0001:00063890    85 0001:000638AC
    86 0001:000638C6    88 0001:00063906    91 0001:00063913    80 0001:0006391E
    93 0001:0006392E    94 0001:00063939    78 0001:0006393F    95 0001:00063944
    97 0001:0006394A    98 0001:0006395A    99 0001:0006396D   100 0001:00063980
   101 0001:00063993   102 0001:000639A6   103 0001:000639B9   104 0001:000639CC
   105 0001:000639DF   106 0001:000639F2   107 0001:00063A05   108 0001:00063A18
   109 0001:00063A2B   110 0001:00063A3E   111 0001:00063A51   113 0001:00063A67
   115 0001:00063A70   116 0001:00063A77   117 0001:00063A81   116 0001:00063A94
   118 0001:00063A99   119 0001:00063ABB   120 0001:00063AD0   121 0001:00063AE5
   122 0001:00063AFA   123 0001:00063B0F   124 0001:00063B1E   125 0001:00063B2D
   126 0001:00063B47   128 0001:00063B71   130 0001:00063B95   131 0001:00063BAF
   132 0001:00063BBE   128 0001:00063BC2   133 0001:00063BC7   134 0001:00063BF5
   135 0001:00063BFC   126 0001:00063C01   136 0001:00063C0A   138 0001:00063C16
   139 0001:00063C1E   138 0001:00063C30   140 0001:00063C33   141 0001:00063C61
   142 0001:00063C68   136 0001:00063C6D   145 0001:00063CA7   148 0001:00063E34
   149 0001:00063E3A   150 0001:00063E45   151 0001:00063E4C   153 0001:00063EA7

Line numbers for totbgt(C:\fls\dev\22bgt\totbgt.dpr) segment .text

     9 0001:00064020    10 0001:00064030    11 0001:0006403C    12 0001:00064054
    13 0001:00064060

Program entry point at 0001:00064020
