
 Start         Length     Name                   Class
 0001:00000000 000923F8H .text                   CODE
 0002:00000000 00001D6CH .data                   DATA
 0002:00001D6C 000008E9H .bss                    BSS


Detailed map of segments

 0001:00000000 00004AE0 C=CODE     S=.text    G=(none)   M=System   ACBP=A9
 0001:00004AE0 00000170 C=CODE     S=.text    G=(none)   M=SysInit  ACBP=A9
 0001:00004C50 00000AC4 C=CODE     S=.text    G=(none)   M=Windows  ACBP=A9
 0001:00005714 00000038 C=CODE     S=.text    G=(none)   M=Messages ACBP=A9
 0001:0000574C 0000704E C=CODE     S=.text    G=(none)   M=SysUtils ACBP=A9
 0001:0000C79C 00000050 C=CODE     S=.text    G=(none)   M=ActiveX  ACBP=A9
 0001:0000C7EC 000003C8 C=CODE     S=.text    G=(none)   M=Consts   ACBP=A9
 0001:0000CBB4 00000680 C=CODE     S=.text    G=(none)   M=TypInfo  ACBP=A9
 0001:0000D234 000074AF C=CODE     S=.text    G=(none)   M=Classes  ACBP=A9
 0001:000146E4 00008A7A C=CODE     S=.text    G=(none)   M=Graphics ACBP=A9
 0001:0001D160 000000FC C=CODE     S=.text    G=(none)   M=Commctrl ACBP=A9
 0001:0001D25C 00000038 C=CODE     S=.text    G=(none)   M=Imm      ACBP=A9
 0001:0001D294 00000038 C=CODE     S=.text    G=(none)   M=WinSpool ACBP=A9
 0001:0001D2CC 00000044 C=CODE     S=.text    G=(none)   M=Printers ACBP=A9
 0001:0001D310 00008EEF C=CODE     S=.text    G=(none)   M=Controls ACBP=A9
 0001:00026200 000021EA C=CODE     S=.text    G=(none)   M=Menus    ACBP=A9
 0001:000283EC 000082E7 C=CODE     S=.text    G=(none)   M=Forms    ACBP=A9
 0001:000306D4 00000038 C=CODE     S=.text    G=(none)   M=CommDlg  ACBP=A9
 0001:0003070C 00005208 C=CODE     S=.text    G=(none)   M=StdCtrls ACBP=A9
 0001:00035914 00001F7C C=CODE     S=.text    G=(none)   M=ExtCtrls ACBP=A9
 0001:00037890 00000038 C=CODE     S=.text    G=(none)   M=Dlgs     ACBP=A9
 0001:000378C8 000009C5 C=CODE     S=.text    G=(none)   M=Dialogs  ACBP=A9
 0001:00038290 00000238 C=CODE     S=.text    G=(none)   M=DbConsts ACBP=A9
 0001:000384C8 00000630 C=CODE     S=.text    G=(none)   M=Clipbrd  ACBP=A9
 0001:00038AF8 000029D8 C=CODE     S=.text    G=(none)   M=Mask     ACBP=A9
 0001:0003B4D0 0000A58C C=CODE     S=.text    G=(none)   M=Db       ACBP=A9
 0001:00045A5C 00003C2C C=CODE     S=.text    G=(none)   M=Bde      ACBP=A9
 0001:00049688 000019C0 C=CODE     S=.text    G=(none)   M=DBCommon ACBP=A9
 0001:0004B048 00000068 C=CODE     S=.text    G=(none)   M=SMIntf   ACBP=A9
 0001:0004B0B0 00000068 C=CODE     S=.text    G=(none)   M=StdVCL   ACBP=A9
 0001:0004B118 000004AC C=CODE     S=.text    G=(none)   M=DBPWDlg  ACBP=A9
 0001:0004B5C4 00000338 C=CODE     S=.text    G=(none)   M=DBLogDlg ACBP=A9
 0001:0004B8FC 00000130 C=CODE     S=.text    G=(none)   M=BdeConst ACBP=A9
 0001:0004BA2C 0000EDF4 C=CODE     S=.text    G=(none)   M=DBTables ACBP=A9
 0001:0005A820 0000082C C=CODE     S=.text    G=(none)   M=Registry ACBP=A9
 0001:0005B04C 00000138 C=CODE     S=.text    G=(none)   M=DsgnIntf ACBP=A9
 0001:0005B184 00000274 C=CODE     S=.text    G=(none)   M=wwStacks ACBP=A9
 0001:0005B3F8 000000E8 C=CODE     S=.text    G=(none)   M=Wwtypes  ACBP=A9
 0001:0005B4E0 000004CC C=CODE     S=.text    G=(none)   M=Wwstr    ACBP=A9
 0001:0005B9AC 0000256C C=CODE     S=.text    G=(none)   M=wwfilter ACBP=A9
 0001:0005DF18 00000808 C=CODE     S=.text    G=(none)   M=wwSystem ACBP=A9
 0001:0005E720 00002BA9 C=CODE     S=.text    G=(none)   M=Buttons  ACBP=A9
 0001:000612CC 00000038 C=CODE     S=.text    G=(none)   M=RichEdit ACBP=A9
 0001:00061304 00000038 C=CODE     S=.text    G=(none)   M=ToolWin  ACBP=A9
 0001:0006133C 00000050 C=CODE     S=.text    G=(none)   M=ComStrs  ACBP=A9
 0001:0006138C 00002B84 C=CODE     S=.text    G=(none)   M=ComCtrls ACBP=A9
 0001:00063F10 00001AB4 C=CODE     S=.text    G=(none)   M=DBCtrls  ACBP=A9
 0001:000659C4 000009D4 C=CODE     S=.text    G=(none)   M=Wwquery  ACBP=A9
 0001:00066398 0000102C C=CODE     S=.text    G=(none)   M=Wwqbe    ACBP=A9
 0001:000673C4 00000EF8 C=CODE     S=.text    G=(none)   M=Wwpict   ACBP=A9
 0001:000682BC 00005A3B C=CODE     S=.text    G=(none)   M=Wwintl   ACBP=A9
 0001:0006DCF8 000000D8 C=CODE     S=.text    G=(none)   M=Wwdatsrc ACBP=A9
 0001:0006DDD0 000008EC C=CODE     S=.text    G=(none)   M=wwstorep ACBP=A9
 0001:0006E6BC 000032FC C=CODE     S=.text    G=(none)   M=Wwcommon ACBP=A9
 0001:000719B8 00000F04 C=CODE     S=.text    G=(none)   M=Wwlocate ACBP=A9
 0001:000728BC 00001D80 C=CODE     S=.text    G=(none)   M=Wwtable  ACBP=A9
 0001:0007463C 00005D14 C=CODE     S=.text    G=(none)   M=Grids    ACBP=A9
 0001:0007A350 00000038 C=CODE     S=.text    G=(none)   M=wwdblook ACBP=A9
 0001:0007A388 00000B08 C=CODE     S=.text    G=(none)   M=Wwdotdot ACBP=A9
 0001:0007AE90 0000282C C=CODE     S=.text    G=(none)   M=Wwdbcomb ACBP=A9
 0001:0007D6BC 00000AF8 C=CODE     S=.text    G=(none)   M=Wwmemo   ACBP=A9
 0001:0007E1B4 000041C4 C=CODE     S=.text    G=(none)   M=Wwdbgrid ACBP=A9
 0001:00082378 00004088 C=CODE     S=.text    G=(none)   M=wwdbedit ACBP=A9
 0001:00086400 00007D34 C=CODE     S=.text    G=(none)   M=Wwdbigrd ACBP=A9
 0001:0008E134 00002D40 C=CODE     S=.text    G=(none)   M=Dbcgrids ACBP=A9
 0001:00090E74 0000049C C=CODE     S=.text    G=(none)   M=Unit1    ACBP=A9
 0001:00091310 00000970 C=CODE     S=.text    G=(none)   M=Unit3    ACBP=A9
 0001:00091C80 00000460 C=CODE     S=.text    G=(none)   M=Unit2    ACBP=A9
 0001:000920E0 00000318 C=CODE     S=.text    G=(none)   M=conto    ACBP=A9
 0002:00000000 000000F6 C=DATA     S=.data    G=DGROUP   M=System   ACBP=A9
 0002:000000F8 00000010 C=DATA     S=.data    G=DGROUP   M=SysInit  ACBP=A9
 0002:00000108 00000238 C=DATA     S=.data    G=DGROUP   M=SysUtils ACBP=A9
 0002:00000340 00000004 C=DATA     S=.data    G=DGROUP   M=TypInfo  ACBP=A9
 0002:00000344 00000018 C=DATA     S=.data    G=DGROUP   M=Classes  ACBP=A9
 0002:0000035C 000002B4 C=DATA     S=.data    G=DGROUP   M=Graphics ACBP=A9
 0002:00000610 00000004 C=DATA     S=.data    G=DGROUP   M=Printers ACBP=A9
 0002:00000614 000000CC C=DATA     S=.data    G=DGROUP   M=Controls ACBP=A9
 0002:000006E0 000000A6 C=DATA     S=.data    G=DGROUP   M=Menus    ACBP=A9
 0002:00000788 000000FC C=DATA     S=.data    G=DGROUP   M=Forms    ACBP=A9
 0002:00000884 000000B0 C=DATA     S=.data    G=DGROUP   M=StdCtrls ACBP=A9
 0002:00000934 0000000E C=DATA     S=.data    G=DGROUP   M=ExtCtrls ACBP=A9
 0002:00000944 000000B0 C=DATA     S=.data    G=DGROUP   M=Dialogs  ACBP=A9
 0002:000009F4 00000009 C=DATA     S=.data    G=DGROUP   M=Mask     ACBP=A9
 0002:00000A00 00000077 C=DATA     S=.data    G=DGROUP   M=Db       ACBP=A9
 0002:00000A78 00000C20 C=DATA     S=.data    G=DGROUP   M=Bde      ACBP=A9
 0002:00001698 000000B0 C=DATA     S=.data    G=DGROUP   M=DBCommon ACBP=A9
 0002:00001748 00000010 C=DATA     S=.data    G=DGROUP   M=SMIntf   ACBP=A9
 0002:00001758 00000058 C=DATA     S=.data    G=DGROUP   M=DBTables ACBP=A9
 0002:000017B0 00000008 C=DATA     S=.data    G=DGROUP   M=Registry ACBP=A9
 0002:000017B8 0000003C C=DATA     S=.data    G=DGROUP   M=DsgnIntf ACBP=A9
 0002:000017F4 00000038 C=DATA     S=.data    G=DGROUP   M=wwSystem ACBP=A9
 0002:0000182C 000000A2 C=DATA     S=.data    G=DGROUP   M=Buttons  ACBP=A9
 0002:000018D0 00000031 C=DATA     S=.data    G=DGROUP   M=ComCtrls ACBP=A9
 0002:00001904 00000050 C=DATA     S=.data    G=DGROUP   M=DBCtrls  ACBP=A9
 0002:00001954 0000000C C=DATA     S=.data    G=DGROUP   M=Wwdbigrd ACBP=A9
 0002:00002000 000004AC C=BSS      S=.bss     G=DGROUP   M=System   ACBP=A9
 0002:000024AC 00000018 C=BSS      S=.bss     G=DGROUP   M=SysInit  ACBP=A9
 0002:000024C4 00000004 C=BSS      S=.bss     G=DGROUP   M=Windows  ACBP=A9
 0002:000024C8 00000004 C=BSS      S=.bss     G=DGROUP   M=Messages ACBP=A9
 0002:000024CC 00000110 C=BSS      S=.bss     G=DGROUP   M=SysUtils ACBP=A9
 0002:000025DC 00000004 C=BSS      S=.bss     G=DGROUP   M=ActiveX  ACBP=A9
 0002:000025E0 00000004 C=BSS      S=.bss     G=DGROUP   M=Consts   ACBP=A9
 0002:000025E4 00000004 C=BSS      S=.bss     G=DGROUP   M=TypInfo  ACBP=A9
 0002:000025E8 00000018 C=BSS      S=.bss     G=DGROUP   M=Classes  ACBP=A9
 0002:00002600 0000005C C=BSS      S=.bss     G=DGROUP   M=Graphics ACBP=A9
 0002:0000265C 00000004 C=BSS      S=.bss     G=DGROUP   M=Commctrl ACBP=A9
 0002:00002660 00000004 C=BSS      S=.bss     G=DGROUP   M=Imm      ACBP=A9
 0002:00002664 00000004 C=BSS      S=.bss     G=DGROUP   M=WinSpool ACBP=A9
 0002:00002668 00000004 C=BSS      S=.bss     G=DGROUP   M=Printers ACBP=A9
 0002:0000266C 00000070 C=BSS      S=.bss     G=DGROUP   M=Controls ACBP=A9
 0002:000026DC 0000000C C=BSS      S=.bss     G=DGROUP   M=Menus    ACBP=A9
 0002:000026E8 00000040 C=BSS      S=.bss     G=DGROUP   M=Forms    ACBP=A9
 0002:00002728 00000004 C=BSS      S=.bss     G=DGROUP   M=CommDlg  ACBP=A9
 0002:0000272C 00000004 C=BSS      S=.bss     G=DGROUP   M=StdCtrls ACBP=A9
 0002:00002730 00000004 C=BSS      S=.bss     G=DGROUP   M=ExtCtrls ACBP=A9
 0002:00002734 00000004 C=BSS      S=.bss     G=DGROUP   M=Dlgs     ACBP=A9
 0002:00002738 0000000C C=BSS      S=.bss     G=DGROUP   M=Dialogs  ACBP=A9
 0002:00002744 00000004 C=BSS      S=.bss     G=DGROUP   M=DbConsts ACBP=A9
 0002:00002748 0000000C C=BSS      S=.bss     G=DGROUP   M=Clipbrd  ACBP=A9
 0002:00002754 00000004 C=BSS      S=.bss     G=DGROUP   M=Mask     ACBP=A9
 0002:00002758 00000004 C=BSS      S=.bss     G=DGROUP   M=Db       ACBP=A9
 0002:0000275C 0000001C C=BSS      S=.bss     G=DGROUP   M=Bde      ACBP=A9
 0002:00002778 00000004 C=BSS      S=.bss     G=DGROUP   M=DBCommon ACBP=A9
 0002:0000277C 00000004 C=BSS      S=.bss     G=DGROUP   M=SMIntf   ACBP=A9
 0002:00002780 00000004 C=BSS      S=.bss     G=DGROUP   M=StdVCL   ACBP=A9
 0002:00002784 00000004 C=BSS      S=.bss     G=DGROUP   M=DBPWDlg  ACBP=A9
 0002:00002788 00000004 C=BSS      S=.bss     G=DGROUP   M=DBLogDlg ACBP=A9
 0002:0000278C 00000004 C=BSS      S=.bss     G=DGROUP   M=BdeConst ACBP=A9
 0002:00002790 0000002C C=BSS      S=.bss     G=DGROUP   M=DBTables ACBP=A9
 0002:000027BC 00000004 C=BSS      S=.bss     G=DGROUP   M=Registry ACBP=A9
 0002:000027C0 00000004 C=BSS      S=.bss     G=DGROUP   M=DsgnIntf ACBP=A9
 0002:000027C4 00000004 C=BSS      S=.bss     G=DGROUP   M=wwStacks ACBP=A9
 0002:000027C8 00000004 C=BSS      S=.bss     G=DGROUP   M=Wwtypes  ACBP=A9
 0002:000027CC 00000004 C=BSS      S=.bss     G=DGROUP   M=Wwstr    ACBP=A9
 0002:000027D0 0000003C C=BSS      S=.bss     G=DGROUP   M=wwfilter ACBP=A9
 0002:0000280C 00000004 C=BSS      S=.bss     G=DGROUP   M=wwSystem ACBP=A9
 0002:00002810 00000030 C=BSS      S=.bss     G=DGROUP   M=Buttons  ACBP=A9
 0002:00002840 00000004 C=BSS      S=.bss     G=DGROUP   M=RichEdit ACBP=A9
 0002:00002844 00000004 C=BSS      S=.bss     G=DGROUP   M=ToolWin  ACBP=A9
 0002:00002848 00000004 C=BSS      S=.bss     G=DGROUP   M=ComStrs  ACBP=A9
 0002:0000284C 00000008 C=BSS      S=.bss     G=DGROUP   M=ComCtrls ACBP=A9
 0002:00002854 00000004 C=BSS      S=.bss     G=DGROUP   M=DBCtrls  ACBP=A9
 0002:00002858 00000004 C=BSS      S=.bss     G=DGROUP   M=Wwquery  ACBP=A9
 0002:0000285C 00000004 C=BSS      S=.bss     G=DGROUP   M=Wwqbe    ACBP=A9
 0002:00002860 00000004 C=BSS      S=.bss     G=DGROUP   M=Wwpict   ACBP=A9
 0002:00002864 00000008 C=BSS      S=.bss     G=DGROUP   M=Wwintl   ACBP=A9
 0002:0000286C 00000004 C=BSS      S=.bss     G=DGROUP   M=Wwdatsrc ACBP=A9
 0002:00002870 00000004 C=BSS      S=.bss     G=DGROUP   M=wwstorep ACBP=A9
 0002:00002874 00000004 C=BSS      S=.bss     G=DGROUP   M=Wwcommon ACBP=A9
 0002:00002878 00000004 C=BSS      S=.bss     G=DGROUP   M=Wwlocate ACBP=A9
 0002:0000287C 00000004 C=BSS      S=.bss     G=DGROUP   M=Wwtable  ACBP=A9
 0002:00002880 00000004 C=BSS      S=.bss     G=DGROUP   M=Grids    ACBP=A9
 0002:00002884 00000004 C=BSS      S=.bss     G=DGROUP   M=wwdblook ACBP=A9
 0002:00002888 00000004 C=BSS      S=.bss     G=DGROUP   M=Wwdotdot ACBP=A9
 0002:0000288C 00000004 C=BSS      S=.bss     G=DGROUP   M=Wwdbcomb ACBP=A9
 0002:00002890 00000004 C=BSS      S=.bss     G=DGROUP   M=Wwmemo   ACBP=A9
 0002:00002894 00000004 C=BSS      S=.bss     G=DGROUP   M=Wwdbgrid ACBP=A9
 0002:00002898 00000004 C=BSS      S=.bss     G=DGROUP   M=wwdbedit ACBP=A9
 0002:0000289C 00000018 C=BSS      S=.bss     G=DGROUP   M=Wwdbigrd ACBP=A9
 0002:000028B4 00000004 C=BSS      S=.bss     G=DGROUP   M=Dbcgrids ACBP=A9
 0002:000028B8 0000000C C=BSS      S=.bss     G=DGROUP   M=Unit1    ACBP=A9
 0002:000028C4 0000000C C=BSS      S=.bss     G=DGROUP   M=Unit3    ACBP=A9
 0002:000028D0 00000018 C=BSS      S=.bss     G=DGROUP   M=Unit2    ACBP=A9


  Address         Publics by Name

 0001:0000BB08       .
 0002:000025E0       .1
 0002:000028CC       .1
 0002:000025D0       .1
 0002:000028E4       .1
 0002:000028B4       .1
 0002:000028C0       .1
 0001:0000191C       @AbstractError
 0001:000044F5       @Append
 0001:00001EFC       @AsClass
 0001:000043CE       @Assign
 0001:00001A38       @AStrCmp
 0001:00001F48       @CallDynaInst
 0001:00002064       @ClassCreate
 0001:000020A0       @ClassDestroy
 0001:00004470       @Close
 0001:00001864       @Copy
 0001:00003218       @Dispose
 0001:00002448       @DoneExcept
 0001:00004978       @Ext2Real
 0001:00001AA8       @FillChar
 0001:000031F8       @Finalize
 0001:00003138       @FinalizeArray
 0001:0000310C       @FinalizeRecord
 0001:00001F60       @FindDynaInst
 0001:00004449       @Flush
 0001:00001788       @FreeMem
 0001:00001770       @GetMem
 0001:00004B5C       @GetTls
 0001:000028E4       @Halt
 0001:000027CC       @Halt0
 0001:000021A4       @HandleAnyException
 0001:000023A0       @HandleFinally
 0001:00002268       @HandleOnException
 0001:00004BF4       @InitExe
 0001:00003100       @Initialize
 0001:00003070       @InitializeArray
 0001:00003044       @InitializeRecord
 0001:00002728       @InitImports
 0001:0000270C       @InitResStringImports
 0001:000026F0       @InitResStrings
 0001:00004160       @IntfAddRef
 0001:0000412C       @IntfClear
 0001:00004144       @IntfCopy
 0001:00001D58       @IntOver
 0001:00001EE4       @IsClass
 0001:00002D3C       @LStrAddRef
 0001:00002920       @LStrArrayClr
 0001:00002950       @LStrAsg
 0001:00002B90       @LStrCat
 0001:00002BD4       @LStrCat3
 0001:00002C48       @LStrCatN
 0001:000028FC       @LStrClr
 0001:00002C98       @LStrCmp
 0001:00002D8C       @LStrCopy
 0001:00002DCC       @LStrDelete
 0001:00002B38       @LStrFromArray
 0001:00002AB0       @LStrFromChar
 0001:00002AC0       @LStrFromPChar
 0001:000029E0       @LStrFromPCharLen
 0001:00002AF0       @LStrFromPWChar
 0001:00002A10       @LStrFromPWCharLen
 0001:00002B2C       @LStrFromString
 0001:00002B50       @LStrFromWStr
 0001:00002E14       @LStrInsert
 0001:00002994       @LStrLAsg
 0001:00002B88       @LStrLen
 0001:00002E70       @LStrPos
 0001:00002EB8       @LStrSetLength
 0001:00002D4C       @LStrToPChar
 0001:00002B64       @LStrToString
 0001:00003204       @New
 0001:000029BC       @NewAnsiString
 0001:00004674       @Pow10
 0001:000019B4       @PStrCmp
 0001:00001968       @PStrCpy
 0001:00001938       @PStrNCat
 0001:00001984       @PStrNCpy
 0001:000023F4       @RaiseAgain
 0001:000023D8       @RaiseExcept
 0001:00004948       @Real2Ext
 0001:000017A0       @ReallocMem
 0001:000044E7       @ResetText
 0001:000044EE       @RewritText
 0001:000018F8       @ROUND
 0001:000028F0       @RunError
 0001:00001C18       @SetEq
 0001:00001C2C       @SetExpand
 0001:000026C0       @StartExe
 0001:00001B28       @Str0Long
 0001:00001AC8       @StrLong
 0001:00001900       @TRUNC
 0001:00002478       @TryFinallyExit
 0001:00001B34       @ValLong
 0001:000039B8       @VarAddRef
 0001:00003C00       @VarArrayGet
 0001:00003C84       @VarArrayPut
 0001:000034EC       @VarCast
 0001:00003380       @VarClear
 0001:000039B0       @VarClr
 0001:000038B4       @VarCmp
 0001:000033B4       @VarCopy
 0001:0000378C       @VarFromBool
 0001:000037C4       @VarFromCurr
 0001:00003774       @VarFromInt
 0001:000037DC       @VarFromLStr
 0001:000037AC       @VarFromReal
 0001:0000364C       @VarToBool
 0001:000036DC       @VarToCurr
 0001:000035E0       @VarToInt
 0001:00003738       @VarToLStr
 0001:00003680       @VarToReal
 0001:000045DB       @Write0Char
 0001:00004644       @Write0CString
 0001:000045A0       @Write0String
 0001:0000462D       @WriteChar
 0001:00004648       @WriteCString
 0001:000045C7       @WriteLn
 0001:000045AA       @WriteString
 0001:00002F3C       @WStrArrayClr
 0001:00002F60       @WStrAsg
 0001:00002F24       @WStrClr
 0001:00003034       @WStrFromLStr
 0001:00002F84       @WStrFromPCharLen
 0001:00003018       @WStrFromPWCharLen
 0001:00001BF4       @_CLenToPasStr
 0001:00001BDC       @_CToPasStr
 0001:00004424       @_Flush
 0001:00001834       @_IOTest
 0001:0000A54C       Abort
 0001:0000A8FC       AbstractErrorHandler
 0002:00002018       AbstractErrorProc
 0002:00000178       AccessMode
 0001:000050D8       ActivateKeyboardLayout
 0001:0000C7E4       ActiveX
 0001:000062F4       AddExitProc
 0001:00003F80       AddModuleUnloadProc
 0001:000066EC       AdjustLineBreaks
 0001:000050E0       AdjustWindowRectEx
 0001:0000B84C       AL1
 0002:00000328       AL1s
 0001:0000B85C       AL2
 0002:00000334       AL2s
 0001:00029BA0       AllocateHWnd
 0001:00006288       AllocMem
 0002:00002400       AllocMemCount
 0002:00002404       AllocMemSize
 0001:0000B8C8       ALR
 0001:0000B874       ALV
 0001:000065C8       AnsiCompareText
 0001:00006AF0       AnsiLastChar
 0001:000050E8       AnsiLower
 0001:00006588       AnsiLowerCase
 0001:0000B288       AnsiLowerCaseFileName
 0001:0000B22C       AnsiPos
 0001:00006618       AnsiStrLIComp
 0001:0000B460       AnsiStrPos
 0001:0000B550       AnsiStrRScan
 0001:0000B5A4       AnsiStrScan
 0001:0004DD98       AnsiToNative
 0001:0004DE2C       AnsiToNativeBuf
 0001:00006548       AnsiUpperCase
 0001:0000B374       AnsiUpperCaseFileName
 0001:00008044       AppendChars
 0001:00008498       AppendFormat
 0001:000080D8       AppendNumber
 0001:000080B4       AppendString
 0002:000026E8       Application
 0001:0000A840       AssertErrorHandler
 0002:00002014       AssertErrorProc
 0001:00049680       Bde
 0001:0004BA24       BdeConst
 0001:0000E7BC       BeginGlobalLoading
 0001:000050F0       BeginPaint
 0001:00004E90       BitBlt
 0002:000016F4       BlobTypeMap
 0001:0000E248       Bounds
 0001:0003DE48       BuffersEqual
 0001:000612A4       Buttons
 0001:0000AFDC       ByteToCharIndex
 0001:0000AFA0       ByteToCharLen
 0001:0000AF30       ByteType
 0001:0000AEA4       ByteTypeTest
 0001:000050F8       CallNextHookEx
 0001:0000B7DC       CallTerminateProcs
 0001:00005100       CallWindowProc
 0001:0001EE24       CancelDrag
 0002:0000274A       CF_COMPONENT
 0002:00002748       CF_PICTURE
 0001:00006BB8       ChangeFileExt
 0001:00005108       CharLowerBuff
 0001:00015E70       CharsetToIdent
 0001:0000B128       CharToByteIndex
 0001:0000B1B8       CharToByteLen
 0001:00005110       CharToOem
 0001:00005118       CharToOemBuff
 0001:00005120       CharUpperBuff
 0001:0004E090       Check
 0001:00005128       CheckMenuItem
 0001:0001466C       Classes
 0002:00001748       Class_SMClient
 0001:00005130       ClientToScreen
 0001:00038A3C       Clipboard
 0001:00038A9C       Clipbrd
 0001:00005138       CloseClipboard
 0001:00004C88       CloseHandle
 0002:00002028       CmdLine
 0002:00002024       CmdShow
 0001:0000C7AC       CoCreateInstance
 0001:0000C79C       CoInitialize
 0001:00015C68       ColorToIdent
 0001:00015C58       ColorToRGB
 0001:00063F08       ComCtrls
 0001:0001D254       Commctrl
 0001:00030704       CommDlg
 0001:000064D4       CompareMem
 0001:000064A4       CompareStr
 0001:00004C90       CompareString
 0001:000064F4       CompareText
 0001:00061384       ComStrs
 0001:0000CBAC       Consts
 0001:00092338       conto
 0001:000261DC       Controls
 0001:0000A2A8       ConvertAddr
 0001:000081EC       ConvertEraString
 0001:00006238       ConvertError
 0001:00006258       ConvertErrorFmt
 0001:00008378       ConvertYearString
 0001:00004E98       CopyEnhMetaFile
 0001:0001AFB0       CopyPalette
 0002:000028BC       cor
 0001:0000C7A4       CoUninitialize
 0001:0000B06C       CountChars
 0001:0000AA48       CreateAVObject
 0001:00004EA0       CreateBitmap
 0001:00004EA8       CreateBrushIndirect
 0001:00004EB0       CreateCompatibleBitmap
 0001:00004EB8       CreateCompatibleDC
 0001:00004EC8       CreateDIBitmap
 0001:00004EC0       CreateDIBSection
 0001:00004C98       CreateEvent
 0001:00004CA0       CreateFile
 0001:00004ED0       CreateFontIndirect
 0001:00004ED8       CreateHalftonePalette
 0001:00004EE0       CreateHatchBrush
 0001:00005140       CreateIcon
 0001:0000A6D0       CreateInOutError
 0001:00005148       CreateMenu
 0001:00037B4C       CreateMessageDialog
 0001:00004CA8       CreateMutexA
 0001:00004EE8       CreatePalette
 0001:00004EF0       CreatePenIndirect
 0001:00005150       CreatePopupMenu
 0002:00001758       CreateProviderProc
 0001:00004EF8       CreateRectRgn
 0001:00004F00       CreateSolidBrush
 0001:00004CB0       CreateThread
 0001:000056A8       CreateWindow
 0001:00005158       CreateWindowEx
 0002:00000614       CreationControl
 0002:00000788       Ctl3DBtnWndProc
 0002:00000790       Ctl3DCtlColorEx
 0002:0000078C       Ctl3DDlgFramePaint
 0002:000024D4       CurrencyDecimals
 0002:000024D0       CurrencyFormat
 0002:000024CC       CurrencyString
 0001:00008024       CurrentYear
 0001:000498C4       CurrToFMTBCD
 0001:00007678       CurrToStr
 0001:000076E4       CurrToStrF
 0001:0001E66C       CursorToIdent
 0001:0003DD68       DatabaseError
 0001:0003DD84       DatabaseErrorFmt
 0002:000016E0       DataTypeMap
 0001:00007FA4       Date
 0002:000024D5       DateSeparator
 0001:00008D00       DateTimeToStr
 0001:00008C54       DateTimeToString
 0001:00007958       DateTimeToTimeStamp
 0001:00008CC0       DateToStr
 0001:00007F6C       DayOfWeek
 0001:00045A54       Db
 0001:00090E6C       Dbcgrids
 0001:0004B040       DBCommon
 0001:000384C0       DbConsts
 0001:000659B0       DBCtrls
 0001:000480C6       DbiAcqPersistTableLock
 0001:000480D8       DbiAcqTableLock
 0001:000479D6       DbiActivateFilter
 0001:0004732E       DbiAddAlias
 0001:00047298       DbiAddDriver
 0001:000479E2       DbiAddFilter
 0001:00047EFE       DbiAddIndex
 0001:0004808A       DbiAddPassword
 0001:000475B0       DbiAnsiToNative
 0001:00047EA4       DbiAppendRecord
 0001:000473DC       DbiApplyDelayedUpdates
 0001:000479C4       DbiBatchMove
 0001:00047580       DbiBcdFromFloat
 0001:00047586       DbiBcdToFloat
 0001:00047256       DbiBeginConstraintLayer
 0001:000473E8       DbiBeginDelayedUpdates
 0001:00048114       DbiBeginLinkMode
 0001:000479B2       DbiBeginTran
 0001:00047DA8       DbiCfgAddRecord
 0001:00047DC0       DbiCfgBuildPath
 0001:00047D9C       DbiCfgDropRecord
 0001:00047D90       DbiCfgGetHelp
 0001:00047DB4       DbiCfgGetNextNode
 0001:00047DAE       DbiCfgGetRecord
 0001:00047D8A       DbiCfgMerge
 0001:00047DA2       DbiCfgModifyRecord
 0001:00047DBA       DbiCfgPosition
 0001:00047DC6       DbiCfgSave
 0001:00047D96       DbiCfgTranslate
 0001:00047E38       DbiCheckRefresh
 0001:0004723E       DbiCheckSQLExpression
 0001:00047F2E       DbiCloneCursor
 0001:000475CE       DbiCloseConfigFile
 0001:000481DA       DbiCloseCursor
 0001:000481F2       DbiCloseDatabase
 0001:00047532       DbiCloseFieldXlt
 0001:00047F58       DbiCloseIndex
 0001:00048090       DbiCloseSession
 0001:00047F34       DbiCompareBookMarks
 0001:00047E9E       DbiCompareKeys
 0001:00047F10       DbiCopyTable
 0001:00048126       DbiCreateInMemTable
 0001:00047F16       DbiCreateTable
 0001:00047E74       DbiCreateTempTable
 0001:00047F64       DbiDateDecode
 0001:00047F6A       DbiDateEncode
 0001:000479D0       DbiDeactivateFilter
 0001:00047D60       DbiDebugLayerOptions
 0001:00047316       DbiDeleteAlias
 0001:00047292       DbiDeleteDriver
 0001:00047EF8       DbiDeleteIndex
 0001:00048198       DbiDeleteRecord
 0001:00047F04       DbiDeleteTable
 0001:000495E9       DbiDLLExit
 0001:00047EE0       DbiDoRestructure
 0001:000472BC       DbiDRAdd
 0001:000473B2       DbiDRAddAttr
 0001:000473CA       DbiDRClose
 0001:0004734C       DbiDRCreate
 0001:00047310       DbiDRCreateEnumAttrDomain
 0001:000473B8       DbiDRCreateObjectType
 0001:000473A6       DbiDRCreateRelationType
 0001:00047346       DbiDRDelete
 0001:00047304       DbiDRDeleteEnumAttrDomain
 0001:0004739A       DbiDRDeleteObjectType
 0001:000473A0       DbiDRDeleteRelationType
 0001:000472B6       DbiDRDrop
 0001:000473AC       DbiDRDropAttr
 0001:000473BE       DbiDRExportToFile
 0001:0004737C       DbiDRGetAttrDescs
 0001:000473D6       DbiDRGetDesc
 0001:000472FE       DbiDRGetEnumAttrDomain
 0001:00047364       DbiDRGetObjID
 0001:00047382       DbiDRGetObjTypeInfo
 0001:000472C2       DbiDRGetRelatedObject
 0001:00047376       DbiDRGetRelTypeInfo
 0001:000473C4       DbiDRImportFromFile
 0001:00047352       DbiDRLoadDBObject
 0001:0004730A       DbiDRModifyEnumAttrDomain
 0001:000473D0       DbiDROpen
 0001:0004738E       DbiDROpenAttrTypeList
 0001:00047394       DbiDROpenObjectTypeList
 0001:00047370       DbiDROpenObjSet
 0001:0004736A       DbiDROpenRelSet
 0001:00047388       DbiDROpenRelTypeList
 0001:000479DC       DbiDropFilter
 0001:00048084       DbiDropPassword
 0001:0004735E       DbiDRSetToObjID
 0001:00047358       DbiDRSetToObjName
 0001:00047EBC       DbiEmptyTable
 0001:00047244       DbiEndConstraintLayer
 0001:000473E2       DbiEndDelayedUpdates
 0001:0004810E       DbiEndLinkMode
 0001:000479AC       DbiEndTran
 0001:0004E074       DbiError
 0001:00049569       DbiExit
 0001:00047F46       DbiExtractKey
 0001:000480A8       DbiForceRecordReread
 0001:000480B4       DbiForceReread
 0001:00047E68       DbiFormFullName
 0001:00047FF4       DbiFreeBlob
 0001:00048006       DbiGetBlob
 0001:00047FEE       DbiGetBlobHeading
 0001:0004800C       DbiGetBlobSize
 0001:00047F40       DbiGetBookMark
 0001:00047E32       DbiGetCallBack
 0001:00047A06       DbiGetClientInfo
 0001:00048096       DbiGetCurrSession
 0001:000480AE       DbiGetCursorForTable
 0001:000481E6       DbiGetCursorProps
 0001:00048054       DbiGetDatabaseDesc
 0001:00047D84       DbiGetDateFormat
 0001:000472DA       DbiGetDefaultRepository
 0001:0004817A       DbiGetDirectory
 0001:00048060       DbiGetDriverDesc
 0001:00047E5C       DbiGetErrorContext
 0001:00047E56       DbiGetErrorEntry
 0001:00047E8C       DbiGetErrorInfo
 0001:00047E62       DbiGetErrorString
 0001:0004795E       DbiGetExactRecordCount
 0001:00047F76       DbiGetField
 0001:000481E0       DbiGetFieldDescs
 0001:0004803C       DbiGetFieldTypeDesc
 0001:00047544       DbiGetFilterInfo
 0001:00047F4C       DbiGetIndexDesc
 0001:000475C2       DbiGetIndexDescs
 0001:00047EF2       DbiGetIndexForField
 0001:00047EEC       DbiGetIndexSeqNo
 0001:00048030       DbiGetIndexTypeDesc
 0001:000479EE       DbiGetLdName
 0001:0004798E       DbiGetLdNameFromDb
 0001:00047E80       DbiGetLdObj
 0001:000480FC       DbiGetLinkStatus
 0001:00047FC4       DbiGetNetUserName
 0001:000481C2       DbiGetNextRecord
 0001:00047D6C       DbiGetNumberFormat
 0001:0004759E       DbiGetObjFromName
 0001:00047550       DbiGetObjFromObj
 0001:000481BC       DbiGetPriorRecord
 0001:000475AA       DbiGetProp
 0001:000481B6       DbiGetRecord
 0001:000481AA       DbiGetRecordCount
 0001:00047E98       DbiGetRecordForKey
 0001:000481B0       DbiGetRelativeRecord
 0001:00047508       DbiGetRintDesc
 0001:00048192       DbiGetSeqNo
 0001:00047FCA       DbiGetSesInfo
 0001:00047FDC       DbiGetSysConfig
 0001:00047FD6       DbiGetSysInfo
 0001:00047FE2       DbiGetSysVersion
 0001:00048018       DbiGetTableOpenCount
 0001:00048048       DbiGetTableTypeDesc
 0001:00047D78       DbiGetTimeFormat
 0001:000479A6       DbiGetTranInfo
 0001:0004750E       DbiGetVchkDesc
 0001:0004728C       DbiImportODBC
 0001:00045A64       DbiInit
 0001:0004946E       DbiInitFn
 0001:00047F28       DbiInitRecord
 0001:000481A4       DbiInsertRecord
 0001:000480F6       DbiIsRecordLocked
 0001:000480F0       DbiIsTableLocked
 0001:000480EA       DbiIsTableShared
 0001:00048108       DbiLinkDetail
 0001:000480E4       DbiLinkDetailToExp
 0001:0004801E       DbiLoadDriver
 0001:000475BC       DbiMakePermanent
 0001:0004819E       DbiModifyRecord
 0001:000475B6       DbiNativeToAnsi
 0001:00048012       DbiOpenBlob
 0001:000475DA       DbiOpenCfgInfoList
 0001:000475D4       DbiOpenConfigFile
 0001:000481F8       DbiOpenDatabase
 0001:0004805A       DbiOpenDatabaseList
 0001:00048066       DbiOpenDriverList
 0001:00048144       DbiOpenFamilyList
 0001:0004815C       DbiOpenFieldList
 0001:00048042       DbiOpenFieldTypesList
 0001:00047520       DbiOpenFieldXlt
 0001:00048168       DbiOpenFileList
 0001:0004733A       DbiOpenFunctionArgList
 0001:00047340       DbiOpenFunctionList
 0001:00047F5E       DbiOpenIndex
 0001:00048162       DbiOpenIndexList
 0001:00048036       DbiOpenIndexTypesList
 0001:00048156       DbiOpenLdList
 0001:00048078       DbiOpenLockList
 0001:000472E6       DbiOpenRepositoryList
 0001:0004814A       DbiOpenRintList
 0001:0004812C       DbiOpenSecurityList
 0001:000472C8       DbiOpenSessionRepository
 0001:000474AE       DbiOpenSPList
 0001:000474A8       DbiOpenSPParamList
 0001:000481EC       DbiOpenTable
 0001:0004816E       DbiOpenTableList
 0001:0004804E       DbiOpenTableTypesList
 0001:0004807E       DbiOpenUserList
 0001:00048150       DbiOpenVchkList
 0001:00047EC2       DbiPackTable
 0001:00048000       DbiPutBlob
 0001:00047F70       DbiPutField
 0001:00047F88       DbiQAlloc
 0001:00047FA0       DbiQExec
 0001:00047FAC       DbiQExecDirect
 0001:00047496       DbiQExecProcDirect
 0001:00047F8E       DbiQFree
 0001:00047F82       DbiQGetBaseDescs
 0001:00047F94       DbiQInstantiateAnswer
 0001:00047FA6       DbiQPrepare
 0001:00047490       DbiQPrepareExt
 0001:000474A2       DbiQPrepareProc
 0001:00047F9A       DbiQSetParams
 0001:0004749C       DbiQSetProcParams
 0001:00048120       DbiReadBlock
 0001:00047EB6       DbiRegenIndex
 0001:00047EB0       DbiRegenIndexes
 0001:00047F7C       DbiRegisterCallBack
 0001:000480C0       DbiRelPersistTableLock
 0001:000480CC       DbiRelRecordLock
 0001:000480D2       DbiRelTableLock
 0001:00047F0A       DbiRenameTable
 0001:00048186       DbiResetRange
 0001:000480BA       DbiSaveChanges
 0001:000472B0       DbiSchemaCacheFlush
 0001:0004809C       DbiSetCurrSession
 0001:00047D7E       DbiSetDateFormat
 0001:000472E0       DbiSetDefaultRepository
 0001:00048174       DbiSetDirectory
 0001:00047E92       DbiSetFieldMap
 0001:0004806C       DbiSetLockRetry
 0001:00047D66       DbiSetNumberFormat
 0001:00048072       DbiSetPrivateDir
 0001:000475A4       DbiSetProp
 0001:0004818C       DbiSetRange
 0001:00047D72       DbiSetTimeFormat
 0001:000481D4       DbiSetToBegin
 0001:00047F3A       DbiSetToBookMark
 0001:000481C8       DbiSetToCursor
 0001:000481CE       DbiSetToEnd
 0001:00048180       DbiSetToKey
 0001:00047EE6       DbiSetToRecordNo
 0001:00047F22       DbiSetToSeqNo
 0001:000479A0       DbiSortTable
 0001:00047262       DbiSQLTextToCanEx
 0001:000480A2       DbiStartSession
 0001:00047F52       DbiSwitchToIndex
 0001:00047ED4       DbiTimeDecode
 0001:00047EDA       DbiTimeEncode
 0001:00047EC8       DbiTimeStampDecode
 0001:00047ECE       DbiTimeStampEncode
 0001:00047538       DbiTranslateField
 0001:0004753E       DbiTranslateRecordStructure
 0001:00047FFA       DbiTruncateBlob
 0001:000479FA       DbiUndeleteRecord
 0001:00048102       DbiUnlinkDetail
 0001:00047E7A       DbiUseIdleTime
 0001:00047526       DbiValidateProp
 0001:00047F1C       DbiVerifyField
 0001:0004811A       DbiWriteBlock
 0001:0004B8F4       DBLogDlg
 0001:0004B5BC       DBPWDlg
 0001:0005A7BC       DBTables
 0002:00000388       DDBsOnly
 0001:00029C5C       DeallocateHWnd
 0002:00000008       DebugHook
 0002:000024D3       DecimalSeparator
 0001:00007DA0       DecodeDate
 0001:00007B28       DecodeTime
 0002:00000000       Default8087CW
 0002:000009F4       DefaultBlank
 0002:00000A00       DefaultFieldClasses
 0002:0000035C       DefFontData
 0001:00005160       DefFrameProc
 0002:00000228       DefLongDayNames
 0002:000001DC       DefLongMonthNames
 0001:00005168       DefMDIChildProc
 0002:0000020C       DefShortDayNames
 0002:000001AC       DefShortMonthNames
 0001:00005170       DefWindowProc
 0001:00004CB8       DeleteCriticalSection
 0001:00004F08       DeleteDC
 0001:00004F10       DeleteEnhMetaFile
 0001:00005178       DeleteMenu
 0001:00004F18       DeleteObject
 0001:00005180       DestroyCursor
 0001:00005188       DestroyIcon
 0001:00005190       DestroyMenu
 0001:00005198       DestroyWindow
 0001:00038270       Dialogs
 0001:000295F4       DisableTaskWindows
 0001:000051A0       DispatchMessage
 0001:0003DE30       DisposeMem
 0001:00006384       DisposeStr
 0001:0000621C       DivMod
 0001:000378C0       Dlgs
 0001:00007BD4       DoEncodeDate
 0001:000079F0       DoEncodeTime
 0001:000062B0       DoExitProc
 0001:00029A98       DoneCtl3D
 0001:0000ADD4       DoneExceptions
 0001:000051A8       DrawEdge
 0001:000051B0       DrawFocusRect
 0001:000051B8       DrawFrameControl
 0001:000051C0       DrawIcon
 0001:000051C8       DrawMenuBar
 0001:000051D0       DrawText
 0001:0005B17C       DsgnIntf
 0001:00047250       DsProviderGetDataPacket
 0001:0004724A       DsResolver
 0001:0004E18C       EDBEngineError.Create
 0001:0004E464       EDBEngineError.Destroy
 0001:0004E4BC       EDBEngineError.GetError
 0001:000051D8       EmptyClipboard
 0002:00000108       EmptyStr
 0001:000051E0       EnableMenuItem
 0001:000296A4       EnableTaskWindows
 0001:000051E8       EnableWindow
 0001:00007D24       EncodeDate
 0001:00007AA8       EncodeTime
 0001:0000E814       EndGlobalLoading
 0001:000051F0       EndPaint
 0001:00004CC0       EnterCriticalSection
 0001:00004CC8       EnumCalendarInfoA
 0001:000051F8       EnumClipboardFormats
 0001:00009ABC       EnumEraNames
 0001:00009B18       EnumEraYearOffsets
 0001:00004F20       EnumFontFamiliesEx
 0001:00004F28       EnumFonts
 0001:00005200       EnumThreadWindows
 0001:00005208       EnumWindows
 0001:0000A670       EOutOfMemory.Destroy
 0001:0000A694       EOutOfMemory.FreeInstance
 0001:00005210       EqualRect
 0002:00002598       EraNames
 0001:00009050       EraToYear
 0002:000025B4       EraYearOffsets
 0001:00045A5C       ErrCat
 0002:00002038       ErrorAddr
 0001:0000A7D4       ErrorHandler
 0002:00000244       ErrorMap
 0002:00002004       ErrorProc
 0001:0000A278       ExceptAddr
 0002:00002008       ExceptClsProc
 0001:0000ACE8       ExceptHandler
 0001:0000A5A8       Exception.Create
 0001:0000A5E8       Exception.CreateFmt
 0002:00002010       ExceptionClass
 0001:0000A2B4       ExceptionErrorMessage
 0002:0000027C       ExceptMap
 0001:0000A248       ExceptObject
 0002:0000200C       ExceptObjProc
 0002:00002000       ExceptProc
 0001:00004F30       ExcludeClipRect
 0002:00002030       ExitCode
 0002:00002034       ExitProc
 0002:00000174       ExitProcList
 0001:00004F38       ExtCreatePen
 0001:00037888       ExtCtrls
 0001:0003DE5C       ExtractFieldName
 0001:00006CAC       ExtractFileExt
 0001:00006C60       ExtractFileName
 0001:00004F40       ExtTextOut
 0001:00004CD0       FatalAppExitA
 0001:00006ADC       FileClose
 0001:00006A0C       FileCreate
 0002:00002042       FileMode
 0001:000069BC       FileOpen
 0001:00006A40       FileRead
 0001:00006AB0       FileSeek
 0001:00006A78       FileWrite
 0001:00005218       FillRect
 0001:0006DCAC       Finalization
 0001:0006DD98       Finalization
 0001:0006E684       Finalization
 0001:00071980       Finalization
 0001:00072884       Finalization
 0001:00074604       Finalization
 0001:00038214       Finalization
 0001:00028340       Finalization
 0001:00038490       Finalization
 0001:0004B9F4       Finalization
 0001:0001CFAC       Finalization
 0001:00038A60       Finalization
 0001:0003B498       Finalization
 0001:0001D224       Finalization
 0001:0004B8C4       Finalization
 0001:0001D25C       Finalization
 0001:0001D294       Finalization
 0001:0001D2CC       Finalization
 0001:0004B58C       Finalization
 0001:0004B0E0       Finalization
 0001:0004B078       Finalization
 0001:0004B010       Finalization
 0001:00049650       Finalization
 0001:00037890       Finalization
 0001:00037858       Finalization
 0001:00045A24       Finalization
 0001:000358DC       Finalization
 0001:000306D4       Finalization
 0001:00030660       Finalization
 0001:000049C4       Finalization
 0001:00004C18       Finalization
 0001:0007A318       Finalization
 0001:0007A350       Finalization
 0001:0007AE58       Finalization
 0001:0005DECC       Finalization
 0001:0007D684       Finalization
 0001:0000D1FC       Finalization
 0001:000056DC       Finalization
 0001:0000CB7C       Finalization
 0001:00091C3C       Finalization
 0001:0007E17C       Finalization
 0001:00005714       Finalization
 0001:0000C7B4       Finalization
 0001:00082340       Finalization
 0001:0000C5F8       Finalization
 0001:000863C8       Finalization
 0001:0008E0FC       Finalization
 0001:00090E3C       Finalization
 0001:000912CC       Finalization
 0001:00026190       Finalization
 0001:00068284       Finalization
 0001:0006738C       Finalization
 0001:00066360       Finalization
 0001:00065904       Finalization
 0001:00063EA4       Finalization
 0001:000920A8       Finalization
 0001:00061354       Finalization
 0001:000920E0       Finalization
 0001:00061304       Finalization
 0001:000612CC       Finalization
 0001:0006126C       Finalization
 0001:000145F0       Finalization
 0001:0005A74C       Finalization
 0001:0005AFFC       Finalization
 0001:0005B10C       Finalization
 0001:0005B3C0       Finalization
 0001:0005B4A8       Finalization
 0001:0005B974       Finalization
 0001:0005E6E8       Finalization
 0001:0000E35C       FindClass
 0001:00003D98       FindClassHInstance
 0001:00004CD8       FindClose
 0001:0001E4A0       FindControl
 0001:0001EE70       FindDragTarget
 0001:00004CE0       FindFirstFileA
 0002:000025EC       FindGlobalComponent
 0001:00003D70       FindHInstance
 0001:00004CE8       FindResource
 0001:00003DA4       FindResourceHInstance
 0001:0001EE3C       FindVCLWindow
 0002:000028C8       fl
 0002:000016B0       FldSubTypeMap
 0002:00001698       FldTypeMap
 0001:0000C268       FloatToDecimal
 0001:00007648       FloatToStr
 0001:000076A8       FloatToStrF
 0001:0000BB2A       FloatToText
 0001:0000BE93       FloatToTextFmt
 0002:000001A0       FMSecsPerDay
 0001:0004982C       FMTBCDToCurr
 0001:0000752C       FmtStr
 0001:000297BC       ForegroundTask
 0002:000028B8       Form1
 0002:000028D0       Form2
 0002:000028C4       Form3
 0002:000001A8       Format
 0001:00007504       Format
 0001:00007128       FormatBuf
 0001:00007114       FormatClearStr
 0001:000077C0       FormatCurr
 0001:00007080       FormatError
 0002:00000198       FormatErrorStrs
 0001:00007720       FormatFloat
 0001:00039618       FormatMaskText
 0001:00004CF0       FormatMessage
 0001:000070F8       FormatVarToStr
 0001:000306B4       Forms
 0001:00004674       FPower10
 0001:000368CC       Frame3D
 0001:00005220       FrameRect
 0001:00004CF8       FreeLibrary
 0001:0001A49C       FreeMemoryContexts
 0001:00029B7C       FreeObjectInstance
 0001:00004D10       FreeResource
 0001:0000B818       FreeTerminateProcs
 0001:0000B964       GDAL
 0001:00005228       GetActiveWindow
 0001:00004F48       GetBitmapBits
 0001:00004F50       GetBrushOrgEx
 0001:00005230       GetCapture
 0001:0001E714       GetCaptureControl
 0001:0000E2F4       GetClass
 0001:00005238       GetClassInfo
 0001:00005240       GetClientRect
 0001:00005248       GetClipboardData
 0001:00004F58       GetClipBox
 0001:00008128       GetCount
 0001:00004D18       GetCPInfo
 0001:00004D20       GetCurrentDirectoryA
 0001:00004F60       GetCurrentPositionEx
 0001:00004D28       GetCurrentProcessId
 0001:00004D30       GetCurrentThreadId
 0001:00005250       GetCursor
 0001:00005258       GetCursorPos
 0001:00008174       GetDate
 0001:00004D38       GetDateFormat
 0001:00008F14       GetDateOrder
 0001:00005260       GetDC
 0001:00005268       GetDCEx
 0001:0001CEB0       GetDefFontCharSet
 0001:00005270       GetDesktopWindow
 0001:00004F78       GetDeviceCaps
 0001:00018798       GetDIB
 0001:00004F68       GetDIBColorTable
 0001:00004F70       GetDIBits
 0001:000186E0       GetDIBSizes
 0001:00005278       GetDoubleClickTime
 0001:00004F80       GetEnhMetaFileBits
 0001:00004F88       GetEnhMetaFileHeader
 0001:00004F90       GetEnhMetaFilePaletteEntries
 0001:0000CBC0       GetEnumValue
 0001:00009B84       GetEraNamesAndYearOffsets
 0001:00008FEC       GetEraYearOffset
 0001:0000AA1C       GetExceptionClass
 0001:0000AC18       GetExceptionObject
 0001:0003DDAC       GetFieldProperty
 0001:00005280       GetFocus
 0001:00005288       GetForegroundWindow
 0001:00009EE4       GetFormatSettings
 0001:00005290       GetIconInfo
 0001:000052A8       GetKeyboardLayout
 0001:000052B0       GetKeyboardLayoutList
 0001:000052B8       GetKeyboardState
 0001:00005298       GetKeyNameText
 0001:000052A0       GetKeyState
 0001:000052C0       GetLastActivePopup
 0001:00004D40       GetLastError
 0001:000098D4       GetLocaleChar
 0001:00004D50       GetLocaleInfo
 0001:00009870       GetLocaleStr
 0001:00004D48       GetLocalTime
 0001:0001E6D0       GetLongHint
 0001:000052C8       GetMenu
 0001:000052D0       GetMenuItemCount
 0001:000052D8       GetMenuState
 0001:000052E0       GetMenuString
 0001:000052E8       GetMessageTime
 0001:0000D184       GetMethodProp
 0001:00004D58       GetModuleFileName
 0001:00004D68       GetModuleHandle
 0001:00004D60       GetModuleHandleA
 0001:00009954       GetMonthDayNames
 0001:00004F98       GetNearestColor
 0001:00004FA0       GetObject
 0001:0000CCCC       GetOrdProp
 0001:00004FA8       GetPaletteEntries
 0001:000052F0       GetParent
 0001:00029DB4       GetParentForm
 0001:00004FB0       GetPixel
 0001:00004D70       GetProcAddress
 0001:000052F8       GetProp
 0001:0000CC0C       GetPropInfo
 0001:0000CC78       GetPropInfos
 0001:00005300       GetScrollInfo
 0001:00005308       GetScrollPos
 0001:00005310       GetScrollRange
 0001:00090CC0       GetShiftState
 0001:0001E68C       GetShortHint
 0001:00004FB8       GetStockObject
 0001:0000D074       GetStrProp
 0001:00005318       GetSubMenu
 0001:00005320       GetSysColor
 0001:00004D78       GetSystemInfo
 0001:00005328       GetSystemMenu
 0001:00005330       GetSystemMetrics
 0001:00004FC0       GetSystemPaletteEntries
 0001:00004FC8       GetTextExtentPoint
 0001:00004FD0       GetTextMetrics
 0001:00004D80       GetThreadLocale
 0001:00004D88       GetTickCount
 0001:000081AC       GetTime
 0001:0000CBB4       GetTypeData
 0001:00005338       GetUpdateRect
 0001:00004D90       GetVersion
 0001:00004D98       GetVersionEx
 0001:00005340       GetWindow
 0001:00005348       GetWindowDC
 0001:00005350       GetWindowLong
 0001:00004FE0       GetWindowOrgEx
 0001:00005358       GetWindowPlacement
 0001:00005360       GetWindowRect
 0001:00005368       GetWindowRgn
 0001:00005370       GetWindowText
 0001:00005378       GetWindowThreadProcessId
 0001:00004FD8       GetWinMetaFileBits
 0001:00004DA0       GlobalAddAtom
 0001:00004DA8       GlobalAlloc
 0001:00005630       GlobalAllocPtr
 0001:00004DB0       GlobalDeleteAtom
 0001:00011980       GlobalFixupReferences
 0001:00004DB8       GlobalFree
 0001:0000565C       GlobalFreePtr
 0001:00004DC8       GlobalHandle
 0001:00004DC0       GlobalLock
 0001:00004DD0       GlobalReAlloc
 0001:00005640       GlobalReAllocPtr
 0001:00004DD8       GlobalUnlock
 0001:0001D074       Graphics
 0001:0007A348       Grids
 0002:00000004       HeapAllocFlags
 0001:00005624       HiByte
 0001:00005380       HideCaret
 0002:000024B8       HInstance
 0002:00000794       HintWindowClass
 0001:00015E80       IdentToCharset
 0001:00015C78       IdentToColor
 0001:0001E67C       IdentToCursor
 0001:0000E6B0       IdentToInt
 0001:0001D178       ImageList_Add
 0001:0001D198       ImageList_AddIcon
 0001:0001D1C4       ImageList_BeginDrag
 0001:0001D160       ImageList_Create
 0001:0001D168       ImageList_Destroy
 0001:0001D1D4       ImageList_DragEnter
 0001:0001D1DC       ImageList_DragLeave
 0001:0001D1E4       ImageList_DragMove
 0001:0001D1F4       ImageList_DragShowNolock
 0001:0001D1A4       ImageList_Draw
 0001:0001D1B4       ImageList_DrawEx
 0001:0001D1CC       ImageList_EndDrag
 0001:0001D190       ImageList_GetBkColor
 0001:0001D1FC       ImageList_GetDragImage
 0001:0001D20C       ImageList_GetIconSize
 0001:0001D170       ImageList_GetImageCount
 0001:0001D21C       ImageList_GetImageInfo
 0001:0001D204       ImageList_Read
 0001:0001D1BC       ImageList_Remove
 0001:0001D1AC       ImageList_Replace
 0001:0001D180       ImageList_ReplaceIcon
 0001:0001D188       ImageList_SetBkColor
 0001:0001D1EC       ImageList_SetDragCursorImage
 0001:0001D214       ImageList_SetIconSize
 0001:0001D28C       Imm
 0001:0002601C       Imm32IsIME
 0002:000001A4       IMSecsPerDay
 0001:00005388       InflateRect
 0001:00029860       InitCtl3D
 0001:0000AD10       InitExceptions
 0001:00004DE0       InitializeCriticalSection
 0001:0000E8F0       InitInheritedComponent
 0001:0000AE3C       InitPlatformId
 0002:0000202C       InitProc
 0001:0000B604       InitSysLocale
 0001:0001E3E8       InitWndProc
 0002:00002048       Input
 0001:00005390       InsertMenu
 0001:00005398       InsertMenuItem
 0001:00004D00       InterlockedDecrement
 0001:00004D08       InterlockedIncrement
 0001:00004FE8       IntersectClipRect
 0001:000053A0       IntersectRect
 0001:0000E6F0       IntToIdent
 0001:000068D8       IntToStr
 0001:000053A8       InvalidateRect
 0002:000025D8       InvalidPointer
 0001:00029D14       IsAccel
 0001:000053B0       IsCharAlpha
 0001:000053B8       IsCharAlphaNumeric
 0001:000053C0       IsChild
 0002:00002040       IsConsole
 0001:00004DE8       IsDBCSLeadByte
 0001:000053C8       IsDialogMessage
 0001:000053D0       IsIconic
 0001:00007B88       IsLeapYear
 0002:00002020       IsLibrary
 0002:00002041       IsMultiThread
 0001:000053D8       IsRectEmpty
 0001:0000685C       IsValidIdent
 0001:000053E0       IsWindow
 0001:000053E8       IsWindowEnabled
 0001:000053F0       IsWindowVisible
 0001:00070E48       isWWEditControl
 0001:000053F8       IsZoomed
 0001:00029CD8       KeyDataToShiftState
 0001:00029C84       KeysToShiftState
 0001:00005400       KillTimer
 0001:00006B38       LastDelimiter
 0002:00000154       LeadBytes
 0001:00004DF0       LeaveCriticalSection
 0002:0000000C       LibModuleList
 0001:00004FF0       LineTo
 0001:00005408       LoadBitmap
 0001:00005410       LoadCursor
 0001:00005418       LoadIcon
 0001:00004E00       LoadLibrary
 0001:00004DF8       LoadLibraryA
 0001:00004E08       LoadResource
 0001:00003DC0       LoadResourceModule
 0001:000040E4       LoadResString
 0001:00005420       LoadString
 0001:00009910       LocalGetLocaleStr
 0001:00004E10       LockResource
 0001:0004B754       LoginDialogEx
 0002:000024DC       LongDateFormat
 0002:00002570       LongDayNames
 0002:00002524       LongMonthNames
 0002:000024F0       LongTimeFormat
 0001:00006428       LowerCase
 0002:0000201C       MainInstance
 0002:000025E8       MainThreadID
 0001:00005618       MakeLong
 0001:00029AE4       MakeObjectInstance
 0001:00005670       MakeROP4
 0001:0000A968       MapException
 0001:00005428       MapVirtualKey
 0001:00005430       MapWindowPoints
 0001:0003B4C8       Mask
 0001:00004FF8       MaskBlt
 0002:000009F8       MaskFieldSeparator
 0001:00039170       MaskGetMaskBlank
 0001:000390E4       MaskGetMaskSave
 0002:000009FC       MaskNoSave
 0001:0002839C       Menus
 0001:00005438       MessageBeep
 0001:00005440       MessageBox
 0001:00037FB4       MessageDlg
 0001:00037FD4       MessageDlgPos
 0001:00037FF8       MessageDlgPosHelp
 0001:00005744       Messages
 0002:000024AC       ModuleIsLib
 0002:00000010       ModuleUnloadList
 0002:00000124       MonthDays
 0001:000018A8       Move
 0001:00005000       MoveToEx
 0001:0001EEFC       MoveWindowOrg
 0001:000079C8       MSecsToTimeStamp
 0001:00004E18       MulDiv
 0001:0004DDF0       NativeToAnsi
 0001:0004DE5C       NativeToAnsiBuf
 0002:000024D1       NegCurrFormat
 0001:00006344       NewStr
 0002:0000266C       NewStyleControls
 0001:0000E7E4       NotifyGlobalLoading
 0001:00008000       Now
 0002:000023F0       Null
 0002:0000010C       NullStr
 0001:00005448       OemToAnsi
 0001:00005450       OemToChar
 0001:00005458       OemToCharBuff
 0001:00005460       OffsetRect
 0001:000032BC       OleStrToStrVar
 0001:00005468       OpenClipboard
 0001:00004E20       OpenFileMapping
 0001:00047A84       OsLdAnsiCharToOem
 0001:00047A9C       OsLdAnsiToOem
 0001:00047610       OsLdBuildCharSetXform
 0001:00047A60       OsLdCharToLower
 0001:00047A66       OsLdCharToUpper
 0001:00047AFC       OsLdExit
 0001:0004774E       OsLdExStrCmp
 0001:00047AA8       OsLdGetCodePage
 0001:00047B02       OsLdGetDefaultObj
 0001:00047A5A       OsLdGetDescName
 0001:00047760       OsLdGetDriverId
 0001:00047AA2       OsLdGetFName
 0001:000477A2       OsLdGetFuncAddrLdStrnCmpi_
 0001:000477E4       OsLdGetFuncAddrLdStrnColli_
 0001:000477DE       OsLdGetFuncAddrLdStrnColl_
 0001:00047A30       OsLdGetMinMax
 0001:00047A36       OsLdGetProductID
 0001:00047AAE       OsLdGetSortsig
 0001:00047AB4       OsLdGetSymbName
 0001:00047B08       OsLdInit
 0001:00047A72       OsLdIsAlpha
 0001:00047A90       OsLdIsAnsiCharInOemCp
 0001:00047A6C       OsLdIsDigit
 0001:00047A8A       OsLdIsOemCharInAnsiCp
 0001:0004775A       OsLdLoadByDriverId
 0001:00047AF0       OsLdLoadByFName
 0001:00047A42       OsLdLoadByLCID
 0001:00047AF6       OsLdLoadBySortSig
 0001:00047AEA       OsLdLoadBySymbName
 0001:00047A7E       OsLdOemCharToAnsi
 0001:00047A96       OsLdOemToAnsi
 0001:00047A3C       OsLdSearchEnd
 0001:00047A54       OsLdSearchInit
 0001:00047A4E       OsLdSearchNext
 0001:00047A2A       OsLdSetConvChars
 0001:00047ADE       OsLdStrCmp
 0001:00047ACC       OsLdStrCmpi
 0001:00047AE4       OsLdStrnCmp
 0001:00047AC6       OsLdStrnCmpi
 0001:00047748       OsLdStrnColl
 0001:0004772A       OsLdStrnColli
 0001:00047AD2       OsLdStrnToLower
 0001:00047ABA       OsLdStrnToUpper
 0001:00047AD8       OsLdStrToLower
 0001:00047AC0       OsLdStrToUpper
 0001:00047A78       OsLdUnloadObj
 0002:000025D4       OutOfMemory
 0002:00002214       Output
 0001:00015854       PaletteChanged
 0001:0004B310       PasswordDialog
 0001:00005008       PatBlt
 0001:00005470       PeekMessage
 0001:00005010       PlayEnhMetaFile
 0001:0000E214       Point
 0001:00005690       PointToSmallPoint
 0001:00005020       Polyline
 0001:00005018       PolyPolyline
 0001:00005478       PostMessage
 0001:00005480       PostQuitMessage
 0001:0001D308       Printers
 0001:00005488       PtInRect
 0001:0000B6F0       RaiseLastWin32Error
 0002:0000203C       RandSeed
 0001:00004E28       ReadFile
 0001:00005028       RealizePalette
 0001:0000E22C       Rect
 0001:00005038       Rectangle
 0001:00005030       RectVisible
 0001:00005490       RedrawWindow
 0001:00004C50       RegCloseKey
 0001:00004C58       RegCreateKeyEx
 0001:00004C60       RegFlushKey
 0001:0000E44C       RegisterClass
 0001:00005498       RegisterClass
 0001:0000E53C       RegisterClasses
 0001:000054A0       RegisterClipboardFormat
 0001:0000E680       RegisterIntegerConsts
 0001:00004064       RegisterModule
 0001:000054A8       RegisterWindowMessage
 0001:0005B044       Registry
 0001:00004C70       RegOpenKeyEx
 0001:00004C68       RegOpenKeyExA
 0001:00004C80       RegQueryValueEx
 0001:00004C78       RegQueryValueExA
 0001:000054B0       ReleaseCapture
 0001:000054B8       ReleaseDC
 0001:00004E30       ReleaseMutex
 0001:00011B08       RemoveFixupReferences
 0001:00011B70       RemoveFixups
 0001:000054C0       RemoveMenu
 0001:00003FA4       RemoveModuleUnloadProc
 0001:000054C8       RemoveProp
 0001:00005040       RestoreDC
 0001:0000A544       ReturnAddr
 0001:000612FC       RichEdit
 0001:0000B9E8       RPR
 0001:00005048       SaveDC
 0001:00008D1C       ScanBlanks
 0001:00008EBC       ScanChar
 0001:000090E4       ScanDate
 0001:00008D64       ScanNumber
 0001:00008E1C       ScanString
 0001:00009440       ScanTime
 0001:00008F84       ScanToNumber
 0002:000026EC       Screen
 0001:000054D0       ScreenToClient
 0001:000054D8       ScrollWindow
 0001:000054E0       ScrollWindowEx
 0001:00004E38       SearchPathA
 0001:00005050       SelectObject
 0001:00005058       SelectPalette
 0001:0001E4BC       SendAppMessage
 0001:000054E8       SendMessage
 0002:00002790       Session
 0002:00002794       Sessions
 0001:000054F0       SetActiveWindow
 0001:00005060       SetBkColor
 0001:00005068       SetBkMode
 0001:00005070       SetBrushOrgEx
 0001:000054F8       SetCapture
 0001:0001E73C       SetCaptureControl
 0001:00005500       SetClipboardData
 0001:00005508       SetCursor
 0001:00005078       SetDIBColorTable
 0001:00004E40       SetEndOfFile
 0001:00005080       SetEnhMetaFileBits
 0001:00004E48       SetErrorMode
 0001:00004E50       SetEvent
 0001:00004E58       SetFilePointer
 0001:0000D0EC       SetFloatProp
 0001:00005510       SetFocus
 0001:00005518       SetForegroundWindow
 0001:00025F40       SetImeMode
 0001:00005520       SetKeyboardState
 0001:00005528       SetMenu
 0001:0000D1C4       SetMethodProp
 0001:0000CD40       SetOrdProp
 0001:00005530       SetParent
 0001:00005088       SetPixel
 0001:00005538       SetProp
 0001:00005540       SetRect
 0001:00005090       SetROP2
 0001:00005548       SetScrollInfo
 0001:00005550       SetScrollPos
 0001:00005558       SetScrollRange
 0001:00005098       SetStretchBltMode
 0001:0000D0B8       SetStrProp
 0001:000050A0       SetTextColor
 0001:00004E60       SetThreadLocale
 0001:00005560       SetTimer
 0001:000050A8       SetViewportOrgEx
 0001:00005568       SetWindowLong
 0001:000050B8       SetWindowOrgEx
 0001:00005570       SetWindowPlacement
 0001:00005578       SetWindowPos
 0001:00005590       SetWindowRgn
 0001:00005588       SetWindowsHookEx
 0001:00005580       SetWindowText
 0001:000050B0       SetWinMetaFileBits
 0002:00000184       ShareMode
 0001:000268E4       ShortCutToText
 0002:000024D8       ShortDateFormat
 0002:00002554       ShortDayNames
 0002:000024F4       ShortMonthNames
 0002:000024EC       ShortTimeFormat
 0001:00005598       ShowCaret
 0001:000055A0       ShowCursor
 0001:0000A474       ShowException
 0001:00038098       ShowMessage
 0001:000380A8       ShowMessagePos
 0001:000055A8       ShowOwnedPopups
 0001:000055B0       ShowWindow
 0001:00004E68       SizeofResource
 0001:0000E21C       SmallPoint
 0001:0000567C       SmallPointToPoint
 0001:0004B0A8       SMIntf
 0001:0003590C       StdCtrls
 0001:0004B110       StdVCL
 0001:00006FB8       StrAlloc
 0001:0005B61C       strBreakApart
 0001:00006FEC       StrBufSize
 0001:0000AF70       StrByteType
 0001:00006E5C       StrComp
 0001:00006D74       StrCopy
 0001:0005B87C       strCount
 0001:0000705C       StrDispose
 0001:00006D9C       StrECopy
 0001:00006D24       StrEnd
 0001:000050C0       StretchBlt
 0001:00007478       StrFmt
 0001:0005B4E0       strGetToken
 0001:00006E80       StrIComp
 0001:000032E4       StringToOleStr
 0001:00006DC8       StrLCopy
 0001:00006D0C       StrLen
 0001:000074C0       StrLFmt
 0001:00006EC0       StrLIComp
 0001:00006D38       StrMove
 0001:00007014       StrNew
 0001:00006F9C       StrPas
 0001:00006DFC       StrPCopy
 0001:00006E2C       StrPLCopy
 0001:00006F28       StrPos
 0001:0005B72C       strReplaceChar
 0001:00006F08       StrScan
 0001:0005B6E8       strStripTrailing
 0001:000078DC       StrToCurr
 0001:0000961C       StrToDate
 0001:00009734       StrToDateTime
 0001:00007860       StrToFloat
 0001:00006910       StrToInt
 0001:0000698C       StrToIntDef
 0001:000096A8       StrToTime
 0001:0005B8E4       strTrailing
 0001:00006F7C       StrUpper
 0001:00009804       SysErrorMessage
 0001:0000132C       SysFreeMem
 0001:000011A4       SysGetMem
 0001:00004C48       SysInit
 0002:0000258C       SysLocale
 0001:000016AC       SysReallocMem
 0001:00004A24       System
 0002:00002600       SystemPalette16
 0001:000055B8       SystemParametersInfo
 0001:0000C738       SysUtils
 0001:0002F484       TApplication.BringToFront
 0001:00030134       TApplication.CancelHint
 0001:0002EA7C       TApplication.ControlDestroyed
 0001:0002E6A0       TApplication.Create
 0001:0002F808       TApplication.CreateForm
 0001:0002E8F4       TApplication.CreateHandle
 0001:0002E81C       TApplication.Destroy
 0001:0002F4C0       TApplication.GetTitle
 0001:0002F95C       TApplication.HandleException
 0001:0002F700       TApplication.HandleMessage
 0001:0002FC70       TApplication.HelpCommand
 0001:0002FC64       TApplication.HelpContext
 0001:000300F8       TApplication.HideHint
 0001:00030008       TApplication.HintMouseMessage
 0001:0002F718       TApplication.HookMainWindow
 0001:0002F7F0       TApplication.Initialize
 0001:0002F9EC       TApplication.MessageBox
 0001:0002F3B4       TApplication.Minimize
 0001:0002EBE8       TApplication.NormalizeAllTopMosts
 0001:0002EBE0       TApplication.NormalizeTopMosts
 0001:0002F6F0       TApplication.ProcessMessages
 0001:0002F3FC       TApplication.Restore
 0001:0002EBF0       TApplication.RestoreTopMosts
 0001:0002F894       TApplication.Run
 0001:0002FEC4       TApplication.SetHint
 0001:0002FC78       TApplication.SetShowHint
 0001:0002F508       TApplication.SetTitle
 0001:0002FA60       TApplication.ShowException
 0001:0002F948       TApplication.Terminate
 0001:0002F774       TApplication.UnhookMainWindow
 0001:00040780       TAutoIncField.Create
 0001:000418C4       TBCDField.CheckTypeSize
 0001:00041824       TBCDField.Create
 0001:00041914       TBCDField.GetAsCurrency
 0001:0004193C       TBCDField.GetAsFloat
 0001:0004196C       TBCDField.GetAsInteger
 0001:00041998       TBCDField.GetAsString
 0001:000419D0       TBCDField.GetAsVariant
 0001:00041A0C       TBCDField.GetDataSize
 0001:00041A14       TBCDField.GetDefaultWidth
 0001:00041A30       TBCDField.GetText
 0001:00041B6C       TBCDField.GetValue
 0001:00041C34       TBCDField.SetAsCurrency
 0001:00041CF0       TBCDField.SetAsFloat
 0001:00041D10       TBCDField.SetAsInteger
 0001:00041D3C       TBCDField.SetAsString
 0001:00041DF4       TBCDField.SetCurrency
 0001:00041E10       TBCDField.SetMaxValue
 0001:00041E30       TBCDField.SetMinValue
 0001:00041E50       TBCDField.SetVarValue
 0001:0004DBE0       TBDECallback.Create
 0001:0004DC78       TBDECallback.Destroy
 0001:0004DD20       TBDECallback.Invoke
 0001:0005360C       TBDEDataSet.ActivateFilters
 0001:00052378       TBDEDataSet.AddFieldDesc
 0001:00054694       TBDEDataSet.AllocCachedUpdateBuffers
 0001:00052F58       TBDEDataSet.AllocKeyBuffers
 0001:00051EBC       TBDEDataSet.AllocRecordBuffer
 0001:000528BC       TBDEDataSet.BCDToCurr
 0001:00052C98       TBDEDataSet.BookmarkValid
 0001:000549C4       TBDEDataSet.CachedUpdateCallBack
 0001:00052B3C       TBDEDataSet.Cancel
 0001:0005471C       TBDEDataSet.CheckCachedUpdateMode
 0001:00051F78       TBDEDataSet.ClearCalcFields
 0001:00052894       TBDEDataSet.CloseBlob
 0001:00051A4C       TBDEDataSet.CloseCursor
 0001:00052C40       TBDEDataSet.CompareBookmarks
 0001:000545D4       TBDEDataSet.ConstraintCallBack
 0001:000518E8       TBDEDataSet.Create
 0001:00052868       TBDEDataSet.CreateBlobStream
 0001:00053710       TBDEDataSet.CreateExprFilter
 0001:00053790       TBDEDataSet.CreateFuncFilter
 0001:00051A9C       TBDEDataSet.CreateHandle
 0001:000537C4       TBDEDataSet.CreateLookupFilter
 0001:000528CC       TBDEDataSet.CurrToBCD
 0001:000536CC       TBDEDataSet.DeactivateFilters
 0001:00051930       TBDEDataSet.Destroy
 0001:00051AA0       TBDEDataSet.DestroyHandle
 0001:000540A8       TBDEDataSet.DestroyLookupCursor
 0001:00053B60       TBDEDataSet.FindRecord
 0001:0005479C       TBDEDataSet.ForceUpdateCallback
 0001:00052FC8       TBDEDataSet.FreeKeyBuffers
 0001:00051EF4       TBDEDataSet.FreeRecordBuffer
 0001:00052C08       TBDEDataSet.GetBookmarkData
 0001:00052BE8       TBDEDataSet.GetBookmarkFlag
 0001:00052ADC       TBDEDataSet.GetCanModify
 0001:000520E4       TBDEDataSet.GetCurrentRecord
 0001:0005254C       TBDEDataSet.GetFieldData
 0001:00052E78       TBDEDataSet.GetIndexField
 0001:00052F50       TBDEDataSet.GetIndexFieldCount
 0001:00052CEC       TBDEDataSet.GetIndexInfo
 0001:00053554       TBDEDataSet.GetIsIndexField
 0001:00053350       TBDEDataSet.GetKeyBuffer
 0001:000540A4       TBDEDataSet.GetLookupCursor
 0001:00052204       TBDEDataSet.GetRecNo
 0001:00051FD8       TBDEDataSet.GetRecord
 0001:000521D0       TBDEDataSet.GetRecordCount
 0001:00052298       TBDEDataSet.GetRecordSize
 0001:000528E8       TBDEDataSet.GetStateFieldValue
 0001:00052FF8       TBDEDataSet.InitKeyBuffer
 0001:00051FA0       TBDEDataSet.InitRecord
 0001:00052B70       TBDEDataSet.InternalAddRecord
 0001:00052B5C       TBDEDataSet.InternalCancel
 0001:00051D6C       TBDEDataSet.InternalClose
 0001:00052A94       TBDEDataSet.InternalDelete
 0001:00052A14       TBDEDataSet.InternalEdit
 0001:000529DC       TBDEDataSet.InternalFirst
 0001:00052BAC       TBDEDataSet.InternalGotoBookmark
 0001:00051E20       TBDEDataSet.InternalHandleException
 0001:00051AC4       TBDEDataSet.InternalInitFieldDefs
 0001:00051F28       TBDEDataSet.InternalInitRecord
 0001:000529F8       TBDEDataSet.InternalLast
 0001:00051C10       TBDEDataSet.InternalOpen
 0001:00052A4C       TBDEDataSet.InternalPost
 0001:00052B00       TBDEDataSet.InternalRefresh
 0001:00052BCC       TBDEDataSet.InternalSetToRecord
 0001:00051E14       TBDEDataSet.IsCursorOpen
 0001:00052AC4       TBDEDataSet.IsSequenced
 0001:00054050       TBDEDataSet.Locate
 0001:00053D14       TBDEDataSet.LocateRecord
 0001:00053FB8       TBDEDataSet.Lookup
 0001:000535A8       TBDEDataSet.MapsToIndex
 0001:0005196C       TBDEDataSet.OpenCursor
 0001:00052B1C       TBDEDataSet.Post
 0001:000533D4       TBDEDataSet.PostKeyBuffer
 0001:00051E10       TBDEDataSet.PrepareCursor
 0001:0005322C       TBDEDataSet.ResetCursorRange
 0001:00052C24       TBDEDataSet.SetBookmarkData
 0001:00052BF8       TBDEDataSet.SetBookmarkFlag
 0001:00054858       TBDEDataSet.SetCachedUpdates
 0001:0005302C       TBDEDataSet.SetCursorRange
 0001:000525EC       TBDEDataSet.SetFieldData
 0001:000539BC       TBDEDataSet.SetFilterData
 0001:00053A54       TBDEDataSet.SetFiltered
 0001:00053944       TBDEDataSet.SetFilterHandle
 0001:00053AC0       TBDEDataSet.SetFilterOptions
 0001:00053A44       TBDEDataSet.SetFilterText
 0001:00052F2C       TBDEDataSet.SetIndexField
 0001:0005335C       TBDEDataSet.SetKeyBuffer
 0001:00053430       TBDEDataSet.SetKeyFields
 0001:00053284       TBDEDataSet.SetLinkRanges
 0001:00051E34       TBDEDataSet.SetLocale
 0001:00053AD8       TBDEDataSet.SetOnFilterRecord
 0001:00054BC8       TBDEDataSet.SetOnUpdateError
 0001:00052234       TBDEDataSet.SetRecNo
 0001:00052914       TBDEDataSet.SetStateFieldValue
 0001:00054960       TBDEDataSet.SetupCallBack
 0001:00054B44       TBDEDataSet.SetUpdateObject
 0001:00052D78       TBDEDataSet.SwitchToIndex
 0001:00052984       TBDEDataSet.Translate
 0001:00054770       TBDEDataSet.UpdateCallbackRequired
 0001:00054C00       TBDEDataSet.YieldCallBack
 0001:00036DEC       TBevel.Create
 0001:00036FBC       TBevel.Paint
 0001:00036E70       TBevel.SetShape
 0001:00036E54       TBevel.SetStyle
 0001:00041420       TBinaryField.CheckTypeSize
 0001:000413EC       TBinaryField.Create
 0001:0004146C       TBinaryField.GetAsString
 0001:0004157C       TBinaryField.GetAsVariant
 0001:000416F8       TBinaryField.GetText
 0001:0004149C       TBinaryField.SetAsString
 0001:00041748       TBinaryField.SetText
 0001:0004160C       TBinaryField.SetVarValue
 0001:00060B90       TBitBtn.Click
 0001:00060EA8       TBitBtn.CMEnabledChanged
 0001:00060E94       TBitBtn.CMFontChanged
 0001:00060C0C       TBitBtn.CNDrawItem
 0001:00060BFC       TBitBtn.CNMeasureItem
 0001:00060A68       TBitBtn.Create
 0001:00060B44       TBitBtn.CreateHandle
 0001:00060B6C       TBitBtn.CreateParams
 0001:00060B0C       TBitBtn.Destroy
 0001:00060F04       TBitBtn.GetGlyph
 0001:000610D8       TBitBtn.GetKind
 0001:00061160       TBitBtn.GetNumGlyphs
 0001:00060ED0       TBitBtn.GetPalette
 0001:00060F1C       TBitBtn.IsCustom
 0001:0006105C       TBitBtn.IsCustomCaption
 0001:00060B7C       TBitBtn.SetButtonStyle
 0001:00060EE4       TBitBtn.SetGlyph
 0001:00060F4C       TBitBtn.SetKind
 0001:00061144       TBitBtn.SetLayout
 0001:000611B4       TBitBtn.SetMargin
 0001:0006116C       TBitBtn.SetNumGlyphs
 0001:00061198       TBitBtn.SetSpacing
 0001:00060F30       TBitBtn.SetStyle
 0001:00060EBC       TBitBtn.WMLButtonDblClk
 0001:0001B2C0       TBitmap.Assign
 0001:0001B474       TBitmap.Changed
 0001:0001B220       TBitmap.Create
 0001:0001B284       TBitmap.Destroy
 0001:0001B480       TBitmap.Dormant
 0001:0001B49C       TBitmap.Draw
 0001:0001B6EC       TBitmap.FreeImage
 0001:0001B754       TBitmap.GetCanvas
 0001:0001B73C       TBitmap.GetEmpty
 0001:0001B794       TBitmap.GetHandle
 0001:0001B7B8       TBitmap.GetHandleType
 0001:0001B7E4       TBitmap.GetHeight
 0001:0001B7F4       TBitmap.GetMaskHandle
 0001:0001B808       TBitmap.GetMonochrome
 0001:0001B824       TBitmap.GetPalette
 0001:0001B838       TBitmap.GetTransparentColor
 0001:0001B880       TBitmap.GetWidth
 0001:0001B90C       TBitmap.HandleNeeded
 0001:0001BB14       TBitmap.LoadFromClipboardFormat
 0001:0001BBF8       TBitmap.LoadFromResourceName
 0001:0001BBD4       TBitmap.LoadFromStream
 0001:0001B91C       TBitmap.Mask
 0001:0001B9FC       TBitmap.MaskHandleNeeded
 0001:0001BA5C       TBitmap.PaletteNeeded
 0001:0001BD44       TBitmap.ReadData
 0001:0001C890       TBitmap.SaveToClipboardFormat
 0001:0001C888       TBitmap.SaveToStream
 0001:0001C218       TBitmap.SetHandle
 0001:0001C2D8       TBitmap.SetHandleType
 0001:0001C40C       TBitmap.SetHeight
 0001:0001C460       TBitmap.SetMonochrome
 0001:0001C4E0       TBitmap.SetPalette
 0001:0001C5B4       TBitmap.SetTransparentColor
 0001:0001C604       TBitmap.SetWidth
 0001:0001C658       TBitmap.WriteData
 0001:0001A7D8       TBitmapImage.Destroy
 0001:0001A828       TBitmapImage.FreeHandle
 0001:0000EFBC       TBits.Destroy
 0001:0000F128       TBits.GetBit
 0001:0000F140       TBits.OpenBit
 0001:0000F0FC       TBits.SetBit
 0001:0000F04C       TBits.SetSize
 0001:00041EE8       TBlobField.Assign
 0001:00041F84       TBlobField.AssignTo
 0001:00041FF8       TBlobField.Clear
 0001:00041EAC       TBlobField.Create
 0001:00042018       TBlobField.FreeBuffers
 0001:0004203C       TBlobField.GetAsString
 0001:000420AC       TBlobField.GetAsVariant
 0001:000420FC       TBlobField.GetBlobSize
 0001:00042154       TBlobField.GetBlobType
 0001:00042158       TBlobField.GetIsNull
 0001:000421CC       TBlobField.GetModified
 0001:000421EC       TBlobField.GetText
 0001:0004223C       TBlobField.IsBlob
 0001:0004243C       TBlobField.SaveToStream
 0001:000424E8       TBlobField.SetAsString
 0001:00042544       TBlobField.SetBlobType
 0001:00042558       TBlobField.SetFieldType
 0001:0004256C       TBlobField.SetModified
 0001:00042588       TBlobField.SetText
 0001:000425B8       TBlobField.SetVarValue
 0001:0005A094       TBlobStream.Create
 0001:0005A274       TBlobStream.Destroy
 0001:0005A340       TBlobStream.Read
 0001:0005A63C       TBlobStream.Seek
 0001:0005A674       TBlobStream.Truncate
 0001:0005A51C       TBlobStream.Write
 0001:00040C98       TBooleanField.Create
 0001:00040CDC       TBooleanField.GetAsBoolean
 0001:00040D04       TBooleanField.GetAsString
 0001:00040D48       TBooleanField.GetAsVariant
 0001:00040D88       TBooleanField.GetDataSize
 0001:00040D90       TBooleanField.GetDefaultWidth
 0001:00040DFC       TBooleanField.SetAsBoolean
 0001:00040E20       TBooleanField.SetAsString
 0001:00040F60       TBooleanField.SetDisplayValues
 0001:00040FF0       TBooleanField.SetVarValue
 0001:0001679C       TBrush.Assign
 0001:00016740       TBrush.Create
 0001:00016778       TBrush.Destroy
 0001:000168D8       TBrush.GetColor
 0001:00016914       TBrush.GetHandle
 0001:000169F4       TBrush.GetStyle
 0001:000168B4       TBrush.SetBitmap
 0001:000168E0       TBrush.SetColor
 0001:000169FC       TBrush.SetStyle
 0001:000347E0       TButton.Click
 0001:0003497C       TButton.CMDialogChar
 0001:00034910       TButton.CMDialogKey
 0001:000349FC       TButton.CMFocusChanged
 0001:000348F8       TButton.CNCommand
 0001:0003477C       TButton.Create
 0001:0003489C       TButton.CreateParams
 0001:000348DC       TButton.CreateWnd
 0001:00034808       TButton.SetButtonStyle
 0001:00034864       TButton.SetDefault
 0001:00034A50       TButton.WMEraseBkgnd
 0001:0003470C       TButtonControl.WndProc
 0001:00041778       TBytesField.Create
 0001:000417C4       TBytesField.GetDataSize
 0001:00016B44       TCanvas.BrushCopy
 0001:000175D8       TCanvas.Changed
 0001:000175C4       TCanvas.Changing
 0001:00016E04       TCanvas.CopyRect
 0001:00016A30       TCanvas.Create
 0001:000174A4       TCanvas.CreateHandle
 0001:00016AEC       TCanvas.Destroy
 0001:00016E8C       TCanvas.Draw
 0001:00016F38       TCanvas.DrawFocusRect
 0001:00016F6C       TCanvas.FillRect
 0001:00016FA8       TCanvas.FrameRect
 0001:00017404       TCanvas.GetClipRect
 0001:00017428       TCanvas.GetHandle
 0001:0001734C       TCanvas.GetPenPos
 0001:00017390       TCanvas.GetPixel
 0001:00016FE4       TCanvas.LineTo
 0001:0001701C       TCanvas.Lock
 0001:00017044       TCanvas.MoveTo
 0001:00017070       TCanvas.Polyline
 0001:000170A8       TCanvas.Rectangle
 0001:00017550       TCanvas.RequiredState
 0001:00017340       TCanvas.SetBrush
 0001:00017324       TCanvas.SetFont
 0001:000174A8       TCanvas.SetHandle
 0001:00017334       TCanvas.SetPen
 0001:00017370       TCanvas.SetPenPos
 0001:000173BC       TCanvas.SetPixel
 0001:000170F0       TCanvas.StretchDraw
 0001:00017220       TCanvas.TextExtent
 0001:00017280       TCanvas.TextHeight
 0001:0001712C       TCanvas.TextOut
 0001:0001719C       TCanvas.TextRect
 0001:00017264       TCanvas.TextWidth
 0001:000172A0       TCanvas.TryLock
 0001:000172FC       TCanvas.Unlock
 0001:000431E8       TCheckConstraint.Assign
 0001:00043234       TCheckConstraint.GetDisplayName
 0001:00043294       TCheckConstraint.SetCustomConstraint
 0001:000432C0       TCheckConstraint.SetErrorMessage
 0001:00043268       TCheckConstraint.SetImportedConstraint
 0001:000432EC       TCheckConstraints.Create
 0001:00043330       TCheckConstraints.GetItem
 0001:0004332C       TCheckConstraints.GetOwner
 0001:000389EC       TClipboard.Assign
 0001:00038878       TClipboard.AssignTo
 0001:00038544       TClipboard.Clear
 0001:000385A8       TClipboard.Close
 0001:00038640       TClipboard.GetAsText
 0001:000385D8       TClipboard.Open
 0001:0000F638       TCollection.Add
 0001:0000F648       TCollection.Assign
 0001:0000F6E0       TCollection.BeginUpdate
 0001:0000F6E4       TCollection.Changed
 0001:0000F6F8       TCollection.Clear
 0001:0000F5B8       TCollection.Create
 0001:0000F5F4       TCollection.Destroy
 0001:0000F760       TCollection.EndUpdate
 0001:0000F774       TCollection.GetAttr
 0001:0000F770       TCollection.GetAttrCount
 0001:0000F7A4       TCollection.GetCount
 0001:0000F7AC       TCollection.GetItem
 0001:0000F784       TCollection.GetItemAttr
 0001:0000F7BC       TCollection.GetNamePath
 0001:0000F884       TCollection.GetPropName
 0001:0000FA50       TCollection.SetItemName
 0001:0000FA54       TCollection.Update
 0001:0000F420       TCollectionItem.Changed
 0001:0000F3BC       TCollectionItem.Create
 0001:0000F3F0       TCollectionItem.Destroy
 0001:0000F464       TCollectionItem.GetDisplayName
 0001:0000F448       TCollectionItem.GetIndex
 0001:0000F494       TCollectionItem.GetNamePath
 0001:0000F548       TCollectionItem.GetOwner
 0001:0000F54C       TCollectionItem.SetCollection
 0001:0000F578       TCollectionItem.SetDisplayName
 0001:0000F584       TCollectionItem.SetIndex
 0001:00014034       TComponent.ChangeName
 0001:000139E8       TComponent.Create
 0001:00013D34       TComponent.DefineProperties
 0001:00013A30       TComponent.Destroy
 0001:00013C54       TComponent.DestroyComponents
 0001:00013C84       TComponent.Destroying
 0001:00013F0C       TComponent.FindComponent
 0001:00013ABC       TComponent.FreeNotification
 0001:00013DC4       TComponent.GetChildOwner
 0001:00013DC8       TComponent.GetChildParent
 0001:00013DBC       TComponent.GetChildren
 0001:0001404C       TComponent.GetComponent
 0001:000140B8       TComponent.GetComponentCount
 0001:00013DCC       TComponent.GetNamePath
 0001:00013DE4       TComponent.GetOwner
 0001:00013DEC       TComponent.GetParentComponent
 0001:00013DB8       TComponent.HasParent
 0001:00013BB8       TComponent.InsertComponent
 0001:00013E14       TComponent.Loaded
 0001:00013CC0       TComponent.Notification
 0001:00013E24       TComponent.ReadState
 0001:00013C10       TComponent.RemoveComponent
 0001:000141B8       TComponent.SafeCallException
 0001:00013DE8       TComponent.SetChildOrder
 0001:000140C8       TComponent.SetComponentIndex
 0001:00014120       TComponent.SetDesigning
 0001:00013F68       TComponent.SetName
 0001:00013DF0       TComponent.SetParentComponent
 0001:00013E04       TComponent.Updated
 0001:000141D8       TComponent.UpdateRegistry
 0001:00013DF4       TComponent.Updating
 0001:00013EF0       TComponent.ValidateContainer
 0001:00013F08       TComponent.ValidateInsert
 0001:00013E3C       TComponent.ValidateRename
 0001:00013E30       TComponent.WriteState
 0001:00020024       TControl.BeginDrag
 0001:0001FC88       TControl.BringToFront
 0001:0001F72C       TControl.Changed
 0001:0001F73C       TControl.ChangeScale
 0001:00020484       TControl.Click
 0001:0001F6BC       TControl.ClientToScreen
 0001:00020910       TControl.CMColorChanged
 0001:000209EC       TControl.CMDesignHitTest
 0001:00020900       TControl.CMEnabledChanged
 0001:00020908       TControl.CMFontChanged
 0001:000209B4       TControl.CMHitTest
 0001:000209BC       TControl.CMMouseEnter
 0001:000209D4       TControl.CMMouseLeave
 0001:00020918       TControl.CMParentColorChanged
 0001:00020964       TControl.CMParentFontChanged
 0001:00020948       TControl.CMParentShowHintChanged
 0001:00020994       TControl.CMSysFontChanged
 0001:000208D8       TControl.CMVisibleChanged
 0001:0001F1A8       TControl.Create
 0001:000204A4       TControl.DblClick
 0001:0002036C       TControl.DefaultHandler
 0001:00020434       TControl.DefineProperties
 0001:0001F238       TControl.Destroy
 0001:00020190       TControl.DoEndDrag
 0001:00020170       TControl.DoStartDrag
 0001:000200F8       TControl.DragCanceled
 0001:00020144       TControl.DragDrop
 0001:000200FC       TControl.Dragging
 0001:00020108       TControl.DragOver
 0001:0001F548       TControl.GetBoundsRect
 0001:0001F5EC       TControl.GetClientHeight
 0001:0001F62C       TControl.GetClientOrigin
 0001:0001F590       TControl.GetClientRect
 0001:0001F5A8       TControl.GetClientWidth
 0001:0001FD3C       TControl.GetDeviceContext
 0001:0001F284       TControl.GetDragImages
 0001:0001FC50       TControl.GetMouseCapture
 0001:0001F288       TControl.GetPalette
 0001:0001F294       TControl.GetParentComponent
 0001:000205F4       TControl.GetPopupMenu
 0001:0001FA9C       TControl.GetText
 0001:0001FA5C       TControl.GetTextBuf
 0001:0001FA4C       TControl.GetTextLen
 0001:0001F28C       TControl.HasParent
 0001:0001FF0C       TControl.Hide
 0001:0001FEFC       TControl.Invalidate
 0001:0001FC0C       TControl.IsColorStored
 0001:0001FB78       TControl.IsFontStored
 0001:0001FB8C       TControl.IsShowHintStored
 0001:000204C4       TControl.MouseDown
 0001:0002070C       TControl.MouseMove
 0001:00020770       TControl.MouseUp
 0001:0001F3CC       TControl.Notification
 0001:0001F2BC       TControl.PaletteChanged
 0001:00020254       TControl.Perform
 0001:0001F34C       TControl.ReadState
 0001:0001FF24       TControl.Refresh
 0001:0001FF2C       TControl.Repaint
 0001:0001F33C       TControl.RequestAlign
 0001:0001F6E8       TControl.ScreenToClient
 0001:0001F714       TControl.SendCancelMode
 0001:0001F3F8       TControl.SetAlign
 0001:0001F45C       TControl.SetBounds
 0001:0001F568       TControl.SetBoundsRect
 0001:0001F604       TControl.SetClientHeight
 0001:0001F5C0       TControl.SetClientWidth
 0001:0001FBF0       TControl.SetColor
 0001:0001FC34       TControl.SetCursor
 0001:0001F338       TControl.SetDragMode
 0001:0001FA34       TControl.SetEnabled
 0001:0001FB6C       TControl.SetFont
 0001:0001F528       TControl.SetHeight
 0001:0001F4C8       TControl.SetLeft
 0001:0001FC60       TControl.SetMouseCapture
 0001:0001F88C       TControl.SetName
 0001:0001F974       TControl.SetParent
 0001:0001FC14       TControl.SetParentColor
 0001:0001F298       TControl.SetParentComponent
 0001:0001FB94       TControl.SetParentFont
 0001:0001FBD0       TControl.SetParentShowHint
 0001:0001FA68       TControl.SetPopupMenu
 0001:0001FBB4       TControl.SetShowHint
 0001:0001FACC       TControl.SetText
 0001:0001FA78       TControl.SetTextBuf
 0001:0001F4E8       TControl.SetTop
 0001:0001F9F8       TControl.SetVisible
 0001:0001F508       TControl.SetWidth
 0001:0001FD18       TControl.SetZOrder
 0001:0001FF14       TControl.Update
 0001:00020288       TControl.VisibleChanging
 0001:000208A0       TControl.WMCancelMode
 0001:000205A0       TControl.WMLButtonDblClk
 0001:00020538       TControl.WMLButtonDown
 0001:000207DC       TControl.WMLButtonUp
 0001:000206E4       TControl.WMMButtonDblClk
 0001:000206BC       TControl.WMMButtonDown
 0001:00020880       TControl.WMMButtonUp
 0001:00020734       TControl.WMMouseMove
 0001:00020584       TControl.WMNCLButtonDown
 0001:00020694       TControl.WMRButtonDblClk
 0001:0002066C       TControl.WMRButtonDown
 0001:00020850       TControl.WMRButtonUp
 0001:0002028C       TControl.WndProc
 0001:0001F0C0       TControlCanvas.CreateHandle
 0001:0001F094       TControlCanvas.Destroy
 0001:0001F15C       TControlCanvas.FreeHandle
 0001:0001F190       TControlCanvas.SetControl
 0001:00029EAC       TControlScrollBar.Assign
 0001:0002A30C       TControlScrollBar.IsRangeStored
 0001:0002A224       TControlScrollBar.SetPosition
 0001:0002A2F8       TControlScrollBar.SetRange
 0001:0002A318       TControlScrollBar.SetVisible
 0001:00062974       TConversion.ConvertReadStream
 0001:00062988       TConversion.ConvertWriteStream
 0001:00040C54       TCurrencyField.Create
 0001:00024274       TCustomControl.Create
 0001:000242C8       TCustomControl.Destroy
 0001:00024398       TCustomControl.Paint
 0001:00024300       TCustomControl.PaintWindow
 0001:000242F8       TCustomControl.WMPaint
 0001:00033EE4       TCustomEdit.Change
 0001:00033AC8       TCustomEdit.Clear
 0001:00033FA0       TCustomEdit.CMCtl3DChanged
 0001:00034028       TCustomEdit.CMEnter
 0001:00033FD8       TCustomEdit.CMFontChanged
 0001:00034068       TCustomEdit.CMTextChanged
 0001:00034004       TCustomEdit.CNCommand
 0001:00033AE8       TCustomEdit.CopyToClipboard
 0001:00033724       TCustomEdit.Create
 0001:00033C60       TCustomEdit.CreateParams
 0001:00033D20       TCustomEdit.CreateWnd
 0001:00033F0C       TCustomEdit.DefaultHandler
 0001:00033DD0       TCustomEdit.DestroyWnd
[...]
  5520 0001:0000AE4F  5523 0001:0000AE5F  5524 0001:0000AE6A  5525 0001:0000AE75
  5526 0001:0000AE80  5527 0001:0000AE8B  5529 0001:0000AE9D  5539 0001:0000AEA4
  5540 0001:0000AEB0  5541 0001:0000AEB4  5543 0001:0000AEBA  5547 0001:0000AED7
  5548 0001:0000AF08  5549 0001:0000AF0E  5550 0001:0000AF25  5552 0001:0000AF2C
  5555 0001:0000AF30  5556 0001:0000AF3C  5557 0001:0000AF40  5558 0001:0000AF49
  5559 0001:0000AF69  5562 0001:0000AF70  5563 0001:0000AF7C  5564 0001:0000AF80
  5565 0001:0000AF89  5566 0001:0000AF9A  5569 0001:0000AFA0  5570 0001:0000AFAC
  5571 0001:0000AFC4  5572 0001:0000AFD5  5577 0001:0000AFDC  5578 0001:0000AFE8
  5579 0001:0000AFED  5580 0001:0000B000  5581 0001:0000B006  5582 0001:0000B00F
  5583 0001:0000B016  5584 0001:0000B01B  5586 0001:0000B023  5587 0001:0000B046
  5588 0001:0000B051  5584 0001:0000B05C  5590 0001:0000B067  5595 0001:0000B06C
  5596 0001:0000B07B  5597 0001:0000B086  5598 0001:0000B08D  5601 0001:0000B096
  5602 0001:0000B0A1  5603 0001:0000B0C4  5599 0001:0000B0CF  5605 0001:0000B0DF
  5606 0001:0000B112  5607 0001:0000B11A  5608 0001:0000B122  5613 0001:0000B128
  5614 0001:0000B134  5615 0001:0000B139  5616 0001:0000B14C  5618 0001:0000B15B
  5619 0001:0000B177  5620 0001:0000B196  5622 0001:0000B19D  5625 0001:0000B1AA
  5626 0001:0000B1B3  5631 0001:0000B1B8  5632 0001:0000B1C4  5633 0001:0000B1C9
  5634 0001:0000B1CF  5635 0001:0000B1E7  5637 0001:0000B1F0  5638 0001:0000B202
  5639 0001:0000B20F  5642 0001:0000B21C  5643 0001:0000B225  5661 0001:0000B22C
  5662 0001:0000B238  5663 0001:0000B23D  5664 0001:0000B257  5665 0001:0000B25D
  5666 0001:0000B281  5676 0001:0000B288  5677 0001:0000B295  5679 0001:0000B2A2
  5680 0001:0000B2AD  5681 0001:0000B2B8  5682 0001:0000B2BF  5684 0001:0000B2CB
  5685 0001:0000B2E4  5687 0001:0000B2FC  5688 0001:0000B307  5691 0001:0000B322
  5692 0001:0000B34B  5682 0001:0000B356  5696 0001:0000B364  5697 0001:0000B36F
  5702 0001:0000B374  5703 0001:0000B381  5705 0001:0000B38E  5706 0001:0000B399
  5707 0001:0000B3A4  5708 0001:0000B3AB  5710 0001:0000B3B7  5711 0001:0000B3D0
  5713 0001:0000B3E8  5714 0001:0000B3F3  5717 0001:0000B40E  5718 0001:0000B437
  5708 0001:0000B442  5722 0001:0000B450  5723 0001:0000B45B  5729 0001:0000B460
  5730 0001:0000B46C  5731 0001:0000B471  5732 0001:0000B49D  5733 0001:0000B4A8
  5734 0001:0000B4B3  5737 0001:0000B4C3  5738 0001:0000B4DB  5740 0001:0000B502
  5741 0001:0000B50C  5742 0001:0000B510  5735 0001:0000B51E  5744 0001:0000B542
  5745 0001:0000B54A  5748 0001:0000B550  5749 0001:0000B55C  5750 0001:0000B56A
  5751 0001:0000B570  5753 0001:0000B576  5755 0001:0000B57C  5756 0001:0000B582
  5757 0001:0000B586  5753 0001:0000B594  5760 0001:0000B59D  5763 0001:0000B5A4
  5764 0001:0000B5B0  5765 0001:0000B5BE  5767 0001:0000B5C4  5769 0001:0000B5E1
  5771 0001:0000B5E5  5772 0001:0000B5E9  5765 0001:0000B5F7  5774 0001:0000B600
  5783 0001:0000B604  5785 0001:0000B60A  5786 0001:0000B614  5787 0001:0000B61D
  5788 0001:0000B626  5790 0001:0000B62D  5791 0001:0000B635  5793 0001:0000B643
  5794 0001:0000B64A  5796 0001:0000B651  5797 0001:0000B65F  5800 0001:0000B66C
  5801 0001:0000B67D  5803 0001:0000B686  5806 0001:0000B691  5809 0001:0000B698
  5810 0001:0000B6B1  5809 0001:0000B6C3  5811 0001:0000B6C8  5807 0001:0000B6D3
  5814 0001:0000B6E9  6125 0001:0000B6F0  6126 0001:0000B70C  6127 0001:0000B714
  6128 0001:0000B71A  6131 0001:0000B760  6132 0001:0000B77F  6133 0001:0000B788
  6134 0001:0000B7B2  6139 0001:0000B7B8  6140 0001:0000B7C1  6141 0001:0000B7CC
  6142 0001:0000B7D5  6167 0001:0000B7DC  6168 0001:0000B7E3  6169 0001:0000B7E7
  6172 0001:0000B7F1  6173 0001:0000B7FA  6170 0001:0000B802  6175 0001:0000B811
  6180 0001:0000B818  6183 0001:0000B81E  6184 0001:0000B826  6185 0001:0000B830
  6181 0001:0000B83D  6187 0001:0000B846  6193 0001:0000B84C  6194 0001:0000B84E
  6195 0001:0000B851  6196 0001:0000B854  6197 0001:0000B857  6198 0001:0000B859
  6202 0001:0000B85C  6203 0001:0000B85E  6204 0001:0000B861  6205 0001:0000B864
  6206 0001:0000B867  6207 0001:0000B86A  6208 0001:0000B86D  6209 0001:0000B870
  6210 0001:0000B872  6217 0001:0000B874  6218 0001:0000B887  6219 0001:0000B8C5
  6224 0001:0000B8C8  6225 0001:0000B8CE  6226 0001:0000B8D8  6230 0001:0000B8FF
  6231 0001:0000B904  6232 0001:0000B90E  6233 0001:0000B914  6235 0001:0000B91A
  6237 0001:0000B93D  6232 0001:0000B943  6240 0001:0000B949  6241 0001:0000B957
  6251 0001:0000B964  6252 0001:0000B96A  6253 0001:0000B972  6254 0001:0000B97D
  6255 0001:0000B988  6256 0001:0000B98E  6257 0001:0000B995  6258 0001:0000B99C
  6259 0001:0000B9B0  6260 0001:0000B9C6  6261 0001:0000B9DC  6262 0001:0000B9E4
  6275 0001:0000B9E8  6276 0001:0000B9EC  6277 0001:0000B9F4  6278 0001:0000BA0F
  6289 0001:0000C5F8  6290 0001:0000C61A  6292 0001:0000C736  6280 0001:0000C738
  6281 0001:0000C75C  6282 0001:0000C761  6283 0001:0000C766  6284 0001:0000C76B
  6285 0001:0000C779  6286 0001:0000C77E  6288 0001:0000C798

Line numbers for Consts(Consts.pas) segment .text

   260 0001:0000CBB3

Line numbers for Dbcgrids(DBCGrids.pas) segment .text

   196 0001:0008EAA0   197 0001:0008EABB   198 0001:0008EAC5   199 0001:0008EACE
   200 0001:0008EAE6   203 0001:0008EAEC   204 0001:0008EAF3   205 0001:0008EB00
   208 0001:0008EB04   209 0001:0008EB0B   210 0001:0008EB18   215 0001:0008EB1C
   216 0001:0008EB37   217 0001:0008EB44   219 0001:0008EB52   220 0001:0008EB5E
   221 0001:0008EB7C   224 0001:0008EB84   225 0001:0008EB90   226 0001:0008EB9B
   228 0001:0008EBA2   234 0001:0008EBA8   235 0001:0008EBB4   237 0001:0008EBC0
   239 0001:0008EBD3   240 0001:0008EBEE   241 0001:0008EC0D   242 0001:0008EC1E
   243 0001:0008EC2C   244 0001:0008EC40   245 0001:0008EC53   246 0001:0008EC6A
   247 0001:0008EC82   249 0001:0008ECA0   250 0001:0008ECAB   251 0001:0008ECC4
   252 0001:0008ECDB   255 0001:0008ECF9   258 0001:0008ED11   260 0001:0008ED37
   263 0001:0008ED3C   264 0001:0008ED48   265 0001:0008ED68   271 0001:0008ED6C
   272 0001:0008ED78   274 0001:0008ED85   275 0001:0008ED93   276 0001:0008EDA1
   277 0001:0008EDB6   278 0001:0008EDC1   279 0001:0008EDC9   280 0001:0008EDDE
   281 0001:0008EE12   283 0001:0008EE31   286 0001:0008EE47   287 0001:0008EE52
   290 0001:0008EE58   291 0001:0008EE64   292 0001:0008EE6D   293 0001:0008EE79
   294 0001:0008EE83   297 0001:0008EE88   298 0001:0008EE94   299 0001:0008EE9E
   304 0001:0008EEA4   305 0001:0008EEBF   306 0001:0008EECC   307 0001:0008EEDA
   308 0001:0008EEE4   309 0001:0008EEFC   310 0001:0008EF11   311 0001:0008EF29
   312 0001:0008EF36   313 0001:0008EF43   314 0001:0008EF50   315 0001:0008EF5D
   316 0001:0008EF67   317 0001:0008EF71   318 0001:0008EF7B   319 0001:0008EF85
   320 0001:0008EF94   321 0001:0008EFAF   324 0001:0008EFB8   325 0001:0008EFC4
   326 0001:0008EFD2   327 0001:0008EFE0   328 0001:0008EFEB   329 0001:0008F00A
   332 0001:0008F010   333 0001:0008F019   334 0001:0008F01D   336 0001:0008F035
   337 0001:0008F03D   339 0001:0008F04B   344 0001:0008F050   345 0001:0008F05A
   346 0001:0008F06F   347 0001:0008F084   348 0001:0008F090   349 0001:0008F09C
   350 0001:0008F0A6   351 0001:0008F0C2   352 0001:0008F0CA   357 0001:0008F0D0
   358 0001:0008F0D9   360 0001:0008F0E5   361 0001:0008F0EF   362 0001:0008F11B
   363 0001:0008F126   364 0001:0008F136   366 0001:0008F158   367 0001:0008F161
   370 0001:0008F168   371 0001:0008F174   374 0001:0008F17F   375 0001:0008F189
   377 0001:0008F190   380 0001:0008F194   381 0001:0008F19B   382 0001:0008F1A3
   383 0001:0008F1AF   384 0001:0008F1BE   385 0001:0008F1C9   386 0001:0008F1D8
   387 0001:0008F1F6   388 0001:0008F1FE   395 0001:0008F204   396 0001:0008F210
   398 0001:0008F219   399 0001:0008F21E   401 0001:0008F227   403 0001:0008F236
   404 0001:0008F247   405 0001:0008F258   408 0001:0008F267   409 0001:0008F26C
   411 0001:0008F271   412 0001:0008F276   413 0001:0008F284   415 0001:0008F2AC
   416 0001:0008F2B9   417 0001:0008F2DC   418 0001:0008F2EC   419 0001:0008F2F1
   422 0001:0008F2FF   423 0001:0008F32D   426 0001:0008F33B   429 0001:0008F358
   430 0001:0008F364   431 0001:0008F370   432 0001:0008F38B   433 0001:0008F399
   435 0001:0008F39F   436 0001:0008F3A7   438 0001:0008F3AF   439 0001:0008F3B7
   440 0001:0008F3D5   441 0001:0008F3DD   444 0001:0008F3E4   445 0001:0008F3EB
   446 0001:0008F3F4   448 0001:0008F400   449 0001:0008F419   450 0001:0008F428
   452 0001:0008F437   457 0001:0008F43C   458 0001:0008F448   460 0001:0008F45B
   462 0001:0008F467   463 0001:0008F46E   466 0001:0008F47C   467 0001:0008F488
   469 0001:0008F48F   470 0001:0008F4A0   471 0001:0008F4FD   472 0001:0008F517
   473 0001:0008F526   474 0001:0008F535   475 0001:0008F549   476 0001:0008F55B
   477 0001:0008F56F   478 0001:0008F581   479 0001:0008F595   480 0001:0008F5A7
   481 0001:0008F5C4   482 0001:0008F5DF   483 0001:0008F5EC   485 0001:0008F5F9
   487 0001:0008F61C   488 0001:0008F624   491 0001:0008F630   493 0001:0008F64B
   494 0001:0008F653   497 0001:0008F65F   499 0001:0008F67A   500 0001:0008F682
   504 0001:0008F68E   505 0001:0008F699   509 0001:0008F6A3   515 0001:0008F6A8
   516 0001:0008F6B7   517 0001:0008F6C5   519 0001:0008F6D3   520 0001:0008F6E4
   521 0001:0008F6F5   522 0001:0008F710   524 0001:0008F723   525 0001:0008F74C
   527 0001:0008F77E   533 0001:0008F784   534 0001:0008F793   536 0001:0008F799
   537 0001:0008F7B8   538 0001:0008F7CC   539 0001:0008F7E6   540 0001:0008F7F7
   542 0001:0008F800   543 0001:0008F80C   544 0001:0008F81D   547 0001:0008F824
   548 0001:0008F82D   549 0001:0008F83C   552 0001:0008F840   553 0001:0008F84D
   554 0001:0008F868   557 0001:0008F870   558 0001:0008F879   559 0001:0008F88B
   562 0001:0008F890   563 0001:0008F899   564 0001:0008F8C9   569 0001:0008F8D0
   570 0001:0008F8DF   572 0001:0008F8EB   573 0001:0008F8FD   576 0001:0008F911
   577 0001:0008F923   579 0001:0008F935   580 0001:0008F946   581 0001:0008F958
   582 0001:0008F96C   583 0001:0008F981   586 0001:0008F988   587 0001:0008F994
   592 0001:0008F998   593 0001:0008F9A7   594 0001:0008F9B5   595 0001:0008F9B9
   596 0001:0008FA5D   597 0001:0008FA63   598 0001:0008FA69   599 0001:0008FA6F
   600 0001:0008FA75   601 0001:0008FA7B   602 0001:0008FA81   603 0001:0008FA87
   604 0001:0008FA8D   605 0001:0008FA93   607 0001:0008FA99   608 0001:0008FAA5
   609 0001:0008FAAB   610 0001:0008FAB1   611 0001:0008FAC3   613 0001:0008FAC7
   614 0001:0008FAD2   620 0001:0008FAD8   621 0001:0008FAE4   623 0001:0008FAF1
   624 0001:0008FAFF   625 0001:0008FB14   626 0001:0008FB29   627 0001:0008FB45
   628 0001:0008FB4E   629 0001:0008FB73   628 0001:0008FB96   632 0001:0008FBA0
   633 0001:0008FBA8   634 0001:0008FBB6   635 0001:0008FBD8   636 0001:0008FBF2
   637 0001:0008FC02   634 0001:0008FC13   639 0001:0008FC25   643 0001:0008FC35
   645 0001:0008FC45   647 0001:0008FC62   648 0001:0008FC76   649 0001:0008FCB5
   651 0001:0008FCBE   653 0001:0008FCDB   654 0001:0008FCEF   655 0001:0008FD2A
   658 0001:0008FD33   661 0001:0008FD38   662 0001:0008FD45   663 0001:0008FD67
   666 0001:0008FD6C   667 0001:0008FD78   669 0001:0008FDC2   672 0001:0008FDC8
   673 0001:0008FDD4   674 0001:0008FDDF   675 0001:0008FDED   678 0001:0008FDF4
   679 0001:0008FDFB   680 0001:0008FE04   681 0001:0008FE19   682 0001:0008FE3A
   683 0001:0008FE44   688 0001:0008FE48   689 0001:0008FE57   690 0001:0008FE74
   691 0001:0008FE85   693 0001:0008FE8E   694 0001:0008FE96   695 0001:0008FEAF
   698 0001:0008FED2   699 0001:0008FEDA   700 0001:0008FEE2   701 0001:0008FEF0
   702 0001:0008FEF6   703 0001:0008FEFC   705 0001:0008FF2F   708 0001:0008FF55
   709 0001:0008FF64   710 0001:0008FF7B   712 0001:0008FF88   714 0001:0008FF98
   715 0001:0008FFA4   716 0001:0008FFB2   717 0001:0008FFBE   718 0001:0008FFC4
   720 0001:0008FFD6   721 0001:0008FFEB   724 0001:00090002   726 0001:00090041
   729 0001:00090051   735 0001:00090058   736 0001:00090064   738 0001:00090074
   739 0001:00090078   740 0001:000900AF   741 0001:000900B8   742 0001:000900C1
   743 0001:000900CA   744 0001:000900D3   745 0001:000900DC   747 0001:000900E5
   749 0001:00090112   750 0001:00090119   751 0001:00090120   752 0001:0009013C
   753 0001:00090148   756 0001:00090169   757 0001:00090182   761 0001:00090184
   762 0001:000901A0   763 0001:000901A6   764 0001:000901AC   765 0001:000901B2
   769 0001:000901B6   771 0001:000901C1   778 0001:000901C8   779 0001:000901D8
   780 0001:000901E7   781 0001:000901F5   782 0001:000901FA   783 0001:000901FF
   784 0001:00090205   785 0001:0009021A   787 0001:00090227   788 0001:00090235
   789 0001:0009023B   790 0001:00090241   791 0001:0009024D   792 0001:00090252
   794 0001:00090258   796 0001:0009025E   797 0001:00090261   800 0001:00090273
   801 0001:00090282   803 0001:00090285   804 0001:00090293   806 0001:000902B3
   807 0001:000902BA   809 0001:000902C0   812 0001:000902D3   815 0001:000902F1
   817 0001:00090304   824 0001:0009030C   825 0001:00090318   826 0001:00090323
   828 0001:0009032D   829 0001:00090339   831 0001:0009034C   832 0001:00090361
   833 0001:00090378   834 0001:00090386   835 0001:00090394   837 0001:000903B6
   838 0001:000903BE   840 0001:000903C8   841 0001:000903D4   842 0001:000903E9
   845 0001:000903F1   850 0001:000903F8   851 0001:00090407   852 0001:0009040C
   853 0001:00090411   854 0001:0009041D   855 0001:00090429   856 0001:00090433
   857 0001:00090448   858 0001:0009045D   859 0001:0009046A   860 0001:00090477
   862 0001:00090493   863 0001:0009049F   864 0001:000904AB   866 0001:000904B3
   867 0001:000904C9   870 0001:000904D0   871 0001:000904DC   872 0001:000904E9
   873 0001:000904F6   875 0001:00090504   876 0001:00090510   878 0001:00090518
   881 0001:0009051C   882 0001:00090528   883 0001:00090539   884 0001:0009054C
   889 0001:00090550   890 0001:0009055C   891 0001:00090569   893 0001:0009056F
   894 0001:00090588   896 0001:00090598   897 0001:000905A0   900 0001:000905A4
   901 0001:000905B0   903 0001:000905BE   904 0001:000905CA   905 0001:000905D2
   907 0001:000905DA   910 0001:000905E0   911 0001:000905EC   913 0001:000905FA
   914 0001:00090606   915 0001:0009060E   917 0001:0009061C   920 0001:00090620
   921 0001:0009062C   922 0001:00090639   923 0001:00090649   925 0001:00090657
   926 0001:00090663   928 0001:0009066B   931 0001:00090670   932 0001:0009067C
   933 0001:00090699   934 0001:000906B8   937 0001:000906BC   938 0001:000906C8
   939 0001:000906D5   940 0001:000906E5   942 0001:000906F3   943 0001:000906FF
   945 0001:00090707   948 0001:0009070C   949 0001:00090718   950 0001:00090725
   951 0001:00090732   953 0001:00090740   954 0001:0009074C   956 0001:00090754
   959 0001:00090758   960 0001:00090764   962 0001:00090772   963 0001:0009077E
   964 0001:00090793   965 0001:0009079B   967 0001:000907A9   973 0001:000907B0
   974 0001:000907D3   975 0001:000907E2   976 0001:000907F7   977 0001:0009080B
   979 0001:00090811   980 0001:00090818   982 0001:0009081E   983 0001:00090830
   986 0001:00090837   988 0001:00090849   989 0001:00090861   987 0001:0009087C
   990 0001:0009089E   995 0001:000908A4   996 0001:000908AF   997 0001:000908D2
   999 0001:000908E3  1000 0001:000908EA  1001 0001:000908F1  1002 0001:0009090D
  1003 0001:0009091A  1005 0001:00090929  1006 0001:00090930  1007 0001:00090945
  1008 0001:00090957  1009 0001:00090961  1013 0001:00090971  1014 0001:00090976
  1015 0001:0009097B  1016 0001:00090982  1017 0001:00090992  1018 0001:000909A4
  1020 0001:000909AB  1022 0001:000909CB  1024 0001:000909E9  1031 0001:000909F0
  1032 0001:000909FD  1034 0001:00090A10  1035 0001:00090A1E  1036 0001:00090A3B
  1038 0001:00090A72  1039 0001:00090A7C  1040 0001:00090A8A  1042 0001:00090AA2
  1044 0001:00090AB4  1045 0001:00090ACE  1046 0001:00090ADC  1048 0001:00090AF8
  1049 0001:00090B05  1050 0001:00090B13  1051 0001:00090B30  1054 0001:00090B32
  1035 0001:00090B35  1056 0001:00090B3E  1058 0001:00090B4A  1060 0001:00090B5C
  1061 0001:00090B66  1063 0001:00090B72  1065 0001:00090B7D  1068 0001:00090B84
  1069 0001:00090B91  1070 0001:00090BAF  1071 0001:00090BBA  1074 0001:00090BC0
  1075 0001:00090BCC  1076 0001:00090BD7  1079 0001:00090BDC  1080 0001:00090BE8
  1081 0001:00090BF3  1084 0001:00090BF8  1085 0001:00090C04  1086 0001:00090C0E
  1089 0001:00090C14  1090 0001:00090C20  1091 0001:00090C2B  1094 0001:00090C30
  1095 0001:00090C3C  1096 0001:00090C46  1097 0001:00090C54  1100 0001:00090C58
  1101 0001:00090C64  1102 0001:00090C6E  1103 0001:00090C7C  1106 0001:00090C80
  1107 0001:00090C8C  1108 0001:00090C96  1111 0001:00090C9C  1112 0001:00090CA8
  1113 0001:00090CB3  1114 0001:00090CBB  1117 0001:00090CC0  1118 0001:00090CC4
  1119 0001:00090CCC  1120 0001:00090CDC  1121 0001:00090CEC  1122 0001:00090CFF
  1128 0001:00090D08  1130 0001:00090D15  1132 0001:00090D24  1133 0001:00090D2C
  1134 0001:00090D58  1135 0001:00090D5C  1137 0001:00090D7D  1139 0001:00090D9B
  1140 0001:00090DA1  1141 0001:00090DA7  1143 0001:00090DAD  1144 0001:00090DC5
  1145 0001:00090DCB  1146 0001:00090DD1  1148 0001:00090DD5  1150 0001:00090DDB
  1151 0001:00090DE6  1152 0001:00090DF0  1155 0001:00090DF2  1156 0001:00090DFD
  1159 0001:00090E04  1160 0001:00090E10  1161 0001:00090E1B  1162 0001:00090E27
  1163 0001:00090E36  1165 0001:00090E73

Line numbers for Unit1(Unit1.pas) segment .text

    57 0001:00091138    59 0001:00091144    60 0001:00091157    62 0001:00091163
    64 0001:0009116F    67 0001:000911AC    68 0001:000911B8    69 0001:000911C7
    70 0001:000911DA    72 0001:000911E6    73 0001:000911F2    76 0001:0009123C
    77 0001:00091248    78 0001:00091257    79 0001:0009126A    81 0001:00091276
    82 0001:00091282    84 0001:0009130F

Line numbers for Unit3(Unit3.pas) segment .text

    61 0001:00091624    63 0001:00091646    64 0001:00091650    65 0001:0009166A
    66 0001:00091678    67 0001:00091686    68 0001:00091694    70 0001:000916B4
    71 0001:000916C9    75 0001:000916DC    76 0001:000916F7    77 0001:00091703
    78 0001:0009171E    79 0001:0009172F    73 0001:0009173D    81 0001:0009174C
    82 0001:0009175A    84 0001:0009176D    85 0001:0009177B    87 0001:00091798
    89 0001:000917C3    92 0001:00091834    93 0001:00091843    95 0001:00091849
    96 0001:00091866    99 0001:00091884   100 0001:00091890   102 0001:000918AC
   103 0001:000918BB   105 0001:000918C9   106 0001:000918D7   107 0001:000918E8
   108 0001:000918FC   110 0001:00091908   111 0001:00091916   112 0001:00091920
   115 0001:00091940   126 0001:0009194C   129 0001:00091950   140 0001:0009195C
   143 0001:00091960   153 0001:0009196C   156 0001:00091970   157 0001:0009198F
   158 0001:000919D4   161 0001:000919E4   162 0001:000919F0   163 0001:00091A03
   166 0001:00091A30   167 0001:00091A4F   168 0001:00091A96   171 0001:00091AA8
   172 0001:00091AC7   173 0001:00091B0E   176 0001:00091B20   177 0001:00091B3F
   178 0001:00091B86   181 0001:00091B98   182 0001:00091BB7   183 0001:00091BFE
   186 0001:00091C10   187 0001:00091C1F   188 0001:00091C27   190 0001:00091C37
   192 0001:00091C7F

Line numbers for Unit2(Unit2.pas) segment .text

    36 0001:00091E24    37 0001:00091E43    38 0001:00091E51    39 0001:00091E5F
    40 0001:00091E6E    43 0001:00091E82    44 0001:00091EAC    45 0001:00091EE7
    46 0001:00091F22    41 0001:00091F30    48 0001:00091F43    49 0001:00091F51
    50 0001:00091F8D    51 0001:00091FE6    54 0001:00092060    55 0001:0009206C
    56 0001:00092080    58 0001:0009208C    60 0001:0009209A    61 0001:000920A4
    63 0001:000920DF

Line numbers for conto(C:\fls\dev\02MIOCC\conto.dpr) segment .text

    11 0001:00092338    12 0001:00092348    13 0001:00092354    14 0001:00092365
    15 0001:00092379    16 0001:00092391    17 0001:000923A9    18 0001:000923C1
    19 0001:000923CD

Program entry point at 0001:00092338
