
 Start         Length     Name                   Class
 0001:00000000 0002E5B8H .text                   CODE
 0002:00000000 00000AB8H .data                   DATA
 0002:00000AB8 00000761H .bss                    BSS


Detailed map of segments

 0001:00000000 00003F0C C=CODE     S=.text    G=(none)   M=System   ACBP=A9
 0001:00003F0C 00000170 C=CODE     S=.text    G=(none)   M=SysInit  ACBP=A9
 0001:0000407C 00000914 C=CODE     S=.text    G=(none)   M=Windows  ACBP=A9
 0001:00004990 00000038 C=CODE     S=.text    G=(none)   M=Messages ACBP=A9
 0001:000049C8 000055AA C=CODE     S=.text    G=(none)   M=SysUtils ACBP=A9
 0001:00009F74 00000038 C=CODE     S=.text    G=(none)   M=ActiveX  ACBP=A9
 0001:00009FAC 000002E8 C=CODE     S=.text    G=(none)   M=Consts   ACBP=A9
 0001:0000A294 00000468 C=CODE     S=.text    G=(none)   M=TypInfo  ACBP=A9
 0001:0000A6FC 000064BB C=CODE     S=.text    G=(none)   M=Classes  ACBP=A9
 0001:00010BB8 00007F7A C=CODE     S=.text    G=(none)   M=Graphics ACBP=A9
 0001:00018B34 000000A4 C=CODE     S=.text    G=(none)   M=Commctrl ACBP=A9
 0001:00018BD8 00000038 C=CODE     S=.text    G=(none)   M=Imm      ACBP=A9
 0001:00018C10 00000038 C=CODE     S=.text    G=(none)   M=WinSpool ACBP=A9
 0001:00018C48 00000044 C=CODE     S=.text    G=(none)   M=Printers ACBP=A9
 0001:00018C8C 00007543 C=CODE     S=.text    G=(none)   M=Controls ACBP=A9
 0001:000201D0 000021EA C=CODE     S=.text    G=(none)   M=Menus    ACBP=A9
 0001:000223BC 000082BF C=CODE     S=.text    G=(none)   M=Forms    ACBP=A9
 0001:0002A67C 00000038 C=CODE     S=.text    G=(none)   M=CommDlg  ACBP=A9
 0001:0002A6B4 0000270C C=CODE     S=.text    G=(none)   M=StdCtrls ACBP=A9
 0001:0002CDC0 00000930 C=CODE     S=.text    G=(none)   M=ExtCtrls ACBP=A9
 0001:0002D6F0 00000038 C=CODE     S=.text    G=(none)   M=Dlgs     ACBP=A9
 0001:0002D728 00000975 C=CODE     S=.text    G=(none)   M=Dialogs  ACBP=A9
 0001:0002E0A0 000003C8 C=CODE     S=.text    G=(none)   M=Ml261297 ACBP=A9
 0001:0002E468 00000150 C=CODE     S=.text    G=(none)   M=Fileattr ACBP=A9
 0002:00000000 0000009A C=DATA     S=.data    G=DGROUP   M=System   ACBP=A9
 0002:0000009C 00000010 C=DATA     S=.data    G=DGROUP   M=SysInit  ACBP=A9
 0002:000000AC 0000021C C=DATA     S=.data    G=DGROUP   M=SysUtils ACBP=A9
 0002:000002C8 00000004 C=DATA     S=.data    G=DGROUP   M=TypInfo  ACBP=A9
 0002:000002CC 00000018 C=DATA     S=.data    G=DGROUP   M=Classes  ACBP=A9
 0002:000002E4 000002B4 C=DATA     S=.data    G=DGROUP   M=Graphics ACBP=A9
 0002:00000598 00000004 C=DATA     S=.data    G=DGROUP   M=Printers ACBP=A9
 0002:0000059C 000000CC C=DATA     S=.data    G=DGROUP   M=Controls ACBP=A9
 0002:00000668 000000A6 C=DATA     S=.data    G=DGROUP   M=Menus    ACBP=A9
 0002:00000710 000000FC C=DATA     S=.data    G=DGROUP   M=Forms    ACBP=A9
 0002:0000080C 0000004C C=DATA     S=.data    G=DGROUP   M=StdCtrls ACBP=A9
 0002:00000858 000000B0 C=DATA     S=.data    G=DGROUP   M=Dialogs  ACBP=A9
 0002:00001000 000004A8 C=BSS      S=.bss     G=DGROUP   M=System   ACBP=A9
 0002:000014A8 00000018 C=BSS      S=.bss     G=DGROUP   M=SysInit  ACBP=A9
 0002:000014C0 00000004 C=BSS      S=.bss     G=DGROUP   M=Windows  ACBP=A9
 0002:000014C4 00000004 C=BSS      S=.bss     G=DGROUP   M=Messages ACBP=A9
 0002:000014C8 00000110 C=BSS      S=.bss     G=DGROUP   M=SysUtils ACBP=A9
 0002:000015D8 00000004 C=BSS      S=.bss     G=DGROUP   M=ActiveX  ACBP=A9
 0002:000015DC 00000004 C=BSS      S=.bss     G=DGROUP   M=Consts   ACBP=A9
 0002:000015E0 00000004 C=BSS      S=.bss     G=DGROUP   M=TypInfo  ACBP=A9
 0002:000015E4 00000018 C=BSS      S=.bss     G=DGROUP   M=Classes  ACBP=A9
 0002:000015FC 0000005C C=BSS      S=.bss     G=DGROUP   M=Graphics ACBP=A9
 0002:00001658 00000004 C=BSS      S=.bss     G=DGROUP   M=Commctrl ACBP=A9
 0002:0000165C 00000004 C=BSS      S=.bss     G=DGROUP   M=Imm      ACBP=A9
 0002:00001660 00000004 C=BSS      S=.bss     G=DGROUP   M=WinSpool ACBP=A9
 0002:00001664 00000004 C=BSS      S=.bss     G=DGROUP   M=Printers ACBP=A9
 0002:00001668 00000070 C=BSS      S=.bss     G=DGROUP   M=Controls ACBP=A9
 0002:000016D8 0000000C C=BSS      S=.bss     G=DGROUP   M=Menus    ACBP=A9
 0002:000016E4 00000040 C=BSS      S=.bss     G=DGROUP   M=Forms    ACBP=A9
 0002:00001724 00000004 C=BSS      S=.bss     G=DGROUP   M=CommDlg  ACBP=A9
 0002:00001728 00000004 C=BSS      S=.bss     G=DGROUP   M=StdCtrls ACBP=A9
 0002:0000172C 00000004 C=BSS      S=.bss     G=DGROUP   M=ExtCtrls ACBP=A9
 0002:00001730 00000004 C=BSS      S=.bss     G=DGROUP   M=Dlgs     ACBP=A9
 0002:00001734 0000000C C=BSS      S=.bss     G=DGROUP   M=Dialogs  ACBP=A9
 0002:00001740 00000020 C=BSS      S=.bss     G=DGROUP   M=Ml261297 ACBP=A9


  Address         Publics by Name

 0002:0000175C       .1
 0001:00001754       @AbstractError
 0001:0000399D       @Append
 0001:00001BCC       @AsClass
 0001:00003876       @Assign
 0001:00001824       @AStrCmp
 0001:00001C18       @CallDynaInst
 0001:00001D20       @ClassCreate
 0001:00001D5C       @ClassDestroy
 0001:00003918       @Close
 0001:00002E78       @Dispose
 0001:00002104       @DoneExcept
 0001:00001894       @FillChar
 0001:00002E58       @Finalize
 0001:00002D98       @FinalizeArray
 0001:00002D6C       @FinalizeRecord
 0001:00001C30       @FindDynaInst
 0001:000038F1       @Flush
 0001:00001638       @FreeMem
 0001:00001620       @GetMem
 0001:00003F88       @GetTls
 0001:000025A0       @Halt
 0001:00002488       @Halt0
 0001:00001E60       @HandleAnyException
 0001:0000205C       @HandleFinally
 0001:00001F24       @HandleOnException
 0001:00004020       @InitExe
 0001:00002D60       @Initialize
 0001:00002CD0       @InitializeArray
 0001:00002CA4       @InitializeRecord
 0001:000023E4       @InitImports
 0001:000023C8       @InitResStringImports
 0001:000023AC       @InitResStrings
 0001:00003640       @IntfClear
 0001:00003658       @IntfCopy
 0001:00001BB4       @IsClass
 0001:000029F8       @LStrAddRef
 0001:000025DC       @LStrArrayClr
 0001:0000260C       @LStrAsg
 0001:0000284C       @LStrCat
 0001:00002890       @LStrCat3
 0001:00002904       @LStrCatN
 0001:000025B8       @LStrClr
 0001:00002954       @LStrCmp
 0001:00002A48       @LStrCopy
 0001:00002A88       @LStrDelete
 0001:000027F4       @LStrFromArray
 0001:0000276C       @LStrFromChar
 0001:0000277C       @LStrFromPChar
 0001:0000269C       @LStrFromPCharLen
 0001:000027AC       @LStrFromPWChar
 0001:000026CC       @LStrFromPWCharLen
 0001:000027E8       @LStrFromString
 0001:0000280C       @LStrFromWStr
 0001:00002650       @LStrLAsg
 0001:00002844       @LStrLen
 0001:00002AD0       @LStrPos
 0001:00002B18       @LStrSetLength
 0001:00002A08       @LStrToPChar
 0001:00002820       @LStrToString
 0001:00002E64       @New
 0001:00002678       @NewAnsiString
 0001:00003B1C       @Pow10
 0001:000017A0       @PStrCmp
 0001:00001770       @PStrNCpy
 0001:000020B0       @RaiseAgain
 0001:00002094       @RaiseExcept
 0001:00001650       @ReallocMem
 0001:0000398F       @ResetText
 0001:00003996       @RewritText
 0001:000025AC       @RunError
 0001:0000237C       @StartExe
 0001:00002134       @TryFinallyExit
 0001:000018B4       @ValLong
 0001:0000314C       @VarCast
 0001:00002FE0       @VarClear
 0001:0000327C       @VarClr
 0001:00003014       @VarCopy
 0001:00003240       @VarToLStr
 0001:00003A83       @Write0Char
 0001:00003AEC       @Write0CString
 0001:00003A48       @Write0String
 0001:00003AD5       @WriteChar
 0001:00003AF0       @WriteCString
 0001:00003A6F       @WriteLn
 0001:00003A52       @WriteString
 0001:00002B9C       @WStrArrayClr
 0001:00002BC0       @WStrAsg
 0001:00002B84       @WStrClr
 0001:00002C94       @WStrFromLStr
 0001:00002BE4       @WStrFromPCharLen
 0001:00002C78       @WStrFromPWCharLen
 0001:00001974       @_CLenToPasStr
 0001:0000195C       @_CToPasStr
 0001:000038CC       @_Flush
 0001:000016E4       @_IOTest
 0002:00001018       AbstractErrorProc
 0001:00004464       ActivateKeyboardLayout
 0001:00009FA4       ActiveX
 0001:00005514       AddExitProc
 0001:00003494       AddModuleUnloadProc
 0001:0000446C       AdjustWindowRectEx
 0001:00023B70       AllocateHWnd
 0001:000054C0       AllocMem
 0002:000013FC       AllocMemCount
 0002:00001400       AllocMemSize
 0001:000055F8       AnsiCompareText
 0001:00005970       AnsiLastChar
 0001:00004474       AnsiLower
 0001:000055C4       AnsiLowerCase
 0001:000090C4       AnsiLowerCaseFileName
 0001:00009088       AnsiPos
 0001:00005634       AnsiStrLIComp
 0001:00009158       AnsiStrPos
 0001:00009208       AnsiStrRScan
 0001:00009234       AnsiStrScan
 0002:000016E4       Application
 0002:00001014       AssertErrorProc
 0001:0000B9F4       BeginGlobalLoading
 0001:0000447C       BeginPaint
 0001:0000426C       BitBlt
 0001:0000B480       Bounds
 0001:00008EEC       ByteToCharIndex
 0001:00008EC0       ByteToCharLen
 0001:00008E7C       ByteType
 0001:00004484       CallNextHookEx
 0001:000093EC       CallTerminateProcs
 0001:0000448C       CallWindowProc
 0001:0001A480       CancelDrag
 0001:00004494       CharLowerBuff
 0001:00012344       CharsetToIdent
 0001:00008FB4       CharToByteIndex
 0001:00009020       CharToByteLen
 0001:0000449C       CheckMenuItem
 0001:00010B40       Classes
 0001:000044A4       ClientToScreen
 0001:00004094       CloseHandle
 0002:00001028       CmdLine
 0002:00001024       CmdShow
 0001:0001213C       ColorToIdent
 0001:0001212C       ColorToRGB
 0001:00018BD0       Commctrl
 0001:0002A6AC       CommDlg
 0001:00005550       CompareMem
 0001:0000409C       CompareString
 0001:00005570       CompareText
 0001:0000A28C       Consts
 0001:000201AC       Controls
 0001:00004274       CopyEnhMetaFile
 0001:00016C70       CopyPalette
 0001:0000427C       CreateBitmap
 0001:00004284       CreateBrushIndirect
 0001:0000428C       CreateCompatibleBitmap
 0001:00004294       CreateCompatibleDC
 0001:000042A4       CreateDIBitmap
 0001:0000429C       CreateDIBSection
 0001:000040A4       CreateEvent
 0001:000040AC       CreateFile
 0001:000042AC       CreateFontIndirect
 0001:000042B4       CreateHalftonePalette
 0001:000044AC       CreateIcon
 0001:000044B4       CreateMenu
 0001:0002D9AC       CreateMessageDialog
 0001:000042BC       CreatePalette
 0001:000042C4       CreatePenIndirect
 0001:000044BC       CreatePopupMenu
 0001:000042CC       CreateRectRgn
 0001:000042D4       CreateSolidBrush
 0001:000040B4       CreateThread
 0001:00004924       CreateWindow
 0001:000044C4       CreateWindowEx
 0002:0000059C       CreationControl
 0002:00000710       Ctl3DBtnWndProc
 0002:00000718       Ctl3DCtlColorEx
 0002:00000714       Ctl3DDlgFramePaint
 0002:000014D0       CurrencyDecimals
 0002:000014CC       CurrencyFormat
 0002:000014C8       CurrencyString
 0001:00019CC8       CursorToIdent
 0002:00001754       data
 0002:0000174C       dataora
 0002:000014D1       DateSeparator
 0001:00005AEC       DateTimeToFileDate
 0001:000072B8       DateTimeToStr
 0001:0000725C       DateTimeToString
 0001:000062F0       DateTimeToTimeStamp
 0001:00006720       DayOfWeek
 0002:00000310       DDBsOnly
 0001:00023C2C       DeallocateHWnd
 0002:00000008       DebugHook
 0002:000014CF       DecimalSeparator
 0001:000065FC       DecodeDate
 0001:00006424       DecodeTime
 0002:00000000       Default8087CW
 0002:000002E4       DefFontData
 0001:000044CC       DefFrameProc
 0001:000044D4       DefMDIChildProc
 0001:000044DC       DefWindowProc
 0001:000040BC       DeleteCriticalSection
 0001:000042DC       DeleteDC
 0001:000042E4       DeleteEnhMetaFile
 0001:000044E4       DeleteMenu
 0001:000042EC       DeleteObject
 0001:000044EC       DestroyCursor
 0001:000044F4       DestroyIcon
 0001:000044FC       DestroyMenu
 0001:00004504       DestroyWindow
 0001:0002E080       Dialogs
 0001:000235C4       DisableTaskWindows
 0001:0000450C       DispatchMessage
 0001:0002D720       Dlgs
 0001:00023A68       DoneCtl3D
 0001:000040C4       DosDateTimeToFileTime
 0001:00004514       DrawEdge
 0001:0000451C       DrawIcon
 0001:00004524       DrawMenuBar
 0001:0000452C       DrawText
 0002:000000AC       EmptyStr
 0001:00004534       EnableMenuItem
 0001:00023674       EnableTaskWindows
 0001:0000453C       EnableWindow
 0001:00006588       EncodeDate
 0001:000063AC       EncodeTime
 0001:0000BA4C       EndGlobalLoading
 0001:00004544       EndPaint
 0001:000040CC       EnterCriticalSection
 0001:000040D4       EnumCalendarInfoA
 0001:000042F4       EnumFontFamiliesEx
 0001:000042FC       EnumFonts
 0001:0000454C       EnumThreadWindows
 0001:00004554       EnumWindows
 0001:000086DC       EOutOfMemory.Destroy
 0001:000086E8       EOutOfMemory.FreeInstance
 0001:0000455C       EqualRect
 0002:00001594       EraNames
 0002:000015B0       EraYearOffsets
 0002:00001034       ErrorAddr
 0002:00001004       ErrorProc
 0001:000083A4       ExceptAddr
 0002:00001008       ExceptClsProc
 0001:00008628       Exception.Create
 0001:00008660       Exception.CreateFmt
 0002:00001010       ExceptionClass
 0001:000083D8       ExceptionErrorMessage
 0001:0000837C       ExceptObject
 0002:0000100C       ExceptObjProc
 0002:00001000       ExceptProc
 0001:00004304       ExcludeClipRect
 0002:0000102C       ExitCode
 0002:00001030       ExitProc
 0001:0002D6E8       ExtCtrls
 0001:00005A34       ExtractFileExt
 0001:000059F8       ExtractFileName
 0002:00001744       Fhandle
 0001:0000584C       FileAge
 0001:0002E558       Fileattr
 0001:00005840       FileClose
 0001:000057A8       FileCreate
 0001:00005A80       FileDateToDateTime
 0001:000058B4       FileExists
 0001:000058C8       FileGetDate
 0002:0000103E       FileMode
 0001:00005764       FileOpen
 0001:000057D0       FileRead
 0001:00005830       FileSeek
 0001:00005918       FileSetDate
 0001:000040DC       FileTimeToDosDateTime
 0001:000040E4       FileTimeToLocalFileTime
 0001:00005800       FileWrite
 0001:00004564       FillRect
 0001:00004990       Finalization
 0001:0002D6B8       Finalization
 0001:00018C48       Finalization
 0001:00010AC4       Finalization
 0001:0000A6C4       Finalization
 0001:0000A25C       Finalization
 0001:00009F74       Finalization
 0001:00009DD0       Finalization
 0001:0002E024       Finalization
 0001:0002A67C       Finalization
 0001:00018C10       Finalization
 0001:00018BA0       Finalization
 0001:00022310       Finalization
 0001:0002E410       Finalization
 0001:0002D6F0       Finalization
 0001:00003DF0       Finalization
 0001:00004044       Finalization
 0001:0002E468       Finalization
 0001:00018BD8       Finalization
 0001:0002A608       Finalization
 0001:00018980       Finalization
 0001:00004958       Finalization
 0001:00020160       Finalization
 0001:0002CD88       Finalization
 0001:0000B594       FindClass
 0001:000032AC       FindClassHInstance
 0001:000040EC       FindClose
 0001:00019AFC       FindControl
 0001:0001A4CC       FindDragTarget
 0001:000040F4       FindFirstFile
 0002:000015E8       FindGlobalComponent
 0001:00003284       FindHInstance
 0001:000040FC       FindResource
 0001:000032B8       FindResourceHInstance
 0001:0001A498       FindVCLWindow
 0001:00009AE2       FloatToDecimal
 0001:00009546       FloatToText
 0001:0000980F       FloatToTextFmt
 0002:00001748       fls
 0001:00006228       FmtStr
 0001:0002378C       ForegroundTask
 0002:00001740       Form1
 0001:00006214       Format
 0001:00005E5C       FormatBuf
 0001:00004104       FormatMessage
 0001:0002A65C       Forms
 0001:00003B1C       FPower10
 0001:0000456C       FrameRect
 0001:0000410C       FreeLibrary
 0001:0001615C       FreeMemoryContexts
 0001:00023B4C       FreeObjectInstance
 0001:00004114       FreeResource
 0001:00004574       GetActiveWindow
 0001:0000430C       GetBitmapBits
 0001:00004314       GetBrushOrgEx
 0001:0000457C       GetCapture
 0001:00019D70       GetCaptureControl
 0001:0000B52C       GetClass
 0001:00004584       GetClassInfo
 0001:0000458C       GetClientRect
 0001:00004594       GetClipboardData
 0001:0000411C       GetCPInfo
 0001:0000431C       GetCurrentPositionEx
 0001:00004124       GetCurrentProcessId
 0001:0000412C       GetCurrentThreadId
 0001:0000459C       GetCursor
 0001:000045A4       GetCursorPos
 0001:00004134       GetDateFormat
 0001:000045AC       GetDC
 0001:000045B4       GetDCEx
 0001:00018884       GetDefFontCharSet
 0001:000045BC       GetDesktopWindow
 0001:00004334       GetDeviceCaps
 0001:000145F0       GetDIB
 0001:00004324       GetDIBColorTable
 0001:0000432C       GetDIBits
 0001:00014538       GetDIBSizes
 0001:0000433C       GetEnhMetaFileBits
 0001:00004344       GetEnhMetaFileHeader
 0001:0000434C       GetEnhMetaFilePaletteEntries
 0001:0000A2A0       GetEnumValue
 0001:0000413C       GetFileTime
 0001:000045C4       GetFocus
 0001:000045CC       GetForegroundWindow
 0001:00008034       GetFormatSettings
 0001:000045D4       GetIconInfo
 0001:000045EC       GetKeyboardLayout
 0001:000045F4       GetKeyboardLayoutList
 0001:000045DC       GetKeyNameText
 0001:000045E4       GetKeyState
 0001:000045FC       GetLastActivePopup
 0001:00004144       GetLastError
 0001:00007B80       GetLocaleChar
 0001:00004154       GetLocaleInfo
 0001:00007B34       GetLocaleStr
 0001:0000414C       GetLocalTime
 0001:00019D2C       GetLongHint
 0001:00004604       GetMenu
 0001:0000460C       GetMenuItemCount
 0001:00004614       GetMenuState
 0001:0000461C       GetMenuString
 0001:0000415C       GetModuleFileName
 0001:00004164       GetModuleHandle
 0001:00004354       GetObject
 0001:0000A358       GetOrdProp
 0001:0000435C       GetPaletteEntries
 0001:00004624       GetParent
 0001:00023D84       GetParentForm
 0001:00004364       GetPixel
 0001:0000416C       GetProcAddress
 0001:0000462C       GetProp
 0001:0000A2EC       GetPropInfo
 0001:00004634       GetScrollPos
 0001:00019CE8       GetShortHint
 0001:0000436C       GetStockObject
 0001:0000463C       GetSubMenu
 0001:00004644       GetSysColor
 0001:00004174       GetSystemInfo
 0001:0000464C       GetSystemMenu
 0001:00004654       GetSystemMetrics
 0001:00004374       GetSystemPaletteEntries
 0001:0000437C       GetTextExtentPoint
 0001:00004384       GetTextMetrics
 0001:0000417C       GetThreadLocale
 0001:0000A294       GetTypeData
 0001:00004184       GetVersion
 0001:0000418C       GetVersionEx
 0001:0000465C       GetWindow
 0001:00004664       GetWindowDC
 0001:0000466C       GetWindowLong
 0001:00004394       GetWindowOrgEx
 0001:00004674       GetWindowPlacement
 0001:0000467C       GetWindowRect
 0001:00004684       GetWindowRgn
 0001:0000468C       GetWindowText
 0001:00004694       GetWindowThreadProcessId
 0001:0000438C       GetWinMetaFileBits
 0001:00004194       GlobalAddAtom
 0001:0000419C       GlobalAlloc
 0001:000048AC       GlobalAllocPtr
 0001:000041A4       GlobalDeleteAtom
 0001:0000E220       GlobalFixupReferences
 0001:000041AC       GlobalFree
 0001:000048D8       GlobalFreePtr
 0001:000041BC       GlobalHandle
 0001:000041B4       GlobalLock
 0001:000041C4       GlobalReAlloc
 0001:000048BC       GlobalReAllocPtr
 0001:000041CC       GlobalUnlock
 0001:00018A48       Graphics
 0002:00000004       HeapAllocFlags
 0001:000048A0       HiByte
 0002:000014B4       HInstance
 0002:0000071C       HintWindowClass
 0001:00012354       IdentToCharset
 0001:0001214C       IdentToColor
 0001:00019CD8       IdentToCursor
 0001:0000B8E8       IdentToInt
 0001:00018B54       ImageList_AddIcon
 0001:00018B60       ImageList_BeginDrag
 0001:00018B34       ImageList_Create
 0001:00018B3C       ImageList_Destroy
 0001:00018B70       ImageList_DragEnter
 0001:00018B78       ImageList_DragLeave
 0001:00018B80       ImageList_DragMove
 0001:00018B90       ImageList_DragShowNolock
 0001:00018B68       ImageList_EndDrag
 0001:00018B98       ImageList_GetDragImage
 0001:00018B44       ImageList_ReplaceIcon
 0001:00018B4C       ImageList_SetBkColor
 0001:00018B88       ImageList_SetDragCursorImage
 0001:00018C08       Imm
 0001:0001FFEC       Imm32IsIME
 0001:0000469C       InflateRect
 0001:00023830       InitCtl3D
 0001:000041D4       InitializeCriticalSection
 0001:0000BB28       InitInheritedComponent
 0001:00019A44       InitWndProc
 0002:00001044       Input
 0001:000046A4       InsertMenu
 0001:000046AC       InsertMenuItem
 0001:0000439C       IntersectClipRect
 0001:000046B4       IntersectRect
 0001:0000B928       IntToIdent
 0001:00005718       IntToStr
 0001:000046BC       InvalidateRect
 0001:00023CE4       IsAccel
 0002:0000103C       IsConsole
 0001:000046C4       IsDialogMessage
 0001:000046CC       IsIconic
 0001:00006480       IsLeapYear
 0002:00001020       IsLibrary
 0002:0000103D       IsMultiThread
 0001:000046D4       IsRectEmpty
 0001:000056B0       IsValidIdent
 0001:000046DC       IsWindow
 0001:000046E4       IsWindowEnabled
 0001:000046EC       IsWindowVisible
 0001:000046F4       IsZoomed
 0001:00023CA8       KeyDataToShiftState
 0001:00023C54       KeysToShiftState
 0001:000046FC       KillTimer
 0001:000059A4       LastDelimiter
 0002:000000F4       LeadBytes
 0001:000041DC       LeaveCriticalSection
 0002:0000000C       LibModuleList
 0001:00004704       LoadCursor
 0001:0000470C       LoadIcon
 0001:000041E4       LoadLibrary
 0001:000041EC       LoadResource
 0001:000032D4       LoadResourceModule
 0001:000035F8       LoadResString
 0001:00004714       LoadString
 0001:000041F4       LocalFileTimeToFileTime
 0001:000041FC       LockResource
 0002:000014D8       LongDateFormat
 0002:0000156C       LongDayNames
 0002:00001520       LongMonthNames
 0002:000014EC       LongTimeFormat
 0002:0000101C       MainInstance
 0002:000015E4       MainThreadID
 0001:00004894       MakeLong
 0001:00023AB4       MakeObjectInstance
 0001:000048EC       MakeROP4
 0001:0000471C       MapVirtualKey
 0001:000043A4       MaskBlt
 0001:0002236C       Menus
 0001:00004724       MessageBox
 0001:0002DE14       MessageDlg
 0001:0002DE34       MessageDlgPosHelp
 0001:000049C0       Messages
 0001:0002E460       Ml261297
 0002:000014A8       ModuleIsLib
 0002:00000010       ModuleUnloadList
 0002:000000C4       MonthDays
 0001:00001714       Move
 0001:000043AC       MoveToEx
 0001:0001A558       MoveWindowOrg
 0001:00004204       MulDiv
 0002:000014CD       NegCurrFormat
 0002:00001668       NewStyleControls
 0001:0000BA1C       NotifyGlobalLoading
 0002:000013EC       Null
 0001:0000472C       OemToAnsi
 0001:00004734       OffsetRect
 0001:00002F1C       OleStrToStrVar
 0002:00001758       ora
 0002:00001210       Output
 0001:00011D28       PaletteChanged
 0001:000043B4       PatBlt
 0001:0000473C       PeekMessage
 0001:000043BC       PlayEnhMetaFile
 0001:0000B44C       Point
 0001:0000490C       PointToSmallPoint
 0001:00004744       PostMessage
 0001:0000474C       PostQuitMessage
 0001:00018C84       Printers
 0001:00004754       PtInRect
 0001:00009324       RaiseLastWin32Error
 0002:00001038       RandSeed
 0001:0000420C       ReadFile
 0001:000043C4       RealizePalette
 0001:0000B464       Rect
 0001:000043D4       Rectangle
 0001:000043CC       RectVisible
 0001:0000407C       RegCloseKey
 0001:0000B684       RegisterClass
 0001:0000475C       RegisterClass
 0001:0000B774       RegisterClasses
 0001:0000B8B8       RegisterIntegerConsts
 0001:00003578       RegisterModule
 0001:00004764       RegisterWindowMessage
 0001:00004084       RegOpenKeyEx
 0001:0000408C       RegQueryValueEx
 0001:0000476C       ReleaseCapture
 0001:00004774       ReleaseDC
 0001:0000E3A8       RemoveFixupReferences
 0001:0000E410       RemoveFixups
 0001:0000477C       RemoveMenu
 0001:000034B8       RemoveModuleUnloadProc
 0001:00004784       RemoveProp
 0001:000043DC       RestoreDC
 0001:000043E4       SaveDC
 0002:000016E8       Screen
 0001:0000478C       ScreenToClient
 0001:00004794       ScrollWindow
 0001:000043EC       SelectObject
 0001:000043F4       SelectPalette
 0001:00019B18       SendAppMessage
 0001:0000479C       SendMessage
 0001:000047A4       SetActiveWindow
 0001:000043FC       SetBkColor
 0001:00004404       SetBkMode
 0001:0000440C       SetBrushOrgEx
 0001:000047AC       SetCapture
 0001:00019D98       SetCaptureControl
 0001:000047B4       SetCursor
 0001:00004414       SetDIBColorTable
 0001:00004214       SetEndOfFile
 0001:0000441C       SetEnhMetaFileBits
 0001:0000421C       SetErrorMode
 0001:00004224       SetEvent
 0001:0000422C       SetFilePointer
 0001:00004234       SetFileTime
 0001:0000A5F4       SetFloatProp
 0001:000047BC       SetFocus
 0001:000047C4       SetForegroundWindow
 0001:0001FF10       SetImeMode
 0001:000047CC       SetMenu
 0001:0000A68C       SetMethodProp
 0001:0000A3CC       SetOrdProp
 0001:000047D4       SetProp
 0001:000047DC       SetRect
 0001:00004424       SetROP2
 0001:000047E4       SetScrollInfo
 0001:000047EC       SetScrollPos
 0001:0000442C       SetStretchBltMode
 0001:0000A5C0       SetStrProp
 0001:00004434       SetTextColor
 0001:0000423C       SetThreadLocale
 0001:000047F4       SetTimer
 0001:0000443C       SetViewportOrgEx
 0001:000047FC       SetWindowLong
 0001:0000444C       SetWindowOrgEx
 0001:00004804       SetWindowPlacement
 0001:0000480C       SetWindowPos
 0001:00004824       SetWindowRgn
 0001:0000481C       SetWindowsHookEx
 0001:00004814       SetWindowText
 0001:00004444       SetWinMetaFileBits
 0001:000208B4       ShortCutToText
 0002:000014D4       ShortDateFormat
 0002:00001550       ShortDayNames
 0002:000014F0       ShortMonthNames
 0002:000014E8       ShortTimeFormat
 0001:0000482C       ShowCursor
 0001:00008564       ShowException
 0001:00004834       ShowOwnedPopups
 0001:0000483C       ShowWindow
 0001:00004244       SizeofResource
 0001:0000B454       SmallPoint
 0001:000048F8       SmallPointToPoint
 0001:0002CDB8       StdCtrls
 0001:00005D70       StrAlloc
 0001:00005D88       StrBufSize
 0001:00008EA4       StrByteType
 0001:00005C90       StrComp
 0001:00005BE4       StrCopy
 0001:00005DC4       StrDispose
 0001:00005C0C       StrECopy
 0001:00005B94       StrEnd
 0001:00004454       StretchBlt
 0001:000061AC       StrFmt
 0001:00002F44       StringToOleStr
 0001:00005C38       StrLCopy
 0001:00005B7C       StrLen
 0001:000061E0       StrLFmt
 0001:00005CB4       StrLIComp
 0001:00005BA8       StrMove
 0001:00005D94       StrNew
 0001:00005C6C       StrPCopy
 0001:00005D1C       StrPos
 0001:00005CFC       StrScan
 0001:00007A14       StrToDateTime
 0001:00005748       StrToIntDef
 0001:00007AE0       SysErrorMessage
 0001:000011DC       SysFreeMem
 0001:00001054       SysGetMem
 0001:00004074       SysInit
 0002:00001588       SysLocale
 0001:0000155C       SysReallocMem
 0001:00003E50       System
 0002:000015FC       SystemPalette16
 0001:00004844       SystemParametersInfo
 0001:00009F10       SysUtils
 0001:00029454       TApplication.BringToFront
 0001:0002A0DC       TApplication.CancelHint
 0001:00028A4C       TApplication.ControlDestroyed
 0001:00028670       TApplication.Create
 0001:000297B0       TApplication.CreateForm
 0001:000288C4       TApplication.CreateHandle
 0001:000287EC       TApplication.Destroy
 0001:00029490       TApplication.GetTitle
 0001:00029904       TApplication.HandleException
 0001:000296C0       TApplication.HandleMessage
 0001:00029C18       TApplication.HelpCommand
 0001:00029C0C       TApplication.HelpContext
 0001:0002A0A0       TApplication.HideHint
 0001:00029FB0       TApplication.HintMouseMessage
 0001:000296D8       TApplication.HookMainWindow
 0001:00029994       TApplication.MessageBox
 0001:00029384       TApplication.Minimize
 0001:00028BB8       TApplication.NormalizeAllTopMosts
 0001:00028BB0       TApplication.NormalizeTopMosts
 0001:000293CC       TApplication.Restore
 0001:00028BC0       TApplication.RestoreTopMosts
 0001:0002983C       TApplication.Run
 0001:00029E6C       TApplication.SetHint
 0001:00029C20       TApplication.SetShowHint
 0001:000294D8       TApplication.SetTitle
 0001:00029A08       TApplication.ShowException
 0001:000298F0       TApplication.Terminate
 0001:00029734       TApplication.UnhookMainWindow
 0001:00016F80       TBitmap.Assign
 0001:00017134       TBitmap.Changed
 0001:00016EE0       TBitmap.Create
 0001:00016F44       TBitmap.Destroy
 0001:00017140       TBitmap.Draw
 0001:00017390       TBitmap.FreeImage
 0001:000173F8       TBitmap.GetCanvas
 0001:000173E0       TBitmap.GetEmpty
 0001:00017438       TBitmap.GetHandle
 0001:0001745C       TBitmap.GetHandleType
 0001:00017488       TBitmap.GetHeight
 0001:00017498       TBitmap.GetMaskHandle
 0001:000174AC       TBitmap.GetMonochrome
 0001:000174C8       TBitmap.GetPalette
 0001:000174DC       TBitmap.GetTransparentColor
 0001:00017524       TBitmap.GetWidth
 0001:000175B0       TBitmap.HandleNeeded
 0001:000176D8       TBitmap.LoadFromClipboardFormat
 0001:00017798       TBitmap.LoadFromStream
 0001:000175C0       TBitmap.MaskHandleNeeded
 0001:00017620       TBitmap.PaletteNeeded
 0001:000178A8       TBitmap.ReadData
 0001:00018264       TBitmap.SaveToClipboardFormat
 0001:0001825C       TBitmap.SaveToStream
 0001:00017D7C       TBitmap.SetHandleType
 0001:00017EB0       TBitmap.SetHeight
 0001:00017F04       TBitmap.SetPalette
 0001:00017FD8       TBitmap.SetWidth
 0001:0001802C       TBitmap.WriteData
 0001:00016498       TBitmapImage.Destroy
 0001:000164E8       TBitmapImage.FreeHandle
 0001:0000C168       TBits.Destroy
 0001:0000C2D4       TBits.OpenBit
 0001:0000C2A8       TBits.SetBit
 0001:0000C1F8       TBits.SetSize
 0001:00012C4C       TBrush.Assign
 0001:00012BF0       TBrush.Create
 0001:00012C28       TBrush.Destroy
 0001:00012D64       TBrush.GetColor
 0001:00012DA0       TBrush.GetHandle
 0001:00012E80       TBrush.GetStyle
 0001:00012D6C       TBrush.SetColor
 0001:00012E88       TBrush.SetStyle
 0001:0002CB00       TButton.Click
 0001:0002CC9C       TButton.CMDialogChar
 0001:0002CC30       TButton.CMDialogKey
 0001:0002CD1C       TButton.CMFocusChanged
 0001:0002CC18       TButton.CNCommand
 0001:0002CA9C       TButton.Create
 0001:0002CBBC       TButton.CreateParams
 0001:0002CBFC       TButton.CreateWnd
 0001:0002CB28       TButton.SetButtonStyle
 0001:0002CB84       TButton.SetDefault
 0001:0002CD70       TButton.WMEraseBkgnd
 0001:0002CA2C       TButtonControl.WndProc
 0001:00013430       TCanvas.Changed
 0001:0001341C       TCanvas.Changing
 0001:00012EBC       TCanvas.Create
 0001:000132FC       TCanvas.CreateHandle
 0001:00012F78       TCanvas.Destroy
 0001:00012FD0       TCanvas.FillRect
 0001:00013280       TCanvas.GetHandle
 0001:00013210       TCanvas.GetPenPos
 0001:00013254       TCanvas.GetPixel
 0001:0001300C       TCanvas.Lock
 0001:00013034       TCanvas.MoveTo
 0001:00013060       TCanvas.Rectangle
 0001:000133A8       TCanvas.RequiredState
 0001:00013204       TCanvas.SetBrush
 0001:000131E8       TCanvas.SetFont
 0001:00013300       TCanvas.SetHandle
 0001:000131F8       TCanvas.SetPen
 0001:00013234       TCanvas.SetPenPos
 0001:000130A8       TCanvas.StretchDraw
 0001:000130E4       TCanvas.TextExtent
 0001:00013144       TCanvas.TextHeight
 0001:00013128       TCanvas.TextWidth
 0001:00013164       TCanvas.TryLock
 0001:000131C0       TCanvas.Unlock
 0001:0000C550       TCollection.Add
 0001:0000C560       TCollection.BeginUpdate
 0001:0000C564       TCollection.Changed
 0001:0000C578       TCollection.Clear
 0001:0000C5E0       TCollection.EndUpdate
 0001:000108D4       TComponent.ChangeName
 0001:00010288       TComponent.Create
 0001:000105D4       TComponent.DefineProperties
 0001:000102D0       TComponent.Destroy
 0001:000104F4       TComponent.DestroyComponents
 0001:00010524       TComponent.Destroying
 0001:000107AC       TComponent.FindComponent
 0001:0001035C       TComponent.FreeNotification
 0001:00010664       TComponent.GetChildOwner
 0001:00010668       TComponent.GetChildParent
 0001:0001065C       TComponent.GetChildren
 0001:000108EC       TComponent.GetComponent
 0001:00010958       TComponent.GetComponentCount
 0001:0001066C       TComponent.GetNamePath
 0001:00010684       TComponent.GetOwner
 0001:0001068C       TComponent.GetParentComponent
 0001:00010658       TComponent.HasParent
 0001:00010458       TComponent.InsertComponent
 0001:000106B4       TComponent.Loaded
 0001:00010560       TComponent.Notification
 0001:000106C4       TComponent.ReadState
 0001:000104B0       TComponent.RemoveComponent
 0001:00010A58       TComponent.SafeCallException
 0001:00010688       TComponent.SetChildOrder
 0001:00010968       TComponent.SetComponentIndex
 0001:000109C0       TComponent.SetDesigning
 0001:00010808       TComponent.SetName
 0001:00010690       TComponent.SetParentComponent
 0001:000106A4       TComponent.Updated
 0001:00010A78       TComponent.UpdateRegistry
 0001:00010694       TComponent.Updating
 0001:00010790       TComponent.ValidateContainer
 0001:000107A8       TComponent.ValidateInsert
 0001:000106DC       TComponent.ValidateRename
 0001:000106D0       TComponent.WriteState
 0001:0001B670       TControl.BeginDrag
 0001:0001B2E4       TControl.BringToFront
 0001:0001AD88       TControl.Changed
 0001:0001AD98       TControl.ChangeScale
 0001:0001BAD0       TControl.Click
 0001:0001AD18       TControl.ClientToScreen
 0001:0001BF5C       TControl.CMColorChanged
 0001:0001C038       TControl.CMDesignHitTest
 0001:0001BF4C       TControl.CMEnabledChanged
 0001:0001BF54       TControl.CMFontChanged
 0001:0001C000       TControl.CMHitTest
 0001:0001C008       TControl.CMMouseEnter
 0001:0001C020       TControl.CMMouseLeave
 0001:0001BF64       TControl.CMParentColorChanged
 0001:0001BFB0       TControl.CMParentFontChanged
 0001:0001BF94       TControl.CMParentShowHintChanged
 0001:0001BFE0       TControl.CMSysFontChanged
 0001:0001BF24       TControl.CMVisibleChanged
 0001:0001A804       TControl.Create
 0001:0001BAF0       TControl.DblClick
 0001:0001B9B8       TControl.DefaultHandler
 0001:0001BA80       TControl.DefineProperties
 0001:0001A894       TControl.Destroy
 0001:0001B7DC       TControl.DoEndDrag
 0001:0001B7BC       TControl.DoStartDrag
 0001:0001B744       TControl.DragCanceled
 0001:0001B790       TControl.DragDrop
 0001:0001B748       TControl.Dragging
 0001:0001B754       TControl.DragOver
 0001:0001ABA4       TControl.GetBoundsRect
 0001:0001AC48       TControl.GetClientHeight
 0001:0001AC88       TControl.GetClientOrigin
 0001:0001ABEC       TControl.GetClientRect
 0001:0001AC04       TControl.GetClientWidth
 0001:0001B398       TControl.GetDeviceContext
 0001:0001A8E0       TControl.GetDragImages
 0001:0001B2AC       TControl.GetMouseCapture
 0001:0001A8E4       TControl.GetPalette
 0001:0001A8F0       TControl.GetParentComponent
 0001:0001BC40       TControl.GetPopupMenu
 0001:0001B0F8       TControl.GetText
 0001:0001B0B8       TControl.GetTextBuf
 0001:0001B0A8       TControl.GetTextLen
 0001:0001A8E8       TControl.HasParent
 0001:0001B558       TControl.Invalidate
 0001:0001B268       TControl.IsColorStored
 0001:0001B1D4       TControl.IsFontStored
 0001:0001B1E8       TControl.IsShowHintStored
 0001:0001BB10       TControl.MouseDown
 0001:0001BD58       TControl.MouseMove
 0001:0001BDBC       TControl.MouseUp
 0001:0001AA28       TControl.Notification
 0001:0001A918       TControl.PaletteChanged
 0001:0001B8A0       TControl.Perform
 0001:0001A9A8       TControl.ReadState
 0001:0001B578       TControl.Repaint
 0001:0001A998       TControl.RequestAlign
 0001:0001AD44       TControl.ScreenToClient
 0001:0001AD70       TControl.SendCancelMode
 0001:0001AA54       TControl.SetAlign
 0001:0001AAB8       TControl.SetBounds
 0001:0001ABC4       TControl.SetBoundsRect
 0001:0001AC60       TControl.SetClientHeight
 0001:0001AC1C       TControl.SetClientWidth
 0001:0001B24C       TControl.SetColor
 0001:0001B290       TControl.SetCursor
 0001:0001A994       TControl.SetDragMode
 0001:0001B090       TControl.SetEnabled
 0001:0001B1C8       TControl.SetFont
 0001:0001AB84       TControl.SetHeight
 0001:0001AB24       TControl.SetLeft
 0001:0001B2BC       TControl.SetMouseCapture
 0001:0001AEE8       TControl.SetName
 0001:0001AFD0       TControl.SetParent
 0001:0001B270       TControl.SetParentColor
 0001:0001A8F4       TControl.SetParentComponent
 0001:0001B1F0       TControl.SetParentFont
 0001:0001B22C       TControl.SetParentShowHint
 0001:0001B0C4       TControl.SetPopupMenu
 0001:0001B210       TControl.SetShowHint
 0001:0001B128       TControl.SetText
 0001:0001B0D4       TControl.SetTextBuf
 0001:0001AB44       TControl.SetTop
 0001:0001B054       TControl.SetVisible
 0001:0001AB64       TControl.SetWidth
 0001:0001B374       TControl.SetZOrder
 0001:0001B568       TControl.Update
 0001:0001B8D4       TControl.VisibleChanging
 0001:0001BEEC       TControl.WMCancelMode
 0001:0001BBEC       TControl.WMLButtonDblClk
 0001:0001BB84       TControl.WMLButtonDown
 0001:0001BE28       TControl.WMLButtonUp
 0001:0001BD30       TControl.WMMButtonDblClk
 0001:0001BD08       TControl.WMMButtonDown
 0001:0001BECC       TControl.WMMButtonUp
 0001:0001BD80       TControl.WMMouseMove
 0001:0001BBD0       TControl.WMNCLButtonDown
 0001:0001BCE0       TControl.WMRButtonDblClk
 0001:0001BCB8       TControl.WMRButtonDown
 0001:0001BE9C       TControl.WMRButtonUp
 0001:0001B8D8       TControl.WndProc
 0001:0001A71C       TControlCanvas.CreateHandle
 0001:0001A6F0       TControlCanvas.Destroy
 0001:0001A7B8       TControlCanvas.FreeHandle
 0001:0001A7EC       TControlCanvas.SetControl
 0001:00023E7C       TControlScrollBar.Assign
 0001:000242DC       TControlScrollBar.IsRangeStored
 0001:000241F4       TControlScrollBar.SetPosition
 0001:000242C8       TControlScrollBar.SetRange
 0001:000242E8       TControlScrollBar.SetVisible
 0001:0001F72C       TCustomControl.Create
 0001:0001F780       TCustomControl.Destroy
 0001:0001F850       TCustomControl.Paint
 0001:0001F7B8       TCustomControl.PaintWindow
 0001:0001F7B0       TCustomControl.WMPaint
 0001:0002C86C       TCustomEdit.Change
 0001:0002C470       TCustomEdit.Clear
 0001:0002C928       TCustomEdit.CMCtl3DChanged
 0001:0002C9B0       TCustomEdit.CMEnter
 0001:0002C960       TCustomEdit.CMFontChanged
 0001:0002C9F0       TCustomEdit.CMTextChanged
 0001:0002C98C       TCustomEdit.CNCommand
 0001:0002C0CC       TCustomEdit.Create
 0001:0002C5E8       TCustomEdit.CreateParams
 0001:0002C6A8       TCustomEdit.CreateWnd
 0001:0002C894       TCustomEdit.DefaultHandler
 0001:0002C758       TCustomEdit.DestroyWnd
 0001:0002C174       TCustomEdit.DoSetMaxLength
 0001:0002C250       TCustomEdit.GetModified
 0001:0002C3DC       TCustomEdit.GetSelLength
 0001:0002C390       TCustomEdit.GetSelStart
 0001:0002C54C       TCustomEdit.GetSelText
 0001:0002C4B0       TCustomEdit.GetSelTextBuf
 0001:0002C490       TCustomEdit.SelectAll
 0001:0002C198       TCustomEdit.SetAutoSize
 0001:0002C1B0       TCustomEdit.SetBorderStyle
 0001:0002C1D8       TCustomEdit.SetCharCase
 0001:0002C1F0       TCustomEdit.SetHideSelection
 0001:0002C208       TCustomEdit.SetMaxLength
 0001:0002C28C       TCustomEdit.SetModified
 0001:0002C238       TCustomEdit.SetOEMConvert
 0001:0002C2C8       TCustomEdit.SetPasswordChar
 0001:0002C350       TCustomEdit.SetReadOnly
 0001:0002C40C       TCustomEdit.SetSelLength
 0001:0002C3B8       TCustomEdit.SetSelStart
 0001:0002C8E4       TCustomEdit.WMSetFont
 0001:000268FC       TCustomForm.Activate
 0001:000266E8       TCustomForm.ActiveChanged
 0001:000257FC       TCustomForm.AlignControls
 0001:0002509C       TCustomForm.ChangeScale
 0001:000277A8       TCustomForm.Close
 0001:00027850       TCustomForm.CloseQuery
 0001:00027248       TCustomForm.CMActivate
 0001:00026F44       TCustomForm.CMAppSysCommand
 0001:00025D7C       TCustomForm.CMColorChanged
 0001:00025DB8       TCustomForm.CMCtl3DChanged
 0001:00027254       TCustomForm.CMDeactivate
 0001:00027268       TCustomForm.CMDialogKey
 0001:00025E00       TCustomForm.CMFontChanged
 0001:000276BC       TCustomForm.CMIconChanged
 0001:00025E20       TCustomForm.CMMenuChanged
 0001:0002773C       TCustomForm.CMParentFontChanged
 0001:000276DC       TCustomForm.CMRelease
 0001:00027304       TCustomForm.CMShowingChanged
 0001:000276E4       TCustomForm.CMTextChanged
 0001:00027734       TCustomForm.CMUIActivate
 0001:00024948       TCustomForm.Create
 0001:00024AD8       TCustomForm.CreateNew
 0001:00025E7C       TCustomForm.CreateParams
 0001:000261A8       TCustomForm.CreateWindowHandle
 0001:00026068       TCustomForm.CreateWnd
 0001:0002691C       TCustomForm.Deactivate
 0001:000262EC       TCustomForm.DefaultHandler
 0001:00024FB0       TCustomForm.DefineProperties
 0001:00026400       TCustomForm.DefocusControl
 0001:00024BE4       TCustomForm.Destroy
 0001:000262A8       TCustomForm.DestroyWindowHandle
 0001:000251E4       TCustomForm.DoHide
 0001:00025204       TCustomForm.DoShow
 0001:00026448       TCustomForm.FocusControl
 0001:000258A0       TCustomForm.GetActiveMDIChild
 0001:00025970       TCustomForm.GetCanvas
 0001:000252AC       TCustomForm.GetChildren
 0001:00025224       TCustomForm.GetClientRect
 0001:000258D4       TCustomForm.GetMDIChildCount
 0001:00025920       TCustomForm.GetMDIChildren
 0001:00025CDC       TCustomForm.GetPixelsPerInch
 0001:00025D40       TCustomForm.GetScaled
 0001:00027958       TCustomForm.Hide
 0001:000251B0       TCustomForm.IsAutoScrollStored
 0001:00025178       TCustomForm.IsClientSizeStored
 0001:00025984       TCustomForm.IsColorStored
 0001:000259B0       TCustomForm.IsForm
 0001:00025188       TCustomForm.IsFormSizeStored
 0001:000259B8       TCustomForm.IsIconStored
 0001:00024D0C       TCustomForm.Loaded
 0001:00024D44       TCustomForm.Notification
 0001:0002693C       TCustomForm.Paint
 0001:00026998       TCustomForm.PaintWindow
 0001:00026A48       TCustomForm.PaletteChanged
 0001:00024DCC       TCustomForm.ReadState
 0001:000279E8       TCustomForm.Release
 0001:0002695C       TCustomForm.Resize
 0001:000267A0       TCustomForm.SendCancelMode
 0001:00026350       TCustomForm.SetActiveControl
 0001:0002583C       TCustomForm.SetBorderIcons
 0001:00025868       TCustomForm.SetBorderStyle
 0001:00025318       TCustomForm.SetChildOrder
 0001:000253D8       TCustomForm.SetClientHeight
 0001:000253AC       TCustomForm.SetClientWidth
 0001:00027978       TCustomForm.SetFocus
 0001:00026468       TCustomForm.SetFocusedControl
 0001:000259E0       TCustomForm.SetFormStyle
 0001:00025978       TCustomForm.SetIcon
 0001:00025B18       TCustomForm.SetMenu
 0001:00025ADC       TCustomForm.SetObjectMenuItem
 0001:00025498       TCustomForm.SetParent
 0001:00025CF0       TCustomForm.SetPixelsPerInch
 0001:00025D24       TCustomForm.SetPosition
 0001:00025D4C       TCustomForm.SetScaled
 0001:00025404       TCustomForm.SetVisible
 0001:00025AF0       TCustomForm.SetWindowMenu
 0001:00025E3C       TCustomForm.SetWindowState
 0001:00027960       TCustomForm.Show
 0001:00027A04       TCustomForm.ShowModal
 0001:000254D0       TCustomForm.ValidateRename
 0001:00025430       TCustomForm.VisibleChanging
 0001:00025494       TCustomForm.WantChildKey
 0001:00026E84       TCustomForm.WMActivate
 0001:00026F10       TCustomForm.WMClose
 0001:00026D8C       TCustomForm.WMCommand
 0001:00026D2C       TCustomForm.WMDestroy
 0001:000270E8       TCustomForm.WMEnterMenuLoop
 0001:00026BB0       TCustomForm.WMEraseBkgnd
 0001:00027144       TCustomForm.WMHelp
 0001:00026B50       TCustomForm.WMIconEraseBkgnd
 0001:00026DC0       TCustomForm.WMInitMenuPopup
 0001:00027064       TCustomForm.WMMDIActivate
 0001:00026DD8       TCustomForm.WMMenuSelect
 0001:00026CF8       TCustomForm.WMNCCreate
 0001:000270BC       TCustomForm.WMNextDlgCtl
 0001:00026AF4       TCustomForm.WMPaint
 0001:00026BE8       TCustomForm.WMQueryDragIcon
 0001:00026F18       TCustomForm.WMQueryEndSession
 0001:00026FCC       TCustomForm.WMShowWindow
 0001:00026EA4       TCustomForm.WMSize
 0001:00026F9C       TCustomForm.WMSysCommand
 0001:0002550C       TCustomForm.WndProc
 0001:0001FAD4       TCustomImageList.BeginDrag
 0001:0001FB34       TCustomImageList.DragLock
 0001:0001FBBC       TCustomImageList.DragMove
 0001:0001FB98       TCustomImageList.DragUnlock
 0001:0001FC30       TCustomImageList.EndDrag
 0001:0001F8C8       TCustomImageList.GetHandle
 0001:0001F8B4       TCustomImageList.HandleAllocated
 0001:0001F8BC       TCustomImageList.HandleNeeded
 0001:0001FC18       TCustomImageList.HideDragImage
 0001:0001F974       TCustomImageList.SetBkColor
 0001:0001FA74       TCustomImageList.SetDragCursor
 0001:0001FA8C       TCustomImageList.SetDragImage
 0001:0001FC00       TCustomImageList.ShowDragImage
 0001:0002C040       TCustomLabel.CMDialogChar
 0001:0002C028       TCustomLabel.CMFontChanged
 0001:0002C010       TCustomLabel.CMTextChanged
 0001:0002BB3C       TCustomLabel.Create
 0001:0002BBA8       TCustomLabel.GetLabelText
 0001:0002BF08       TCustomLabel.GetTransparent
 0001:0002BE18       TCustomLabel.Loaded
 0001:0002BFDC       TCustomLabel.Notification
 0001:0002BD24       TCustomLabel.Paint
 0001:0002BED0       TCustomLabel.SetAlignment
 0001:0002BEF0       TCustomLabel.SetAutoSize
 0001:0002BF14       TCustomLabel.SetFocusControl
 0001:0002BF94       TCustomLabel.SetLayout
 0001:0002BF2C       TCustomLabel.SetShowAccelChar
 0001:0002BF4C       TCustomLabel.SetTransparent
 0001:0002BFB4       TCustomLabel.SetWordWrap
 0001:0000DC84       TCustomMemoryStream.Read
 0001:0000DCC8       TCustomMemoryStream.Seek
 0001:0000DC7C       TCustomMemoryStream.SetPointer
 0001:00019EE4       TDragControlObject.Create
 0001:00019F68       TDragControlObject.Finished
 0001:00019F50       TDragControlObject.GetDragCursor
 0001:00019F04       TDragControlObject.GetDragImages
 0001:00019F10       TDragControlObject.HideDragImage
 0001:00019F30       TDragControlObject.ShowDragImage
 0001:00019E54       TDragObject.Finished
 0001:00019E3C       TDragObject.GetDragCursor
 0001:00019E0C       TDragObject.GetDragImages
 0001:00019DE4       TDragObject.GetName
 0001:00019E5C       TDragObject.HideDragImage
 0001:00019DDC       TDragObject.Instance
 0001:00019E60       TDragObject.ShowDragImage
 0002:0000103F       Test8086
 0002:00001040       Test8087
 0001:00009CCF       TextToFloat
 0001:00020B18       TextToShortCut
 0001:0000E07C       TFiler.Create
 0001:0000E0BC       TFiler.Destroy
 0001:0000DB5C       TFileStream.Create
 0001:0000DC54       TFileStream.Destroy
 0001:000124A8       TFont.Assign
 0001:0001248C       TFont.Changed
 0001:00012418       TFont.Create
 0001:00012468       TFont.Destroy
 0001:00012900       TFont.GetCharset
 0001:000125F8       TFont.GetHandle
 0001:000127B8       TFont.GetHeight
 0001:000127E8       TFont.GetName
 0001:000128D0       TFont.GetPitch
 0001:0001285C       TFont.GetSize
 0001:00012898       TFont.GetStyle
 0001:00012908       TFont.SetCharset
 0001:000125E4       TFont.SetColor
 0001:00012794       TFont.SetHandle
 0001:000127C0       TFont.SetHeight
 0001:00012800       TFont.SetName
 0001:000128D8       TFont.SetPitch
 0001:00012878       TFont.SetSize
 0001:000128A4       TFont.SetStyle
 0001:0002E224       TForm1.Button1Click
 0001:0002E394       TForm1.Button2Click
 0001:00014840       TGraphic.Changed
 0001:00014810       TGraphic.Create
 0001:000148B0       TGraphic.DefineProperties
 0001:000148FC       TGraphic.Equals
 0001:00014A40       TGraphic.GetPalette
 0001:00014A44       TGraphic.GetTransparent
 0001:00014A48       TGraphic.LoadFromFile
 0001:00014A9C       TGraphic.Progress
 0001:00014AC4       TGraphic.ReadData
 0001:00014AD0       TGraphic.SaveToFile
 0001:00014B28       TGraphic.SetPalette
 0001:00014B2C       TGraphic.SetTransparent
 0001:00014B3C       TGraphic.WriteData
 0001:0001F1C8       TGraphicControl.Create
 0001:0001F21C       TGraphicControl.Destroy
 0001:0001F2F0       TGraphicControl.Paint
 0001:0001F24C       TGraphicControl.WMPaint
 0001:0001215C       TGraphicsObject.Changed
 0001:00012170       TGraphicsObject.Lock
 0001:00012180       TGraphicsObject.Unlock
 0001:0000DB00       THandleStream.Read
 0001:0000DB28       THandleStream.Seek
 0001:0000DB38       THandleStream.SetSize
 0001:0000DB14       THandleStream.Write
 0001:0001F5EC       THintWindow.ActivateHint
 0001:0001F6AC       THintWindow.ActivateHintData
 0001:0001F6D8       THintWindow.CalcHintRect
 0001:0001F564       THintWindow.CMTextChanged
 0001:0001F2F4       THintWindow.Create
 0001:0001F398       THintWindow.CreateParams
 0001:0001F4F8       THintWindow.IsHintMsg
 0001:0001F464       THintWindow.Paint
 0001:0001F55C       THintWindow.ReleaseHandle
 0001:0001F3C4       THintWindow.WMNCHitTest
 0001:0001F3CC       THintWindow.WMNCPaint
 0002:000014CE       ThousandSeparator
 0001:000183C8       TIcon.Assign
 0001:00018348       TIcon.Create
 0001:0001839C       TIcon.Destroy
 0001:00018428       TIcon.Draw
 0001:00018460       TIcon.GetEmpty
 0001:00018478       TIcon.GetHandle
 0001:0001848C       TIcon.GetHeight
 0001:00018494       TIcon.GetWidth
 0001:000187B4       TIcon.LoadFromClipboardFormat
 0001:000185B8       TIcon.LoadFromStream
 0001:00018800       TIcon.SaveToClipboardFormat
 0001:00018788       TIcon.SaveToStream
 0001:000186E0       TIcon.SetHandle
 0001:000186F8       TIcon.SetHeight
 0001:00018740       TIcon.SetWidth
 0001:00018304       TIconImage.Destroy
 0001:00018330       TIconImage.FreeHandle
 0001:0002D1F8       TImage.Create
 0001:0002D2D4       TImage.DestRect
 0001:0002D288       TImage.Destroy
 0001:0002D434       TImage.DoPaletteChange
 0001:0002D2B8       TImage.GetPalette
 0001:0002D374       TImage.Paint
 0001:0002D4CC       TImage.Progress
 0001:0002D530       TImage.SetAutoSize
 0001:0002D540       TImage.SetCenter
 0001:0002D558       TImage.SetPicture
 0001:0002D568       TImage.SetStretch
 0001:0002D580       TImage.SetTransparent
 0002:000014E0       TimeAMString
 0002:000014E4       TimePMString
 0002:000014DC       TimeSeparator
 0001:0000BBA4       TList.Add
 0001:0000BBCC       TList.Clear
 0001:0000BBE8       TList.Delete
 0001:0000BB80       TList.Destroy
 0001:0000BC6C       TList.Error
 0001:0000BCA4       TList.Expand
 0001:0000BCC0       TList.First
 0001:0000BCCC       TList.Get
 0001:0000BD30       TList.Grow
 0001:0000BD68       TList.IndexOf
 0001:0000BD88       TList.Insert
 0001:0000BE28       TList.Last
 0001:0000BE38       TList.Put
 0001:0000BEA0       TList.Remove
 0001:0000BEC4       TList.SetCapacity
 0001:0000BF38       TList.SetCount
 0002:000014AC       TlsIndex
 0002:FFBD0008       TlsLast
 0001:00021EAC       TMainMenu.GetHandle
 0001:00021E2C       TMainMenu.MenuChanged
 0001:00021E4C       TMainMenu.Merge
 0001:00021E0C       TMainMenu.SetAutoMerge
 0001:00021E68       TMainMenu.Unmerge
 0001:0000DD1C       TMemoryStream.Clear
 0001:0000DCEC       TMemoryStream.Destroy
 0001:0000DD94       TMemoryStream.Realloc
 0001:0000DD38       TMemoryStream.SetCapacity
 0001:0000DD64       TMemoryStream.SetSize
 0001:0000DE54       TMemoryStream.Write
 0001:00021960       TMenu.Create
 0001:000219C0       TMenu.Destroy
 0001:00021B68       TMenu.DispatchCommand
 0001:00021B8C       TMenu.DispatchPopup
 0001:00021AC8       TMenu.FindItem
 0001:000219EC       TMenu.GetChildren
 0001:00021A08       TMenu.GetHandle
 0001:00021AF8       TMenu.GetHelpContext
 0001:00021C3C       TMenu.IsShortCut
 0001:00021E08       TMenu.MenuChanged
 0001:00021A14       TMenu.SetChildOrder
 0001:00021DFC       TMenu.SetWindowHandle
 0001:000217DC       TMenuItem.Add
 0001:000217A8       TMenuItem.Click
 0001:00020D98       TMenuItem.Create
 0001:0002131C       TMenuItem.DefineProperties
 0001:00021740       TMenuItem.Delete
 0001:00020DD8       TMenuItem.Destroy
 0001:00021590       TMenuItem.GetChildren
 0001:000214E8       TMenuItem.GetCount
 0001:00021288       TMenuItem.GetHandle
 0001:000214F8       TMenuItem.GetItem
 0001:00021530       TMenuItem.GetMenuIndex
 0001:000218CC       TMenuItem.GetParentComponent
 0001:00021360       TMenuItem.HasParent
 0001:000217C4       TMenuItem.IndexOf
 0001:00021644       TMenuItem.Insert
 0001:00021868       TMenuItem.MenuChanged
 0001:000217F8       TMenuItem.Remove
 0001:00021364       TMenuItem.SetBreak
 0001:00021374       TMenuItem.SetCaption
 0001:000213E4       TMenuItem.SetChecked
 0001:000215C8       TMenuItem.SetChildOrder
 0001:000215E8       TMenuItem.SetDefault
 0001:00021430       TMenuItem.SetEnabled
 0001:000214A4       TMenuItem.SetGroupIndex
 0001:00021548       TMenuItem.SetMenuIndex
 0001:000218E0       TMenuItem.SetParentComponent
 0001:00021934       TMenuItem.SetRadioItem
 0001:00021518       TMenuItem.SetShortCut
 0001:00021524       TMenuItem.SetVisible
 0001:00015548       TMetafile.Assign
 0001:000154DC       TMetafile.Create
 0001:0001551C       TMetafile.Destroy
 0001:000155DC       TMetafile.Draw
 0001:00015670       TMetafile.GetEmpty
 0001:00015678       TMetafile.GetHeight
 0001:000156DC       TMetafile.GetPalette
 0001:00015768       TMetafile.GetWidth
 0001:00015FD8       TMetafile.LoadFromClipboardFormat
 0001:000157CC       TMetafile.LoadFromStream
 0001:00015848       TMetafile.ReadData
 0001:000158A4       TMetafile.ReadEMFStream
 0001:00015974       TMetafile.ReadWMFStream
 0001:00016098       TMetafile.SaveToClipboardFormat
 0001:00015A9C       TMetafile.SaveToFile
 0001:00015B28       TMetafile.SaveToStream
 0001:00015B44       TMetafile.SetHeight
 0001:00015BB8       TMetafile.SetMMHeight
 0001:00015BF4       TMetafile.SetMMWidth
 0001:00015C30       TMetafile.SetWidth
 0001:00015CA4       TMetafile.TestEMF
 0001:00015D88       TMetafile.WriteData
 0001:00015E0C       TMetafile.WriteEMFStream
 0001:00015E90       TMetafile.WriteWMFStream
 0001:000154A0       TMetafileImage.Destroy
 0001:000154D8       TMetafileImage.FreeHandle
 0001:00001C48       TObject.ClassInfo
 0001:00001AA8       TObject.ClassName
 0001:00001ABC       TObject.ClassNameIs
 0001:00001AE4       TObject.ClassParent
 0001:00001AA4       TObject.ClassType
 0001:00001B2C       TObject.Create
 0001:00001C54       TObject.DefaultHandler
 0001:00001B48       TObject.Destroy
 0001:00001C58       TObject.Dispatch
 0001:00001CD0       TObject.FieldAddress
 0001:00001B54       TObject.Free
 0001:00001B04       TObject.FreeInstance
 0001:00001B60       TObject.InitInstance
 0001:00001C80       TObject.MethodAddress
 0001:00001AF0       TObject.NewInstance
 0001:00001C4C       TObject.SafeCallException
 0001:00012990       TPen.Assign
 0001:00012930       TPen.Create
 0001:0001296C       TPen.Destroy
 0001:00012AB0       TPen.GetColor
 0001:00012AE0       TPen.GetHandle
 0001:00012B8C       TPen.GetStyle
 0001:00012BBC       TPen.GetWidth
 0001:00012AB8       TPen.SetColor
 0001:00012B78       TPen.SetMode
 0001:00012B94       TPen.SetStyle
 0001:00012BC4       TPen.SetWidth
 0001:0000C384       TPersistent.Assign
 0001:0000C48C       TPersistent.AssignTo
 0001:0000C498       TPersistent.DefineProperties
 0001:0000C354       TPersistent.Destroy
 0001:0000C49C       TPersistent.GetNamePath
 0001:0000C54C       TPersistent.GetOwner
 0001:000151B8       TPicture.Assign
 0001:0001505C       TPicture.AssignTo
 0001:00015214       TPicture.Changed
 0001:00014FF8       TPicture.Create
 0001:00015424       TPicture.DefineProperties
 0001:00015030       TPicture.Destroy
 0001:00015488       TPicture.GetHeight
 0001:000150F4       TPicture.GetIcon
 0001:00015470       TPicture.GetWidth
 0001:00015238       TPicture.Progress
 0001:0001510C       TPicture.SetGraphic
 0001:00022188       TPopupMenu.Create
 0001:000221E0       TPopupMenu.Destroy
 0001:00022224       TPopupMenu.GetHelpContext
 0001:00022234       TPopupMenu.Popup
 0001:0002222C       TPopupMenu.SetHelpContext
 0001:0000484C       TrackPopupMenu
 0001:00004854       TranslateMDISysAccel
 0001:0000485C       TranslateMessage
 0001:00013924       TransparentStretchBlt
 0001:0000E5B8       TReader.DefineBinaryProperty
 0001:0000E584       TReader.DefineProperty
 0001:0000E520       TReader.Destroy
 0001:0000E694       TReader.EndOfList
 0001:0000E6AC       TReader.Error
 0001:0000FFEC       TReader.FindAncestorComponent
 0001:0000E6D4       TReader.FindMethod
 0001:0000E840       TReader.FlushBuffer
 0001:0000E8A4       TReader.GetPosition
 0001:0000E8C0       TReader.NextValue
 0001:0000E8E4       TReader.Read
 0001:0000E9A8       TReader.ReadBoolean
 0001:0000E9C0       TReader.ReadChar
 0001:0000EA44       TReader.ReadCollection
 0001:0000ECEC       TReader.ReadComponent
 0001:0000EFA8       TReader.ReadFloat
 0001:0000EFEC       TReader.ReadIdent
 0001:0000F0A4       TReader.ReadInteger
 0001:0000F110       TReader.ReadListBegin
 0001:0000F11C       TReader.ReadListEnd
 0001:0000F128       TReader.ReadPrefix
 0001:0000F8B8       TReader.ReadRootComponent
 0001:0000FB94       TReader.ReadSignature
 0001:0000FBFC       TReader.ReadStr
 0001:0000FC40       TReader.ReadString
 0001:0000FCA4       TReader.ReadValue
 0001:000100AC       TReader.ReferenceName
 0001:000100C8       TReader.SetName
 0001:0000DEAC       TResourceStream.Create
 0001:0000DFEC       TResourceStream.Destroy
 0001:0000E024       TResourceStream.Write
 0001:00005658       Trim
 0001:00027D38       TScreen.Create
 0001:00027ED4       TScreen.Destroy
 0001:0002830C       TScreen.GetCursors
 0001:000282F8       TScreen.GetDataModule
 0001:00028304       TScreen.GetDataModuleCount
 0001:00027F48       TScreen.GetForm
 0001:00027F54       TScreen.GetFormCount
 0001:00027F38       TScreen.GetHeight
 0001:00027F40       TScreen.GetWidth
 0001:00028334       TScreen.SetCursor
 0001:00024468       TScrollingWinControl.AlignControls
 0001:0002465C       TScrollingWinControl.AutoScrollInView
 0001:0002486C       TScrollingWinControl.ChangeScale
 0001:000243A8       TScrollingWinControl.Create
 0001:00024444       TScrollingWinControl.CreateParams
 0001:00024454       TScrollingWinControl.CreateWnd
 0001:0002440C       TScrollingWinControl.Destroy
 0001:00024674       TScrollingWinControl.ScrollInView
 0001:00024510       TScrollingWinControl.SetAutoScroll
 0001:0002454C       TScrollingWinControl.SetHorzScrollBar
 0001:00024558       TScrollingWinControl.SetVertScrollBar
 0001:00024900       TScrollingWinControl.WMHScroll
 0001:00024890       TScrollingWinControl.WMSize
 0001:00024924       TScrollingWinControl.WMVScroll
 0001:00016474       TSharedImage.Reference
 0001:00016478       TSharedImage.Release
 0001:0000D944       TStream.GetPosition
 0001:0000D968       TStream.GetSize
 0001:0000D9A8       TStream.ReadBuffer
 0001:0000DAA0       TStream.ReadComponent
 0001:0000D958       TStream.SetPosition
 0001:0000D9A4       TStream.SetSize
 0001:0000DA24       TStream.WriteBuffer
 0001:0000D1B8       TStringList.Add
 0001:0000D250       TStringList.Changed
 0001:0000D270       TStringList.Changing
 0001:0000D290       TStringList.Clear
 0001:0000D2CC       TStringList.Delete
 0001:0000D15C       TStringList.Destroy
 0001:0000D36C       TStringList.Exchange
 0001:0000D42C       TStringList.Find
 0001:0000D498       TStringList.Get
 0001:0000D508       TStringList.GetCapacity
 0001:0000D50C       TStringList.GetCount
 0001:0000D510       TStringList.GetObject
 0001:0000D5B0       TStringList.IndexOf
 0001:0000D5F0       TStringList.Insert
 0001:0000D6EC       TStringList.Put
 0001:0000D788       TStringList.PutObject
 0001:0000D8BC       TStringList.SetCapacity
 0001:0000D8DC       TStringList.SetSorted
 0001:0000D8FC       TStringList.SetUpdateState
 0001:0000D914       TStringList.Sort
 0001:0000C620       TStrings.Add
 0001:0000C648       TStrings.AddObject
 0001:0000C670       TStrings.AddStrings
 0001:0000C728       TStrings.Assign
 0001:0000C798       TStrings.BeginUpdate
 0001:0000C80C       TStrings.DefineProperties
 0001:0000C5F0       TStrings.Destroy
 0001:0000C858       TStrings.EndUpdate
 0001:0000C870       TStrings.Equals
 0001:0000C91C       TStrings.Error
 0001:0000C954       TStrings.Exchange
 0001:0000CA3C       TStrings.GetCapacity
 0001:0000CA48       TStrings.GetObject
 0001:0000CA4C       TStrings.GetText
 0001:0000CAA0       TStrings.GetTextStr
 0001:0000CB88       TStrings.IndexOf
 0001:0000CC08       TStrings.InsertObject
 0001:0000CC38       TStrings.LoadFromFile
 0001:0000CC8C       TStrings.LoadFromStream
 0001:0000CD38       TStrings.Move
 0001:0000CDE8       TStrings.Put
 0001:0000CE20       TStrings.PutObject
 0001:0000CED4       TStrings.SaveToFile
 0001:0000CF2C       TStrings.SaveToStream
 0001:0000CF88       TStrings.SetCapacity
 0001:0000CF8C       TStrings.SetStringsAdapter
 0001:0000CFC4       TStrings.SetText
 0001:0000D014       TStrings.SetTextStr
 0001:0000D0D4       TStrings.SetUpdateState
 0001:0000C090       TThreadList.Add
 0001:0000BFC8       TThreadList.Create
 0001:0000C014       TThreadList.Destroy
 0001:0000C0F0       TThreadList.LockList
 0001:0000C108       TThreadList.Remove
 0001:0000C158       TThreadList.UnlockList
 0001:0001C624       TWinControl.AlignControls
 0001:0001C9B8       TWinControl.Broadcast
 0001:0001ECB0       TWinControl.CanFocus
 0001:0001E8CC       TWinControl.ChangeScale
 0001:0001E280       TWinControl.CMChanged
 0001:0001E294       TWinControl.CMChildKey
 0001:0001E358       TWinControl.CMColorChanged
 0001:0001E4F4       TWinControl.CMControlListChange
 0001:0001E3FC       TWinControl.CMCtl3DChanged
 0001:0001E3BC       TWinControl.CMCursorChanged
 0001:0001E260       TWinControl.CMDesignHitTest
 0001:0001E2B0       TWinControl.CMDialogChar
 0001:0001E2A8       TWinControl.CMDialogKey
 0001:0001E49C       TWinControl.CMDrag
 0001:0001E318       TWinControl.CMEnabledChanged
 0001:0001E238       TWinControl.CMEnter
 0001:0001E24C       TWinControl.CMExit
 0001:0001E2B8       TWinControl.CMFocusChanged
 0001:0001E48C       TWinControl.CMFontChange
 0001:0001E380       TWinControl.CMFontChanged
 0001:0001EBF8       TWinControl.CMInvalidate
 0001:0001E43C       TWinControl.CMParentCtl3DChanged
 0001:0001CEC4       TWinControl.CMRecreateWnd
 0001:0001E220       TWinControl.CMShowHintChanged
 0001:0001E2F0       TWinControl.CMShowingChanged
 0001:0001E47C       TWinControl.CMSysColorChange
 0001:0001E508       TWinControl.CMSysFontChanged
 0001:0001E494       TWinControl.CMTimeChange
 0001:0001E2C0       TWinControl.CMVisibleChanged
 0001:0001E484       TWinControl.CMWinIniChange
 0001:0001E6D8       TWinControl.CNChar
 0001:0001E5AC       TWinControl.CNKeyDown
 0001:0001E684       TWinControl.CNKeyUp
 0001:0001E780       TWinControl.CNSysChar
 0001:0001E724       TWinControl.CNSysKeyDown
 0001:0001C764       TWinControl.ContainsControl
 0001:0001D0AC       TWinControl.ControlAtPos
 0001:0001C040       TWinControl.Create
 0001:0001CDFC       TWinControl.CreateHandle
 0001:0001CA90       TWinControl.CreateParams
 0001:0001CA20       TWinControl.CreateSubClass
 0001:0001CD08       TWinControl.CreateWindowHandle
 0001:0001CBB0       TWinControl.CreateWnd
 0001:0001D320       TWinControl.DefaultHandler
 0001:0001C0D4       TWinControl.Destroy
 0001:0001CE68       TWinControl.DestroyHandle
 0001:0001CDA4       TWinControl.DestroyWindowHandle
 0001:0001CD4C       TWinControl.DestroyWnd
 0001:0001C734       TWinControl.DisableAlign
 0001:0001DD64       TWinControl.DoEnter
 0001:0001DD84       TWinControl.DoExit
 0001:0001DDCC       TWinControl.DoKeyDown
 0001:0001DF8C       TWinControl.DoKeyPress
 0001:0001DEC8       TWinControl.DoKeyUp
 0001:0001C73C       TWinControl.EnableAlign
 0001:0001F010       TWinControl.FindNextControl
 0001:0001C170       TWinControl.FixupTabList
 0001:0001ED1C       TWinControl.Focused
 0001:0001F140       TWinControl.GetChildren
 0001:0001ED78       TWinControl.GetClientOrigin
 0001:0001ED98       TWinControl.GetClientRect
 0001:0001C968       TWinControl.GetControl
 0001:0001C998       TWinControl.GetControlCount
 0001:0001EB50       TWinControl.GetDeviceContext
 0001:0001ED64       TWinControl.GetHandle
 0001:0001EE04       TWinControl.GetTabOrder
 0001:0001EFB8       TWinControl.GetTabOrderList
 0001:0001EEFC       TWinControl.HandleAllocated
 0001:0001ED40       TWinControl.HandleNeeded
 0001:0001C82C       TWinControl.InsertControl
 0001:0001EBE8       TWinControl.Invalidate
 0001:0001D16C       TWinControl.IsControlMouseMsg
 0001:0001EDD4       TWinControl.IsCtl3DStored
 0001:0001DDA4       TWinControl.KeyDown
 0001:0001DF6C       TWinControl.KeyPress
 0001:0001DEA0       TWinControl.KeyUp
 0001:0001D034       TWinControl.MainWndProc
 0001:0001C9F8       TWinControl.NotifyControls
 0001:0001D55C       TWinControl.PaintControls
 0001:0001D408       TWinControl.PaintHandler
 0001:0001D530       TWinControl.PaintWindow
 0001:0001E178       TWinControl.PaletteChanged
 0001:0001C244       TWinControl.ReadState
 0001:0001C75C       TWinControl.Realign
 0001:0001CEAC       TWinControl.RecreateWnd
 0001:0001C8EC       TWinControl.RemoveControl
 0001:0001EC64       TWinControl.Repaint
 0001:0001DD08       TWinControl.ResetIme
 0001:0001E884       TWinControl.ScaleControls
 0001:0001E92C       TWinControl.ScrollBy
 0001:0001F114       TWinControl.SelectNext
 0001:0001E7B4       TWinControl.SetBounds
 0001:0001F188       TWinControl.SetChildOrder
 0001:0001EDB0       TWinControl.SetCtl3D
 0001:0001ECE4       TWinControl.SetFocus
 0001:0001DC60       TWinControl.SetIme
 0001:0001EDE0       TWinControl.SetParentCtl3D
 0001:0001EE84       TWinControl.SetTabOrder
 0001:0001EE9C       TWinControl.SetTabStop
 0001:0001EAF0       TWinControl.SetZOrder
 0001:0001EA04       TWinControl.ShowControl
 0001:0001EC48       TWinControl.Update
 0001:0001CFF4       TWinControl.UpdateControlState
 0001:0001DFF8       TWinControl.WMChar
 0001:0001E090       TWinControl.WMCharToItem
 0001:0001D8C0       TWinControl.WMCommand
 0001:0001D994       TWinControl.WMCompareItem
 0001:0001D9B8       TWinControl.WMDeleteItem
 0001:0001E104       TWinControl.WMDestroy
 0001:0001D9DC       TWinControl.WMDrawItem
 0001:0001DA24       TWinControl.WMEraseBkgnd
 0001:0001D934       TWinControl.WMFontChange
 0001:0001D954       TWinControl.WMHScroll
 0001:0001DC4C       TWinControl.WMIMEEndComp
 0001:0001DC38       TWinControl.WMIMEStartComp
 0001:0001DE60       TWinControl.WMKeyDown
 0001:0001DF2C       TWinControl.WMKeyUp
 0001:0001DC24       TWinControl.WMKillFocus
 0001:0001DA00       TWinControl.WMMeasureItem
 0001:0001DB10       TWinControl.WMMove
 0001:0001E138       TWinControl.WMNCDestroy
 0001:0001E154       TWinControl.WMNCHitTest
 0001:0001D8E0       TWinControl.WMNotify
 0001:0001D764       TWinControl.WMPaint
 0001:0001E200       TWinControl.WMPaletteChanged
 0001:0001E0B0       TWinControl.WMParentNotify
 0001:0001E1DC       TWinControl.WMQueryNewPalette
 0001:0001DB24       TWinControl.WMSetCursor
 0001:0001DC10       TWinControl.WMSetFocus
 0001:0001DAF0       TWinControl.WMSize
 0001:0001D904       TWinControl.WMSysColorChange
 0001:0001E018       TWinControl.WMSysCommand
 0001:0001DE80       TWinControl.WMSysKeyDown
 0001:0001DF4C       TWinControl.WMSysKeyUp
 0001:0001D944       TWinControl.WMTimeChange
 0001:0001E0E4       TWinControl.WMVKeyToItem
 0001:0001D974       TWinControl.WMVScroll
 0001:0001DA60       TWinControl.WMWindowPosChanged
 0001:0001D920       TWinControl.WMWinIniChange
 0001:0001D1F8       TWinControl.WndProc
 0001:000100FC       TWriter.Write
 0001:00010164       TWriter.WriteBoolean
 0001:00010180       TWriter.WriteInteger
 0001:000101F8       TWriter.WriteListBegin
 0001:00010204       TWriter.WriteListEnd
 0001:00010210       TWriter.WriteString
 0001:00010270       TWriter.WriteValue
 0001:0000A6F4       TypInfo
 0002:000013DC       Unassigned
 0001:00004864       UnhookWindowsHookEx
 0001:00002A14       UniqueString
 0001:000048A8       UnlockResource
 0001:0000445C       UnrealizeObject
 0001:0000486C       UnregisterClass
 0001:00003588       UnregisterModule
 0001:0000B7A4       UnRegisterModuleClasses
 0001:00004874       UpdateWindow
 0001:00023DB0       ValidParentForm
 0001:0000424C       VirtualAlloc
 0001:00004254       VirtualQuery
 0001:0000425C       WaitForSingleObject
 0001:0000487C       WaitMessage
 0001:00002E88       WideCharLenToStrVar
 0002:000000BC       Win32BuildNumber
 0001:000093D8       Win32Check
 0002:000000C0       Win32CSDVersion
 0002:000000B4       Win32MajorVersion
 0002:000000B8       Win32MinorVersion
 0001:0001FEF8       Win32NLSEnableIME
 0002:000000B0       Win32Platform
 0001:0000488C       WindowFromPoint
 0001:00004988       Windows
 0001:00004884       WinHelp
 0001:00018C40       WinSpool
 0001:00004264       WriteFile


  Address         Publics by Value

 0002:FFBD0008       TlsLast
 0001:00001054       SysGetMem
 0001:000011DC       SysFreeMem
 0001:0000155C       SysReallocMem
 0001:00001620       @GetMem
 0001:00001638       @FreeMem
 0001:00001650       @ReallocMem
 0001:000016E4       @_IOTest
 0001:00001714       Move
 0001:00001754       @AbstractError
 0001:00001770       @PStrNCpy
 0001:000017A0       @PStrCmp
 0001:00001824       @AStrCmp
 0001:00001894       @FillChar
 0001:000018B4       @ValLong
 0001:0000195C       @_CToPasStr
 0001:00001974       @_CLenToPasStr
 0001:00001AA4       TObject.ClassType
 0001:00001AA8       TObject.ClassName
 0001:00001ABC       TObject.ClassNameIs
 0001:00001AE4       TObject.ClassParent
 0001:00001AF0       TObject.NewInstance
 0001:00001B04       TObject.FreeInstance
 0001:00001B2C       TObject.Create
 0001:00001B48       TObject.Destroy
 0001:00001B54       TObject.Free
 0001:00001B60       TObject.InitInstance
 0001:00001BB4       @IsClass
 0001:00001BCC       @AsClass
 0001:00001C18       @CallDynaInst
 0001:00001C30       @FindDynaInst
 0001:00001C48       TObject.ClassInfo
 0001:00001C4C       TObject.SafeCallException
 0001:00001C54       TObject.DefaultHandler
 0001:00001C58       TObject.Dispatch
 0001:00001C80       TObject.MethodAddress
 0001:00001CD0       TObject.FieldAddress
 0001:00001D20       @ClassCreate
 0001:00001D5C       @ClassDestroy
 0001:00001E60       @HandleAnyException
 0001:00001F24       @HandleOnException
 0001:0000205C       @HandleFinally
 0001:00002094       @RaiseExcept
 0001:000020B0       @RaiseAgain
 0001:00002104       @DoneExcept
 0001:00002134       @TryFinallyExit
 0001:0000237C       @StartExe
 0001:000023AC       @InitResStrings
 0001:000023C8       @InitResStringImports
 0001:000023E4       @InitImports
 0001:00002488       @Halt0
 0001:000025A0       @Halt
 0001:000025AC       @RunError
 0001:000025B8       @LStrClr
 0001:000025DC       @LStrArrayClr
 0001:0000260C       @LStrAsg
 0001:00002650       @LStrLAsg
 0001:00002678       @NewAnsiString
 0001:0000269C       @LStrFromPCharLen
 0001:000026CC       @LStrFromPWCharLen
 0001:0000276C       @LStrFromChar
 0001:0000277C       @LStrFromPChar
 0001:000027AC       @LStrFromPWChar
 0001:000027E8       @LStrFromString
 0001:000027F4       @LStrFromArray
 0001:0000280C       @LStrFromWStr
 0001:00002820       @LStrToString
 0001:00002844       @LStrLen
 0001:0000284C       @LStrCat
 0001:00002890       @LStrCat3
 0001:00002904       @LStrCatN
 0001:00002954       @LStrCmp
 0001:000029F8       @LStrAddRef
 0001:00002A08       @LStrToPChar
 0001:00002A14       UniqueString
 0001:00002A48       @LStrCopy
 0001:00002A88       @LStrDelete
 0001:00002AD0       @LStrPos
 0001:00002B18       @LStrSetLength
 0001:00002B84       @WStrClr
 0001:00002B9C       @WStrArrayClr
 0001:00002BC0       @WStrAsg
 0001:00002BE4       @WStrFromPCharLen
 0001:00002C78       @WStrFromPWCharLen
 0001:00002C94       @WStrFromLStr
 0001:00002CA4       @InitializeRecord
 0001:00002CD0       @InitializeArray
 0001:00002D60       @Initialize
 0001:00002D6C       @FinalizeRecord
 0001:00002D98       @FinalizeArray
 0001:00002E58       @Finalize
 0001:00002E64       @New
 0001:00002E78       @Dispose
 0001:00002E88       WideCharLenToStrVar
 0001:00002F1C       OleStrToStrVar
 0001:00002F44       StringToOleStr
 0001:00002FE0       @VarClear
 0001:00003014       @VarCopy
 0001:0000314C       @VarCast
 0001:00003240       @VarToLStr
 0001:0000327C       @VarClr
 0001:00003284       FindHInstance
 0001:000032AC       FindClassHInstance
 0001:000032B8       FindResourceHInstance
 0001:000032D4       LoadResourceModule
 0001:00003494       AddModuleUnloadProc
 0001:000034B8       RemoveModuleUnloadProc
 0001:00003578       RegisterModule
 0001:00003588       UnregisterModule
 0001:000035F8       LoadResString
 0001:00003640       @IntfClear
 0001:00003658       @IntfCopy
 0001:00003876       @Assign
 0001:000038CC       @_Flush
 0001:000038F1       @Flush
 0001:00003918       @Close
 0001:0000398F       @ResetText
 0001:00003996       @RewritText
 0001:0000399D       @Append
 0001:00003A48       @Write0String
 0001:00003A52       @WriteString
 0001:00003A6F       @WriteLn
 0001:00003A83       @Write0Char
 0001:00003AD5       @WriteChar
 0001:00003AEC       @Write0CString
 0001:00003AF0       @WriteCString
 0001:00003B1C       @Pow10
 0001:00003B1C       FPower10
 0001:00003DF0       Finalization
 0001:00003E50       System
 0001:00003F88       @GetTls
 0001:00004020       @InitExe
 0001:00004044       Finalization
 0001:00004074       SysInit
 0001:0000407C       RegCloseKey
 0001:00004084       RegOpenKeyEx
 0001:0000408C       RegQueryValueEx
 0001:00004094       CloseHandle
 0001:0000409C       CompareString
 0001:000040A4       CreateEvent
 0001:000040AC       CreateFile
 0001:000040B4       CreateThread
 0001:000040BC       DeleteCriticalSection
 0001:000040C4       DosDateTimeToFileTime
 0001:000040CC       EnterCriticalSection
 0001:000040D4       EnumCalendarInfoA
 0001:000040DC       FileTimeToDosDateTime
 0001:000040E4       FileTimeToLocalFileTime
 0001:000040EC       FindClose
 0001:000040F4       FindFirstFile
 0001:000040FC       FindResource
 0001:00004104       FormatMessage
 0001:0000410C       FreeLibrary
 0001:00004114       FreeResource
 0001:0000411C       GetCPInfo
 0001:00004124       GetCurrentProcessId
 0001:0000412C       GetCurrentThreadId
 0001:00004134       GetDateFormat
 0001:0000413C       GetFileTime
 0001:00004144       GetLastError
 0001:0000414C       GetLocalTime
 0001:00004154       GetLocaleInfo
 0001:0000415C       GetModuleFileName
 0001:00004164       GetModuleHandle
 0001:0000416C       GetProcAddress
 0001:00004174       GetSystemInfo
 0001:0000417C       GetThreadLocale
 0001:00004184       GetVersion
 0001:0000418C       GetVersionEx
 0001:00004194       GlobalAddAtom
 0001:0000419C       GlobalAlloc
 0001:000041A4       GlobalDeleteAtom
 0001:000041AC       GlobalFree
 0001:000041B4       GlobalLock
 0001:000041BC       GlobalHandle
 0001:000041C4       GlobalReAlloc
 0001:000041CC       GlobalUnlock
 0001:000041D4       InitializeCriticalSection
 0001:000041DC       LeaveCriticalSection
 0001:000041E4       LoadLibrary
 0001:000041EC       LoadResource
 0001:000041F4       LocalFileTimeToFileTime
 0001:000041FC       LockResource
 0001:00004204       MulDiv
 0001:0000420C       ReadFile
 0001:00004214       SetEndOfFile
 0001:0000421C       SetErrorMode
 0001:00004224       SetEvent
 0001:0000422C       SetFilePointer
 0001:00004234       SetFileTime
 0001:0000423C       SetThreadLocale
 0001:00004244       SizeofResource
 0001:0000424C       VirtualAlloc
 0001:00004254       VirtualQuery
 0001:0000425C       WaitForSingleObject
 0001:00004264       WriteFile
 0001:0000426C       BitBlt
 0001:00004274       CopyEnhMetaFile
 0001:0000427C       CreateBitmap
 0001:00004284       CreateBrushIndirect
 0001:0000428C       CreateCompatibleBitmap
 0001:00004294       CreateCompatibleDC
 0001:0000429C       CreateDIBSection
 0001:000042A4       CreateDIBitmap
 0001:000042AC       CreateFontIndirect
 0001:000042B4       CreateHalftonePalette
 0001:000042BC       CreatePalette
 0001:000042C4       CreatePenIndirect
 0001:000042CC       CreateRectRgn
 0001:000042D4       CreateSolidBrush
 0001:000042DC       DeleteDC
 0001:000042E4       DeleteEnhMetaFile
 0001:000042EC       DeleteObject
 0001:000042F4       EnumFontFamiliesEx
 0001:000042FC       EnumFonts
 0001:00004304       ExcludeClipRect
 0001:0000430C       GetBitmapBits
 0001:00004314       GetBrushOrgEx
 0001:0000431C       GetCurrentPositionEx
 0001:00004324       GetDIBColorTable
 0001:0000432C       GetDIBits
 0001:00004334       GetDeviceCaps
 0001:0000433C       GetEnhMetaFileBits
 0001:00004344       GetEnhMetaFileHeader
 0001:0000434C       GetEnhMetaFilePaletteEntries
 0001:00004354       GetObject
 0001:0000435C       GetPaletteEntries
 0001:00004364       GetPixel
 0001:0000436C       GetStockObject
 0001:00004374       GetSystemPaletteEntries
 0001:0000437C       GetTextExtentPoint
 0001:00004384       GetTextMetrics
 0001:0000438C       GetWinMetaFileBits
 0001:00004394       GetWindowOrgEx
 0001:0000439C       IntersectClipRect
 0001:000043A4       MaskBlt
 0001:000043AC       MoveToEx
 0001:000043B4       PatBlt
 0001:000043BC       PlayEnhMetaFile
 0001:000043C4       RealizePalette
 0001:000043CC       RectVisible
 0001:000043D4       Rectangle
 0001:000043DC       RestoreDC
 0001:000043E4       SaveDC
 0001:000043EC       SelectObject
 0001:000043F4       SelectPalette
 0001:000043FC       SetBkColor
 0001:00004404       SetBkMode
 0001:0000440C       SetBrushOrgEx
 0001:00004414       SetDIBColorTable
 0001:0000441C       SetEnhMetaFileBits
 0001:00004424       SetROP2
 0001:0000442C       SetStretchBltMode
 0001:00004434       SetTextColor
 0001:0000443C       SetViewportOrgEx
 0001:00004444       SetWinMetaFileBits
 0001:0000444C       SetWindowOrgEx
 0001:00004454       StretchBlt
 0001:0000445C       UnrealizeObject
 0001:00004464       ActivateKeyboardLayout
 0001:0000446C       AdjustWindowRectEx
 0001:00004474       AnsiLower
 0001:0000447C       BeginPaint
 0001:00004484       CallNextHookEx
 0001:0000448C       CallWindowProc
 0001:00004494       CharLowerBuff
 0001:0000449C       CheckMenuItem
 0001:000044A4       ClientToScreen
 0001:000044AC       CreateIcon
 0001:000044B4       CreateMenu
 0001:000044BC       CreatePopupMenu
 0001:000044C4       CreateWindowEx
 0001:000044CC       DefFrameProc
 0001:000044D4       DefMDIChildProc
 0001:000044DC       DefWindowProc
 0001:000044E4       DeleteMenu
 0001:000044EC       DestroyCursor
 0001:000044F4       DestroyIcon
 0001:000044FC       DestroyMenu
 0001:00004504       DestroyWindow
 0001:0000450C       DispatchMessage
 0001:00004514       DrawEdge
 0001:0000451C       DrawIcon
 0001:00004524       DrawMenuBar
 0001:0000452C       DrawText
 0001:00004534       EnableMenuItem
 0001:0000453C       EnableWindow
 0001:00004544       EndPaint
 0001:0000454C       EnumThreadWindows
 0001:00004554       EnumWindows
 0001:0000455C       EqualRect
 0001:00004564       FillRect
 0001:0000456C       FrameRect
 0001:00004574       GetActiveWindow
 0001:0000457C       GetCapture
 0001:00004584       GetClassInfo
 0001:0000458C       GetClientRect
 0001:00004594       GetClipboardData
 0001:0000459C       GetCursor
 0001:000045A4       GetCursorPos
 0001:000045AC       GetDC
 0001:000045B4       GetDCEx
 0001:000045BC       GetDesktopWindow
 0001:000045C4       GetFocus
 0001:000045CC       GetForegroundWindow
 0001:000045D4       GetIconInfo
 0001:000045DC       GetKeyNameText
 0001:000045E4       GetKeyState
 0001:000045EC       GetKeyboardLayout
 0001:000045F4       GetKeyboardLayoutList
 0001:000045FC       GetLastActivePopup
 0001:00004604       GetMenu
 0001:0000460C       GetMenuItemCount
 0001:00004614       GetMenuState
 0001:0000461C       GetMenuString
 0001:00004624       GetParent
 0001:0000462C       GetProp
 0001:00004634       GetScrollPos
 0001:0000463C       GetSubMenu
 0001:00004644       GetSysColor
 0001:0000464C       GetSystemMenu
 0001:00004654       GetSystemMetrics
 0001:0000465C       GetWindow
 0001:00004664       GetWindowDC
 0001:0000466C       GetWindowLong
[...]
 0001:0001EBF8       TWinControl.CMInvalidate
 0001:0001EC48       TWinControl.Update
 0001:0001EC64       TWinControl.Repaint
 0001:0001ECB0       TWinControl.CanFocus
 0001:0001ECE4       TWinControl.SetFocus
 0001:0001ED1C       TWinControl.Focused
 0001:0001ED40       TWinControl.HandleNeeded
 0001:0001ED64       TWinControl.GetHandle
 0001:0001ED78       TWinControl.GetClientOrigin
 0001:0001ED98       TWinControl.GetClientRect
 0001:0001EDB0       TWinControl.SetCtl3D
 0001:0001EDD4       TWinControl.IsCtl3DStored
 0001:0001EDE0       TWinControl.SetParentCtl3D
 0001:0001EE04       TWinControl.GetTabOrder
 0001:0001EE84       TWinControl.SetTabOrder
 0001:0001EE9C       TWinControl.SetTabStop
 0001:0001EEFC       TWinControl.HandleAllocated
 0001:0001EFB8       TWinControl.GetTabOrderList
 0001:0001F010       TWinControl.FindNextControl
 0001:0001F114       TWinControl.SelectNext
 0001:0001F140       TWinControl.GetChildren
 0001:0001F188       TWinControl.SetChildOrder
 0001:0001F1C8       TGraphicControl.Create
 0001:0001F21C       TGraphicControl.Destroy
 0001:0001F24C       TGraphicControl.WMPaint
 0001:0001F2F0       TGraphicControl.Paint
 0001:0001F2F4       THintWindow.Create
 0001:0001F398       THintWindow.CreateParams
 0001:0001F3C4       THintWindow.WMNCHitTest
 0001:0001F3CC       THintWindow.WMNCPaint
 0001:0001F464       THintWindow.Paint
 0001:0001F4F8       THintWindow.IsHintMsg
 0001:0001F55C       THintWindow.ReleaseHandle
 0001:0001F564       THintWindow.CMTextChanged
 0001:0001F5EC       THintWindow.ActivateHint
 0001:0001F6AC       THintWindow.ActivateHintData
 0001:0001F6D8       THintWindow.CalcHintRect
 0001:0001F72C       TCustomControl.Create
 0001:0001F780       TCustomControl.Destroy
 0001:0001F7B0       TCustomControl.WMPaint
 0001:0001F7B8       TCustomControl.PaintWindow
 0001:0001F850       TCustomControl.Paint
 0001:0001F8B4       TCustomImageList.HandleAllocated
 0001:0001F8BC       TCustomImageList.HandleNeeded
 0001:0001F8C8       TCustomImageList.GetHandle
 0001:0001F974       TCustomImageList.SetBkColor
 0001:0001FA74       TCustomImageList.SetDragCursor
 0001:0001FA8C       TCustomImageList.SetDragImage
 0001:0001FAD4       TCustomImageList.BeginDrag
 0001:0001FB34       TCustomImageList.DragLock
 0001:0001FB98       TCustomImageList.DragUnlock
 0001:0001FBBC       TCustomImageList.DragMove
 0001:0001FC00       TCustomImageList.ShowDragImage
 0001:0001FC18       TCustomImageList.HideDragImage
 0001:0001FC30       TCustomImageList.EndDrag
 0001:0001FEF8       Win32NLSEnableIME
 0001:0001FF10       SetImeMode
 0001:0001FFEC       Imm32IsIME
 0001:00020160       Finalization
 0001:000201AC       Controls
 0001:000208B4       ShortCutToText
 0001:00020B18       TextToShortCut
 0001:00020D98       TMenuItem.Create
 0001:00020DD8       TMenuItem.Destroy
 0001:00021288       TMenuItem.GetHandle
 0001:0002131C       TMenuItem.DefineProperties
 0001:00021360       TMenuItem.HasParent
 0001:00021364       TMenuItem.SetBreak
 0001:00021374       TMenuItem.SetCaption
 0001:000213E4       TMenuItem.SetChecked
 0001:00021430       TMenuItem.SetEnabled
 0001:000214A4       TMenuItem.SetGroupIndex
 0001:000214E8       TMenuItem.GetCount
 0001:000214F8       TMenuItem.GetItem
 0001:00021518       TMenuItem.SetShortCut
 0001:00021524       TMenuItem.SetVisible
 0001:00021530       TMenuItem.GetMenuIndex
 0001:00021548       TMenuItem.SetMenuIndex
 0001:00021590       TMenuItem.GetChildren
 0001:000215C8       TMenuItem.SetChildOrder
 0001:000215E8       TMenuItem.SetDefault
 0001:00021644       TMenuItem.Insert
 0001:00021740       TMenuItem.Delete
 0001:000217A8       TMenuItem.Click
 0001:000217C4       TMenuItem.IndexOf
 0001:000217DC       TMenuItem.Add
 0001:000217F8       TMenuItem.Remove
 0001:00021868       TMenuItem.MenuChanged
 0001:000218CC       TMenuItem.GetParentComponent
 0001:000218E0       TMenuItem.SetParentComponent
 0001:00021934       TMenuItem.SetRadioItem
 0001:00021960       TMenu.Create
 0001:000219C0       TMenu.Destroy
 0001:000219EC       TMenu.GetChildren
 0001:00021A08       TMenu.GetHandle
 0001:00021A14       TMenu.SetChildOrder
 0001:00021AC8       TMenu.FindItem
 0001:00021AF8       TMenu.GetHelpContext
 0001:00021B68       TMenu.DispatchCommand
 0001:00021B8C       TMenu.DispatchPopup
 0001:00021C3C       TMenu.IsShortCut
 0001:00021DFC       TMenu.SetWindowHandle
 0001:00021E08       TMenu.MenuChanged
 0001:00021E0C       TMainMenu.SetAutoMerge
 0001:00021E2C       TMainMenu.MenuChanged
 0001:00021E4C       TMainMenu.Merge
 0001:00021E68       TMainMenu.Unmerge
 0001:00021EAC       TMainMenu.GetHandle
 0001:00022188       TPopupMenu.Create
 0001:000221E0       TPopupMenu.Destroy
 0001:00022224       TPopupMenu.GetHelpContext
 0001:0002222C       TPopupMenu.SetHelpContext
 0001:00022234       TPopupMenu.Popup
 0001:00022310       Finalization
 0001:0002236C       Menus
 0001:000235C4       DisableTaskWindows
 0001:00023674       EnableTaskWindows
 0001:0002378C       ForegroundTask
 0001:00023830       InitCtl3D
 0001:00023A68       DoneCtl3D
 0001:00023AB4       MakeObjectInstance
 0001:00023B4C       FreeObjectInstance
 0001:00023B70       AllocateHWnd
 0001:00023C2C       DeallocateHWnd
 0001:00023C54       KeysToShiftState
 0001:00023CA8       KeyDataToShiftState
 0001:00023CE4       IsAccel
 0001:00023D84       GetParentForm
 0001:00023DB0       ValidParentForm
 0001:00023E7C       TControlScrollBar.Assign
 0001:000241F4       TControlScrollBar.SetPosition
 0001:000242C8       TControlScrollBar.SetRange
 0001:000242DC       TControlScrollBar.IsRangeStored
 0001:000242E8       TControlScrollBar.SetVisible
 0001:000243A8       TScrollingWinControl.Create
 0001:0002440C       TScrollingWinControl.Destroy
 0001:00024444       TScrollingWinControl.CreateParams
 0001:00024454       TScrollingWinControl.CreateWnd
 0001:00024468       TScrollingWinControl.AlignControls
 0001:00024510       TScrollingWinControl.SetAutoScroll
 0001:0002454C       TScrollingWinControl.SetHorzScrollBar
 0001:00024558       TScrollingWinControl.SetVertScrollBar
 0001:0002465C       TScrollingWinControl.AutoScrollInView
 0001:00024674       TScrollingWinControl.ScrollInView
 0001:0002486C       TScrollingWinControl.ChangeScale
 0001:00024890       TScrollingWinControl.WMSize
 0001:00024900       TScrollingWinControl.WMHScroll
 0001:00024924       TScrollingWinControl.WMVScroll
 0001:00024948       TCustomForm.Create
 0001:00024AD8       TCustomForm.CreateNew
 0001:00024BE4       TCustomForm.Destroy
 0001:00024D0C       TCustomForm.Loaded
 0001:00024D44       TCustomForm.Notification
 0001:00024DCC       TCustomForm.ReadState
 0001:00024FB0       TCustomForm.DefineProperties
 0001:0002509C       TCustomForm.ChangeScale
 0001:00025178       TCustomForm.IsClientSizeStored
 0001:00025188       TCustomForm.IsFormSizeStored
 0001:000251B0       TCustomForm.IsAutoScrollStored
 0001:000251E4       TCustomForm.DoHide
 0001:00025204       TCustomForm.DoShow
 0001:00025224       TCustomForm.GetClientRect
 0001:000252AC       TCustomForm.GetChildren
 0001:00025318       TCustomForm.SetChildOrder
 0001:000253AC       TCustomForm.SetClientWidth
 0001:000253D8       TCustomForm.SetClientHeight
 0001:00025404       TCustomForm.SetVisible
 0001:00025430       TCustomForm.VisibleChanging
 0001:00025494       TCustomForm.WantChildKey
 0001:00025498       TCustomForm.SetParent
 0001:000254D0       TCustomForm.ValidateRename
 0001:0002550C       TCustomForm.WndProc
 0001:000257FC       TCustomForm.AlignControls
 0001:0002583C       TCustomForm.SetBorderIcons
 0001:00025868       TCustomForm.SetBorderStyle
 0001:000258A0       TCustomForm.GetActiveMDIChild
 0001:000258D4       TCustomForm.GetMDIChildCount
 0001:00025920       TCustomForm.GetMDIChildren
 0001:00025970       TCustomForm.GetCanvas
 0001:00025978       TCustomForm.SetIcon
 0001:00025984       TCustomForm.IsColorStored
 0001:000259B0       TCustomForm.IsForm
 0001:000259B8       TCustomForm.IsIconStored
 0001:000259E0       TCustomForm.SetFormStyle
 0001:00025ADC       TCustomForm.SetObjectMenuItem
 0001:00025AF0       TCustomForm.SetWindowMenu
 0001:00025B18       TCustomForm.SetMenu
 0001:00025CDC       TCustomForm.GetPixelsPerInch
 0001:00025CF0       TCustomForm.SetPixelsPerInch
 0001:00025D24       TCustomForm.SetPosition
 0001:00025D40       TCustomForm.GetScaled
 0001:00025D4C       TCustomForm.SetScaled
 0001:00025D7C       TCustomForm.CMColorChanged
 0001:00025DB8       TCustomForm.CMCtl3DChanged
 0001:00025E00       TCustomForm.CMFontChanged
 0001:00025E20       TCustomForm.CMMenuChanged
 0001:00025E3C       TCustomForm.SetWindowState
 0001:00025E7C       TCustomForm.CreateParams
 0001:00026068       TCustomForm.CreateWnd
 0001:000261A8       TCustomForm.CreateWindowHandle
 0001:000262A8       TCustomForm.DestroyWindowHandle
 0001:000262EC       TCustomForm.DefaultHandler
 0001:00026350       TCustomForm.SetActiveControl
 0001:00026400       TCustomForm.DefocusControl
 0001:00026448       TCustomForm.FocusControl
 0001:00026468       TCustomForm.SetFocusedControl
 0001:000266E8       TCustomForm.ActiveChanged
 0001:000267A0       TCustomForm.SendCancelMode
 0001:000268FC       TCustomForm.Activate
 0001:0002691C       TCustomForm.Deactivate
 0001:0002693C       TCustomForm.Paint
 0001:0002695C       TCustomForm.Resize
 0001:00026998       TCustomForm.PaintWindow
 0001:00026A48       TCustomForm.PaletteChanged
 0001:00026AF4       TCustomForm.WMPaint
 0001:00026B50       TCustomForm.WMIconEraseBkgnd
 0001:00026BB0       TCustomForm.WMEraseBkgnd
 0001:00026BE8       TCustomForm.WMQueryDragIcon
 0001:00026CF8       TCustomForm.WMNCCreate
 0001:00026D2C       TCustomForm.WMDestroy
 0001:00026D8C       TCustomForm.WMCommand
 0001:00026DC0       TCustomForm.WMInitMenuPopup
 0001:00026DD8       TCustomForm.WMMenuSelect
 0001:00026E84       TCustomForm.WMActivate
 0001:00026EA4       TCustomForm.WMSize
 0001:00026F10       TCustomForm.WMClose
 0001:00026F18       TCustomForm.WMQueryEndSession
 0001:00026F44       TCustomForm.CMAppSysCommand
 0001:00026F9C       TCustomForm.WMSysCommand
 0001:00026FCC       TCustomForm.WMShowWindow
 0001:00027064       TCustomForm.WMMDIActivate
 0001:000270BC       TCustomForm.WMNextDlgCtl
 0001:000270E8       TCustomForm.WMEnterMenuLoop
 0001:00027144       TCustomForm.WMHelp
 0001:00027248       TCustomForm.CMActivate
 0001:00027254       TCustomForm.CMDeactivate
 0001:00027268       TCustomForm.CMDialogKey
 0001:00027304       TCustomForm.CMShowingChanged
 0001:000276BC       TCustomForm.CMIconChanged
 0001:000276DC       TCustomForm.CMRelease
 0001:000276E4       TCustomForm.CMTextChanged
 0001:00027734       TCustomForm.CMUIActivate
 0001:0002773C       TCustomForm.CMParentFontChanged
 0001:000277A8       TCustomForm.Close
 0001:00027850       TCustomForm.CloseQuery
 0001:00027958       TCustomForm.Hide
 0001:00027960       TCustomForm.Show
 0001:00027978       TCustomForm.SetFocus
 0001:000279E8       TCustomForm.Release
 0001:00027A04       TCustomForm.ShowModal
 0001:00027D38       TScreen.Create
 0001:00027ED4       TScreen.Destroy
 0001:00027F38       TScreen.GetHeight
 0001:00027F40       TScreen.GetWidth
 0001:00027F48       TScreen.GetForm
 0001:00027F54       TScreen.GetFormCount
 0001:000282F8       TScreen.GetDataModule
 0001:00028304       TScreen.GetDataModuleCount
 0001:0002830C       TScreen.GetCursors
 0001:00028334       TScreen.SetCursor
 0001:00028670       TApplication.Create
 0001:000287EC       TApplication.Destroy
 0001:000288C4       TApplication.CreateHandle
 0001:00028A4C       TApplication.ControlDestroyed
 0001:00028BB0       TApplication.NormalizeTopMosts
 0001:00028BB8       TApplication.NormalizeAllTopMosts
 0001:00028BC0       TApplication.RestoreTopMosts
 0001:00029384       TApplication.Minimize
 0001:000293CC       TApplication.Restore
 0001:00029454       TApplication.BringToFront
 0001:00029490       TApplication.GetTitle
 0001:000294D8       TApplication.SetTitle
 0001:000296C0       TApplication.HandleMessage
 0001:000296D8       TApplication.HookMainWindow
 0001:00029734       TApplication.UnhookMainWindow
 0001:000297B0       TApplication.CreateForm
 0001:0002983C       TApplication.Run
 0001:000298F0       TApplication.Terminate
 0001:00029904       TApplication.HandleException
 0001:00029994       TApplication.MessageBox
 0001:00029A08       TApplication.ShowException
 0001:00029C0C       TApplication.HelpContext
 0001:00029C18       TApplication.HelpCommand
 0001:00029C20       TApplication.SetShowHint
 0001:00029E6C       TApplication.SetHint
 0001:00029FB0       TApplication.HintMouseMessage
 0001:0002A0A0       TApplication.HideHint
 0001:0002A0DC       TApplication.CancelHint
 0001:0002A608       Finalization
 0001:0002A65C       Forms
 0001:0002A67C       Finalization
 0001:0002A6AC       CommDlg
 0001:0002BB3C       TCustomLabel.Create
 0001:0002BBA8       TCustomLabel.GetLabelText
 0001:0002BD24       TCustomLabel.Paint
 0001:0002BE18       TCustomLabel.Loaded
 0001:0002BED0       TCustomLabel.SetAlignment
 0001:0002BEF0       TCustomLabel.SetAutoSize
 0001:0002BF08       TCustomLabel.GetTransparent
 0001:0002BF14       TCustomLabel.SetFocusControl
 0001:0002BF2C       TCustomLabel.SetShowAccelChar
 0001:0002BF4C       TCustomLabel.SetTransparent
 0001:0002BF94       TCustomLabel.SetLayout
 0001:0002BFB4       TCustomLabel.SetWordWrap
 0001:0002BFDC       TCustomLabel.Notification
 0001:0002C010       TCustomLabel.CMTextChanged
 0001:0002C028       TCustomLabel.CMFontChanged
 0001:0002C040       TCustomLabel.CMDialogChar
 0001:0002C0CC       TCustomEdit.Create
 0001:0002C174       TCustomEdit.DoSetMaxLength
 0001:0002C198       TCustomEdit.SetAutoSize
 0001:0002C1B0       TCustomEdit.SetBorderStyle
 0001:0002C1D8       TCustomEdit.SetCharCase
 0001:0002C1F0       TCustomEdit.SetHideSelection
 0001:0002C208       TCustomEdit.SetMaxLength
 0001:0002C238       TCustomEdit.SetOEMConvert
 0001:0002C250       TCustomEdit.GetModified
 0001:0002C28C       TCustomEdit.SetModified
 0001:0002C2C8       TCustomEdit.SetPasswordChar
 0001:0002C350       TCustomEdit.SetReadOnly
 0001:0002C390       TCustomEdit.GetSelStart
 0001:0002C3B8       TCustomEdit.SetSelStart
 0001:0002C3DC       TCustomEdit.GetSelLength
 0001:0002C40C       TCustomEdit.SetSelLength
 0001:0002C470       TCustomEdit.Clear
 0001:0002C490       TCustomEdit.SelectAll
 0001:0002C4B0       TCustomEdit.GetSelTextBuf
 0001:0002C54C       TCustomEdit.GetSelText
 0001:0002C5E8       TCustomEdit.CreateParams
 0001:0002C6A8       TCustomEdit.CreateWnd
 0001:0002C758       TCustomEdit.DestroyWnd
 0001:0002C86C       TCustomEdit.Change
 0001:0002C894       TCustomEdit.DefaultHandler
 0001:0002C8E4       TCustomEdit.WMSetFont
 0001:0002C928       TCustomEdit.CMCtl3DChanged
 0001:0002C960       TCustomEdit.CMFontChanged
 0001:0002C98C       TCustomEdit.CNCommand
 0001:0002C9B0       TCustomEdit.CMEnter
 0001:0002C9F0       TCustomEdit.CMTextChanged
 0001:0002CA2C       TButtonControl.WndProc
 0001:0002CA9C       TButton.Create
 0001:0002CB00       TButton.Click
 0001:0002CB28       TButton.SetButtonStyle
 0001:0002CB84       TButton.SetDefault
 0001:0002CBBC       TButton.CreateParams
 0001:0002CBFC       TButton.CreateWnd
 0001:0002CC18       TButton.CNCommand
 0001:0002CC30       TButton.CMDialogKey
 0001:0002CC9C       TButton.CMDialogChar
 0001:0002CD1C       TButton.CMFocusChanged
 0001:0002CD70       TButton.WMEraseBkgnd
 0001:0002CD88       Finalization
 0001:0002CDB8       StdCtrls
 0001:0002D1F8       TImage.Create
 0001:0002D288       TImage.Destroy
 0001:0002D2B8       TImage.GetPalette
 0001:0002D2D4       TImage.DestRect
 0001:0002D374       TImage.Paint
 0001:0002D434       TImage.DoPaletteChange
 0001:0002D4CC       TImage.Progress
 0001:0002D530       TImage.SetAutoSize
 0001:0002D540       TImage.SetCenter
 0001:0002D558       TImage.SetPicture
 0001:0002D568       TImage.SetStretch
 0001:0002D580       TImage.SetTransparent
 0001:0002D6B8       Finalization
 0001:0002D6E8       ExtCtrls
 0001:0002D6F0       Finalization
 0001:0002D720       Dlgs
 0001:0002D9AC       CreateMessageDialog
 0001:0002DE14       MessageDlg
 0001:0002DE34       MessageDlgPosHelp
 0001:0002E024       Finalization
 0001:0002E080       Dialogs
 0001:0002E224       TForm1.Button1Click
 0001:0002E394       TForm1.Button2Click
 0001:0002E410       Finalization
 0001:0002E460       Ml261297
 0001:0002E468       Finalization
 0001:0002E558       Fileattr
 0002:00000000       Default8087CW
 0002:00000004       HeapAllocFlags
 0002:00000008       DebugHook
 0002:0000000C       LibModuleList
 0002:00000010       ModuleUnloadList
 0002:000000AC       EmptyStr
 0002:000000B0       Win32Platform
 0002:000000B4       Win32MajorVersion
 0002:000000B8       Win32MinorVersion
 0002:000000BC       Win32BuildNumber
 0002:000000C0       Win32CSDVersion
 0002:000000C4       MonthDays
 0002:000000F4       LeadBytes
 0002:000002E4       DefFontData
 0002:00000310       DDBsOnly
 0002:0000059C       CreationControl
 0002:00000710       Ctl3DBtnWndProc
 0002:00000714       Ctl3DDlgFramePaint
 0002:00000718       Ctl3DCtlColorEx
 0002:0000071C       HintWindowClass
 0002:00001000       ExceptProc
 0002:00001004       ErrorProc
 0002:00001008       ExceptClsProc
 0002:0000100C       ExceptObjProc
 0002:00001010       ExceptionClass
 0002:00001014       AssertErrorProc
 0002:00001018       AbstractErrorProc
 0002:0000101C       MainInstance
 0002:00001020       IsLibrary
 0002:00001024       CmdShow
 0002:00001028       CmdLine
 0002:0000102C       ExitCode
 0002:00001030       ExitProc
 0002:00001034       ErrorAddr
 0002:00001038       RandSeed
 0002:0000103C       IsConsole
 0002:0000103D       IsMultiThread
 0002:0000103E       FileMode
 0002:0000103F       Test8086
 0002:00001040       Test8087
 0002:00001044       Input
 0002:00001210       Output
 0002:000013DC       Unassigned
 0002:000013EC       Null
 0002:000013FC       AllocMemCount
 0002:00001400       AllocMemSize
 0002:000014A8       ModuleIsLib
 0002:000014AC       TlsIndex
 0002:000014B4       HInstance
 0002:000014C8       CurrencyString
 0002:000014CC       CurrencyFormat
 0002:000014CD       NegCurrFormat
 0002:000014CE       ThousandSeparator
 0002:000014CF       DecimalSeparator
 0002:000014D0       CurrencyDecimals
 0002:000014D1       DateSeparator
 0002:000014D4       ShortDateFormat
 0002:000014D8       LongDateFormat
 0002:000014DC       TimeSeparator
 0002:000014E0       TimeAMString
 0002:000014E4       TimePMString
 0002:000014E8       ShortTimeFormat
 0002:000014EC       LongTimeFormat
 0002:000014F0       ShortMonthNames
 0002:00001520       LongMonthNames
 0002:00001550       ShortDayNames
 0002:0000156C       LongDayNames
 0002:00001588       SysLocale
 0002:00001594       EraNames
 0002:000015B0       EraYearOffsets
 0002:000015E4       MainThreadID
 0002:000015E8       FindGlobalComponent
 0002:000015FC       SystemPalette16
 0002:00001668       NewStyleControls
 0002:000016E4       Application
 0002:000016E8       Screen
 0002:00001740       Form1
 0002:00001744       Fhandle
 0002:00001748       fls
 0002:0000174C       dataora
 0002:00001754       data
 0002:00001758       ora
 0002:0000175C       .1


Line numbers for Ml261297(\DEV\DELPHI1\DELPHI\BIN\ML261297.PAS) segment .text

    37 0001:0002E224    38 0001:0002E246    39 0001:0002E25D    42 0001:0002E277
    43 0001:0002E295    45 0001:0002E2A3    46 0001:0002E2C9    50 0001:0002E2CB
    51 0001:0002E2DC    52 0001:0002E2F2    56 0001:0002E346    59 0001:0002E394
    60 0001:0002E3B3    61 0001:0002E3E4    62 0001:0002E40B    64 0001:0002E467

Line numbers for Fileattr(C:\fls\dev\19attr\fileattr.dpr) segment .text

     9 0001:0002E558    10 0001:0002E568    11 0001:0002E579    12 0001:0002E591
    13 0001:0002E59D

Program entry point at 0001:0002E558
