
 Start         Length     Name                   Class
 0001:00000000 00056C6CH .text                   CODE
 0002:00000000 00001188H .data                   DATA
 0002:00001188 00000C55H .bss                    BSS


Detailed map of segments

 0001:00000000 0000554F C=CODE     S=.text    G=(none)   M=System   ACBP=A9
 0001:00005550 00000140 C=CODE     S=.text    G=(none)   M=SysInit  ACBP=A9
 0001:00005690 00000078 C=CODE     S=.text    G=(none)   M=Types    ACBP=A9
 0001:00005708 00000A8C C=CODE     S=.text    G=(none)   M=Windows  ACBP=A9
 0001:00006194 00000038 C=CODE     S=.text    G=(none)   M=Messages ACBP=A9
 0001:000061CC 00000320 C=CODE     S=.text    G=(none)   M=SysConst ACBP=A9
 0001:000064EC 000051B0 C=CODE     S=.text    G=(none)   M=SysUtils ACBP=A9
 0001:0000B69C 00000184 C=CODE     S=.text    G=(none)   M=VarUtils ACBP=A9
 0001:0000B820 000088C4 C=CODE     S=.text    G=(none)   M=Variants ACBP=A9
 0001:000140E4 00000120 C=CODE     S=.text    G=(none)   M=RTLConsts ACBP=A9
 0001:00014204 00000DCC C=CODE     S=.text    G=(none)   M=TypInfo  ACBP=A9
 0001:00014FD0 00000038 C=CODE     S=.text    G=(none)   M=ActiveX  ACBP=A9
 0001:00015008 0000B9AA C=CODE     S=.text    G=(none)   M=Classes  ACBP=A9
 0001:000209B4 00000248 C=CODE     S=.text    G=(none)   M=Consts   ACBP=A9
 0001:00020BFC 0000728B C=CODE     S=.text    G=(none)   M=Graphics ACBP=A9
 0001:00027E88 00000048 C=CODE     S=.text    G=(none)   M=Math     ACBP=A9
 0001:00027ED0 000002B8 C=CODE     S=.text    G=(none)   M=Contnrs  ACBP=A9
 0001:00028188 000000F4 C=CODE     S=.text    G=(none)   M=CommCtrl ACBP=A9
 0001:0002827C 00000787 C=CODE     S=.text    G=(none)   M=MultiMon ACBP=A9
 0001:00028A04 00000038 C=CODE     S=.text    G=(none)   M=Imm      ACBP=A9
 0001:00028A3C 00001098 C=CODE     S=.text    G=(none)   M=HelpIntfs ACBP=A9
 0001:00029AD4 00000038 C=CODE     S=.text    G=(none)   M=WinSpool ACBP=A9
 0001:00029B0C 00000044 C=CODE     S=.text    G=(none)   M=Printers ACBP=A9
 0001:00029B50 0000031F C=CODE     S=.text    G=(none)   M=FlatSB   ACBP=A9
 0001:00029E70 00003A00 C=CODE     S=.text    G=(none)   M=StdCtrls ACBP=A9
 0001:0002D870 00000038 C=CODE     S=.text    G=(none)   M=ShellAPI ACBP=A9
 0001:0002D8A8 00000038 C=CODE     S=.text    G=(none)   M=RegStr   ACBP=A9
 0001:0002D8E0 00000038 C=CODE     S=.text    G=(none)   M=WinInet  ACBP=A9
 0001:0002D918 00000038 C=CODE     S=.text    G=(none)   M=UrlMon   ACBP=A9
 0001:0002D950 00000038 C=CODE     S=.text    G=(none)   M=ShlObj   ACBP=A9
 0001:0002D988 00000040 C=CODE     S=.text    G=(none)   M=CommDlg  ACBP=A9
 0001:0002D9C8 0000033C C=CODE     S=.text    G=(none)   M=ExtCtrls ACBP=A9
 0001:0002DD04 00000038 C=CODE     S=.text    G=(none)   M=Dlgs     ACBP=A9
 0001:0002DD3C 00001669 C=CODE     S=.text    G=(none)   M=Dialogs  ACBP=A9
 0001:0002F3A8 00000094 C=CODE     S=.text    G=(none)   M=Clipbrd  ACBP=A9
 0001:0002F43C 00000038 C=CODE     S=.text    G=(none)   M=StrUtils ACBP=A9
 0001:0002F474 00000168 C=CODE     S=.text    G=(none)   M=StdActns ACBP=A9
 0001:0002F5DC 00000CC4 C=CODE     S=.text    G=(none)   M=WinHelpViewer ACBP=A9
 0001:000302A0 0001069B C=CODE     S=.text    G=(none)   M=Controls ACBP=A9
 0001:0004093C 00001282 C=CODE     S=.text    G=(none)   M=ActnList ACBP=A9
 0001:00041BC0 00001608 C=CODE     S=.text    G=(none)   M=ImgList  ACBP=A9
 0001:000431C8 000064CD C=CODE     S=.text    G=(none)   M=Menus    ACBP=A9
 0001:00049698 0000CB64 C=CODE     S=.text    G=(none)   M=Forms    ACBP=A9
 0001:000561FC 00000870 C=CODE     S=.text    G=(none)   M=ml981014 ACBP=A9
 0001:00056A6C 00000200 C=CODE     S=.text    G=(none)   M=reg01    ACBP=A9
 0002:00000000 0000008C C=DATA     S=.data    G=DGROUP   M=System   ACBP=A9
 0002:0000008C 00000018 C=DATA     S=.data    G=DGROUP   M=SysInit  ACBP=A9
 0002:000000A4 00000268 C=DATA     S=.data    G=DGROUP   M=SysUtils ACBP=A9
 0002:0000030C 00000108 C=DATA     S=.data    G=DGROUP   M=VarUtils ACBP=A9
 0002:00000414 00000172 C=DATA     S=.data    G=DGROUP   M=Variants ACBP=A9
 0002:00000588 0000000C C=DATA     S=.data    G=DGROUP   M=TypInfo  ACBP=A9
 0002:00000594 00000064 C=DATA     S=.data    G=DGROUP   M=Classes  ACBP=A9
 0002:000005F8 00000304 C=DATA     S=.data    G=DGROUP   M=Graphics ACBP=A9
 0002:000008FC 00000004 C=DATA     S=.data    G=DGROUP   M=Printers ACBP=A9
 0002:00000900 00000080 C=DATA     S=.data    G=DGROUP   M=StdCtrls ACBP=A9
 0002:00000980 000000D4 C=DATA     S=.data    G=DGROUP   M=Dialogs  ACBP=A9
 0002:00000A54 0000013C C=DATA     S=.data    G=DGROUP   M=Controls ACBP=A9
 0002:00000B90 00000020 C=DATA     S=.data    G=DGROUP   M=ImgList  ACBP=A9
 0002:00000BB0 000000EC C=DATA     S=.data    G=DGROUP   M=Menus    ACBP=A9
 0002:00000C9C 00000124 C=DATA     S=.data    G=DGROUP   M=Forms    ACBP=A9
 0002:00000DC0 0000002C C=DATA     S=.data    G=DGROUP   M=ml981014 ACBP=A9
 0002:00002000 00000708 C=BSS      S=.bss     G=DGROUP   M=System   ACBP=A9
 0002:00002708 00000018 C=BSS      S=.bss     G=DGROUP   M=SysInit  ACBP=A9
 0002:00002720 00000004 C=BSS      S=.bss     G=DGROUP   M=Types    ACBP=A9
 0002:00002724 00000004 C=BSS      S=.bss     G=DGROUP   M=Windows  ACBP=A9
 0002:00002728 00000004 C=BSS      S=.bss     G=DGROUP   M=Messages ACBP=A9
 0002:0000272C 00000004 C=BSS      S=.bss     G=DGROUP   M=SysConst ACBP=A9
 0002:00002730 00000120 C=BSS      S=.bss     G=DGROUP   M=SysUtils ACBP=A9
 0002:00002850 00000004 C=BSS      S=.bss     G=DGROUP   M=VarUtils ACBP=A9
 0002:00002854 00000184 C=BSS      S=.bss     G=DGROUP   M=Variants ACBP=A9
 0002:000029D8 00000004 C=BSS      S=.bss     G=DGROUP   M=RTLConsts ACBP=A9
 0002:000029DC 00000004 C=BSS      S=.bss     G=DGROUP   M=TypInfo  ACBP=A9
 0002:000029E0 00000004 C=BSS      S=.bss     G=DGROUP   M=ActiveX  ACBP=A9
 0002:000029E4 00000040 C=BSS      S=.bss     G=DGROUP   M=Classes  ACBP=A9
 0002:00002A24 00000004 C=BSS      S=.bss     G=DGROUP   M=Consts   ACBP=A9
 0002:00002A28 00000060 C=BSS      S=.bss     G=DGROUP   M=Graphics ACBP=A9
 0002:00002A88 00000004 C=BSS      S=.bss     G=DGROUP   M=Math     ACBP=A9
 0002:00002A8C 00000004 C=BSS      S=.bss     G=DGROUP   M=Contnrs  ACBP=A9
 0002:00002A90 00000004 C=BSS      S=.bss     G=DGROUP   M=CommCtrl ACBP=A9
 0002:00002A94 00000031 C=BSS      S=.bss     G=DGROUP   M=MultiMon ACBP=A9
 0002:00002AC8 00000004 C=BSS      S=.bss     G=DGROUP   M=Imm      ACBP=A9
 0002:00002ACC 00000008 C=BSS      S=.bss     G=DGROUP   M=HelpIntfs ACBP=A9
 0002:00002AD4 00000004 C=BSS      S=.bss     G=DGROUP   M=WinSpool ACBP=A9
 0002:00002AD8 00000004 C=BSS      S=.bss     G=DGROUP   M=Printers ACBP=A9
 0002:00002ADC 00000034 C=BSS      S=.bss     G=DGROUP   M=FlatSB   ACBP=A9
 0002:00002B10 00000004 C=BSS      S=.bss     G=DGROUP   M=StdCtrls ACBP=A9
 0002:00002B14 00000004 C=BSS      S=.bss     G=DGROUP   M=ShellAPI ACBP=A9
 0002:00002B18 00000004 C=BSS      S=.bss     G=DGROUP   M=RegStr   ACBP=A9
 0002:00002B1C 00000004 C=BSS      S=.bss     G=DGROUP   M=WinInet  ACBP=A9
 0002:00002B20 00000004 C=BSS      S=.bss     G=DGROUP   M=UrlMon   ACBP=A9
 0002:00002B24 00000004 C=BSS      S=.bss     G=DGROUP   M=ShlObj   ACBP=A9
 0002:00002B28 00000004 C=BSS      S=.bss     G=DGROUP   M=CommDlg  ACBP=A9
 0002:00002B2C 00000004 C=BSS      S=.bss     G=DGROUP   M=ExtCtrls ACBP=A9
 0002:00002B30 00000004 C=BSS      S=.bss     G=DGROUP   M=Dlgs     ACBP=A9
 0002:00002B34 0000000C C=BSS      S=.bss     G=DGROUP   M=Dialogs  ACBP=A9
 0002:00002B40 0000000C C=BSS      S=.bss     G=DGROUP   M=Clipbrd  ACBP=A9
 0002:00002B4C 00000004 C=BSS      S=.bss     G=DGROUP   M=StrUtils ACBP=A9
 0002:00002B50 00000004 C=BSS      S=.bss     G=DGROUP   M=StdActns ACBP=A9
 0002:00002B54 00000010 C=BSS      S=.bss     G=DGROUP   M=WinHelpViewer ACBP=A9
 0002:00002B64 00000080 C=BSS      S=.bss     G=DGROUP   M=Controls ACBP=A9
 0002:00002BE4 00000004 C=BSS      S=.bss     G=DGROUP   M=ActnList ACBP=A9
 0002:00002BE8 00000004 C=BSS      S=.bss     G=DGROUP   M=ImgList  ACBP=A9
 0002:00002BEC 00000010 C=BSS      S=.bss     G=DGROUP   M=Menus    ACBP=A9
 0002:00002BFC 00000020 C=BSS      S=.bss     G=DGROUP   M=Forms    ACBP=A9
 0002:00002C1C 00000038 C=BSS      S=.bss     G=DGROUP   M=ml981014 ACBP=A9


  Address         Publics by Name

 0002:00002B34       .01
 0002:00002720       .1
 0002:00002B4C       .1
 0002:00002AFC       .1
 0002:00002AB4       .1
 0002:00002B30       .1
 0002:00002B20       .1
 0002:00002AC8       .1
 0002:00002718       .1
 0002:00002728       .1
 0002:00002A90       .1
 0002:00002B28       .1
 0002:0000272C       .1
 0002:00002850       .1
 0002:00002B14       .1
 0002:00002B24       .1
 0002:000029D8       .1
 0002:00002A24       .1
 0002:00002B18       .1
 0002:00002B1C       .1
 0002:00002B5C       .1
 0002:00002B2C       .12
 0002:00002A2C       .12
 0002:00002B44       .2
 0002:00002A88       .2
 0002:00002ACC       .2
 0002:00002A8C       .21
 0002:00002AD4       .3
 0002:00002AD8       .3
 0002:00002724       .3
 0002:00002BE8       .3
 0002:000029E0       .3
 0002:00002C50       .3
 0002:000029EC       .35
 0002:00002C04       .41
 0002:00002B10       .42
 0002:000025B8       .5
 0002:000029DC       .6
 0002:00002874       .61
 0002:00002B50       .63
 0002:00002B6C       .72
 0002:00002BE4       .8
 0002:00002BF4       .9
 0002:00002840       .94
 0001:0000197C       @AbstractError
 0001:000028B4       @AfterConstruction
 0001:000026C0       @AsClass
 0001:00001DAC       @AStrCmp
 0001:000028C4       @BeforeDestruction
 0001:00002450       @BoundErr
 0001:0000270C       @CallDynaInst
 0001:0000285C       @ClassCreate
 0001:000028AC       @ClassDestroy
 0001:00001CB4       @Close
 0001:000018A0       @Copy
 0001:00003F4C       @CopyArray
 0001:00003E30       @CopyRecord
 0001:000041A4       @DispCallByIDError
 0001:00002D40       @DoneExcept
 0001:000048E0       @DynArrayAsg
 0001:000048A4       @DynArrayClear
 0001:00004790       @DynArrayCopy
 0001:000047B0       @DynArrayCopyRange
 0001:000045D0       @DynArrayHigh
 0001:000045C8       @DynArrayLength
 0001:00004784       @DynArraySetLength
 0001:00002E28       @ExceptionHandler
 0001:00001E1C       @FillChar
 0001:00003E24       @Finalize
 0001:00003D38       @FinalizeArray
 0001:00003D04       @FinalizeRecord
 0001:00001CA8       @Flush
 0001:00002444       @FpuInit
 0001:00002380       @FpuMaskInit
 0001:00001728       @FreeMem
 0001:00001708       @GetMem
 0001:000055C8       @GetTls
 0001:0000324C       @Halt
 0001:00003174       @Halt0
 0001:000029D8       @HandleAnyException
 0001:00002C8C       @HandleFinally
 0001:00002B04       @HandleOnException
 0001:00005614       @InitExe
 0001:00003C70       @InitializeArray
 0001:00003C40       @InitializeRecord
 0001:00003038       @InitImports
 0001:00003010       @InitResStringImports
 0001:00001950       @INT
 0001:00004FC0       @IntfAddRef
 0001:00004F94       @IntfCast
 0001:00004F50       @IntfClear
 0001:00004F68       @IntfCopy
 0001:0000269C       @IsClass
 0001:00002350       @isNECWindows
 0001:00003704       @LStrAddRef
 0001:00003288       @LStrArrayClr
 0001:000032B8       @LStrAsg
 0001:00003524       @LStrCat
 0001:00003568       @LStrCat3
 0001:000035DC       @LStrCatN
 0001:00003264       @LStrClr
 0001:00003660       @LStrCmp
 0001:00003774       @LStrCopy
 0001:000037B4       @LStrDelete
 0001:000034CC       @LStrFromArray
 0001:00003444       @LStrFromChar
 0001:00003454       @LStrFromPChar
 0001:00003354       @LStrFromPCharLen
 0001:00003484       @LStrFromPWChar
 0001:000033B8       @LStrFromPWCharLen
 0001:000034C0       @LStrFromString
 0001:000034E4       @LStrFromWStr
 0001:000037FC       @LStrInsert
 0001:000032FC       @LStrLAsg
 0001:0000351C       @LStrLen
 0001:00003858       @LStrPos
 0001:000038A0       @LStrSetLength
 0001:00003714       @LStrToPChar
 0001:000034F8       @LStrToString
 0001:00003328       @NewAnsiString
 0001:0000392C       @NewWideString
 0001:00002068       @Pow10
 0001:00001D28       @PStrCmp
 0001:00001D0C       @PStrNCpy
 0001:00002CEC       @RaiseAgain
 0001:00002CC4       @RaiseExcept
 0001:00001748       @ReallocMem
 0001:000019F0       @RewritText
 0001:00001970       @ROUND
 0001:00003258       @RunError
 0001:0000204C       @SetEq
 0001:00002FD0       @StartExe
 0001:000002FC       @strlen
 0001:00002D70       @TryFinallyExit
 0001:0000376C       @UniqueStringA
 0001:000043A4       @ValInt64
 0001:00001E3C       @ValLong
 0001:000040CC       @VarClear
 0001:0000419C       @VarClr
 0001:00004180       @VarCmpEQ
 0001:000040D4       @VarCopy
 0001:00004140       @VarFromBool
 0001:00004158       @VarFromCurr
 0001:00004178       @VarFromDisp
 0001:00004124       @VarFromInt
 0001:0000412C       @VarFromInt64
 0001:00004170       @VarFromIntf
 0001:00004160       @VarFromLStr
 0001:00004148       @VarFromReal
 0001:00004150       @VarFromTDateTime
 0001:00004168       @VarFromWStr
 0001:0000418C       @VarNeg
 0001:00004194       @VarNot
 0001:000040EC       @VarToBool
 0001:000040FC       @VarToCurr
 0001:0000411C       @VarToDisp
 0001:000040DC       @VarToInt
 0001:000040E4       @VarToInt64
 0001:00004114       @VarToIntf
 0001:00004104       @VarToLStr
 0001:000040F4       @VarToReal
 0001:0000410C       @VarToWStr
 0001:00001F4C       @WriteBytes
 0001:00003904       @WriteLString
 0001:00001FA0       @WriteSpaces
 0001:0000396C       @WStrArrayClr
 0001:00003990       @WStrAsg
 0001:00003ACC       @WStrCat
 0001:00003954       @WStrClr
 0001:00003B2C       @WStrCmp
 0001:00003BB0       @WStrCopy
 0001:00003AA0       @WStrFromLStr
 0001:000039B4       @WStrFromPCharLen
 0001:00003A64       @WStrFromPWChar
 0001:00003A40       @WStrFromPWCharLen
 0001:00003AC0       @WStrLen
 0001:00003BFC       @WStrSetLength
 0001:00003AB0       @WStrToPWChar
 0001:00002028       @_CLenToPasStr
 0001:0000201C       @_CToPasStr
 0001:00001870       @_IOTest
 0001:000041D0       @_lldiv
 0001:00004298       @_llmod
 0001:000041AC       @_llmul
 0001:00004364       @_llshl
 0001:0000424C       @_lludiv
 0001:00004314       @_llumod
 0001:00004384       @_llushr
 0001:00032C08       AbsMin
 0001:00009BE8       AbstractErrorHandler
 0002:00002028       AbstractErrorProc
 0002:00000148       AccessMode
 0001:000017D8       AcquireExceptionObject
 0001:000173BC       ActivateClassGroup
 0001:00005AC8       ActivateKeyboardLayout
 0002:00002BA0       ActiveDrag
 0001:00015000       ActiveX
 0001:00041B94       ActnList
 0001:00000420       AddBlockAfter
 0002:00000594       AddDataModule
 0001:000070FC       AddExitProc
 0001:0001AA74       AddFinished
 0001:00044DC0       AddIn
 0001:00004DE4       AddModuleUnloadProc
 0001:00004DF4       AddModuleUnloadProc
 0001:0001AAAC       AddNotFinished
 0001:00024224       AdjustColor
 0001:0000736C       AdjustLineBreaks
 0001:0004C4E0       Adjustment
 0001:00005AD0       AdjustWindowRectEx
 0002:00000948       Alignments
 0002:00000908       Alignments
 0002:00000C74       Alignments
 0002:00000C84       Alignments
 0001:0003825C       AlignWork
 0001:0005334C       AlignWork
 0001:000207CC       AllocateHWnd
 0001:0002EACC       AllocFilterStr
 0001:000070B0       AllocMem
 0002:000025B0       AllocMemCount
 0002:000025B4       AllocMemSize
 0001:00027C80       AllocPatternBitmap
 0001:00005570       AllocTlsBuffer
 0001:0001E010       AncestorValid
 0002:00000A60       AnchorAlign
 0002:00000A54       AnimateWindowProc
 0002:00000B5C       AnimationStyle
 0001:00007274       AnsiCompareStr
 0001:000072AC       AnsiCompareText
 0001:000077C8       AnsiLastChar
 0001:00005AD8       AnsiLower
 0001:0000A274       AnsiPos
 0001:000494A4       AnsiSameCaption
 0001:000072E4       AnsiSameText
 0001:000072FC       AnsiStrLIComp
 0001:0000A2AC       AnsiStrPos
 0001:0000A34C       AnsiStrRScan
 0001:0000A374       AnsiStrScan
 0001:000053CC       AnsiToUtf8
 0001:00010F14       AnyOp
 0001:000103C0       AnyToIntf
 0002:00002BFC       Application
 0002:000005A4       ApplicationHandleException
 0002:000005AC       ApplicationShowException
 0002:00000DB8       AppVisible
 0001:00009BCC       AssertErrorHandler
 0002:00002020       AssertErrorProc
 0001:00014698       AssignLongStr
 0001:00014D14       AssignVariant
 0002:00002604       avail
 0001:000078C8       BackfillGetDiskFreeSpaceEx
 0001:00035784       BackgroundClipped
 0002:00000430       BaseTypeMap
 0001:00017790       BeginGlobalLoading
 0001:00005AE0       BeginPaint
 0001:00024230       BetterSize
 0001:00045BA4       BiDiDraw
 0001:00005918       BitBlt
 0002:000008B0       BitmapCanvasList
 0002:00002A44       BitmapImageLock
 0002:000005CC       BlockCode
 0002:000025DC       blockDescBlockList
 0002:000025E0       blockDescFreeList
 0002:00000588       BooleanIdents
 0001:0000F730       BoolToWStrViaOS
 0002:00000D00       BorderStyles
 0002:00000900       BorderStyles
 0001:000166F4       Bounds
 0001:000056B4       Bounds
 0002:00000C1C       Breaks
 0002:00002A7C       BrushManager
 0002:00002C40       Buf
 0001:000482B4       BuildImage
 0002:00000A28       ButtonCaptions
 0002:000009FC       ButtonNames
 0002:00000C98       Buttons
 0002:00000978       ButtonStyles
 0001:00023A10       BytesPerScanline
 0001:00023D68       ByteSwapColors
 0001:0000A120       ByteType
 0001:0000A0A8       ByteTypeTest
 0001:00020708       CalcJmpOffset
 0001:0003FC2C       CalcSplitterPos
 0001:00005AE8       CallNextHookEx
 0001:0000AA40       CallTerminateProcs
 0001:00005AF0       CallWindowProc
 0001:00033C28       CancelDrag
 0002:00002BB4       CanvasList
 0002:00002A80       CanvasList
 0002:000009E8       Captions
 0002:00000B18       CaptureControl
 0002:00000BBC       cBooleanToItemAutoFlag
 0002:000004B0       CBooleanToRelationship
 0001:0002E3DC       CenterWindow
 0002:00002B42       CF_COMPONENT
 0002:00002B40       CF_PICTURE
 0002:0000286C       ChangeAnyProc
 0001:000321E0       ChangeBiDiModeAlignment
 0002:00000928       CharCases
 0001:00003384       CharFromWChar
 0001:0000A184       CharLength
 0001:00000274       CharNext
 0001:00005AF8       CharNext
 0001:00022394       CharsetToIdent
 0001:000247E0       CheckBool
 0001:00002954       CheckJmp
 0001:00005B00       CheckMenuItem
 0002:00000C0C       Checks
 0001:0001F560       CheckSynchronize
 0001:0004BF1C       CheckTaskWindow
 0001:00010FA0       CheckType
 0001:00011998       CheckType
 0001:000338DC       CheckUndock
 0001:0000A088       CheckWin32Version
 0002:00000448       CInvalidCustomVariantType
 0002:00000BC0       cItemAutoFlagToBoolean
 0002:00000BB8       cItemAutoFlagToMenu
 0001:00020950       Classes
 0001:00017180       ClassNotFound
 0002:00002868       ClearAnyProc
 0001:00021C24       ClearColor
 0001:00013A18       ClearVariantTypeList
 0001:00005B08       ClientToScreen
 0001:0003D214       ClientToWindow
 0002:000008A8       ClipboardFormats
 0001:0002F3E4       Clipbrd
 0001:00000214       CloseHandle
 0001:00005720       CloseHandle
 0002:0000203C       CmdLine
 0002:00002038       CmdShow
 0002:00000BB4       cMenuAutoFlagToItem
 0002:000004BC       CmpTypeMap
 0002:00002C38       cod
 0002:00002C28       codice
 0002:00002C2C       codstr
 0001:00017A4C       CollectionsEqual
 0002:00000628       Colors
 0001:0002218C       ColorToIdent
 0001:0002217C       ColorToRGB
 0002:00002BF8       CommandPool
 0001:00028274       CommCtrl
 0001:0002D9C0       CommDlg
 0001:00000700       Commit
 0002:00002620       committedRoot
 0001:000443A4       CompareFront
 0001:000071DC       CompareMem
 0001:000071AC       CompareStr
 0001:00005728       CompareString
 0001:000071FC       CompareText
 0001:0001B494       ComponentCreated
 0001:00020BF4       Consts
 0001:00028180       Contnrs
 0002:00002B72       ControlAtom
 0002:00002B78       ControlAtomString
 0001:00050CC4       ControlHasHelp
 0001:000408AC       Controls
 0001:00009638       ConvertAddr
 0001:0000708C       ConvertErrorFmt
 0001:000045D8       CopyArray
 0001:000252BC       CopyBitmap
 0001:00025984       CopyBitmapAsMask
 0001:00025920       CopyPalette
 0001:00047360       CopyToBest
 0002:00002A5C       CounterLock
 0001:00009B10       CreateAssertException
 0001:00009C98       CreateAVObject
 0001:00005920       CreateBitmap
 0001:00005928       CreateBrushIndirect
 0001:00005930       CreateCompatibleBitmap
 0001:00005938       CreateCompatibleDC
 0001:0001B514       CreateComponent
 0001:00005948       CreateDIBitmap
 0001:00005940       CreateDIBSection
 0001:00005730       CreateEvent
 0001:00005738       CreateFile
 0001:0000021C       CreateFileA
 0001:00005950       CreateFontIndirect
 0001:00005958       CreateHalftonePalette
 0001:00005B10       CreateIcon
 0001:00009A3C       CreateInOutError
 0001:00005B18       CreateMenu
 0001:00005960       CreatePalette
 0001:00005968       CreatePenIndirect
 0001:00005B20       CreatePopupMenu
 0001:00005970       CreateSolidBrush
 0001:00023DC0       CreateSystemPalette
 0001:00005740       CreateThread
 0001:00006030       CreateWindow
 0001:00005B28       CreateWindowEx
 0002:00000A58       CreationControl
 0002:00000984       CreationControl
 0002:00000574       CRelationshipToBoolean
 0002:00000140       cSimpleBoolStrs
 0002:00000520       CText
 0002:00000B54       Ctl3DStyles
 0002:00002618       curAlloc
 0001:00011A5C       CurrCompare
 0002:00002738       CurrencyDecimals
 0002:00002734       CurrencyFormat
 0002:00002730       CurrencyString
 0001:00008A4C       CurrentYear
 0001:0000F6C8       CurrToWStrViaOS
 0002:00000D3C       CursorMap
 0002:00000A68       Cursors
 0001:000324DC       CursorToIdent
 0002:00000D2C       cUseAlpha
 0002:00000D34       cUseColorKey
 0002:0000030C       CVarTypeToElementInfo
 0002:00000180       CWNear
 0001:00011A34       DateCompare
 0001:00011064       DateOp
 0002:00002739       DateSeparator
 0001:0000F6FC       DateToWStrViaOS
 0002:00002C24       dato
 0002:0000017C       DCon10
 0002:00000624       DDBsOnly
 0001:00020880       DeallocateHWnd
 0002:00000014       DebugHook
 0002:00002737       DecimalSeparator
 0001:0001333C       DecIndices
 0001:00000794       Decommit
 0001:00000DB0       DecommitFree
 0002:000025F4       decommittedRoot
 0001:0004EA18       Default
 0001:00053F10       Default
 0002:0000000C       Default8087CW
 0002:00000A5C       DefaultDockTreeClass
 0002:00000020       DefaultTextLineBreakStyle
 0002:00000878       DefBrushData
 0002:000005F8       DefFontData
 0001:00005B30       DefFrameProc
 0002:00000DC0       definizioni
 0002:00000200       DefLongDayNames
 0002:000001B4       DefLongMonthNames
 0001:00005B38       DefMDIChildProc
 0002:00000858       DefPenData
 0002:000001E4       DefShortDayNames
 0002:00000184       DefShortMonthNames
 0001:00005B40       DefWindowProc
 0001:00004938       DelayLoadResourceModule
 0001:00000450       DeleteBlock
 0001:000003C0       DeleteCriticalSection
 0001:00005748       DeleteCriticalSection
 0001:00005978       DeleteDC
 0001:00000BF8       DeleteFree
 0001:00005B48       DeleteMenu
 0001:00005980       DeleteObject
 0001:00024E78       DeselectBitmap
 0001:00005B50       DestroyCursor
 0001:00005B58       DestroyIcon
 0001:00005B60       DestroyMenu
 0001:00005B68       DestroyWindow
 0001:0002FF98       DialogEnumerationTester
 0001:0002E490       DialogHook
 0001:0002F37C       Dialogs
 0002:000008B4       DIBPalSizes
 0002:0000007C       dig
 0001:0004BD70       DisableTaskWindows
 0001:00005B70       DispatchMessage
 0001:00051F2C       DispatchShortCut
 0002:00002000       DispCallByIDProc
 0001:0002DD34       Dlgs
 0001:000380EC       DoAlign
 0001:00053200       DoAlign
 0001:0003C048       DoCalcConstraints
 0002:00002BA8       DockSiteList
 0001:00047F80       DoClick
 0001:00039774       DoControlMsg
 0001:0004BD20       DoDisableWindow
 0001:00033208       DoDragOver
 0001:000070D0       DoExitProc
 0001:0003DF00       DoFindControlZone
 0001:0004BE5C       DoFindWindow
 0001:0003E48C       DoFindZone
 0001:0003DF84       DoForEach
 0001:0003F890       DoGetNextLimit
 0001:0004BCE8       DoneApplication
 0001:000405F0       DoneControls
 0001:00009FC4       DoneExceptions
 0001:00050320       DoNestedActivation
 0001:00053050       DoPosition
 0001:00037CAC       DoPosition
 0001:0003EEB8       DoPrune
 0001:0003F390       DoSaveZone
 0001:0003F594       DoSetNewBounds
 0002:00000590       DotSep
 0001:00042B08       DoWrite
 0001:00018BB4       DoWrite
 0001:00024A38       DoWrite
 0001:00038DE4       DoWriteDesignSize
 0001:00036884       DoWriteIsControl
 0002:00002B8C       DragCapture
 0002:00002B80       DragControl
 0001:00033950       DragDone
 0001:000331B8       DragFindTarget
 0001:0003318C       DragFindWindow
 0002:00002BA4       DragImageList
 0001:000335A8       DragInit
 0001:00033718       DragInitControl
 0002:00002B88       DragInternalObject
 0001:000330EC       DragMessage
 0002:00002B84       DragObject
 0002:00002BB0       DragSave
 0002:00002B98       DragSaveCursor
 0002:00002B90       DragStartPos
 0002:00002B9C       DragThreshold
 0001:000332D8       DragTo
 0001:00053F4C       DrawAppIcon
 0001:0003EA24       DrawCloseButton
 0001:00005B78       DrawEdge
 0001:00005B80       DrawFrameControl
 0001:0003EA7C       DrawGrabberLine
 0001:00005B88       DrawIcon
 0001:00005B90       DrawIconEx
 0002:00000B90       DrawingStyles
 0001:00005B98       DrawMenuBar
 0001:000492C0       DrawMenuItem
 0001:00005BA0       DrawText
 0001:00023890       DupBits
 0001:000132E8       DynArrayBounds
 0001:000045F0       DynArrayClear
 0001:00013260       DynArrayDim
 0001:00013244       DynArrayElTypeInfo
 0001:0001373C       DynArrayFromVariant
 0001:00013204       DynArrayIndex
 0001:000045F8       DynArraySetLength
 0001:00013278       DynArraySize
 0001:00013428       DynArrayToVariant
 0001:000133A8       DynArrayVariantBounds
 0001:00013400       DynArrayVarType
 0002:00000C7C       EdgeStyle
 0002:00000B44       EdgeStyles
 0001:00009A10       EHeapException.FreeInstance
 0002:00000944       Empty
 0001:00011940       EmptyCompare
 0002:00002854       EmptyParam
 0002:000000A4       EmptyStr
 0002:000000A8       EmptyWideStr
 0001:00005BA8       EnableMenuItem
 0002:00000C14       Enables
 0001:00005BB0       EnableScrollBar
 0001:0004BE24       EnableTaskWindows
 0001:00005BB8       EnableWindow
 0001:00017818       EndGlobalLoading
 0001:00005BC0       EndPaint
 0001:000003B0       EnterCriticalSection
 0001:00005750       EnterCriticalSection
 0001:00005758       EnumCalendarInfoA
 0002:00002AB0       EnumDisplayMonitors
 0001:000092AC       EnumEraNames
 0001:000092E8       EnumEraYearOffsets
 0001:0004EF14       EnumMonitorsProc
 0001:00005BC8       EnumThreadWindows
 0001:00005BD0       EnumWindows
 0001:00005BD8       EqualRect
 0002:00002800       EraNames
 0001:00008CC0       EraToYear
 0002:0000281C       EraYearOffsets
 0002:00000074       errCaption
 0001:00001864       Error
 0001:000440F4       Error
 0001:00016D44       Error
 0001:0001A600       Error
 0002:00000004       ErrorAddr
 0001:00001818       ErrorAt
 0001:00009ABC       ErrorHandler
 0002:0000021C       ErrorMap
 0002:00002008       ErrorProc
 0002:000023E4       ErrOutput
 0001:000017B8       ExceptAddr
 0002:0000200C       ExceptClsProc
 0001:00009F30       ExceptHandler
 0001:00009884       Exception.Create
 0001:000098C0       Exception.CreateFmt
 0001:00009940       Exception.CreateRes
 0001:0000997C       Exception.CreateResFmt
 0002:0000201C       ExceptionClass
 0001:00009644       ExceptionErrorMessage
 0002:00000254       ExceptMap
 0001:00001798       ExceptObject
 0002:00002010       ExceptObjProc
 0002:00002004       ExceptProc
 0001:00005988       ExcludeClipRect
 0002:00000000       ExitCode
 0001:000030B8       ExitDll
 0002:00002044       ExitProc
 0001:0000027C       ExitProcess
 0002:00002024       ExitProcessProc
 0002:0000013C       ExitProcList
 0001:0002E768       ExplorerHook
 0001:0002DCE0       ExtCtrls
 0001:00007880       ExtractFileExt
 0001:00007848       ExtractFileName
 0001:0002EDE0       ExtractFileName
 0001:0002EE28       ExtractFileNames
 0002:0000283C       FalseBoolStrs
 0002:00002B48       FClipboard
 0002:00000170       FCon1E18
 0001:000077C0       FileClose
 0001:00007704       FileCreate
 0001:00007728       FileCreate
 0002:000008AC       FileFormats
 0002:00000008       FileMode
 0001:00001A38       FileNOPProc
 0001:000076A8       FileOpen
 0001:00007730       FileRead
 0002:000005BC       FilerSignature
 0001:00007788       FileSeek
 0001:0000775C       FileWrite
 0001:00000CE0       FillAfterGap
 0001:00000C8C       FillBeforeGap
 0001:00000D78       FillerSizeAfterGap
 0001:00000D08       FillerSizeBeforeGap
 0001:00005BE0       FillRect
 0001:00014F78       Finalization
 0001:0005615C       Finalization
 0001:000141CC       Finalization
 0001:00040844       Finalization
 0001:00041B64       Finalization
 0001:00013E68       Finalization
 0001:00029B0C       Finalization
 0001:00014FD0       Finalization
 0001:00029AD4       Finalization
 0001:00029A8C       Finalization
 0001:00043190       Finalization
 0001:00028A04       Finalization
 0001:000289C4       Finalization
 0001:0000615C       Finalization
 0001:0002DD04       Finalization
 0001:00006194       Finalization
 0001:000064B4       Finalization
 0001:00029E30       Finalization
 0001:0002DCB0       Finalization
 0001:00020BC4       Finalization
 0001:000056D0       Finalization
 0001:000208A8       Finalization
 0001:0002D990       Finalization
 0001:0002D838       Finalization
 0001:00028244       Finalization
 0001:000569EC       Finalization
 0001:0000B7E8       Finalization
 0001:00005658       Finalization
 0001:0002D950       Finalization
 0001:000301C8       Finalization
 0001:0002D870       Finalization
 0001:0002D8A8       Finalization
 0001:0002F5A4       Finalization
 0001:00028150       Finalization
 0001:0002F43C       Finalization
 0001:00027E98       Finalization
 0001:0002F3A8       Finalization
 0001:0002F320       Finalization
 0001:0000B49C       Finalization
 0001:000495A0       Finalization
 0001:00005474       Finalization
 0001:00056A6C       Finalization
 0001:0002D8E0       Finalization
 0001:0002D918       Finalization
 0001:00027CB8       Finalization
 0001:000045E8       FinalizeArray
 0001:00002F10       FinalizeUnits
 0001:00047D40       Find
 0001:0001D780       FindAncestor
 0001:000049A8       FindBS
 0001:00017240       FindClass
 0001:00004930       FindClassHInstance
 0001:0000028C       FindClose
 0001:00000C5C       FindCommitted
 0001:000322DC       FindControl
 0001:0003E6B8       FindControlAtPos
 0001:00013CC0       FindCustomVariantType
 0001:00013D78       FindCustomVariantType
 0001:00033C74       FindDragTarget
 0001:0001B6C4       FindExistingComponent
 0001:00000294       FindFirstFile
 0001:000176A8       FindGlobalComponent
 0001:0004BF68       FindGlobalComponent
 0002:000029F8       FindGlobalComponentProcs
 0001:00004908       FindHInstance
 0001:00017550       FindIdentToInt
 0001:000174D4       FindIntToIdent
 0002:00002B3C       FindMsg
 0001:0001A9AC       FindNestedComponent
 0001:000440BC       FindPopupControl
 0001:00005760       FindResource
 0001:00004980       FindResourceHInstance
 0001:000559C4       FindScanline
 0001:0004BEC0       FindTopMostWindow
 0001:0001C534       FindUniqueName
 0001:00012B64       FindVarData
 0001:00033C40       FindVCLWindow
 0001:00005BE8       FindWindow
 0001:0002FFF0       FindWinHelp
 0001:00025270       FixupBitFields
 0002:00000C8C       Flags
 0002:0000284C       FLanguages
 0001:00029E60       FlatSB
 0002:00002ADC       FlatSB_EnableScrollBar
 0002:00002AE8       FlatSB_GetScrollInfo
 0002:00002AEC       FlatSB_GetScrollPos
 0002:00002AE4       FlatSB_GetScrollRange
 0002:00002AF4       FlatSB_SetScrollInfo
 0002:00002AF0       FlatSB_SetScrollPos
 0001:00029B50       FlatSB_SetScrollProp
 0002:00002AF8       FlatSB_SetScrollRange
 0002:00002AE0       FlatSB_ShowScrollBar
 0001:00008860       FloatToCurr
 0001:00008AA8       FloatToDateTime
 0001:000084A0       FloatToDecimal
 0001:000087E0       FloatToStr
 0001:000081C8       FloatToText
 0001:00001C9C       Flush
 0001:000080C4       FmtStr
 0002:00000CA4       FocusCount
 0002:00000CA0       FocusMessages
 0002:000007C8       FontCharsets
 0002:00002A74       FontManager
 0002:00000980       ForceCurrentDirectory
 0001:0004BF3C       ForegroundTask
 0002:00002C1C       Form1
 0001:000080B0       Format
 0001:00007C1C       FormatBuf
 0001:00007C10       FormatClearStr
 0001:00007BA4       FormatError
 0002:00000168       FormatErrorStrs
 0001:00005768       FormatMessage
 0001:00007BFC       FormatVarToStr
 0001:000561B8       Forms
 0001:00002060       FPower10
 0002:000008FC       FPrinter
 0001:00005BF0       FrameRect
 0001:0000B07C       FreeAndNil
 0001:000009C8       FreeCommitted
 0001:00000EE8       FreeCurAlloc
 0001:00033D34       FreeDeviceContext
 0001:00033DF0       FreeDeviceContexts
 0001:00020674       FreeIntConstList
 0001:00005770       FreeLibrary
 0001:0000029C       FreeLibrary
 0001:00024DCC       FreeMemoryContexts
 0001:000207A8       FreeObjectInstance
 0001:00005778       FreeResource
 0001:00000648       FreeSpace
 0001:0000AA5C       FreeTerminateProcs
 0001:00023880       GDICheck
 0001:000237D8       GDIError
 0001:00005780       GetACP
 0001:00005BF8       GetActiveWindow
 0001:000536DC       GetAnimation
 0001:00005990       GetBitmapBits
 0001:000003C8       GetBlockDesc
 0001:00005998       GetBrushOrgEx
 0001:00005C00       GetCapture
 0001:00032584       GetCaptureControl
 0001:000171EC       GetClass
 0001:00005C08       GetClassInfo
 0001:00005C10       GetClassName
 0001:00005C18       GetClientRect
 0001:000059A0       GetClipBox
 0001:00000364       GetCmdShow
 0001:00041D2C       GetColor
 0001:000002A4       GetCommandLine
 0001:00000814       GetCommitted
 0001:000008A4       GetCommittedAt
 0001:0001E5C8       GetComponentValue
 0001:00039328       GetControlAtPos
 0001:00005788       GetCPInfo
 0001:000059A8       GetCurrentPositionEx
 0001:00005790       GetCurrentProcessId
 0001:0000035C       GetCurrentThreadId
 0001:00005798       GetCurrentThreadId
 0001:00005FAC       GetCurrentTime
 0001:00005C20       GetCursor
 0001:000559D4       GetCursorHeightMargin
 0001:00005C28       GetCursorPos
 0001:00008BD8       GetDateOrder
 0001:00005C30       GetDC
 0001:00005C38       GetDCEx
 0001:000059B0       GetDCOrgEx
 0001:000278C8       GetDefFontCharSet
 0001:000184F0       GetDesigner
 0001:00005C40       GetDesktopWindow
 0001:000059C8       GetDeviceCaps
 0001:000247C8       GetDIB
 0001:000059B8       GetDIBColorTable
 0001:000059C0       GetDIBits
 0001:00024710       GetDIBSizes
 0001:000239F0       GetDInColors
 0001:000057A0       GetDiskFreeSpaceA
 0002:00000138       GetDiskFreeSpaceEx
 0001:00005C48       GetDlgItem
 0001:0003F970       GetDockAlign
 0001:00032F30       GetDockSiteAtPos
 0001:00033244       GetDropCtl
 0001:000026DC       GetDynaMethod
 0001:0001423C       GetEnumName
 0001:00014330       GetEnumNameValue
 0001:0001437C       GetEnumValue
 0001:00009360       GetEraNamesAndYearOffsets
 0001:00008C6C       GetEraYearOffset
 0001:00009C80       GetExceptionClass
 0001:00009E64       GetExceptionObject
 0001:00017174       GetFieldClassTable
 0001:0000022C       GetFileSize
 0001:00000224       GetFileType
 0001:00005900       GetFileVersionInfo
 0001:00005908       GetFileVersionInfoSize
 0001:00014A04       GetFloatProp
 0001:00005C50       GetFocus
 0001:000223B4       GetFontData
 0001:00005C58       GetForegroundWindow
 0001:0000A614       GetFormatSettings
 0001:00021920       GetHashCode
 0001:00050CFC       GetHelpInfo
 0001:00028E98       GetHelpSystem
 0001:000534C0       GetHint
 0001:000534F8       GetHintControl
 0001:00049440       GetHotkey
 0001:00005C60       GetIconInfo
 0001:00014E20       GetInt64Prop
 0001:00014E84       GetInterfaceProp
 0001:00005C78       GetKeyboardLayout
 0001:00005C80       GetKeyboardLayoutList
 0001:00005C88       GetKeyboardState
 0001:00002348       GetKeyboardType
 0001:00005C68       GetKeyNameText
 0001:00005C70       GetKeyState
 0001:00005C90       GetLastActivePopup
 0001:0003DC38       GetLastChildZone
 0001:000057A8       GetLastError
 0001:000002AC       GetLastError
 0001:00009124       GetLocaleChar
 0001:000057B8       GetLocaleInfo
 0001:000002B4       GetLocaleInfo
 0001:000090D8       GetLocaleStr
 0001:000057B0       GetLocalTime
 0001:00032540       GetLongHint
 0001:000146AC       GetLongStrProp
 0001:00005C98       GetMenu
 0001:00050C84       GetMenuHelpContext
 0001:00005CA0       GetMenuItemCount
 0001:00005CA8       GetMenuItemID
 0001:00005CB0       GetMenuItemInfo
 0001:0004658C       GetMenuSize
 0001:00005CB8       GetMenuState
 0001:00005CC0       GetMenuString
 0001:00014DA8       GetMethodProp
 0001:000002BC       GetModuleFileName
 0001:000057C0       GetModuleFileName
 0001:000057C8       GetModuleHandle
 0001:000002C4       GetModuleHandle
 0001:00005550       GetModuleHandle
 0002:00002AA4       GetMonitorInfo
 0002:00002AA8       GetMonitorInfoA
 0002:00002AAC       GetMonitorInfoW
 0001:00009188       GetMonthDayNames
 0001:00005CC8       GetNextWindow
 0001:000059D0       GetObject
 0001:0002D988       GetOpenFileName
 0001:000144D4       GetOrdProp
 0001:000059D8       GetPaletteEntries
 0001:00005CD0       GetParent
 0001:0004C134       GetParentForm
 0001:000059E0       GetPixel
 0001:000002CC       GetProcAddress
 0001:000057D0       GetProcAddress
 0001:00005CD8       GetProp
 0001:000143E0       GetPropInfo
 0001:00014450       GetPropInfos
 0001:0004C5F4       GetRealScrollPosition
 0001:00041D0C       GetRGBColor
 0001:00005CE0       GetScrollInfo
 0001:00005CE8       GetScrollPos
 0001:00005CF0       GetScrollRange
 0001:000324FC       GetShortHint
 0001:000145A4       GetShortStrProp
 0001:0001463C       GetShortStrPropAsLongStr
 0001:0000056C       GetSpace
 0001:000005D0       GetSpaceAt
 0001:0004414C       GetSpecialName
 0001:000002D4       GetStartupInfo
 0001:000057D8       GetStdHandle
 0001:00000234       GetStdHandle
 0001:000059E8       GetStockObject
 0001:000057E0       GetStringTypeEx
 0001:000147DC       GetStrProp
 0001:00005CF8       GetSubMenu
 0001:00005D00       GetSysColor
 0001:000057E8       GetSystemInfo
 0001:00005D08       GetSystemMenu
 0001:00005D10       GetSystemMetrics
 0002:00002A94       GetSystemMetrics
 0001:000059F0       GetSystemPaletteEntries
 0001:000059F8       GetTextExtentPoint32
 0001:00005A00       GetTextMetrics
 0001:000002DC       GetThreadLocale
 0001:000057F0       GetThreadLocale
 0001:000057F8       GetTickCount
 0001:0000557C       GetTlsSize
 0001:00053C80       GetTopMostWindows
 0001:0003268C       GetTopParent
 0001:00005D18       GetTopWindow
 0001:00014230       GetTypeData
 0001:00005800       GetUserDefaultLangID
 0001:00012E80       GetVarArray
 0001:00012D3C       GetVarDataArrayInfo
 0001:000040A4       GetVariantManager
 0001:00014D28       GetVariantProp
 0001:00005808       GetVersion
 0001:00005810       GetVersionEx
 0001:00014848       GetWideStrProp
 0001:0001472C       GetWideStrPropAsLongStr
 0001:00005D20       GetWindow
 0001:00005D28       GetWindowDC
 0001:00005D30       GetWindowLong
 0001:00005A08       GetWindowOrgEx
 0001:00005D38       GetWindowPlacement
 0001:00005D40       GetWindowRect
 0001:00005D48       GetWindowText
 0001:00005D58       GetWindowThreadProcessId
 0001:00005D50       GetWindowThreadProcessId
 0001:00005818       GlobalAddAtom
 0001:00005820       GlobalAlloc
 0001:00005FB8       GlobalAllocPtr
 0001:00005828       GlobalDeleteAtom
 0001:00005830       GlobalFindAtom
 0002:000029FC       GlobalFixupList
 0001:0001AAF4       GlobalFixupReferences
 0001:00005838       GlobalFree
 0001:00005FE4       GlobalFreePtr
 0001:00005848       GlobalHandle
 0001:00005840       GlobalLock
 0002:000029E4       GlobalNameSpace
 0001:00005850       GlobalReAlloc
 0001:00005FC8       GlobalReAllocPtr
 0001:00005858       GlobalUnlock
 0002:00002924       GOldVariantManager
 0001:00027D8C       Graphics
 0001:00017368       GroupDescendentsWith
 0002:00002878       GVariantManager
 0001:0000C2A0       HandleConversionException
 0001:0001BD8C       HandleException
 0002:00000010       HeapAllocFlags
 0002:000025C0       heapErrorCode
 0002:000025C4       heapLock
 0001:00029ACC       HelpIntfs
 0002:00002AD0       HelpManager
 0002:00002B38       HelpMsg
 0002:00002B60       HelpViewer
 0002:00000134       HexDisplayPrefix
 0002:00000934       HideSelections
 0001:0003F9EC       HideZone
 0002:00002714       HInstance
 0002:00002C10       HintDoneEvent
 0001:000535C8       HintGetMsgHook
 0002:00002C14       HintHook
 0001:0005356C       HintMouseThread
 0002:00002C18       HintThread
 0002:00002C0C       HintThreadID
 0001:00053518       HintTimerProc
 0002:00000C9C       HintWindowClass
 0002:00002C48       hnd
 0001:0005360C       HookHintHooks
 0001:00006064       HwndMSWheel
 0002:00000C30       IBreaks
 0002:00000C3C       IChecks
 0002:00000C44       IDefaults
 0001:000223A4       IdentToCharset
 0001:0002219C       IdentToColor
 0001:000324EC       IdentToCursor
 0001:000175CC       IdentToInt
 0002:00000C4C       IEnables
 0001:00047330       IfHotkeyAvailable
 0001:000281A0       ImageList_Add
 0001:000281C0       ImageList_AddIcon
 0001:000281E4       ImageList_BeginDrag
 0001:00028188       ImageList_Create
 0001:00028190       ImageList_Destroy
 0001:000281F4       ImageList_DragEnter
 0001:000281FC       ImageList_DragLeave
 0001:00028204       ImageList_DragMove
 0001:00028214       ImageList_DragShowNolock
 0001:000281CC       ImageList_Draw
 0001:000281D4       ImageList_DrawEx
 0001:000281EC       ImageList_EndDrag
 0001:000281B8       ImageList_GetBkColor
 0001:0002821C       ImageList_GetDragImage
 0001:00028234       ImageList_GetIconSize
 0001:00028198       ImageList_GetImageCount
 0001:00028224       ImageList_Read
 0001:000281DC       ImageList_Remove
 0001:000281A8       ImageList_ReplaceIcon
 0001:000281B0       ImageList_SetBkColor
 0001:0002820C       ImageList_SetDragCursorImage
 0001:0002823C       ImageList_SetIconSize
 0001:0002822C       ImageList_Write
 0002:00000BA0       Images
 0001:000431C0       ImgList
 0001:00028A34       Imm
 0002:00000B84       IMM32DLL
 0001:000405DC       Imm32IsIME
 0001:0000C38C       InBounds
 0001:0000C734       InBounds
 0001:0000C3BC       Increment
 0001:0000C764       Increment
 0001:00005D60       InflateRect
 0001:00000A54       InitAllocator
 0001:0002827C       InitAnApi
 0002:00002ABC       InitApis
 0001:00017874       InitComponent
 0002:00002630       InitContext
 0001:00040678       InitControls
 0001:0002790C       InitDefFontData
 0001:0000AA7C       InitDriveSpacePtr
 0001:00009F40       InitExceptions
 0001:00029BAC       InitFlatSB
 0001:0002F1CC       InitGlobals
 0001:000245C8       InitializeBitmapInfoHeader
 0001:000003A8       InitializeCriticalSection
 0001:00005860       InitializeCriticalSection
 0002:000025BC       initialized
 0001:00029B84       InitializeFlatSB
 0001:00005608       InitializeModule
 0001:0004027C       InitIMM32
 0001:0001791C       InitInheritedComponent
 0001:0000A428       InitLeadBytes
 0001:00028958       InitMultiMonStubs
 0001:0000A030       InitPlatformId
 0002:00002040       InitProc
 0001:000560D0       InitProcs
 0001:00027890       InitScreenLogPixels
 0001:0000A4A0       InitSysLocale
 0001:00005584       InitThreadTLS
 0001:00002F70       InitUnits
 0001:00004084       InitVariantManager
 0001:000321F4       InitWndProc
 0002:00000B24       InnerStyles
 0002:0000204C       Input
 0001:00037C20       InsertBefore
 0001:00052FF0       InsertBefore
 0001:00000E60       InsertFree
 0001:000473E4       InsertHotkeyFarEastFormat
 0001:00005D68       InsertMenu
 0001:00005D70       InsertMenuItem
 0002:00002A1C       InstBlockList
 0002:00002A20       InstFreeList
 0001:000119D0       Int64Compare
 0001:000111CC       Int64Op
 0001:000119BC       IntCompare
 0002:000029F0       IntConstList
 0001:00000354       InterlockedDecrement
 0001:0000AAE4       InterlockedDecrement
 0001:0000AAF0       InterlockedExchange
 0001:0000AAF8       InterlockedExchangeAdd
 0001:0000AAD8       InterlockedIncrement
 0001:0000034C       InterlockedIncrement
 0001:00001A78       InternalClose
 0001:000218AC       InternalDeletePalette
 0001:00001C54       InternalFlush
 0001:00000CBC       InternalFreeMem
 0001:00024718       InternalGetDIB
 0001:000246AC       InternalGetDIBSizes
 0001:0001770C       InternalReadComponentRes
 0001:00003720       InternalUniqueString
 0001:00005A10       IntersectClipRect
 0001:00005D78       IntersectRect
 0001:000110C0       IntOp
 0001:0000759C       IntToHex
 0001:0001760C       IntToIdent
 0001:00007568       IntToStr
 0001:00007538       IntToStr
 0001:00005D80       InvalidateRect
 0001:0002376C       InvalidBitmap
 0001:00023754       InvalidGraphic
 0001:00023778       InvalidIcon
 0001:0002373C       InvalidOperation
 0001:0001671C       InvalidPoint
 0002:00002848       InvalidPointer
 0001:00002594       InvokeImplGetter
 0001:000018E4       IOResult
 0002:00000C6C       IOwnerDraw
 0002:00000C54       IRadios
 0002:00000C64       IRTL
 0001:0004C0C4       IsAccel
 0001:00048594       IsAccelChar
 0001:00032CE8       IsBeforeTargetWindow
 0001:00005D88       IsChild
 0002:00002048       IsConsole
 0001:0001E4BC       IsDefault
 0001:0001E738       IsDefault
 0001:0001ECF4       IsDefaultValue
 0001:0001E250       IsDefaultValue
 0001:0001EBBC       IsDefaultValue
 0001:0001E380       IsDefaultValue
 0001:0001E424       IsDefaultValue
 0001:0001E9C8       IsDefaultValue
 0001:0000A230       IsDelimiter
 0001:00033144       IsDelphiHandle
 0001:00005D90       IsDialogMessage
 0001:00013280       IsDynArrayRectangular
 0002:00000C5C       ISeparators
 0001:00005D98       IsIconic
 0001:000485F0       IsInitialChar
 0001:00008948       IsLeapYear
 0002:00002034       IsLibrary
 0002:00002049       IsMultiThread
 0001:0003D69C       IsOrientationSet
 0001:0000A1FC       IsPathDelimiter
 0001:00005DA0       IsRectEmpty
 0001:00032EEC       IsSiteChildOfClient
 0001:000144A4       IsStoredProp
 0001:000176E8       IsUniqueGlobalComponentName
 0002:000029E8       IsUniqueGlobalComponentNameProc
 0001:000074D4       IsValidIdent
 0001:0000A488       IsWesternGroup
 0001:00005DA8       IsWindow
 0001:00005DB0       IsWindowEnabled
 0001:00005DB8       IsWindowVisible
 0001:00005DC0       IsZoomed
 0001:00044518       Iterate
 0001:00044578       IterateMenus
 0002:00000018       JITEnable
 0001:0004C078       KeyboardStateToShiftState
 0001:0004C03C       KeyDataToShiftState
 0001:0004BFE8       KeysToShiftState
 0001:00005DC8       KillTimer
 0002:00002C3C       lanid
 0002:00002C30       lanidstr
 0001:000077F8       LastDelimiter
 0001:0000A3B4       LCIDToCodePage
 0002:00000114       LeadBytes
 0001:00005868       LeaveCriticalSection
 0001:000003B8       LeaveCriticalSection
 0002:00000024       LibModuleList
 0001:00005A18       LineTo
 0001:00033CBC       ListAdd
 0001:00033CE4       ListRemove
 0002:000027FE       ListSeparator
 0001:00005DD0       LoadBitmap
 0001:00005DD8       LoadCursor
 0001:00005DE0       LoadIcon
 0001:00005DE8       LoadKeyboardLayout
 0001:00005870       LoadLibrary
 0001:000002E4       LoadLibraryEx
 0001:00005878       LoadResource
 0001:00004B74       LoadResourceModule
 0001:0000541C       LoadResString
 0001:000002EC       LoadString
 0001:00005DF0       LoadString
 0001:00005558       LocalAlloc
 0001:00000388       LocalAlloc
 0001:00000390       LocalFree
 0001:0000914C       LocalGetLocaleStr
 0001:00005880       LockResource
 0002:00002740       LongDateFormat
 0002:000027D4       LongDayNames
 0002:00002788       LongMonthNames
 0002:00002754       LongTimeFormat
 0001:00007170       LowerCase
 0001:000058F8       lstrcpy
 0001:000002F4       lstrcpyn
 0002:00002C4C       lung
 0002:000029D0       LVarTypes
 0002:000029D4       LVarTypeSync
 0002:0000202C       MainInstance
 0002:00002030       MainThreadID
 0001:00000418       MakeEmpty
 0001:0000305C       MakeErrorMessage
 0002:00000B70       MakeLast
 0001:00005FA0       MakeLong
 0001:00020710       MakeObjectInstance
 0001:00005FF8       MakeROP4
 0001:00009C00       MapException
 0001:00002D88       MapToRunError
 0001:00005DF8       MapVirtualKey
 0001:00005E00       MapWindowPoints
 0002:00000BA8       Mask
 0001:00005A20       MaskBlt
 0001:00027EC8       Math
 0001:00027E90       Max
 0002:000000CC       MaxCurrency
 0002:0000010C       MaxDateTime
 0001:0004EA64       MaximizedChildren
 0002:0000002C       MemoryManager
 0002:00000BC4       MenuKeyCaps
 0001:00049610       Menus
 0001:00000468       MergeBlockAfter
 0001:00000F34       MergeCommit
 0001:00000284       MessageBox
 0001:00005E08       MessageBox
 0001:000061C4       Messages
 0001:00027E88       Min
 0001:00018114       Min
 0002:000000C4       MinCurrency
 0002:00000104       MinDateTime
 0001:00037568       MinVar
 0001:00056A64       ml981014
 0002:00002AC4       MMAvailable
 0002:00000B88       ModeMap
 0001:00050690       ModifySystemMenu
 0002:0000008C       Module
 0002:00002709       ModuleIsCpp
 0002:00002708       ModuleIsLib
 0001:000206E0       ModuleUnload
 0002:00000028       ModuleUnloadList
 0002:00002AA0       MonitorFromPoint
 0002:00002A9C       MonitorFromRect
 0002:00002A98       MonitorFromWindow
 0002:000000D4       MonthDays
 0002:00002B64       Mouse
 0001:00001904       Move
 0001:00005A28       MoveToEx
 0001:00033D04       MoveWindowOrg
 0001:00005888       MulDiv
 0001:00000304       MultiByteToWideChar
 0001:00055B88       MultiLineWidth
 0001:000289F4       MultiMon
 0002:00002C34       n
 0001:00012234       NegateAny
 0001:00012140       NegateAsDouble
 0001:000121DC       NegateByte
 0001:00012248       NegateCustom
 0001:00012200       NegateLongWord
 0001:000121B0       NegateVariant
 0001:0001219C       NegateViaOS
 0001:000121F0       NegateWord
 0002:00002735       NegCurrFormat
 0001:00000FC0       NewCommit
 0001:00000FEC       NewCommitAt
 0002:00002B68       NewStyleControls
 0001:0000A1C0       NextCharIndex
 0001:0003D680       NextVisibleZone
 0002:000005C0       NilMethod
 0002:0000001C       NoErrMsg
 0001:0004532C       NormalDraw
 0001:000125C0       NotAny
 0001:00012520       NotAsInteger
 0001:000125D4       NotCustom
 0001:00002940       NotifyAnyExcept
 0001:00018588       NotifyDesigner
 0001:00002914       NotifyExcept
 0001:00002974       NotifyExceptFinally
 0001:000177E8       NotifyGlobalLoading
 0001:00004E74       NotifyModuleUnload
 0001:000028F0       NotifyNonDelphiException
 0001:0000292C       NotifyOnExcept
 0001:000028D4       NotifyReRaise
 0001:0000299C       NotifyTerminate
 0001:000029B8       NotifyUnhandled
 0001:00012594       NotVariant
 0001:00012580       NotViaOS
 0001:00047F70       NthParentOf
 0001:00013E60       Null
 0001:00011954       NullCompare
 0001:0001E6F0       ObjectAncestorMatch
 0001:000322AC       ObjectFromHWnd
 0002:0000093C       OEMConverts
 0001:00005E10       OemToAnsi
 0001:00005E18       OffsetRect
 0001:00010944       OleVarFromAny
 0001:000109A8       OleVarFromVarArrayProc
 0002:0000098C       OpenOptions
 0002:000009E4       OpenOptionsEx
 0001:00001998       OpenText
 0002:0000044C       OpTypeMap
 0002:00000B68       OrientArray
 0002:00000B34       OuterStyles
 0002:00002844       OutOfMemory
 0001:00023784       OutOfResources
 0002:00002218       Output
 0001:0001E5B0       OwnedBy
 0002:00000414       PackVarCreation
 0002:000008BC       Pal16
 0001:00021C90       PaletteChanged
 0001:00023F70       PaletteFromDIBColorTable
 0001:00024014       PaletteToDIBColorTable
 0002:000008B8       PalSize
 0001:0003DA64       ParentNotLast
 0002:00000918       Passwords
 0001:00005A30       PatBlt
 0002:00002A84       PatternManager
 0001:00005E20       PeekMessage
 0002:00002A78       PenManager
 0002:00000888       PenModes
 0002:00000868       PenStyles
 0001:000166A4       Point
 0001:000056AC       Point
 0001:00016ADC       PointerInModule
 0001:00038DD0       PointsEqual
 0001:00006018       PointToSmallPoint
 0002:00002BEC       PopupList
 0001:00005E28       PostMessage
 0001:00005E30       PostQuitMessage
 0001:00029B48       Printers
 0001:00051D2C       ProcessExecute
 0001:0004C2F4       ProcessHorz
 0001:00051E2C       ProcessUpdate
 0001:0004C360       ProcessVert
 0002:00002A00       ProcPosted
 0001:0001ADF0       PropertyNotFound
 0001:0001BE8C       PropPathError
 0002:00000CCC       Props
 0001:0001ADE4       PropValueError
 0001:00005E38       PtInRect
 0001:00008184       PutExponent
 0002:00002BAC       QualifyingSites
 0001:00009BBC       RaiseAssertException
 0001:0000023C       RaiseException
 0001:00019E34       RaiseException
 0002:00002014       RaiseExceptionProc
 0001:0000A994       RaiseLastOSError
 0001:0003E7D4       ReadControlName
 0001:0001D0CC       ReadCustomVariant
 0001:0001ADCC       ReadError
 0001:00005890       ReadFile
 0001:00000244       ReadFile
 0001:000242C0       ReadIcon
 0002:00000920       ReadOnlys
 0001:00011A0C       RealCompare
 0001:00005A38       RealizePalette
 0001:00010FE8       RealOp
 0001:0001B4B4       Recover
 0001:00005690       Rect
 0001:000166CC       Rect
 0001:00005A40       RectVisible
 0001:00005E40       RedrawWindow
 0002:00002870       RefAnyProc
 0001:00056C04       reg01
 0001:0000030C       RegCloseKey
 0001:00005708       RegCloseKey
 0002:000029F4       RegGroups
 0001:00005E48       RegisterClass
 0001:00017260       RegisterClass
 0001:00005E50       RegisterClipboardFormat
 0001:0003308C       RegisterDockSite
 0001:00017650       RegisterFindGlobalComponentProc
 0001:000174A8       RegisterIntegerConsts
 0001:00004ED0       RegisterModule
 0001:00028E00       RegisterViewer
 0001:00005E58       RegisterWindowMessage
 0001:00000314       RegOpenKeyEx
 0001:00005710       RegOpenKeyEx
 0001:0000031C       RegQueryValueEx
 0001:00005718       RegQueryValueEx
 0001:0002D8D8       RegStr
 0001:00005E60       ReleaseCapture
 0001:00005E68       ReleaseDC
 0002:00000038       reMap
 0002:00002614       remBytes
 0001:000004D8       RemoveBlock
 0002:0000059C       RemoveDataModule
 0001:0001AC9C       RemoveFixupReferences
 0001:0001AD48       RemoveFixups
 0001:0001B028       RemoveGlobalFixup
 0001:00005E70       RemoveMenu
 0001:00004DEC       RemoveModuleUnloadProc
 0001:00004E14       RemoveModuleUnloadProc
 0001:00005E78       RemoveProp
 0001:00005898       ResetEvent
 0001:00001474       ResizeInPlace
 0001:00005A48       RestoreDC
 0001:0004BC94       RestoreFocusState
 0001:00018D14       ReturnAddr
 0001:000440EC       ReturnAddr
 0001:00017C3C       ReturnAddr
 0001:00023CF0       RGBQuadToTriple
 0001:00023CB8       RGBTripleToQuad
 0002:00002B7C       RM_GetObjectInstance
 0002:00002C08       RM_TaskbarCreated
 0002:00002610       rover
 0001:000141FC       RTLConsts
 0001:0000024C       RtlUnwind
 0002:00002018       RTLUnwindProc
 0002:00000054       runErrMsg
 0001:0000180C       RunErrorAt
 0002:00002C20       S
 0001:0000B7B0       SafeArrayCreate
 0001:0000B7D0       SafeArrayGetElement
 0001:0000B7C0       SafeArrayGetLBound
 0001:0000B7C8       SafeArrayGetUBound
 0001:0000B7E0       SafeArrayPtrOfIndex
 0001:0000B7D8       SafeArrayPutElement
 0001:0000B7B8       SafeArrayRedim
 0001:0000B148       SafeLoadLibrary
 0001:00007250       SameText
 0001:00005A50       SaveDC
 0001:0004BC8C       SaveFocusState
 0001:00008AE8       ScanBlanks
 0001:00008BA0       ScanChar
 0001:00008D1C       ScanDate
 0001:00008B0C       ScanNumber
 0001:00008C24       ScanToNumber
 0002:00002C00       Screen
 0002:00002A30       ScreenLogPixels
 0001:00005E80       ScreenToClient
 0002:00000960       ScrollBar
 0001:0004C4AC       ScrollBarVisible
 0001:00005E88       ScrollWindow
 0001:00001020       SearchSmallBlocks
 0001:00005A58       SelectObject
 0001:00005A60       SelectPalette
 0001:00032318       SendAppMessage
 0001:0004BEFC       SendFocusMessage
 0001:00005E90       SendMessage
 0002:00000C28       Separators
 0001:00005E98       SetActiveWindow
 0001:0005370C       SetAnimation
 0001:00005A68       SetBkColor
 0001:00005A70       SetBkMode
 0001:00005A78       SetBrushOrgEx
 0001:00005EA0       SetCapture
 0001:000325AC       SetCaptureControl
 0001:00005EA8       SetClassLong
 0001:00012CC0       SetClearVarToEmptyParam
 0001:0001B624       SetCompName
 0001:00005EB0       SetCursor
 0001:00005A80       SetDIBColorTable
 0001:000058A0       SetEndOfFile
 0001:00000254       SetEndOfFile
 0001:000058A8       SetErrorMode
 0001:000058B0       SetEvent
 0001:00002EC8       SetExceptionHandler
 0001:000058B8       SetFilePointer
 0001:0000025C       SetFilePointer
 0001:00014B1C       SetFloatProp
 0001:00005EB8       SetFocus
 0001:00005EC0       SetForegroundWindow
 0001:00040500       SetImeMode
 0001:00001890       SetInOutRes
 0001:00014E48       SetInt64Prop
 0001:00014F04       SetInterfaceProp
 0001:0001C16C       SetInterfaceReference
 0001:0001C088       SetIntIdent
 0002:00000CA8       SetLayeredWindowAttributes
 0001:000146EC       SetLongStrProp
 0001:00005EC8       SetMenu
 0001:00005ED0       SetMenuItemInfo
 0001:00014DE8       SetMethodProp
 0001:0001C0D0       SetObjectIdent
 0001:00014548       SetOrdProp
 0001:00005A88       SetPixel
 0001:00005ED8       SetProp
 0001:00005EE0       SetRect
 0001:00005A90       SetROP2
 0001:00005EE8       SetScrollInfo
 0001:00005EF0       SetScrollPos
 0001:00005EF8       SetScrollRange
 0001:000145E8       SetShortStrProp
 0001:00014664       SetShortStrPropAsLongStr
 0001:00005A98       SetStretchBltMode
 0001:0001481C       SetStrProp
 0001:00005AA0       SetTextColor
 0001:000058C0       SetThreadLocale
 0001:00005F00       SetTimer
 0001:000040B8       SetVariantManager
 0001:00014D68       SetVariantProp
 0001:0001C110       SetVariantReference
 0001:00005AA8       SetViewportOrgEx
 0001:00055698       SetVisible
 0001:00014930       SetWideStrProp
 0001:00014784       SetWideStrPropAsLongStr
 0001:00005F08       SetWindowLong
 0001:00005AB0       SetWindowOrgEx
 0001:00005F10       SetWindowPlacement
 0001:00005F18       SetWindowPos
 0001:00005F28       SetWindowsHookEx
 0001:00005F20       SetWindowText
 0002:00000154       ShareMode
 0001:0002D8A0       ShellAPI
 0001:0002D980       ShlObj
 0001:00044114       ShortCut
 0002:00002BF0       ShortCutItems
 0001:000441A0       ShortCutToText
 0002:0000273C       ShortDateFormat
 0002:000027B8       ShortDayNames
 0002:00002758       ShortMonthNames
 0002:00002750       ShortTimeFormat
 0002:00000D08       ShowCommands
 0002:00000D20       ShowCommands
 0002:00000D14       ShowCommands
 0001:00005F30       ShowCursor
 0001:000097CC       ShowException
 0002:00000B1C       ShowFlags
 0002:00000DBC       ShowFlags
 0001:0004BC9C       ShowMDIClientEdge
 0001:00005F38       ShowOwnedPopups
 0001:00005F40       ShowScrollBar
 0001:00005F48       ShowWindow
 0001:00053734       ShowWinNoAnimate
 0001:0003FA6C       ShowZone
 0001:000113A8       SimpleVarOp
 0002:00000B7C       SizeCursors
 0001:000058C8       SizeofResource
 0001:0001CC00       SkipBinary
 0001:0001CC30       SkipCollection
 0001:0001CBD8       SkipList
 0001:000058D0       Sleep
 0001:0000A98C       Sleep
 0001:000166BC       SmallPoint
 0001:00006004       SmallPointToPoint
 0002:0000261C       smallTab
 0002:000025E4       spaceRoot
 0001:0001731C       StartClassGroup
 0001:0002F5D4       StdActns
 0001:0002D868       StdCtrls
 0001:000206E8       StdWndProc
 0002:00002A38       StockBrush
 0002:00002A3C       StockFont
 0002:00002A40       StockIcon
 0002:00002A34       StockPen
 0001:00007B48       StrAlloc
 0001:00007B5C       StrBufSize
 0001:0000A144       StrByteType
 0001:0000A15C       StrCharLength
 0001:00007A18       StrComp
 0001:00007978       StrCopy
 0001:00007B94       StrDispose
 0001:000429D0       StreamsEqual
 0001:00007954       StrEnd
 0001:00005AB8       StretchBlt
 0001:00008030       StrFmt
 0001:00007A3C       StrIComp
 0001:00011A88       StringCompare
 0001:00019CD0       StringListCompareStrings
 0001:00004040       StringToOleStr
 0001:000493A8       StripHotkey
 0001:000079A0       StrLCopy
 0001:0000793C       StrLen
 0001:00008070       StrLFmt
 0001:00007A7C       StrLIComp
 0001:00007968       StrMove
 0001:00007B68       StrNew
 0001:0000A17C       StrNextChar
 0001:00007B34       StrPas
 0001:000079D4       StrPCopy
 0001:000079F8       StrPLCopy
 0001:00007AE0       StrPos
 0001:00007AC0       StrScan
 0001:000075D8       StrToInt
 0001:0000764C       StrToInt64
 0001:00007614       StrToIntDef
 0001:0002F46C       StrUtils
 0002:00000CF4       Styles
 0001:0000B0B0       Supports
 0001:0000B08C       Supports
 0002:000005C8       SyncList
 0001:00000334       SysAllocStringLen
 0001:000064E4       SysConst
 0002:00000CBC       SysConsts
 0002:00000CC4       SysConsts
 0001:0000908C       SysErrorMessage
 0001:000012D0       SysFreeMem
 0001:00000344       SysFreeString
 0001:00001140       SysGetMem
 0001:00005688       SysInit
 0002:000027F0       SysLocale
 0001:00001644       SysReallocMem
 0001:0000033C       SysReAllocStringLen
 0001:000054C8       System
 0002:00002A28       SystemPalette16
 0001:00023ED8       SystemPaletteOverride
 0001:00005F50       SystemParametersInfo
 0001:0000B61C       SysUtils
 0001:00041394       TActionLink.IsCaptionLinked
 0001:000413A8       TActionLink.IsCheckedLinked
 0001:000413BC       TActionLink.IsEnabledLinked
 0001:000413D0       TActionLink.IsGroupIndexLinked
 0001:000413E4       TActionLink.IsHelpContextLinked
 0001:000413F8       TActionLink.IsHelpLinked
 0001:0004140C       TActionLink.IsHintLinked
 0001:00041420       TActionLink.IsImageIndexLinked
 0001:00041434       TActionLink.IsShortCutLinked
 0001:00041448       TActionLink.IsVisibleLinked
 0001:0004145C       TActionLink.SetAutoCheck
 0001:00041460       TActionLink.SetCaption
 0001:00041464       TActionLink.SetChecked
 0001:00041468       TActionLink.SetEnabled
 0001:0004146C       TActionLink.SetGroupIndex
 0001:00041470       TActionLink.SetHelpContext
 0001:00041474       TActionLink.SetHelpKeyword
 0001:00041478       TActionLink.SetHelpType
 0001:0004147C       TActionLink.SetHint
 0001:00041480       TActionLink.SetImageIndex
 0001:00041484       TActionLink.SetShortCut
 0001:00041488       TActionLink.SetVisible
 0001:00055C20       TApplication.ActivateHint
 0001:0005483C       TApplication.BringToFront
 0001:0005599C       TApplication.CancelHint
 0001:00053E4C       TApplication.CheckIniChange
 0001:00053C20       TApplication.ControlDestroyed
 0001:00053774       TApplication.Create
 0001:00054CB8       TApplication.CreateForm
 0001:00053A7C       TApplication.CreateHandle
 0001:00053960       TApplication.Destroy
 0001:00055FF0       TApplication.DispatchAction
 0001:00055360       TApplication.DoActionIdle
 0001:000553C4       TApplication.DoMouseIdle
 0001:00053CF0       TApplication.DoNormalizeTopMosts
 0001:00056080       TApplication.ExecuteAction
 0001:00055FB4       TApplication.GetCurrentHelpFile
 0001:00054670       TApplication.GetIconHandle
 0001:00054878       TApplication.GetTitle
 0001:00054E38       TApplication.HandleException
 0001:00054BA4       TApplication.HandleMessage
 0001:00055308       TApplication.HelpCommand
 0001:000552A0       TApplication.HelpContext
 0001:00055238       TApplication.HelpKeyword
 0001:00055958       TApplication.HideHint
 0001:00055810       TApplication.HintMouseMessage
 0001:00055920       TApplication.HintTimerExpired
 0001:00054BC8       TApplication.HookMainWindow
 0001:0005612C       TApplication.HookSynchronizeWakeup
 0001:000555A0       TApplication.IconChanged
 0001:00055448       TApplication.Idle
 0001:00054CA0       TApplication.Initialize
 0001:00055108       TApplication.InvokeHelp
 0001:00054954       TApplication.IsDlgMsg
 0001:00054A6C       TApplication.IsHintMsg
 0001:000549B4       TApplication.IsKeyMsg
 0001:00054978       TApplication.IsMDIMsg
 0001:00054AA0       TApplication.IsShortCut
 0001:00054EC8       TApplication.MessageBox
 0001:0005468C       TApplication.Minimize
 0001:00053DA8       TApplication.NormalizeAllTopMosts
 0001:00053DA0       TApplication.NormalizeTopMosts
 0001:00055564       TApplication.NotifyForms
 0001:00054B0C       TApplication.ProcessMessage
 0001:0005473C       TApplication.Restore
 0001:00053DB0       TApplication.RestoreTopMosts
 0001:00054D38       TApplication.Run
 0001:00055604       TApplication.SetHint
 0001:00055310       TApplication.SetShowHint
 0001:00053EA4       TApplication.SettingChange
 0001:000548C4       TApplication.SetTitle
 0001:00055030       TApplication.ShowException
 0001:000557A4       TApplication.StartHintTimer
 0001:000557E8       TApplication.StopHintTimer
 0001:00054E24       TApplication.Terminate
 0001:00054C24       TApplication.UnhookMainWindow
 0001:0005613C       TApplication.UnhookSynchronizeWakeup
 0001:000560A8       TApplication.UpdateAction
 0001:000556F4       TApplication.UpdateVisible
 0001:00053E34       TApplication.UseRightToLeftAlignment
 0001:00053E1C       TApplication.UseRightToLeftReading
 0001:0005577C       TApplication.ValidateHelpSystem
 0001:0005611C       TApplication.WakeMainThread
 0001:00053F98       TApplication.WndProc
 0002:00000CAC       TaskActiveWindow
 0002:00000CB4       TaskFirstTopMost
 0002:00000CB0       TaskFirstWindow
 0002:00000CB8       TaskWindowList
 0001:00032A00       TBaseDragControlObject.Assign
 0001:000329DC       TBaseDragControlObject.Create
 0001:00032A2C       TBaseDragControlObject.EndDrag
 0001:00032A58       TBaseDragControlObject.Finished
 0001:00020118       TBasicAction.Change
 0001:0001FFB4       TBasicAction.Create
 0001:0001FFF8       TBasicAction.Destroy
 0001:00020084       TBasicAction.Execute
 0001:00020054       TBasicAction.ExecuteTarget
 0001:00020050       TBasicAction.HandlesTarget
 0001:00020058       TBasicAction.Notification
 0001:0002012C       TBasicAction.RegisterChanges
 0001:000200BC       TBasicAction.SetOnExecute
 0001:00020138       TBasicAction.UnRegisterChanges
 0001:000200A0       TBasicAction.Update
 0001:00020080       TBasicAction.UpdateTarget
 0001:0001FEE4       TBasicActionLink.AssignClient
 0001:0001FF1C       TBasicActionLink.Change
 0001:0001FEA0       TBasicActionLink.Create
 0001:0001FEE8       TBasicActionLink.Destroy
 0001:0001FF34       TBasicActionLink.Execute
 0001:0001FF9C       TBasicActionLink.IsOnExecuteLinked
 0001:0001FF70       TBasicActionLink.SetAction
 0001:0001FFA0       TBasicActionLink.SetOnExecute
 0001:0001FFA8       TBasicActionLink.Update
 0001:00025C34       TBitmap.Assign
 0001:00025E08       TBitmap.Changed
 0001:00025DE4       TBitmap.Changing
 0001:00025D24       TBitmap.CopyImage
 0001:00025B90       TBitmap.Create
 0001:00025BF8       TBitmap.Destroy
 0001:00026294       TBitmap.DIBNeeded
 0001:00025E14       TBitmap.Dormant
 0001:00025E88       TBitmap.Draw
 0001:00026308       TBitmap.FreeContext
 0001:000260D8       TBitmap.FreeImage
 0001:00026158       TBitmap.GetCanvas
 0001:0002613C       TBitmap.GetEmpty
 0001:000261A0       TBitmap.GetHandle
 0001:000261C4       TBitmap.GetHandleType
 0001:000261F0       TBitmap.GetHeight
 0001:00026200       TBitmap.GetMaskHandle
 0001:00026214       TBitmap.GetMonochrome
 0001:00026230       TBitmap.GetPalette
 0001:00026244       TBitmap.GetTransparentColor
 0001:0002628C       TBitmap.GetWidth
 0001:00026318       TBitmap.HandleNeeded
 0001:000264D0       TBitmap.LoadFromClipboardFormat
 0001:00026554       TBitmap.LoadFromStream
 0001:000263B8       TBitmap.MaskHandleNeeded
 0001:00026578       TBitmap.NewImage
 0001:00026418       TBitmap.PaletteNeeded
 0001:00026678       TBitmap.ReadData
 0001:000266A0       TBitmap.ReadDIB
 0001:00026C08       TBitmap.ReadStream
 0001:00027338       TBitmap.SaveToClipboardFormat
 0001:00027330       TBitmap.SaveToStream
 0001:00026C78       TBitmap.SetHandle
 0001:00026D3C       TBitmap.SetHandleType
 0001:00026E74       TBitmap.SetHeight
 0001:00026EC8       TBitmap.SetMonochrome
 0001:00026F48       TBitmap.SetPalette
 0001:0002701C       TBitmap.SetWidth
 0001:00027070       TBitmap.WriteData
 0001:00027078       TBitmap.WriteStream
 0001:00024EF4       TBitmapCanvas.Create
 0001:00024FFC       TBitmapCanvas.CreateHandle
 0001:00024F30       TBitmapCanvas.Destroy
 0001:00024F5C       TBitmapCanvas.FreeContext
 0001:0002510C       TBitmapImage.Destroy
 0001:00025168       TBitmapImage.FreeHandle
 0001:000180CC       TBits.Destroy
 0001:000180FC       TBits.Error
 0001:000181F0       TBits.OpenBit
 0001:000181C4       TBits.SetBit
 0001:00018120       TBits.SetSize
 0001:00022CC8       TBrush.Assign
 0001:00022C60       TBrush.Create
 0001:00022CA0       TBrush.Destroy
 0001:00022E00       TBrush.GetColor
 0001:00022D70       TBrush.GetData
 0001:00022E3C       TBrush.GetHandle
 0001:00022F1C       TBrush.GetStyle
 0001:00022DDC       TBrush.SetBitmap
 0001:00022E08       TBrush.SetColor
 0001:00022D8C       TBrush.SetData
 0001:00022F24       TBrush.SetStyle
 0001:0002D5C4       TButton.Click
 0001:0002D74C       TButton.CMDialogChar
 0001:0002D6DC       TButton.CMDialogKey
 0001:0002D7D0       TButton.CMFocusChanged
 0001:0002D6C8       TButton.CNCommand
 0001:0002D560       TButton.Create
 0001:0002D674       TButton.CreateParams
 0001:0002D6B0       TButton.CreateWnd
 0001:0002D5EC       TButton.SetButtonStyle
 0001:0002D640       TButton.SetDefault
 0001:0002D5E8       TButton.UseRightToLeftAlignment
 0001:0002D824       TButton.WMEraseBkgnd
 0001:0002D37C       TButtonActionLink.AssignClient
 0001:0002D3A0       TButtonActionLink.IsCheckedLinked
 0001:0002D3D8       TButtonActionLink.SetChecked
 0001:0002D490       TButtonControl.ActionChange
 0001:0002D43C       TButtonControl.Create
 0001:0002D4D8       TButtonControl.GetActionLinkClass
 0001:0002D4E0       TButtonControl.GetChecked
 0001:0002D4E4       TButtonControl.SetChecked
 0001:0002D4E8       TButtonControl.WndProc
 0001:0002371C       TCanvas.BrushChanged
 0001:000235F0       TCanvas.Changed
 0001:000235DC       TCanvas.Changing
 0001:00023078       TCanvas.CopyRect
 0001:00022F58       TCanvas.Create
 0001:00023660       TCanvas.CreateBrush
 0001:00023604       TCanvas.CreateFont
 0001:00023510       TCanvas.CreateHandle
 0001:00023630       TCanvas.CreatePen
 0001:000234B4       TCanvas.DeselectHandles
 0001:0002301C       TCanvas.Destroy
 0001:00023100       TCanvas.Draw
 0001:000231AC       TCanvas.FillRect
 0001:000236DC       TCanvas.FontChanged
 0001:00023494       TCanvas.GetHandle
 0001:000233DC       TCanvas.GetPenPos
 0001:00023420       TCanvas.GetPixel
 0001:000231E8       TCanvas.LineTo
 0001:00023220       TCanvas.Lock
 0001:00023248       TCanvas.MoveTo
 0001:000236FC       TCanvas.PenChanged
 0001:00023568       TCanvas.RequiredState
 0001:000233D0       TCanvas.SetBrush
 0001:000233B4       TCanvas.SetFont
 0001:00023514       TCanvas.SetHandle
 0001:000233C4       TCanvas.SetPen
 0001:00023400       TCanvas.SetPenPos
 0001:0002344C       TCanvas.SetPixel
 0001:00023274       TCanvas.StretchDraw
 0001:000232B0       TCanvas.TextExtent
 0001:00023310       TCanvas.TextHeight
 0001:000232F4       TCanvas.TextWidth
 0001:00023330       TCanvas.TryLock
 0001:0002338C       TCanvas.Unlock
 0001:00043178       TChangeLink.Change
 0001:00043144       TChangeLink.Destroy
 0001:00016F90       TClassFinder.Create
 0001:000170BC       TClassFinder.Destroy
 0001:000170EC       TClassFinder.GetClass
 0001:00018638       TCollection.Add
 0001:000189B0       TCollection.Added
 0001:00018658       TCollection.Assign
 0001:000186F0       TCollection.BeginUpdate
 0001:000186F4       TCollection.Changed
 0001:00018704       TCollection.Clear
 0001:000189B4       TCollection.Deleting
 0001:000185EC       TCollection.Destroy
 0001:0001876C       TCollection.EndUpdate
 0001:0001877C       TCollection.GetAttr
 0001:00018778       TCollection.GetAttrCount
 0001:000187A8       TCollection.GetCount
 0001:000187B0       TCollection.GetItem
 0001:00018788       TCollection.GetItemAttr
 0001:000187C4       TCollection.GetNamePath
 0001:0001888C       TCollection.GetPropName
 0001:000189B8       TCollection.Notify
 0001:000189A8       TCollection.SetItemName
 0001:000189AC       TCollection.Update
 0001:0002E4F8       TCommonDialog.Create
 0001:0002E59C       TCommonDialog.DefaultHandler
 0001:0002E540       TCommonDialog.Destroy
 0001:0002E740       TCommonDialog.DoClose
 0001:0002E754       TCommonDialog.DoShow
 0001:0002E5D4       TCommonDialog.MainWndProc
 0001:0002E574       TCommonDialog.MessageHook
 0001:0002E66C       TCommonDialog.TaskModalDialog
 0001:0002E628       TCommonDialog.WMDestroy
 0001:0002E640       TCommonDialog.WMInitDialog
 0001:0002E658       TCommonDialog.WMNCDestroy
 0001:0002E620       TCommonDialog.WndProc
 0001:0001F750       TComponent.BeforeDestruction
 0001:0001FC70       TComponent.ChangeName
 0001:0001F68C       TComponent.Create
 0001:0001FA04       TComponent.DefineProperties
 0001:0001F6D8       TComponent.Destroy
 0001:0001F8D4       TComponent.DestroyComponents
 0001:0001F92C       TComponent.Destroying
 0001:0001FDAC       TComponent.ExecuteAction
 0001:0001FB94       TComponent.FindComponent
 0001:0001F75C       TComponent.FreeNotification
 0001:0001FA98       TComponent.GetChildOwner
 0001:0001FA9C       TComponent.GetChildParent
 0001:0001FA90       TComponent.GetChildren
 0001:0001FC84       TComponent.GetComponent
 0001:0001FCB0       TComponent.GetComponentCount
 0001:0001FAA0       TComponent.GetNamePath
 0001:0001FAB4       TComponent.GetOwner
 0001:0001FABC       TComponent.GetParentComponent
 0001:0001FA8C       TComponent.HasParent
 0001:0001F7F0       TComponent.Insert
 0001:0001F844       TComponent.InsertComponent
 0001:0001FE9C       TComponent.IntfGetComponent
 0001:0001FADC       TComponent.Loaded
 0001:0001F9A8       TComponent.Notification
 0001:0001FAE8       TComponent.PaletteCreated
 0001:0001FE1C       TComponent.QueryInterface
 0001:0001F7B0       TComponent.ReadLeft
 0001:0001FAEC       TComponent.ReadState
 0001:0001F7C4       TComponent.ReadTop
 0001:0001F81C       TComponent.Remove
 0001:0001F89C       TComponent.RemoveComponent
 0001:0001F98C       TComponent.RemoveFreeNotification
 0001:0001F968       TComponent.RemoveNotification
 0001:0001FDFC       TComponent.SafeCallException
 0001:0001FAB8       TComponent.SetChildOrder
 0001:0001FCC0       TComponent.SetComponentIndex
 0001:0001FD14       TComponent.SetDesigning
 0001:0001FBE4       TComponent.SetName
 0001:0001FAC0       TComponent.SetParentComponent
 0001:0001FD64       TComponent.SetReference
 0001:0001FDD4       TComponent.UpdateAction
 0001:0001FAD0       TComponent.Updated
 0001:0001FE14       TComponent.UpdateRegistry
 0001:0001FAC4       TComponent.Updating
 0001:0001FB7C       TComponent.ValidateContainer
 0001:0001FB90       TComponent.ValidateInsert
 0001:0001FAFC       TComponent.ValidateRename
 0001:0001F7D8       TComponent.WriteLeft
 0001:0001FAF4       TComponent.WriteState
 0001:0001F7E4       TComponent.WriteTop
 0001:0001FE5C       TComponent._AddRef
 0001:0001FE7C       TComponent._Release
 0001:00040E30       TContainedAction.Destroy
 0001:00040F9C       TContainedAction.Execute
 0001:00040E64       TContainedAction.GetIndex
 0001:00040E80       TContainedAction.GetParentComponent
 0001:00040E90       TContainedAction.HasParent
 0001:00040E7C       TContainedAction.IsCategoryStored
 0001:00040EA0       TContainedAction.ReadState
 0001:00040F48       TContainedAction.SetActionList
 0001:00040F1C       TContainedAction.SetCategory
 0001:00040ED4       TContainedAction.SetIndex
 0001:00040F70       TContainedAction.SetParentComponent
 0001:00040FF4       TContainedAction.Update
 0001:0003729C       TControl.ActionChange
 0001:00037688       TControl.AdjustSize
 0001:000374BC       TControl.AssignTo
 0001:00035A58       TControl.BeginAutoDrag
 0001:00035A70       TControl.BeginDrag
 0001:00035628       TControl.BringToFront
 0001:00036448       TControl.CalcCursorPos
 0001:000365B0       TControl.CalcDockSizes
 0001:00036348       TControl.CanAutoSize
 0001:0003634C       TControl.CanResize
 0001:00034FD4       TControl.Changed
 0001:00034FE4       TControl.ChangeScale
 0001:00036B0C       TControl.CheckNewSize
 0001:00036904       TControl.Click
 0001:00034EE0       TControl.ClientToScreen
 0001:00037050       TControl.CMBiDiModeChanged
 0001:00036F98       TControl.CMColorChanged
 0001:00037124       TControl.CMDesignHitTest
 0001:00036F88       TControl.CMEnabledChanged
 0001:0003723C       TControl.CMFloat
 0001:00036F90       TControl.CMFontChanged
 0001:00037714       TControl.CMHintShow
 0001:000370EC       TControl.CMHitTest
 0001:000370F4       TControl.CMMouseEnter
 0001:0003710C       TControl.CMMouseLeave
 0001:00036FF4       TControl.CMMouseWheel
 0001:00036FD0       TControl.CMParentBiDiModeChanged
 0001:00036FA0       TControl.CMParentColorChanged
 0001:00037098       TControl.CMParentFontChanged
 0001:00037070       TControl.CMParentShowHintChanged
 0001:000370C8       TControl.CMSysFontChanged
 0001:00036F60       TControl.CMVisibleChanged
 0001:00036418       TControl.ConstrainedResize
 0001:000344C8       TControl.Create
 0001:0003712C       TControl.CreateFloatingDockSite
 0001:00036970       TControl.DblClick
 0001:00035E84       TControl.DefaultDockImage
 0001:000367DC       TControl.DefaultHandler
 0001:000368B4       TControl.DefineProperties
 0001:00036474       TControl.DesignWndProc
 0001:000345A0       TControl.Destroy
 0001:00037398       TControl.DoActionChange
 0001:0003637C       TControl.DoCanAutoSize
 0001:000363E8       TControl.DoCanResize
 0001:00034BCC       TControl.Dock
 0001:00035CC8       TControl.DockTrackNoTarget
 0001:000364A8       TControl.DoConstrainedResize
 0001:0003633C       TControl.DoConstraintsChange
 0001:00037868       TControl.DoContextPopup
 0001:00034CD8       TControl.DoDock
 0001:00035FD8       TControl.DoDragMsg
 0001:00035CDC       TControl.DoEndDock
 0001:00035BCC       TControl.DoEndDrag
 0001:000369C8       TControl.DoMouseDown
 0001:00036D28       TControl.DoMouseUp
 0001:00035D28       TControl.DoMouseWheel
 0001:00035DEC       TControl.DoMouseWheelDown
 0001:00035E38       TControl.DoMouseWheelUp
 0001:00035D08       TControl.DoStartDock
 0001:00035BAC       TControl.DoStartDrag
 0001:00035B34       TControl.DragCanceled
 0001:00035B80       TControl.DragDrop
 0001:00035B38       TControl.Dragging
 0001:00035B44       TControl.DragOver
 0001:00035FB0       TControl.DrawDragDockImage
 0001:000376A8       TControl.DrawTextBiDiModeFlags
 0001:000376E8       TControl.DrawTextBiDiModeFlagsReadingOnly
 0001:00035FC4       TControl.EraseDragDockImage
 0001:00035478       TControl.FontChanged
 0001:0003470C       TControl.GetAction
 0001:000373BC       TControl.GetActionLinkClass
 0001:00034D68       TControl.GetBoundsRect
 0001:00034E10       TControl.GetClientHeight
 0001:00034E50       TControl.GetClientOrigin
 0001:00034DB4       TControl.GetClientRect
 0001:00034DCC       TControl.GetClientWidth
 0001:00035A08       TControl.GetControlsAlignment
 0001:000356DC       TControl.GetDeviceContext
 0001:000375A4       TControl.GetDockEdge
 0001:00034654       TControl.GetDragImages
 0001:00034658       TControl.GetEnabled
 0001:00037654       TControl.GetFloating
 0001:00037680       TControl.GetFloatingDockSiteClass
 0001:000355F0       TControl.GetMouseCapture
 0001:0003465C       TControl.GetPalette
 0001:00034668       TControl.GetParentComponent
[...]
 0001:0005290C       TScreen.GetMonitorCount
 0001:00052928       TScreen.GetForm
 0001:0005293C       TScreen.GetFormCount
 0001:00052944       TScreen.GetCustomForms
 0001:00052958       TScreen.GetCustomFormCount
 0001:00052960       TScreen.UpdateLastActive
 0001:000529AC       TScreen.AddForm
 0001:000529E4       TScreen.RemoveForm
 0001:00052A34       TScreen.AddDataModule
 0001:00052A40       TScreen.RemoveDataModule
 0001:00052A4C       TScreen.CreateCursors
 0001:00052AA8       TScreen.DestroyCursors
 0001:00052B04       TScreen.InsertCursor
 0001:00052B2C       TScreen.GetImes
 0001:00052D2C       TScreen.GetDefaultIME
 0001:00052D48       TScreen.IconFontChanged
 0001:00052D98       TScreen.GetDataModule
 0001:00052DAC       TScreen.GetDataModuleCount
 0001:00052DB4       TScreen.GetCursors
 0001:00052DDC       TScreen.SetCursor
 0001:00052E6C       TScreen.GetMetricSettings
 0001:00052FC0       TScreen.DisableAlign
 0001:00052FC8       TScreen.EnableAlign
 0001:00052FE8       TScreen.Realign
 0001:00052FF0       InsertBefore
 0001:00053050       DoPosition
 0001:00053200       DoAlign
 0001:0005334C       AlignWork
 0001:000533A4       TScreen.AlignForms
 0001:0005342C       TScreen.AlignForm
 0001:000534B4       TScreen.ResetFonts
 0001:000534C0       GetHint
 0001:000534F8       GetHintControl
 0001:00053518       HintTimerProc
 0001:0005356C       HintMouseThread
 0001:000535C8       HintGetMsgHook
 0001:0005360C       HookHintHooks
 0001:00053680       UnhookHintHooks
 0001:000536DC       GetAnimation
 0001:0005370C       SetAnimation
 0001:00053734       ShowWinNoAnimate
 0001:00053774       TApplication.Create
 0001:00053960       TApplication.Destroy
 0001:00053A7C       TApplication.CreateHandle
 0001:00053C20       TApplication.ControlDestroyed
 0001:00053C80       GetTopMostWindows
 0001:00053CF0       TApplication.DoNormalizeTopMosts
 0001:00053DA0       TApplication.NormalizeTopMosts
 0001:00053DA8       TApplication.NormalizeAllTopMosts
 0001:00053DB0       TApplication.RestoreTopMosts
 0001:00053E1C       TApplication.UseRightToLeftReading
 0001:00053E34       TApplication.UseRightToLeftAlignment
 0001:00053E4C       TApplication.CheckIniChange
 0001:00053EA4       TApplication.SettingChange
 0001:00053F10       Default
 0001:00053F4C       DrawAppIcon
 0001:00053F98       TApplication.WndProc
 0001:00054670       TApplication.GetIconHandle
 0001:0005468C       TApplication.Minimize
 0001:0005473C       TApplication.Restore
 0001:0005483C       TApplication.BringToFront
 0001:00054878       TApplication.GetTitle
 0001:000548C4       TApplication.SetTitle
 0001:00054954       TApplication.IsDlgMsg
 0001:00054978       TApplication.IsMDIMsg
 0001:000549B4       TApplication.IsKeyMsg
 0001:00054A6C       TApplication.IsHintMsg
 0001:00054AA0       TApplication.IsShortCut
 0001:00054B0C       TApplication.ProcessMessage
 0001:00054BA4       TApplication.HandleMessage
 0001:00054BC8       TApplication.HookMainWindow
 0001:00054C24       TApplication.UnhookMainWindow
 0001:00054CA0       TApplication.Initialize
 0001:00054CB8       TApplication.CreateForm
 0001:00054D38       TApplication.Run
 0001:00054E24       TApplication.Terminate
 0001:00054E38       TApplication.HandleException
 0001:00054EC8       TApplication.MessageBox
 0001:00055030       TApplication.ShowException
 0001:00055108       TApplication.InvokeHelp
 0001:00055238       TApplication.HelpKeyword
 0001:000552A0       TApplication.HelpContext
 0001:00055308       TApplication.HelpCommand
 0001:00055310       TApplication.SetShowHint
 0001:00055360       TApplication.DoActionIdle
 0001:000553C4       TApplication.DoMouseIdle
 0001:00055448       TApplication.Idle
 0001:00055564       TApplication.NotifyForms
 0001:000555A0       TApplication.IconChanged
 0001:00055604       TApplication.SetHint
 0001:00055698       SetVisible
 0001:000556F4       TApplication.UpdateVisible
 0001:0005577C       TApplication.ValidateHelpSystem
 0001:000557A4       TApplication.StartHintTimer
 0001:000557E8       TApplication.StopHintTimer
 0001:00055810       TApplication.HintMouseMessage
 0001:00055920       TApplication.HintTimerExpired
 0001:00055958       TApplication.HideHint
 0001:0005599C       TApplication.CancelHint
 0001:000559C4       FindScanline
 0001:000559D4       GetCursorHeightMargin
 0001:00055B28       ValidateHintWindow
 0001:00055B88       MultiLineWidth
 0001:00055C20       TApplication.ActivateHint
 0001:00055FB4       TApplication.GetCurrentHelpFile
 0001:00055FF0       TApplication.DispatchAction
 0001:00056080       TApplication.ExecuteAction
 0001:000560A8       TApplication.UpdateAction
 0001:000560D0       InitProcs
 0001:0005611C       TApplication.WakeMainThread
 0001:0005612C       TApplication.HookSynchronizeWakeup
 0001:0005613C       TApplication.UnhookSynchronizeWakeup
 0001:0005615C       Finalization
 0001:000561B8       Forms
 0001:000564F0       TForm1.FormCreate
 0001:000567EC       TForm1.Button1Click
 0001:0005697C       TForm1.Button2Click
 0001:000569EC       Finalization
 0001:00056A64       ml981014
 0001:00056A6C       Finalization
 0001:00056C04       reg01
 0002:00000000       ExitCode
 0002:00000004       ErrorAddr
 0002:00000008       FileMode
 0002:0000000C       Default8087CW
 0002:00000010       HeapAllocFlags
 0002:00000014       DebugHook
 0002:00000018       JITEnable
 0002:0000001C       NoErrMsg
 0002:00000020       DefaultTextLineBreakStyle
 0002:00000024       LibModuleList
 0002:00000028       ModuleUnloadList
 0002:0000002C       MemoryManager
 0002:00000038       reMap
 0002:00000054       runErrMsg
 0002:00000074       errCaption
 0002:0000007C       dig
 0002:0000008C       Module
 0002:000000A4       EmptyStr
 0002:000000A8       EmptyWideStr
 0002:000000AC       Win32Platform
 0002:000000B0       Win32MajorVersion
 0002:000000B4       Win32MinorVersion
 0002:000000B8       Win32BuildNumber
 0002:000000BC       Win32CSDVersion
 0002:000000C0       TwoDigitYearCenturyWindow
 0002:000000C4       MinCurrency
 0002:000000CC       MaxCurrency
 0002:000000D4       MonthDays
 0002:00000104       MinDateTime
 0002:0000010C       MaxDateTime
 0002:00000114       LeadBytes
 0002:00000134       HexDisplayPrefix
 0002:00000138       GetDiskFreeSpaceEx
 0002:0000013C       ExitProcList
 0002:00000140       cSimpleBoolStrs
 0002:00000148       AccessMode
 0002:00000154       ShareMode
 0002:00000168       FormatErrorStrs
 0002:00000170       FCon1E18
 0002:0000017C       DCon10
 0002:00000180       CWNear
 0002:00000184       DefShortMonthNames
 0002:000001B4       DefLongMonthNames
 0002:000001E4       DefShortDayNames
 0002:00000200       DefLongDayNames
 0002:0000021C       ErrorMap
 0002:00000254       ExceptMap
 0002:00000304       WesternGroups
 0002:00000308       TerminateProcList
 0002:0000030C       CVarTypeToElementInfo
 0002:00000414       PackVarCreation
 0002:00000418       VarDataInline
 0002:00000430       BaseTypeMap
 0002:00000448       CInvalidCustomVariantType
 0002:0000044C       OpTypeMap
 0002:000004B0       CBooleanToRelationship
 0002:000004BC       CmpTypeMap
 0002:00000520       CText
 0002:00000574       CRelationshipToBoolean
 0002:00000588       BooleanIdents
 0002:00000590       DotSep
 0002:00000594       AddDataModule
 0002:0000059C       RemoveDataModule
 0002:000005A4       ApplicationHandleException
 0002:000005AC       ApplicationShowException
 0002:000005B4       WakeMainThread
 0002:000005BC       FilerSignature
 0002:000005C0       NilMethod
 0002:000005C8       SyncList
 0002:000005CC       BlockCode
 0002:000005D0       UtilWindowClass
 0002:000005F8       DefFontData
 0002:00000624       DDBsOnly
 0002:00000628       Colors
 0002:000007C8       FontCharsets
 0002:00000858       DefPenData
 0002:00000868       PenStyles
 0002:00000878       DefBrushData
 0002:00000888       PenModes
 0002:000008A8       ClipboardFormats
 0002:000008AC       FileFormats
 0002:000008B0       BitmapCanvasList
 0002:000008B4       DIBPalSizes
 0002:000008B8       PalSize
 0002:000008BC       Pal16
 0002:000008FC       FPrinter
 0002:00000900       BorderStyles
 0002:00000908       Alignments
 0002:00000910       WordWraps
 0002:00000914       WordWraps
 0002:00000918       Passwords
 0002:00000920       ReadOnlys
 0002:00000928       CharCases
 0002:00000934       HideSelections
 0002:0000093C       OEMConverts
 0002:00000944       Empty
 0002:00000948       Alignments
 0002:00000960       ScrollBar
 0002:00000970       WordWraps
 0002:00000978       ButtonStyles
 0002:00000980       ForceCurrentDirectory
 0002:00000984       CreationControl
 0002:00000988       WndProcPtrAtom
 0002:0000098C       OpenOptions
 0002:000009E4       OpenOptionsEx
 0002:000009E8       Captions
 0002:000009FC       ButtonNames
 0002:00000A28       ButtonCaptions
 0002:00000A54       AnimateWindowProc
 0002:00000A58       CreationControl
 0002:00000A5C       DefaultDockTreeClass
 0002:00000A60       AnchorAlign
 0002:00000A68       Cursors
 0002:00000B18       CaptureControl
 0002:00000B1C       ShowFlags
 0002:00000B20       WindowPos
 0002:00000B24       InnerStyles
 0002:00000B34       OuterStyles
 0002:00000B44       EdgeStyles
 0002:00000B54       Ctl3DStyles
 0002:00000B5C       AnimationStyle
 0002:00000B68       OrientArray
 0002:00000B70       MakeLast
 0002:00000B78       TreeStreamEndFlag
 0002:00000B7C       SizeCursors
 0002:00000B84       IMM32DLL
 0002:00000B88       ModeMap
 0002:00000B90       DrawingStyles
 0002:00000BA0       Images
 0002:00000BA8       Mask
 0002:00000BB0       ValidMenuHotkeys
 0002:00000BB4       cMenuAutoFlagToItem
 0002:00000BB8       cItemAutoFlagToMenu
 0002:00000BBC       cBooleanToItemAutoFlag
 0002:00000BC0       cItemAutoFlagToBoolean
 0002:00000BC4       MenuKeyCaps
 0002:00000C0C       Checks
 0002:00000C14       Enables
 0002:00000C1C       Breaks
 0002:00000C28       Separators
 0002:00000C30       IBreaks
 0002:00000C3C       IChecks
 0002:00000C44       IDefaults
 0002:00000C4C       IEnables
 0002:00000C54       IRadios
 0002:00000C5C       ISeparators
 0002:00000C64       IRTL
 0002:00000C6C       IOwnerDraw
 0002:00000C74       Alignments
 0002:00000C7C       EdgeStyle
 0002:00000C84       Alignments
 0002:00000C8C       Flags
 0002:00000C98       Buttons
 0002:00000C9C       HintWindowClass
 0002:00000CA0       FocusMessages
 0002:00000CA4       FocusCount
 0002:00000CA8       SetLayeredWindowAttributes
 0002:00000CAC       TaskActiveWindow
 0002:00000CB0       TaskFirstWindow
 0002:00000CB4       TaskFirstTopMost
 0002:00000CB8       TaskWindowList
 0002:00000CBC       SysConsts
 0002:00000CC4       SysConsts
 0002:00000CCC       Props
 0002:00000CF4       Styles
 0002:00000D00       BorderStyles
 0002:00000D08       ShowCommands
 0002:00000D14       ShowCommands
 0002:00000D20       ShowCommands
 0002:00000D2C       cUseAlpha
 0002:00000D34       cUseColorKey
 0002:00000D3C       CursorMap
 0002:00000D90       WindowClass
 0002:00000DB8       AppVisible
 0002:00000DBC       ShowFlags
 0002:00000DC0       definizioni
 0002:00002000       DispCallByIDProc
 0002:00002004       ExceptProc
 0002:00002008       ErrorProc
 0002:0000200C       ExceptClsProc
 0002:00002010       ExceptObjProc
 0002:00002014       RaiseExceptionProc
 0002:00002018       RTLUnwindProc
 0002:0000201C       ExceptionClass
 0002:00002020       AssertErrorProc
 0002:00002024       ExitProcessProc
 0002:00002028       AbstractErrorProc
 0002:0000202C       MainInstance
 0002:00002030       MainThreadID
 0002:00002034       IsLibrary
 0002:00002038       CmdShow
 0002:0000203C       CmdLine
 0002:00002040       InitProc
 0002:00002044       ExitProc
 0002:00002048       IsConsole
 0002:00002049       IsMultiThread
 0002:0000204A       Test8086
 0002:0000204C       Input
 0002:00002218       Output
 0002:000023E4       ErrOutput
 0002:000025B0       AllocMemCount
 0002:000025B4       AllocMemSize
 0002:000025B8       .5
 0002:000025BC       initialized
 0002:000025C0       heapErrorCode
 0002:000025C4       heapLock
 0002:000025DC       blockDescBlockList
 0002:000025E0       blockDescFreeList
 0002:000025E4       spaceRoot
 0002:000025F4       decommittedRoot
 0002:00002604       avail
 0002:00002610       rover
 0002:00002614       remBytes
 0002:00002618       curAlloc
 0002:0000261C       smallTab
 0002:00002620       committedRoot
 0002:00002630       InitContext
 0002:0000265C       VariantManager
 0002:00002708       ModuleIsLib
 0002:00002709       ModuleIsCpp
 0002:0000270C       TlsIndex
 0002:00002714       HInstance
 0002:00002718       .1
 0002:0000271C       tlsBuffer
 0002:00002720       .1
 0002:00002724       .3
 0002:00002728       .1
 0002:0000272C       .1
 0002:00002730       CurrencyString
 0002:00002734       CurrencyFormat
 0002:00002735       NegCurrFormat
 0002:00002736       ThousandSeparator
 0002:00002737       DecimalSeparator
 0002:00002738       CurrencyDecimals
 0002:00002739       DateSeparator
 0002:0000273C       ShortDateFormat
 0002:00002740       LongDateFormat
 0002:00002744       TimeSeparator
 0002:00002748       TimeAMString
 0002:0000274C       TimePMString
 0002:00002750       ShortTimeFormat
 0002:00002754       LongTimeFormat
 0002:00002758       ShortMonthNames
 0002:00002788       LongMonthNames
 0002:000027B8       ShortDayNames
 0002:000027D4       LongDayNames
 0002:000027F0       SysLocale
 0002:000027FE       ListSeparator
 0002:00002800       EraNames
 0002:0000281C       EraYearOffsets
 0002:00002838       TrueBoolStrs
 0002:0000283C       FalseBoolStrs
 0002:00002840       .94
 0002:00002844       OutOfMemory
 0002:00002848       InvalidPointer
 0002:0000284C       FLanguages
 0002:00002850       .1
 0002:00002854       EmptyParam
 0002:00002864       VarDispProc
 0002:00002868       ClearAnyProc
 0002:0000286C       ChangeAnyProc
 0002:00002870       RefAnyProc
 0002:00002874       .61
 0002:00002878       GVariantManager
 0002:00002924       GOldVariantManager
 0002:000029D0       LVarTypes
 0002:000029D4       LVarTypeSync
 0002:000029D8       .1
 0002:000029DC       .6
 0002:000029E0       .3
 0002:000029E4       GlobalNameSpace
 0002:000029E8       IsUniqueGlobalComponentNameProc
 0002:000029EC       .35
 0002:000029F0       IntConstList
 0002:000029F4       RegGroups
 0002:000029F8       FindGlobalComponentProcs
 0002:000029FC       GlobalFixupList
 0002:00002A00       ProcPosted
 0002:00002A04       ThreadLock
 0002:00002A1C       InstBlockList
 0002:00002A20       InstFreeList
 0002:00002A24       .1
 0002:00002A28       SystemPalette16
 0002:00002A2C       .12
 0002:00002A30       ScreenLogPixels
 0002:00002A34       StockPen
 0002:00002A38       StockBrush
 0002:00002A3C       StockFont
 0002:00002A40       StockIcon
 0002:00002A44       BitmapImageLock
 0002:00002A5C       CounterLock
 0002:00002A74       FontManager
 0002:00002A78       PenManager
 0002:00002A7C       BrushManager
 0002:00002A80       CanvasList
 0002:00002A84       PatternManager
 0002:00002A88       .2
 0002:00002A8C       .21
 0002:00002A90       .1
 0002:00002A94       GetSystemMetrics
 0002:00002A98       MonitorFromWindow
 0002:00002A9C       MonitorFromRect
 0002:00002AA0       MonitorFromPoint
 0002:00002AA4       GetMonitorInfo
 0002:00002AA8       GetMonitorInfoA
 0002:00002AAC       GetMonitorInfoW
 0002:00002AB0       EnumDisplayMonitors
 0002:00002AB4       .1
 0002:00002AB8       User32Dll
 0002:00002ABC       InitApis
 0002:00002AC4       MMAvailable
 0002:00002AC8       .1
 0002:00002ACC       .2
 0002:00002AD0       HelpManager
 0002:00002AD4       .3
 0002:00002AD8       .3
 0002:00002ADC       FlatSB_EnableScrollBar
 0002:00002AE0       FlatSB_ShowScrollBar
 0002:00002AE4       FlatSB_GetScrollRange
 0002:00002AE8       FlatSB_GetScrollInfo
 0002:00002AEC       FlatSB_GetScrollPos
 0002:00002AF0       FlatSB_SetScrollPos
 0002:00002AF4       FlatSB_SetScrollInfo
 0002:00002AF8       FlatSB_SetScrollRange
 0002:00002AFC       .1
 0002:00002B00       _FlatSB_GetScrollProp
 0002:00002B04       _FlatSB_SetScrollProp
 0002:00002B08       _InitializeFlatSB
 0002:00002B0C       _UninitializeFlatSB
 0002:00002B10       .42
 0002:00002B14       .1
 0002:00002B18       .1
 0002:00002B1C       .1
 0002:00002B20       .1
 0002:00002B24       .1
 0002:00002B28       .1
 0002:00002B2C       .12
 0002:00002B30       .1
 0002:00002B34       .01
 0002:00002B38       HelpMsg
 0002:00002B3C       FindMsg
 0002:00002B40       CF_PICTURE
 0002:00002B42       CF_COMPONENT
 0002:00002B44       .2
 0002:00002B48       FClipboard
 0002:00002B4C       .1
 0002:00002B50       .63
 0002:00002B54       WinHelpTester
 0002:00002B58       ViewerName
 0002:00002B5C       .1
 0002:00002B60       HelpViewer
 0002:00002B64       Mouse
 0002:00002B68       NewStyleControls
 0002:00002B6C       .72
 0002:00002B70       WindowAtom
 0002:00002B72       ControlAtom
 0002:00002B74       WindowAtomString
 0002:00002B78       ControlAtomString
 0002:00002B7C       RM_GetObjectInstance
 0002:00002B80       DragControl
 0002:00002B84       DragObject
 0002:00002B88       DragInternalObject
 0002:00002B8C       DragCapture
 0002:00002B90       DragStartPos
 0002:00002B98       DragSaveCursor
 0002:00002B9C       DragThreshold
 0002:00002BA0       ActiveDrag
 0002:00002BA4       DragImageList
 0002:00002BA8       DockSiteList
 0002:00002BAC       QualifyingSites
 0002:00002BB0       DragSave
 0002:00002BB4       CanvasList
 0002:00002BB8       _WINNLSEnableIME
 0002:00002BBC       _ImmGetContext
 0002:00002BC0       _ImmReleaseContext
 0002:00002BC4       _ImmGetConversionStatus
 0002:00002BC8       _ImmSetConversionStatus
 0002:00002BCC       _ImmSetOpenStatus
 0002:00002BD0       _ImmSetCompositionWindow
 0002:00002BD4       _ImmSetCompositionFont
 0002:00002BD8       _ImmGetCompositionString
 0002:00002BDC       _ImmIsIME
 0002:00002BE0       _ImmNotifyIME
 0002:00002BE4       .8
 0002:00002BE8       .3
 0002:00002BEC       PopupList
 0002:00002BF0       ShortCutItems
 0002:00002BF4       .9
 0002:00002BF8       CommandPool
 0002:00002BFC       Application
 0002:00002C00       Screen
 0002:00002C04       .41
 0002:00002C08       RM_TaskbarCreated
 0002:00002C0C       HintThreadID
 0002:00002C10       HintDoneEvent
 0002:00002C14       HintHook
 0002:00002C18       HintThread
 0002:00002C1C       Form1
 0002:00002C20       S
 0002:00002C24       dato
 0002:00002C28       codice
 0002:00002C2C       codstr
 0002:00002C30       lanidstr
 0002:00002C34       n
 0002:00002C38       cod
 0002:00002C3C       lanid
 0002:00002C40       Buf
 0002:00002C44       Valore
 0002:00002C48       hnd
 0002:00002C4C       lung
 0002:00002C50       .3


Line numbers for ml981014(ml981014.pas) segment .text

    51 0001:000564F0    53 0001:00056513    54 0001:0005651C    55 0001:00056527
    56 0001:00056535    57 0001:00056553    59 0001:00056577    62 0001:00056587
    63 0001:000565A1    65 0001:000565AE    66 0001:000565B8    67 0001:000565C5
    68 0001:000565E4    69 0001:00056603    71 0001:00056619    72 0001:00056628
    73 0001:0005665C    74 0001:0005667A    75 0001:00056684    77 0001:000566C5
    74 0001:00056704    78 0001:0005670B    81 0001:0005671D    83 0001:00056765
    86 0001:000567EC    88 0001:00056804    89 0001:0005681E    91 0001:0005682B
    92 0001:0005683A    94 0001:00056858    96 0001:0005689D    97 0001:000568BB
    98 0001:000568CB   101 0001:000568DD   103 0001:0005690F   107 0001:0005697C
   108 0001:00056992   109 0001:000569B7   112 0001:000569E5   114 0001:00056A64
   114 0001:00056A6B

Line numbers for reg01(C:\fls\dev\24ver\reg01.dpr) segment .text

     9 0001:00056C04    10 0001:00056C14    11 0001:00056C20    12 0001:00056C31
    13 0001:00056C49    14 0001:00056C55

Bound resource files

c:\programmi\borland\delphi6\Lib\CONTROLS.RES
ml981014.DFM
reg01.RES
reg01.drf


Program entry point at 0001:00056C04
